83.102.135.201 - - [22/Jul/2020:23:41:51 +0000] "GET /%D0%B2-%D0%BE%D0%B1%D1%89%D0%B5%D0%BC-%D0%90%D0%B4%D1%80%D0%B8%D0%B0%D0%BD%D0%BE-%D0%A7%D0%B5%D0%BB%D0%B5%D0%BD%D1%82%D0%B0%D0%BD%D0%BE-%D0%B3%D0%B0%D1%81%D1%82%D1%80%D0%BE%D0%BB%D0%B8%D1%80%D1%83%D0%B5%D1%82-%D0%BF%D0%BE/ HTTP/2.0" 200 14248 "https://baneks.site/%D0%BE%D1%81%D0%B5%D0%BD%D1%8C-%D0%B3%D1%80%D1%83%D0%B7%D0%B8%D0%BD-%D0%B7%D0%B2%D0%BE%D0%BD%D0%B8%D1%82-%D0%B8%D0%B7-%D1%80%D0%BE%D0%B4%D0%BD%D0%BE%D0%B3%D0%BE-%D0%B0%D1%83%D0%BB%D0%B0-%D0%B1%D1%80%D0%B0%D1%82%D1%83/" "Mozilla/5.0 (Linux; Android 8.0.0; G3116) AppleWebKit/537.36 (KHTML, like Gecko) Chrome/84.0.4147.89 Mobile Safari/537.36" "-"
83.102.135.201 - - [22/Jul/2020:23:41:51 +0000] "GET /%D0%B2-%D0%BE%D0%B1%D1%89%D0%B5%D0%BC-%D0%90%D0%B4%D1%80%D0%B8%D0%B0%D0%BD%D0%BE-%D0%A7%D0%B5%D0%BB%D0%B5%D0%BD%D1%82%D0%B0%D0%BD%D0%BE-%D0%B3%D0%B0%D1%81%D1%82%D1%80%D0%BE%D0%BB%D0%B8%D1%80%D1%83%D0%B5%D1%82-%D0%BF%D0%BE/ HTTP/2.0" 200 14248 "https://baneks.site/%D0%BE%D1%81%D0%B5%D0%BD%D1%8C-%D0%B3%D1%80%D1%83%D0%B7%D0%B8%D0%BD-%D0%B7%D0%B2%D0%BE%D0%BD%D0%B8%D1%82-%D0%B8%D0%B7-%D1%80%D0%BE%D0%B4%D0%BD%D0%BE%D0%B3%D0%BE-%D0%B0%D1%83%D0%BB%D0%B0-%D0%B1%D1%80%D0%B0%D1%82%D1%83/" "Mozilla/5.0 (Linux; Android 8.0.0; G3116) AppleWebKit/537.36 (KHTML, like Gecko) Chrome/84.0.4147.89 Mobile Safari/537.36"
83.102.135.201 - - [22/Jul/2020:23:41:53 +0000] "GET /%D0%B2-%D0%BE%D0%B1%D1%89%D0%B5%D0%BC-%D0%90%D0%B4%D1%80%D0%B8%D0%B0%D0%BD%D0%BE-%D0%A7%D0%B5%D0%BB%D0%B5%D0%BD%D1%82%D0%B0%D0%BD%D0%BE-%D0%B3%D0%B0%D1%81%D1%82%D1%80%D0%BE%D0%BB%D0%B8%D1%80%D1%83%D0%B5%D1%82-%D0%BF%D0%BE/ HTTP/2.0" 200 14248 "https://baneks.site/%D0%B2-%D0%BE%D0%B1%D1%89%D0%B5%D0%BC-%D0%90%D0%B4%D1%80%D0%B8%D0%B0%D0%BD%D0%BE-%D0%A7%D0%B5%D0%BB%D0%B5%D0%BD%D1%82%D0%B0%D0%BD%D0%BE-%D0%B3%D0%B0%D1%81%D1%82%D1%80%D0%BE%D0%BB%D0%B8%D1%80%D1%83%D0%B5%D1%82-%D0%BF%D0%BE/" "Mozilla/5.0 (Linux; Android 8.0.0; G3116) AppleWebKit/537.36 (KHTML, like Gecko) Chrome/84.0.4147.89 Mobile Safari/537.36" "-"
83.102.135.201 - - [22/Jul/2020:23:41:53 +0000] "GET /%D0%B2-%D0%BE%D0%B1%D1%89%D0%B5%D0%BC-%D0%90%D0%B4%D1%80%D0%B8%D0%B0%D0%BD%D0%BE-%D0%A7%D0%B5%D0%BB%D0%B5%D0%BD%D1%82%D0%B0%D0%BD%D0%BE-%D0%B3%D0%B0%D1%81%D1%82%D1%80%D0%BE%D0%BB%D0%B8%D1%80%D1%83%D0%B5%D1%82-%D0%BF%D0%BE/ HTTP/2.0" 200 14248 "https://baneks.site/%D0%B2-%D0%BE%D0%B1%D1%89%D0%B5%D0%BC-%D0%90%D0%B4%D1%80%D0%B8%D0%B0%D0%BD%D0%BE-%D0%A7%D0%B5%D0%BB%D0%B5%D0%BD%D1%82%D0%B0%D0%BD%D0%BE-%D0%B3%D0%B0%D1%81%D1%82%D1%80%D0%BE%D0%BB%D0%B8%D1%80%D1%83%D0%B5%D1%82-%D0%BF%D0%BE/" "Mozilla/5.0 (Linux; Android 8.0.0; G3116) AppleWebKit/537.36 (KHTML, like Gecko) Chrome/84.0.4147.89 Mobile Safari/537.36"
46.229.168.163 - - [22/Jul/2020:23:41:57 +0000] "GET /70%D0%B5-%D0%B3%D0%BE%D0%B4%D0%B0-%D0%A0%D0%B0%D0%B1%D0%B8%D0%BD%D0%BE%D0%B2%D0%B8%D1%87-%D1%83%D0%BC%D0%B5%D1%80-%D0%B0-%D0%BF%D0%BE%D1%82%D0%BE%D0%BC-%D0%B2%D0%BE%D1%81%D0%BA%D1%80%D0%B5%D1%81/ HTTP/1.1" 200 14788 "-" "Mozilla/5.0 (compatible; SemrushBot/6~bl; +http://www.semrush.com/bot.html)" "-"
46.229.168.163 - - [22/Jul/2020:23:41:57 +0000] "GET /70%D0%B5-%D0%B3%D0%BE%D0%B4%D0%B0-%D0%A0%D0%B0%D0%B1%D0%B8%D0%BD%D0%BE%D0%B2%D0%B8%D1%87-%D1%83%D0%BC%D0%B5%D1%80-%D0%B0-%D0%BF%D0%BE%D1%82%D0%BE%D0%BC-%D0%B2%D0%BE%D1%81%D0%BA%D1%80%D0%B5%D1%81/ HTTP/1.1" 200 14788 "-" "Mozilla/5.0 (compatible; SemrushBot/6~bl; +http://www.semrush.com/bot.html)"
66.249.68.36 - - [22/Jul/2020:23:42:06 +0000] "GET /%D0%BC%D0%B0%D0%BC%D0%B0-%D1%81%D1%8B%D0%BD%D0%BE%D0%BA-%D0%BF%D0%BE%D0%B7%D0%B4%D0%BE%D1%80%D0%BE%D0%B2%D0%B0%D0%B9%D1%81%D1%8F-%D1%81-%D0%B4%D1%8F%D0%B4%D0%B5%D0%B9-%D1%81%D1%8B%D0%BD%D0%BE%D0%BA-%D0%B7%D0%B4%D1%80%D0%B0%D0%B2%D1%81%D1%82%D0%B2%D1%83%D0%B9%D1%82%D0%B5/?p=2 HTTP/1.1" 304 0 "-" "Mozilla/5.0 (Linux; Android 6.0.1; Nexus 5X Build/MMB29P) AppleWebKit/537.36 (KHTML, like Gecko) Chrome/80.0.3987.92 Mobile Safari/537.36 (compatible; Googlebot/2.1; +http://www.google.com/bot.html)" "-"
66.249.68.36 - - [22/Jul/2020:23:42:06 +0000] "GET /%D0%BC%D0%B0%D0%BC%D0%B0-%D1%81%D1%8B%D0%BD%D0%BE%D0%BA-%D0%BF%D0%BE%D0%B7%D0%B4%D0%BE%D1%80%D0%BE%D0%B2%D0%B0%D0%B9%D1%81%D1%8F-%D1%81-%D0%B4%D1%8F%D0%B4%D0%B5%D0%B9-%D1%81%D1%8B%D0%BD%D0%BE%D0%BA-%D0%B7%D0%B4%D1%80%D0%B0%D0%B2%D1%81%D1%82%D0%B2%D1%83%D0%B9%D1%82%D0%B5/?p=2 HTTP/1.1" 304 0 "-" "Mozilla/5.0 (Linux; Android 6.0.1; Nexus 5X Build/MMB29P) AppleWebKit/537.36 (KHTML, like Gecko) Chrome/80.0.3987.92 Mobile Safari/537.36 (compatible; Googlebot/2.1; +http://www.google.com/bot.html)"
217.118.90.198 - - [22/Jul/2020:23:42:11 +0000] "GET /%D0%B2-%D0%BE%D0%B1%D1%89%D0%B0%D0%B3%D0%B5-%D1%81%D0%BE%D0%B1%D1%80%D0%B0%D0%BB%D0%B0%D1%81%D1%8C-%D0%BA%D0%BE%D0%BC%D0%BF%D0%B0%D0%BD%D0%B8%D1%8F-%D0%BE%D0%B4%D0%BD%D0%BE%D0%BA%D1%83%D1%80%D1%81%D0%BD%D0%B8%D0%BA%D0%BE%D0%B2-%D0%BF%D1%8C%D1%8E%D1%82/ HTTP/2.0" 200 15219 "https://www.google.com/" "Mozilla/5.0 (Linux; U; Android 7.1.2; ru-ru; Redmi 4A Build/N2G47H) AppleWebKit/537.36 (KHTML, like Gecko) Version/4.0 Chrome/61.0.3163.128 Mobile Safari/537.36 XiaoMi/MiuiBrowser/10.1.2" "-"
217.118.90.198 - - [22/Jul/2020:23:42:11 +0000] "GET /%D0%B2-%D0%BE%D0%B1%D1%89%D0%B0%D0%B3%D0%B5-%D1%81%D0%BE%D0%B1%D1%80%D0%B0%D0%BB%D0%B0%D1%81%D1%8C-%D0%BA%D0%BE%D0%BC%D0%BF%D0%B0%D0%BD%D0%B8%D1%8F-%D0%BE%D0%B4%D0%BD%D0%BE%D0%BA%D1%83%D1%80%D1%81%D0%BD%D0%B8%D0%BA%D0%BE%D0%B2-%D0%BF%D1%8C%D1%8E%D1%82/ HTTP/2.0" 200 15219 "https://www.google.com/" "Mozilla/5.0 (Linux; U; Android 7.1.2; ru-ru; Redmi 4A Build/N2G47H) AppleWebKit/537.36 (KHTML, like Gecko) Version/4.0 Chrome/61.0.3163.128 Mobile Safari/537.36 XiaoMi/MiuiBrowser/10.1.2"
185.52.134.133 - - [22/Jul/2020:23:42:18 +0000] "GET /%D0%B2%D1%81%D1%82%D1%80%D0%B5%D1%82%D0%B8%D0%BB%D0%B8%D1%81%D1%8C-%D1%85%D0%BE%D0%B9-%D0%B3%D0%BE%D1%80%D1%88%D0%BE%D0%BA-%D0%B8-%D0%BB%D0%B5%D1%82%D0%BE%D0%B2/?p=4 HTTP/2.0" 200 13728 "https://baneks.site/%D0%B2%D1%81%D1%82%D1%80%D0%B5%D1%82%D0%B8%D0%BB%D0%B8%D1%81%D1%8C-%D1%85%D0%BE%D0%B9-%D0%B3%D0%BE%D1%80%D1%88%D0%BE%D0%BA-%D0%B8-%D0%BB%D0%B5%D1%82%D0%BE%D0%B2/?p=3" "Mozilla/5.0 (Linux; Android 8.1.0; Redmi 6A) AppleWebKit/537.36 (KHTML, like Gecko) Chrome/71.0.3578.99 Mobile Safari/537.36" "-"
185.52.134.133 - - [22/Jul/2020:23:42:18 +0000] "GET /%D0%B2%D1%81%D1%82%D1%80%D0%B5%D1%82%D0%B8%D0%BB%D0%B8%D1%81%D1%8C-%D1%85%D0%BE%D0%B9-%D0%B3%D0%BE%D1%80%D1%88%D0%BE%D0%BA-%D0%B8-%D0%BB%D0%B5%D1%82%D0%BE%D0%B2/?p=4 HTTP/2.0" 200 13728 "https://baneks.site/%D0%B2%D1%81%D1%82%D1%80%D0%B5%D1%82%D0%B8%D0%BB%D0%B8%D1%81%D1%8C-%D1%85%D0%BE%D0%B9-%D0%B3%D0%BE%D1%80%D1%88%D0%BE%D0%BA-%D0%B8-%D0%BB%D0%B5%D1%82%D0%BE%D0%B2/?p=3" "Mozilla/5.0 (Linux; Android 8.1.0; Redmi 6A) AppleWebKit/537.36 (KHTML, like Gecko) Chrome/71.0.3578.99 Mobile Safari/537.36"
46.229.168.143 - - [22/Jul/2020:23:42:18 +0000] "GET /%D1%81%D0%BE%D0%B1%D1%80%D0%B0%D0%BB%D0%B8%D1%81%D1%8C-%D1%82%D1%80%D0%B8-%D0%B4%D0%B5%D0%B2%D1%87%D0%BE%D0%BD%D0%BA%D0%B8-%D0%B2-%D0%B1%D0%B0%D1%80%D0%B5-%D0%B2%D1%8B%D0%BF%D0%B8%D0%BB%D0%B8-%D0%B8%D0%B7%D1%80%D1%8F%D0%B4%D0%BD%D0%BE/ HTTP/1.1" 200 13768 "-" "Mozilla/5.0 (compatible; SemrushBot/6~bl; +http://www.semrush.com/bot.html)" "-"
46.229.168.143 - - [22/Jul/2020:23:42:18 +0000] "GET /%D1%81%D0%BE%D0%B1%D1%80%D0%B0%D0%BB%D0%B8%D1%81%D1%8C-%D1%82%D1%80%D0%B8-%D0%B4%D0%B5%D0%B2%D1%87%D0%BE%D0%BD%D0%BA%D0%B8-%D0%B2-%D0%B1%D0%B0%D1%80%D0%B5-%D0%B2%D1%8B%D0%BF%D0%B8%D0%BB%D0%B8-%D0%B8%D0%B7%D1%80%D1%8F%D0%B4%D0%BD%D0%BE/ HTTP/1.1" 200 13768 "-" "Mozilla/5.0 (compatible; SemrushBot/6~bl; +http://www.semrush.com/bot.html)"
217.118.90.198 - - [22/Jul/2020:23:42:19 +0000] "GET /%D0%B2-%D0%BE%D0%B1%D1%89%D0%B0%D0%B3%D0%B5-%D1%81%D0%BE%D0%B1%D1%80%D0%B0%D0%BB%D0%B0%D1%81%D1%8C-%D0%BA%D0%BE%D0%BC%D0%BF%D0%B0%D0%BD%D0%B8%D1%8F-%D0%BE%D0%B4%D0%BD%D0%BE%D0%BA%D1%83%D1%80%D1%81%D0%BD%D0%B8%D0%BA%D0%BE%D0%B2-%D0%BF%D1%8C%D1%8E%D1%82/ HTTP/2.0" 200 15219 "https://baneks.site/%D0%B2-%D0%BE%D0%B1%D1%89%D0%B0%D0%B3%D0%B5-%D1%81%D0%BE%D0%B1%D1%80%D0%B0%D0%BB%D0%B0%D1%81%D1%8C-%D0%BA%D0%BE%D0%BC%D0%BF%D0%B0%D0%BD%D0%B8%D1%8F-%D0%BE%D0%B4%D0%BD%D0%BE%D0%BA%D1%83%D1%80%D1%81%D0%BD%D0%B8%D0%BA%D0%BE%D0%B2-%D0%BF%D1%8C%D1%8E%D1%82/" "Mozilla/5.0 (Linux; U; Android 7.1.2; ru-ru; Redmi 4A Build/N2G47H) AppleWebKit/537.36 (KHTML, like Gecko) Version/4.0 Chrome/61.0.3163.128 Mobile Safari/537.36 XiaoMi/MiuiBrowser/10.1.2" "-"
217.118.90.198 - - [22/Jul/2020:23:42:19 +0000] "GET /%D0%B2-%D0%BE%D0%B1%D1%89%D0%B0%D0%B3%D0%B5-%D1%81%D0%BE%D0%B1%D1%80%D0%B0%D0%BB%D0%B0%D1%81%D1%8C-%D0%BA%D0%BE%D0%BC%D0%BF%D0%B0%D0%BD%D0%B8%D1%8F-%D0%BE%D0%B4%D0%BD%D0%BE%D0%BA%D1%83%D1%80%D1%81%D0%BD%D0%B8%D0%BA%D0%BE%D0%B2-%D0%BF%D1%8C%D1%8E%D1%82/ HTTP/2.0" 200 15219 "https://baneks.site/%D0%B2-%D0%BE%D0%B1%D1%89%D0%B0%D0%B3%D0%B5-%D1%81%D0%BE%D0%B1%D1%80%D0%B0%D0%BB%D0%B0%D1%81%D1%8C-%D0%BA%D0%BE%D0%BC%D0%BF%D0%B0%D0%BD%D0%B8%D1%8F-%D0%BE%D0%B4%D0%BD%D0%BE%D0%BA%D1%83%D1%80%D1%81%D0%BD%D0%B8%D0%BA%D0%BE%D0%B2-%D0%BF%D1%8C%D1%8E%D1%82/" "Mozilla/5.0 (Linux; U; Android 7.1.2; ru-ru; Redmi 4A Build/N2G47H) AppleWebKit/537.36 (KHTML, like Gecko) Version/4.0 Chrome/61.0.3163.128 Mobile Safari/537.36 XiaoMi/MiuiBrowser/10.1.2"
185.52.134.133 - - [22/Jul/2020:23:42:20 +0000] "GET /%D0%B2%D1%81%D1%82%D1%80%D0%B5%D1%82%D0%B8%D0%BB%D0%B8%D1%81%D1%8C-%D1%85%D0%BE%D0%B9-%D0%B3%D0%BE%D1%80%D1%88%D0%BE%D0%BA-%D0%B8-%D0%BB%D0%B5%D1%82%D0%BE%D0%B2/?p=4 HTTP/2.0" 200 13728 "https://baneks.site/%D0%B2%D1%81%D1%82%D1%80%D0%B5%D1%82%D0%B8%D0%BB%D0%B8%D1%81%D1%8C-%D1%85%D0%BE%D0%B9-%D0%B3%D0%BE%D1%80%D1%88%D0%BE%D0%BA-%D0%B8-%D0%BB%D0%B5%D1%82%D0%BE%D0%B2/?p=4" "Mozilla/5.0 (Linux; Android 8.1.0; Redmi 6A) AppleWebKit/537.36 (KHTML, like Gecko) Chrome/71.0.3578.99 Mobile Safari/537.36" "-"
185.52.134.133 - - [22/Jul/2020:23:42:20 +0000] "GET /%D0%B2%D1%81%D1%82%D1%80%D0%B5%D1%82%D0%B8%D0%BB%D0%B8%D1%81%D1%8C-%D1%85%D0%BE%D0%B9-%D0%B3%D0%BE%D1%80%D1%88%D0%BE%D0%BA-%D0%B8-%D0%BB%D0%B5%D1%82%D0%BE%D0%B2/?p=4 HTTP/2.0" 200 13728 "https://baneks.site/%D0%B2%D1%81%D1%82%D1%80%D0%B5%D1%82%D0%B8%D0%BB%D0%B8%D1%81%D1%8C-%D1%85%D0%BE%D0%B9-%D0%B3%D0%BE%D1%80%D1%88%D0%BE%D0%BA-%D0%B8-%D0%BB%D0%B5%D1%82%D0%BE%D0%B2/?p=4" "Mozilla/5.0 (Linux; Android 8.1.0; Redmi 6A) AppleWebKit/537.36 (KHTML, like Gecko) Chrome/71.0.3578.99 Mobile Safari/537.36"
178.151.94.4 - - [22/Jul/2020:23:42:20 +0000] "GET /%D0%B8%D0%BD%D0%B6%D0%B5%D0%BD%D0%B5%D1%80%D1%83-%D1%84%D0%B8%D0%B7%D0%B8%D0%BA%D1%83-%D0%B8-%D0%BC%D0%B0%D1%82%D0%B5%D0%BC%D0%B0%D1%82%D0%B8%D0%BA%D1%83-%D0%B4%D0%B0%D0%BB%D0%B8-%D0%B7%D0%B0%D0%B4%D0%B0%D0%BD%D0%B8%D0%B5/ HTTP/2.0" 200 13628 "https://baneks.site/tag/%D0%BC%D0%B0%D1%82%D0%B5%D0%BC%D0%B0%D1%82%D0%B8%D0%BA/?p=15" "Mozilla/5.0 (Linux; Android 9; STK-LX1) AppleWebKit/537.36 (KHTML, like Gecko) Chrome/84.0.4147.89 Mobile Safari/537.36" "-"
178.151.94.4 - - [22/Jul/2020:23:42:20 +0000] "GET /%D0%B8%D0%BD%D0%B6%D0%B5%D0%BD%D0%B5%D1%80%D1%83-%D1%84%D0%B8%D0%B7%D0%B8%D0%BA%D1%83-%D0%B8-%D0%BC%D0%B0%D1%82%D0%B5%D0%BC%D0%B0%D1%82%D0%B8%D0%BA%D1%83-%D0%B4%D0%B0%D0%BB%D0%B8-%D0%B7%D0%B0%D0%B4%D0%B0%D0%BD%D0%B8%D0%B5/ HTTP/2.0" 200 13628 "https://baneks.site/tag/%D0%BC%D0%B0%D1%82%D0%B5%D0%BC%D0%B0%D1%82%D0%B8%D0%BA/?p=15" "Mozilla/5.0 (Linux; Android 9; STK-LX1) AppleWebKit/537.36 (KHTML, like Gecko) Chrome/84.0.4147.89 Mobile Safari/537.36"
83.102.135.201 - - [22/Jul/2020:23:42:31 +0000] "GET /random HTTP/2.0" 302 0 "https://baneks.site/%D0%B2-%D0%BE%D0%B1%D1%89%D0%B5%D0%BC-%D0%90%D0%B4%D1%80%D0%B8%D0%B0%D0%BD%D0%BE-%D0%A7%D0%B5%D0%BB%D0%B5%D0%BD%D1%82%D0%B0%D0%BD%D0%BE-%D0%B3%D0%B0%D1%81%D1%82%D1%80%D0%BE%D0%BB%D0%B8%D1%80%D1%83%D0%B5%D1%82-%D0%BF%D0%BE/" "Mozilla/5.0 (Linux; Android 8.0.0; G3116) AppleWebKit/537.36 (KHTML, like Gecko) Chrome/84.0.4147.89 Mobile Safari/537.36" "-"
83.102.135.201 - - [22/Jul/2020:23:42:31 +0000] "GET /random HTTP/2.0" 302 0 "https://baneks.site/%D0%B2-%D0%BE%D0%B1%D1%89%D0%B5%D0%BC-%D0%90%D0%B4%D1%80%D0%B8%D0%B0%D0%BD%D0%BE-%D0%A7%D0%B5%D0%BB%D0%B5%D0%BD%D1%82%D0%B0%D0%BD%D0%BE-%D0%B3%D0%B0%D1%81%D1%82%D1%80%D0%BE%D0%BB%D0%B8%D1%80%D1%83%D0%B5%D1%82-%D0%BF%D0%BE/" "Mozilla/5.0 (Linux; Android 8.0.0; G3116) AppleWebKit/537.36 (KHTML, like Gecko) Chrome/84.0.4147.89 Mobile Safari/537.36"
83.102.135.201 - - [22/Jul/2020:23:42:31 +0000] "GET /%D1%81%D0%BB%D1%83%D1%88%D0%B0%D0%B9%D1%82%D0%B5-%D0%A5%D0%B0%D0%B8%D0%BC-%D0%B2%D1%8B-%D0%BD%D0%B5-%D0%B1%D1%8B%D0%BB%D0%B8-%D0%B2-%D0%9E%D0%B4%D0%B5%D1%81%D1%81%D0%B5-%D1%82%D0%B0%D0%BA-%D0%B2%D1%8B-%D1%82%D0%B0%D0%BA%D0%B8/ HTTP/2.0" 200 13318 "https://baneks.site/%D0%B2-%D0%BE%D0%B1%D1%89%D0%B5%D0%BC-%D0%90%D0%B4%D1%80%D0%B8%D0%B0%D0%BD%D0%BE-%D0%A7%D0%B5%D0%BB%D0%B5%D0%BD%D1%82%D0%B0%D0%BD%D0%BE-%D0%B3%D0%B0%D1%81%D1%82%D1%80%D0%BE%D0%BB%D0%B8%D1%80%D1%83%D0%B5%D1%82-%D0%BF%D0%BE/" "Mozilla/5.0 (Linux; Android 8.0.0; G3116) AppleWebKit/537.36 (KHTML, like Gecko) Chrome/84.0.4147.89 Mobile Safari/537.36" "-"
83.102.135.201 - - [22/Jul/2020:23:42:31 +0000] "GET /%D1%81%D0%BB%D1%83%D1%88%D0%B0%D0%B9%D1%82%D0%B5-%D0%A5%D0%B0%D0%B8%D0%BC-%D0%B2%D1%8B-%D0%BD%D0%B5-%D0%B1%D1%8B%D0%BB%D0%B8-%D0%B2-%D0%9E%D0%B4%D0%B5%D1%81%D1%81%D0%B5-%D1%82%D0%B0%D0%BA-%D0%B2%D1%8B-%D1%82%D0%B0%D0%BA%D0%B8/ HTTP/2.0" 200 13318 "https://baneks.site/%D0%B2-%D0%BE%D0%B1%D1%89%D0%B5%D0%BC-%D0%90%D0%B4%D1%80%D0%B8%D0%B0%D0%BD%D0%BE-%D0%A7%D0%B5%D0%BB%D0%B5%D0%BD%D1%82%D0%B0%D0%BD%D0%BE-%D0%B3%D0%B0%D1%81%D1%82%D1%80%D0%BE%D0%BB%D0%B8%D1%80%D1%83%D0%B5%D1%82-%D0%BF%D0%BE/" "Mozilla/5.0 (Linux; Android 8.0.0; G3116) AppleWebKit/537.36 (KHTML, like Gecko) Chrome/84.0.4147.89 Mobile Safari/537.36"
83.102.135.201 - - [22/Jul/2020:23:42:32 +0000] "GET /%D1%81%D0%BB%D1%83%D1%88%D0%B0%D0%B9%D1%82%D0%B5-%D0%A5%D0%B0%D0%B8%D0%BC-%D0%B2%D1%8B-%D0%BD%D0%B5-%D0%B1%D1%8B%D0%BB%D0%B8-%D0%B2-%D0%9E%D0%B4%D0%B5%D1%81%D1%81%D0%B5-%D1%82%D0%B0%D0%BA-%D0%B2%D1%8B-%D1%82%D0%B0%D0%BA%D0%B8/ HTTP/2.0" 200 13318 "https://baneks.site/%D1%81%D0%BB%D1%83%D1%88%D0%B0%D0%B9%D1%82%D0%B5-%D0%A5%D0%B0%D0%B8%D0%BC-%D0%B2%D1%8B-%D0%BD%D0%B5-%D0%B1%D1%8B%D0%BB%D0%B8-%D0%B2-%D0%9E%D0%B4%D0%B5%D1%81%D1%81%D0%B5-%D1%82%D0%B0%D0%BA-%D0%B2%D1%8B-%D1%82%D0%B0%D0%BA%D0%B8/" "Mozilla/5.0 (Linux; Android 8.0.0; G3116) AppleWebKit/537.36 (KHTML, like Gecko) Chrome/84.0.4147.89 Mobile Safari/537.36" "-"
83.102.135.201 - - [22/Jul/2020:23:42:32 +0000] "GET /%D1%81%D0%BB%D1%83%D1%88%D0%B0%D0%B9%D1%82%D0%B5-%D0%A5%D0%B0%D0%B8%D0%BC-%D0%B2%D1%8B-%D0%BD%D0%B5-%D0%B1%D1%8B%D0%BB%D0%B8-%D0%B2-%D0%9E%D0%B4%D0%B5%D1%81%D1%81%D0%B5-%D1%82%D0%B0%D0%BA-%D0%B2%D1%8B-%D1%82%D0%B0%D0%BA%D0%B8/ HTTP/2.0" 200 13318 "https://baneks.site/%D1%81%D0%BB%D1%83%D1%88%D0%B0%D0%B9%D1%82%D0%B5-%D0%A5%D0%B0%D0%B8%D0%BC-%D0%B2%D1%8B-%D0%BD%D0%B5-%D0%B1%D1%8B%D0%BB%D0%B8-%D0%B2-%D0%9E%D0%B4%D0%B5%D1%81%D1%81%D0%B5-%D1%82%D0%B0%D0%BA-%D0%B2%D1%8B-%D1%82%D0%B0%D0%BA%D0%B8/" "Mozilla/5.0 (Linux; Android 8.0.0; G3116) AppleWebKit/537.36 (KHTML, like Gecko) Chrome/84.0.4147.89 Mobile Safari/537.36"
114.119.160.246 - - [22/Jul/2020:23:42:36 +0000] "GET /%D0%B8%D0%B4%D0%B5%D1%82-%D0%BC%D1%83%D0%B6%D0%B8%D0%BA-%D0%BF%D0%BE-%D0%B4%D0%B2%D0%BE%D1%80%D1%83-%D0%B2%D0%B8%D0%B4%D0%B8%D1%82-%D0%BC%D0%B0%D0%BB%D1%8C%D1%87%D0%B8%D0%BA-%D0%BF%D0%BB%D0%B0%D1%87%D0%B5%D1%82?s=likes HTTP/1.1" 301 0 "-" "Mozilla/5.0 (Linux; Android 7.0;) AppleWebKit/537.36 (KHTML, like Gecko) Mobile Safari/537.36 (compatible; PetalBot;+https://aspiegel.com/petalbot)" "-"
114.119.160.246 - - [22/Jul/2020:23:42:36 +0000] "GET /%D0%B8%D0%B4%D0%B5%D1%82-%D0%BC%D1%83%D0%B6%D0%B8%D0%BA-%D0%BF%D0%BE-%D0%B4%D0%B2%D0%BE%D1%80%D1%83-%D0%B2%D0%B8%D0%B4%D0%B8%D1%82-%D0%BC%D0%B0%D0%BB%D1%8C%D1%87%D0%B8%D0%BA-%D0%BF%D0%BB%D0%B0%D1%87%D0%B5%D1%82?s=likes HTTP/1.1" 301 0 "-" "Mozilla/5.0 (Linux; Android 7.0;) AppleWebKit/537.36 (KHTML, like Gecko) Mobile Safari/537.36 (compatible; PetalBot;+https://aspiegel.com/petalbot)"
185.117.149.242 - - [22/Jul/2020:23:42:41 +0000] "GET /%D1%81%D0%B8%D0%B4%D1%8F%D1%82-%D1%82%D1%80%D0%B8-%D0%B3%D0%BE%D0%BC%D0%BE%D1%81%D0%B5%D0%BA%D0%B0-%D0%BD%D0%B0-%D0%B7%D0%BE%D0%BD%D0%B5-%D0%BE%D0%B1%D1%81%D1%83%D0%B6%D0%B4%D0%B0%D1%8E%D1%82-%D1%87%D1%82%D0%BE-%D0%B1%D1%83%D0%B4%D1%83%D1%82/ HTTP/2.0" 200 14087 "https://www.google.com/" "Mozilla/5.0 (Linux; Android 10; SM-G973F) AppleWebKit/537.36 (KHTML, like Gecko) Chrome/84.0.4147.89 Mobile Safari/537.36" "-"
185.117.149.242 - - [22/Jul/2020:23:42:41 +0000] "GET /%D1%81%D0%B8%D0%B4%D1%8F%D1%82-%D1%82%D1%80%D0%B8-%D0%B3%D0%BE%D0%BC%D0%BE%D1%81%D0%B5%D0%BA%D0%B0-%D0%BD%D0%B0-%D0%B7%D0%BE%D0%BD%D0%B5-%D0%BE%D0%B1%D1%81%D1%83%D0%B6%D0%B4%D0%B0%D1%8E%D1%82-%D1%87%D1%82%D0%BE-%D0%B1%D1%83%D0%B4%D1%83%D1%82/ HTTP/2.0" 200 14087 "https://www.google.com/" "Mozilla/5.0 (Linux; Android 10; SM-G973F) AppleWebKit/537.36 (KHTML, like Gecko) Chrome/84.0.4147.89 Mobile Safari/537.36"
185.117.149.242 - - [22/Jul/2020:23:42:42 +0000] "GET /%D1%81%D0%B8%D0%B4%D1%8F%D1%82-%D1%82%D1%80%D0%B8-%D0%B3%D0%BE%D0%BC%D0%BE%D1%81%D0%B5%D0%BA%D0%B0-%D0%BD%D0%B0-%D0%B7%D0%BE%D0%BD%D0%B5-%D0%BE%D0%B1%D1%81%D1%83%D0%B6%D0%B4%D0%B0%D1%8E%D1%82-%D1%87%D1%82%D0%BE-%D0%B1%D1%83%D0%B4%D1%83%D1%82/ HTTP/2.0" 200 14087 "https://baneks.site/%D1%81%D0%B8%D0%B4%D1%8F%D1%82-%D1%82%D1%80%D0%B8-%D0%B3%D0%BE%D0%BC%D0%BE%D1%81%D0%B5%D0%BA%D0%B0-%D0%BD%D0%B0-%D0%B7%D0%BE%D0%BD%D0%B5-%D0%BE%D0%B1%D1%81%D1%83%D0%B6%D0%B4%D0%B0%D1%8E%D1%82-%D1%87%D1%82%D0%BE-%D0%B1%D1%83%D0%B4%D1%83%D1%82/" "Mozilla/5.0 (Linux; Android 10; SM-G973F) AppleWebKit/537.36 (KHTML, like Gecko) Chrome/84.0.4147.89 Mobile Safari/537.36" "-"
185.117.149.242 - - [22/Jul/2020:23:42:42 +0000] "GET /%D1%81%D0%B8%D0%B4%D1%8F%D1%82-%D1%82%D1%80%D0%B8-%D0%B3%D0%BE%D0%BC%D0%BE%D1%81%D0%B5%D0%BA%D0%B0-%D0%BD%D0%B0-%D0%B7%D0%BE%D0%BD%D0%B5-%D0%BE%D0%B1%D1%81%D1%83%D0%B6%D0%B4%D0%B0%D1%8E%D1%82-%D1%87%D1%82%D0%BE-%D0%B1%D1%83%D0%B4%D1%83%D1%82/ HTTP/2.0" 200 14087 "https://baneks.site/%D1%81%D0%B8%D0%B4%D1%8F%D1%82-%D1%82%D1%80%D0%B8-%D0%B3%D0%BE%D0%BC%D0%BE%D1%81%D0%B5%D0%BA%D0%B0-%D0%BD%D0%B0-%D0%B7%D0%BE%D0%BD%D0%B5-%D0%BE%D0%B1%D1%81%D1%83%D0%B6%D0%B4%D0%B0%D1%8E%D1%82-%D1%87%D1%82%D0%BE-%D0%B1%D1%83%D0%B4%D1%83%D1%82/" "Mozilla/5.0 (Linux; Android 10; SM-G973F) AppleWebKit/537.36 (KHTML, like Gecko) Chrome/84.0.4147.89 Mobile Safari/537.36"
178.154.200.81 - - [22/Jul/2020:23:42:46 +0000] "GET /%D0%B4%D0%B2%D0%B0-%D0%B1%D1%8B%D0%BA%D0%B0-%D0%BC%D0%BE%D0%BB%D0%BE%D0%B4%D0%BE%D0%B9-%D0%B8-%D1%81%D1%82%D0%B0%D1%80%D1%8B%D0%B9-%D0%BF%D0%B0%D1%81%D1%83%D1%82%D1%81%D1%8F-%D0%BD%D0%B0-%D0%B2%D0%B5%D1%80%D1%88%D0%B8%D0%BD%D0%B5-%D1%85%D0%BE%D0%BB%D0%BC%D0%B0/ HTTP/1.1" 200 15174 "-" "Mozilla/5.0 (compatible; YandexBot/3.0; +http://yandex.com/bots)" "-"
178.154.200.81 - - [22/Jul/2020:23:42:46 +0000] "GET /%D0%B4%D0%B2%D0%B0-%D0%B1%D1%8B%D0%BA%D0%B0-%D0%BC%D0%BE%D0%BB%D0%BE%D0%B4%D0%BE%D0%B9-%D0%B8-%D1%81%D1%82%D0%B0%D1%80%D1%8B%D0%B9-%D0%BF%D0%B0%D1%81%D1%83%D1%82%D1%81%D1%8F-%D0%BD%D0%B0-%D0%B2%D0%B5%D1%80%D1%88%D0%B8%D0%BD%D0%B5-%D1%85%D0%BE%D0%BB%D0%BC%D0%B0/ HTTP/1.1" 200 15174 "-" "Mozilla/5.0 (compatible; YandexBot/3.0; +http://yandex.com/bots)"
46.229.168.137 - - [22/Jul/2020:23:42:50 +0000] "GET /%D0%B4%D0%B5%D0%B4-%D0%B0-%D0%BF%D0%BE%D1%87%D0%B5%D0%BC%D1%83-%D1%82%D0%B5%D0%B1%D1%8F-%D1%82%D0%B0%D0%BA-%D0%B1%D0%B0%D0%B1%D1%8B-%D0%BB%D1%8E%D0%B1%D1%8F%D1%82-%D1%81%D0%BF%D1%80%D0%BE%D1%81%D0%B8%D0%BB%D0%B8-%D0%BC%D1%83%D0%B6%D0%B8%D0%BA%D0%B8/?p=2 HTTP/1.1" 200 12755 "-" "Mozilla/5.0 (compatible; SemrushBot/6~bl; +http://www.semrush.com/bot.html)" "-"
46.229.168.137 - - [22/Jul/2020:23:42:50 +0000] "GET /%D0%B4%D0%B5%D0%B4-%D0%B0-%D0%BF%D0%BE%D1%87%D0%B5%D0%BC%D1%83-%D1%82%D0%B5%D0%B1%D1%8F-%D1%82%D0%B0%D0%BA-%D0%B1%D0%B0%D0%B1%D1%8B-%D0%BB%D1%8E%D0%B1%D1%8F%D1%82-%D1%81%D0%BF%D1%80%D0%BE%D1%81%D0%B8%D0%BB%D0%B8-%D0%BC%D1%83%D0%B6%D0%B8%D0%BA%D0%B8/?p=2 HTTP/1.1" 200 12755 "-" "Mozilla/5.0 (compatible; SemrushBot/6~bl; +http://www.semrush.com/bot.html)"
213.87.151.26 - - [22/Jul/2020:23:42:53 +0000] "GET /-%D1%81%D0%BB%D1%83%D1%88%D0%B0%D0%B9-%D1%82%D1%8B-%D1%80%D0%B0%D0%B7%D1%80%D0%B0%D0%B1%D0%BE%D1%82%D1%87%D0%B8%D0%BA-%D0%BE%D1%82%D0%B2%D0%B5%D1%82%D1%8C-%D0%BF%D0%BE%D1%87%D0%B5%D0%BC%D1%83-%D1%80%D0%B0%D0%B7%D1%80%D0%B0%D0%B1%D0%BE%D1%82%D1%87%D0%B8%D0%BA%D0%B8/ HTTP/2.0" 200 13707 "https://yandex.ru/" "Mozilla/5.0 (Linux; Android 10; SAMSUNG SM-A705FN) AppleWebKit/537.36 (KHTML, like Gecko) SamsungBrowser/11.1 Chrome/75.0.3770.143 Mobile Safari/537.36" "-"
213.87.151.26 - - [22/Jul/2020:23:42:53 +0000] "GET /-%D1%81%D0%BB%D1%83%D1%88%D0%B0%D0%B9-%D1%82%D1%8B-%D1%80%D0%B0%D0%B7%D1%80%D0%B0%D0%B1%D0%BE%D1%82%D1%87%D0%B8%D0%BA-%D0%BE%D1%82%D0%B2%D0%B5%D1%82%D1%8C-%D0%BF%D0%BE%D1%87%D0%B5%D0%BC%D1%83-%D1%80%D0%B0%D0%B7%D1%80%D0%B0%D0%B1%D0%BE%D1%82%D1%87%D0%B8%D0%BA%D0%B8/ HTTP/2.0" 200 13707 "https://yandex.ru/" "Mozilla/5.0 (Linux; Android 10; SAMSUNG SM-A705FN) AppleWebKit/537.36 (KHTML, like Gecko) SamsungBrowser/11.1 Chrome/75.0.3770.143 Mobile Safari/537.36"
107.159.13.37 - - [22/Jul/2020:23:42:54 +0000] "GET /%D1%83%D1%87%D0%B8%D1%82%D0%B5%D0%BB%D1%8C-%D1%84%D0%B8%D0%B7%D0%BA%D1%83%D0%BB%D1%8C%D1%82%D1%83%D1%80%D1%8B-%D0%92%D0%BB%D0%B0%D0%B4%D0%B8%D0%BC%D0%B8%D1%80-%D0%9C%D0%B8%D1%80%D0%BE%D1%81%D0%BB%D0%B0%D0%B2%D0%BE%D0%B2%D0%B8%D1%87-%D1%80%D0%B0%D0%B7%D1%80%D0%B5%D1%88%D0%B8%D0%BB/ HTTP/2.0" 200 13111 "https://www.google.ca/" "Mozilla/5.0 (iPhone; CPU iPhone OS 13_5_1 like Mac OS X) AppleWebKit/605.1.15 (KHTML, like Gecko) Version/13.1.1 Mobile/15E148 Safari/604.1" "-"
107.159.13.37 - - [22/Jul/2020:23:42:54 +0000] "GET /%D1%83%D1%87%D0%B8%D1%82%D0%B5%D0%BB%D1%8C-%D1%84%D0%B8%D0%B7%D0%BA%D1%83%D0%BB%D1%8C%D1%82%D1%83%D1%80%D1%8B-%D0%92%D0%BB%D0%B0%D0%B4%D0%B8%D0%BC%D0%B8%D1%80-%D0%9C%D0%B8%D1%80%D0%BE%D1%81%D0%BB%D0%B0%D0%B2%D0%BE%D0%B2%D0%B8%D1%87-%D1%80%D0%B0%D0%B7%D1%80%D0%B5%D1%88%D0%B8%D0%BB/ HTTP/2.0" 200 13111 "https://www.google.ca/" "Mozilla/5.0 (iPhone; CPU iPhone OS 13_5_1 like Mac OS X) AppleWebKit/605.1.15 (KHTML, like Gecko) Version/13.1.1 Mobile/15E148 Safari/604.1"
213.87.151.26 - - [22/Jul/2020:23:42:55 +0000] "GET /-%D1%81%D0%BB%D1%83%D1%88%D0%B0%D0%B9-%D1%82%D1%8B-%D1%80%D0%B0%D0%B7%D1%80%D0%B0%D0%B1%D0%BE%D1%82%D1%87%D0%B8%D0%BA-%D0%BE%D1%82%D0%B2%D0%B5%D1%82%D1%8C-%D0%BF%D0%BE%D1%87%D0%B5%D0%BC%D1%83-%D1%80%D0%B0%D0%B7%D1%80%D0%B0%D0%B1%D0%BE%D1%82%D1%87%D0%B8%D0%BA%D0%B8/ HTTP/2.0" 200 13707 "https://baneks.site/-%D1%81%D0%BB%D1%83%D1%88%D0%B0%D0%B9-%D1%82%D1%8B-%D1%80%D0%B0%D0%B7%D1%80%D0%B0%D0%B1%D0%BE%D1%82%D1%87%D0%B8%D0%BA-%D0%BE%D1%82%D0%B2%D0%B5%D1%82%D1%8C-%D0%BF%D0%BE%D1%87%D0%B5%D0%BC%D1%83-%D1%80%D0%B0%D0%B7%D1%80%D0%B0%D0%B1%D0%BE%D1%82%D1%87%D0%B8%D0%BA%D0%B8/" "Mozilla/5.0 (Linux; Android 10; SAMSUNG SM-A705FN) AppleWebKit/537.36 (KHTML, like Gecko) SamsungBrowser/11.1 Chrome/75.0.3770.143 Mobile Safari/537.36" "-"
213.87.151.26 - - [22/Jul/2020:23:42:55 +0000] "GET /-%D1%81%D0%BB%D1%83%D1%88%D0%B0%D0%B9-%D1%82%D1%8B-%D1%80%D0%B0%D0%B7%D1%80%D0%B0%D0%B1%D0%BE%D1%82%D1%87%D0%B8%D0%BA-%D0%BE%D1%82%D0%B2%D0%B5%D1%82%D1%8C-%D0%BF%D0%BE%D1%87%D0%B5%D0%BC%D1%83-%D1%80%D0%B0%D0%B7%D1%80%D0%B0%D0%B1%D0%BE%D1%82%D1%87%D0%B8%D0%BA%D0%B8/ HTTP/2.0" 200 13707 "https://baneks.site/-%D1%81%D0%BB%D1%83%D1%88%D0%B0%D0%B9-%D1%82%D1%8B-%D1%80%D0%B0%D0%B7%D1%80%D0%B0%D0%B1%D0%BE%D1%82%D1%87%D0%B8%D0%BA-%D0%BE%D1%82%D0%B2%D0%B5%D1%82%D1%8C-%D0%BF%D0%BE%D1%87%D0%B5%D0%BC%D1%83-%D1%80%D0%B0%D0%B7%D1%80%D0%B0%D0%B1%D0%BE%D1%82%D1%87%D0%B8%D0%BA%D0%B8/" "Mozilla/5.0 (Linux; Android 10; SAMSUNG SM-A705FN) AppleWebKit/537.36 (KHTML, like Gecko) SamsungBrowser/11.1 Chrome/75.0.3770.143 Mobile Safari/537.36"
107.159.13.37 - - [22/Jul/2020:23:42:56 +0000] "GET /%D1%83%D1%87%D0%B8%D1%82%D0%B5%D0%BB%D1%8C-%D1%84%D0%B8%D0%B7%D0%BA%D1%83%D0%BB%D1%8C%D1%82%D1%83%D1%80%D1%8B-%D0%92%D0%BB%D0%B0%D0%B4%D0%B8%D0%BC%D0%B8%D1%80-%D0%9C%D0%B8%D1%80%D0%BE%D1%81%D0%BB%D0%B0%D0%B2%D0%BE%D0%B2%D0%B8%D1%87-%D1%80%D0%B0%D0%B7%D1%80%D0%B5%D1%88%D0%B8%D0%BB/ HTTP/2.0" 200 13111 "https://baneks.site/%D1%83%D1%87%D0%B8%D1%82%D0%B5%D0%BB%D1%8C-%D1%84%D0%B8%D0%B7%D0%BA%D1%83%D0%BB%D1%8C%D1%82%D1%83%D1%80%D1%8B-%D0%92%D0%BB%D0%B0%D0%B4%D0%B8%D0%BC%D0%B8%D1%80-%D0%9C%D0%B8%D1%80%D0%BE%D1%81%D0%BB%D0%B0%D0%B2%D0%BE%D0%B2%D0%B8%D1%87-%D1%80%D0%B0%D0%B7%D1%80%D0%B5%D1%88%D0%B8%D0%BB/" "Mozilla/5.0 (iPhone; CPU iPhone OS 13_5_1 like Mac OS X) AppleWebKit/605.1.15 (KHTML, like Gecko) Version/13.1.1 Mobile/15E148 Safari/604.1" "-"
107.159.13.37 - - [22/Jul/2020:23:42:56 +0000] "GET /%D1%83%D1%87%D0%B8%D1%82%D0%B5%D0%BB%D1%8C-%D1%84%D0%B8%D0%B7%D0%BA%D1%83%D0%BB%D1%8C%D1%82%D1%83%D1%80%D1%8B-%D0%92%D0%BB%D0%B0%D0%B4%D0%B8%D0%BC%D0%B8%D1%80-%D0%9C%D0%B8%D1%80%D0%BE%D1%81%D0%BB%D0%B0%D0%B2%D0%BE%D0%B2%D0%B8%D1%87-%D1%80%D0%B0%D0%B7%D1%80%D0%B5%D1%88%D0%B8%D0%BB/ HTTP/2.0" 200 13111 "https://baneks.site/%D1%83%D1%87%D0%B8%D1%82%D0%B5%D0%BB%D1%8C-%D1%84%D0%B8%D0%B7%D0%BA%D1%83%D0%BB%D1%8C%D1%82%D1%83%D1%80%D1%8B-%D0%92%D0%BB%D0%B0%D0%B4%D0%B8%D0%BC%D0%B8%D1%80-%D0%9C%D0%B8%D1%80%D0%BE%D1%81%D0%BB%D0%B0%D0%B2%D0%BE%D0%B2%D0%B8%D1%87-%D1%80%D0%B0%D0%B7%D1%80%D0%B5%D1%88%D0%B8%D0%BB/" "Mozilla/5.0 (iPhone; CPU iPhone OS 13_5_1 like Mac OS X) AppleWebKit/605.1.15 (KHTML, like Gecko) Version/13.1.1 Mobile/15E148 Safari/604.1"
95.158.42.55 - - [22/Jul/2020:23:42:57 +0000] "GET /%D0%B4%D0%B2%D0%B0-%D1%80%D1%83%D1%81%D1%81%D0%BA%D0%B8%D1%85-%D0%BF%D0%B0%D1%86%D0%B0%D0%BD%D0%B0-%D0%BF%D0%BE%D0%BB%D0%B5%D1%82%D0%B5%D0%BB%D0%B8-%D0%B2-%D0%90%D0%B2%D1%81%D1%82%D1%80%D0%B0%D0%BB%D0%B8%D1%8E/ HTTP/2.0" 200 15098 "https://www.google.com/" "Mozilla/5.0 (Linux; Android 9; INE-LX1) AppleWebKit/537.36 (KHTML, like Gecko) Chrome/84.0.4147.89 Mobile Safari/537.36" "-"
95.158.42.55 - - [22/Jul/2020:23:42:57 +0000] "GET /%D0%B4%D0%B2%D0%B0-%D1%80%D1%83%D1%81%D1%81%D0%BA%D0%B8%D1%85-%D0%BF%D0%B0%D1%86%D0%B0%D0%BD%D0%B0-%D0%BF%D0%BE%D0%BB%D0%B5%D1%82%D0%B5%D0%BB%D0%B8-%D0%B2-%D0%90%D0%B2%D1%81%D1%82%D1%80%D0%B0%D0%BB%D0%B8%D1%8E/ HTTP/2.0" 200 15098 "https://www.google.com/" "Mozilla/5.0 (Linux; Android 9; INE-LX1) AppleWebKit/537.36 (KHTML, like Gecko) Chrome/84.0.4147.89 Mobile Safari/537.36"
40.77.167.108 - - [22/Jul/2020:23:43:06 +0000] "GET /tag/%D1%8D%D0%BB%D0%B5%D0%BA%D1%82%D1%80%D0%B8%D0%BA/ HTTP/1.1" 200 10181 "-" "Mozilla/5.0 (compatible; bingbot/2.0; +http://www.bing.com/bingbot.htm)" "-"
40.77.167.108 - - [22/Jul/2020:23:43:06 +0000] "GET /tag/%D1%8D%D0%BB%D0%B5%D0%BA%D1%82%D1%80%D0%B8%D0%BA/ HTTP/1.1" 200 10181 "-" "Mozilla/5.0 (compatible; bingbot/2.0; +http://www.bing.com/bingbot.htm)"
46.229.168.162 - - [22/Jul/2020:23:43:09 +0000] "GET /%D0%BE%D0%B4%D0%BD%D0%B0%D0%B6%D0%B4%D1%8B-%D1%81%D1%82%D1%83%D0%B4%D0%B5%D0%BD%D1%82-%D1%80%D0%B5%D1%88%D0%B8%D0%BB-%D0%B4%D0%BE%D0%B5%D0%B1%D0%B0%D1%82%D1%8C%D1%81%D1%8F-%D0%B4%D0%BE-%D0%BF%D1%80%D0%BE%D1%84%D0%B5%D1%81%D1%81%D0%BE%D1%80%D0%B0/?p=6 HTTP/1.1" 200 11343 "-" "Mozilla/5.0 (compatible; SemrushBot/6~bl; +http://www.semrush.com/bot.html)" "-"
46.229.168.162 - - [22/Jul/2020:23:43:09 +0000] "GET /%D0%BE%D0%B4%D0%BD%D0%B0%D0%B6%D0%B4%D1%8B-%D1%81%D1%82%D1%83%D0%B4%D0%B5%D0%BD%D1%82-%D1%80%D0%B5%D1%88%D0%B8%D0%BB-%D0%B4%D0%BE%D0%B5%D0%B1%D0%B0%D1%82%D1%8C%D1%81%D1%8F-%D0%B4%D0%BE-%D0%BF%D1%80%D0%BE%D1%84%D0%B5%D1%81%D1%81%D0%BE%D1%80%D0%B0/?p=6 HTTP/1.1" 200 11343 "-" "Mozilla/5.0 (compatible; SemrushBot/6~bl; +http://www.semrush.com/bot.html)"
66.249.68.62 - - [22/Jul/2020:23:43:11 +0000] "GET /%D0%B5%D0%B4%D0%B5%D1%82-%D0%BC%D1%83%D0%B6%D0%B8%D0%BA-%D0%BF%D0%BE-%D0%BF%D1%83%D1%81%D1%82%D1%8B%D0%BD%D0%B5-%D0%BD%D0%B0-%D0%B2%D0%B5%D1%80%D0%B1%D0%BB%D1%8E%D0%B4%D0%B5/ HTTP/1.1" 304 0 "-" "Mozilla/5.0 (Linux; Android 6.0.1; Nexus 5X Build/MMB29P) AppleWebKit/537.36 (KHTML, like Gecko) Chrome/80.0.3987.92 Mobile Safari/537.36 (compatible; Googlebot/2.1; +http://www.google.com/bot.html)" "-"
66.249.68.62 - - [22/Jul/2020:23:43:11 +0000] "GET /%D0%B5%D0%B4%D0%B5%D1%82-%D0%BC%D1%83%D0%B6%D0%B8%D0%BA-%D0%BF%D0%BE-%D0%BF%D1%83%D1%81%D1%82%D1%8B%D0%BD%D0%B5-%D0%BD%D0%B0-%D0%B2%D0%B5%D1%80%D0%B1%D0%BB%D1%8E%D0%B4%D0%B5/ HTTP/1.1" 304 0 "-" "Mozilla/5.0 (Linux; Android 6.0.1; Nexus 5X Build/MMB29P) AppleWebKit/537.36 (KHTML, like Gecko) Chrome/80.0.3987.92 Mobile Safari/537.36 (compatible; Googlebot/2.1; +http://www.google.com/bot.html)"
66.249.68.33 - - [22/Jul/2020:23:43:20 +0000] "GET /%D0%BE%D1%81%D1%82%D0%B0%D0%BD%D0%B0%D0%B2%D0%BB%D0%B8%D0%B2%D0%B0%D0%B5%D1%82%D1%81%D1%8F-%D0%B2%D0%B5%D0%BB%D0%BE%D1%81%D0%B8%D0%BF%D0%B5%D0%B4%D0%B8%D1%81%D1%82-%D0%BD%D0%B0-%D0%BA%D1%80%D0%B0%D1%81%D0%BD%D1%8B%D0%B9-%D1%81%D0%B2%D0%B5%D1%82-%D1%80%D1%8F%D0%B4%D0%BE%D0%BC/?p=2 HTTP/1.1" 200 14935 "-" "Mozilla/5.0 (Linux; Android 6.0.1; Nexus 5X Build/MMB29P) AppleWebKit/537.36 (KHTML, like Gecko) Chrome/80.0.3987.92 Mobile Safari/537.36 (compatible; Googlebot/2.1; +http://www.google.com/bot.html)" "-"
66.249.68.33 - - [22/Jul/2020:23:43:20 +0000] "GET /%D0%BE%D1%81%D1%82%D0%B0%D0%BD%D0%B0%D0%B2%D0%BB%D0%B8%D0%B2%D0%B0%D0%B5%D1%82%D1%81%D1%8F-%D0%B2%D0%B5%D0%BB%D0%BE%D1%81%D0%B8%D0%BF%D0%B5%D0%B4%D0%B8%D1%81%D1%82-%D0%BD%D0%B0-%D0%BA%D1%80%D0%B0%D1%81%D0%BD%D1%8B%D0%B9-%D1%81%D0%B2%D0%B5%D1%82-%D1%80%D1%8F%D0%B4%D0%BE%D0%BC/?p=2 HTTP/1.1" 200 14935 "-" "Mozilla/5.0 (Linux; Android 6.0.1; Nexus 5X Build/MMB29P) AppleWebKit/537.36 (KHTML, like Gecko) Chrome/80.0.3987.92 Mobile Safari/537.36 (compatible; Googlebot/2.1; +http://www.google.com/bot.html)"
83.102.135.201 - - [22/Jul/2020:23:43:30 +0000] "GET /random HTTP/2.0" 302 0 "https://baneks.site/%D1%81%D0%BB%D1%83%D1%88%D0%B0%D0%B9%D1%82%D0%B5-%D0%A5%D0%B0%D0%B8%D0%BC-%D0%B2%D1%8B-%D0%BD%D0%B5-%D0%B1%D1%8B%D0%BB%D0%B8-%D0%B2-%D0%9E%D0%B4%D0%B5%D1%81%D1%81%D0%B5-%D1%82%D0%B0%D0%BA-%D0%B2%D1%8B-%D1%82%D0%B0%D0%BA%D0%B8/" "Mozilla/5.0 (Linux; Android 8.0.0; G3116) AppleWebKit/537.36 (KHTML, like Gecko) Chrome/84.0.4147.89 Mobile Safari/537.36" "-"
83.102.135.201 - - [22/Jul/2020:23:43:30 +0000] "GET /random HTTP/2.0" 302 0 "https://baneks.site/%D1%81%D0%BB%D1%83%D1%88%D0%B0%D0%B9%D1%82%D0%B5-%D0%A5%D0%B0%D0%B8%D0%BC-%D0%B2%D1%8B-%D0%BD%D0%B5-%D0%B1%D1%8B%D0%BB%D0%B8-%D0%B2-%D0%9E%D0%B4%D0%B5%D1%81%D1%81%D0%B5-%D1%82%D0%B0%D0%BA-%D0%B2%D1%8B-%D1%82%D0%B0%D0%BA%D0%B8/" "Mozilla/5.0 (Linux; Android 8.0.0; G3116) AppleWebKit/537.36 (KHTML, like Gecko) Chrome/84.0.4147.89 Mobile Safari/537.36"
83.102.135.201 - - [22/Jul/2020:23:43:30 +0000] "GET /%D0%BF%D0%B0%D0%BF-%D0%B0-%D0%BF%D1%80%D0%BE%D1%81%D1%82%D1%80%D0%B0%D0%BD%D1%81%D1%82%D0%B2%D0%BE-%D0%B1%D0%B5%D1%81%D0%BA%D0%BE%D0%BD%D0%B5%D1%87%D0%BD%D0%BE/ HTTP/2.0" 200 12240 "https://baneks.site/%D1%81%D0%BB%D1%83%D1%88%D0%B0%D0%B9%D1%82%D0%B5-%D0%A5%D0%B0%D0%B8%D0%BC-%D0%B2%D1%8B-%D0%BD%D0%B5-%D0%B1%D1%8B%D0%BB%D0%B8-%D0%B2-%D0%9E%D0%B4%D0%B5%D1%81%D1%81%D0%B5-%D1%82%D0%B0%D0%BA-%D0%B2%D1%8B-%D1%82%D0%B0%D0%BA%D0%B8/" "Mozilla/5.0 (Linux; Android 8.0.0; G3116) AppleWebKit/537.36 (KHTML, like Gecko) Chrome/84.0.4147.89 Mobile Safari/537.36" "-"
83.102.135.201 - - [22/Jul/2020:23:43:30 +0000] "GET /%D0%BF%D0%B0%D0%BF-%D0%B0-%D0%BF%D1%80%D0%BE%D1%81%D1%82%D1%80%D0%B0%D0%BD%D1%81%D1%82%D0%B2%D0%BE-%D0%B1%D0%B5%D1%81%D0%BA%D0%BE%D0%BD%D0%B5%D1%87%D0%BD%D0%BE/ HTTP/2.0" 200 12240 "https://baneks.site/%D1%81%D0%BB%D1%83%D1%88%D0%B0%D0%B9%D1%82%D0%B5-%D0%A5%D0%B0%D0%B8%D0%BC-%D0%B2%D1%8B-%D0%BD%D0%B5-%D0%B1%D1%8B%D0%BB%D0%B8-%D0%B2-%D0%9E%D0%B4%D0%B5%D1%81%D1%81%D0%B5-%D1%82%D0%B0%D0%BA-%D0%B2%D1%8B-%D1%82%D0%B0%D0%BA%D0%B8/" "Mozilla/5.0 (Linux; Android 8.0.0; G3116) AppleWebKit/537.36 (KHTML, like Gecko) Chrome/84.0.4147.89 Mobile Safari/537.36"
185.52.134.133 - - [22/Jul/2020:23:43:32 +0000] "GET /%D0%B2%D1%81%D1%82%D1%80%D0%B5%D1%82%D0%B8%D0%BB%D0%B8%D1%81%D1%8C-%D1%85%D0%BE%D0%B9-%D0%B3%D0%BE%D1%80%D1%88%D0%BE%D0%BA-%D0%B8-%D0%BB%D0%B5%D1%82%D0%BE%D0%B2/?p=5 HTTP/2.0" 200 14440 "https://baneks.site/%D0%B2%D1%81%D1%82%D1%80%D0%B5%D1%82%D0%B8%D0%BB%D0%B8%D1%81%D1%8C-%D1%85%D0%BE%D0%B9-%D0%B3%D0%BE%D1%80%D1%88%D0%BE%D0%BA-%D0%B8-%D0%BB%D0%B5%D1%82%D0%BE%D0%B2/?p=4" "Mozilla/5.0 (Linux; Android 8.1.0; Redmi 6A) AppleWebKit/537.36 (KHTML, like Gecko) Chrome/71.0.3578.99 Mobile Safari/537.36" "-"
185.52.134.133 - - [22/Jul/2020:23:43:32 +0000] "GET /%D0%B2%D1%81%D1%82%D1%80%D0%B5%D1%82%D0%B8%D0%BB%D0%B8%D1%81%D1%8C-%D1%85%D0%BE%D0%B9-%D0%B3%D0%BE%D1%80%D1%88%D0%BE%D0%BA-%D0%B8-%D0%BB%D0%B5%D1%82%D0%BE%D0%B2/?p=5 HTTP/2.0" 200 14440 "https://baneks.site/%D0%B2%D1%81%D1%82%D1%80%D0%B5%D1%82%D0%B8%D0%BB%D0%B8%D1%81%D1%8C-%D1%85%D0%BE%D0%B9-%D0%B3%D0%BE%D1%80%D1%88%D0%BE%D0%BA-%D0%B8-%D0%BB%D0%B5%D1%82%D0%BE%D0%B2/?p=4" "Mozilla/5.0 (Linux; Android 8.1.0; Redmi 6A) AppleWebKit/537.36 (KHTML, like Gecko) Chrome/71.0.3578.99 Mobile Safari/537.36"
83.102.135.201 - - [22/Jul/2020:23:43:32 +0000] "GET /%D0%BF%D0%B0%D0%BF-%D0%B0-%D0%BF%D1%80%D0%BE%D1%81%D1%82%D1%80%D0%B0%D0%BD%D1%81%D1%82%D0%B2%D0%BE-%D0%B1%D0%B5%D1%81%D0%BA%D0%BE%D0%BD%D0%B5%D1%87%D0%BD%D0%BE/ HTTP/2.0" 200 12240 "https://baneks.site/%D0%BF%D0%B0%D0%BF-%D0%B0-%D0%BF%D1%80%D0%BE%D1%81%D1%82%D1%80%D0%B0%D0%BD%D1%81%D1%82%D0%B2%D0%BE-%D0%B1%D0%B5%D1%81%D0%BA%D0%BE%D0%BD%D0%B5%D1%87%D0%BD%D0%BE/" "Mozilla/5.0 (Linux; Android 8.0.0; G3116) AppleWebKit/537.36 (KHTML, like Gecko) Chrome/84.0.4147.89 Mobile Safari/537.36" "-"
83.102.135.201 - - [22/Jul/2020:23:43:32 +0000] "GET /%D0%BF%D0%B0%D0%BF-%D0%B0-%D0%BF%D1%80%D0%BE%D1%81%D1%82%D1%80%D0%B0%D0%BD%D1%81%D1%82%D0%B2%D0%BE-%D0%B1%D0%B5%D1%81%D0%BA%D0%BE%D0%BD%D0%B5%D1%87%D0%BD%D0%BE/ HTTP/2.0" 200 12240 "https://baneks.site/%D0%BF%D0%B0%D0%BF-%D0%B0-%D0%BF%D1%80%D0%BE%D1%81%D1%82%D1%80%D0%B0%D0%BD%D1%81%D1%82%D0%B2%D0%BE-%D0%B1%D0%B5%D1%81%D0%BA%D0%BE%D0%BD%D0%B5%D1%87%D0%BD%D0%BE/" "Mozilla/5.0 (Linux; Android 8.0.0; G3116) AppleWebKit/537.36 (KHTML, like Gecko) Chrome/84.0.4147.89 Mobile Safari/537.36"
185.52.134.133 - - [22/Jul/2020:23:43:33 +0000] "GET /%D0%B2%D1%81%D1%82%D1%80%D0%B5%D1%82%D0%B8%D0%BB%D0%B8%D1%81%D1%8C-%D1%85%D0%BE%D0%B9-%D0%B3%D0%BE%D1%80%D1%88%D0%BE%D0%BA-%D0%B8-%D0%BB%D0%B5%D1%82%D0%BE%D0%B2/?p=5 HTTP/2.0" 200 14440 "https://baneks.site/%D0%B2%D1%81%D1%82%D1%80%D0%B5%D1%82%D0%B8%D0%BB%D0%B8%D1%81%D1%8C-%D1%85%D0%BE%D0%B9-%D0%B3%D0%BE%D1%80%D1%88%D0%BE%D0%BA-%D0%B8-%D0%BB%D0%B5%D1%82%D0%BE%D0%B2/?p=5" "Mozilla/5.0 (Linux; Android 8.1.0; Redmi 6A) AppleWebKit/537.36 (KHTML, like Gecko) Chrome/71.0.3578.99 Mobile Safari/537.36" "-"
185.52.134.133 - - [22/Jul/2020:23:43:33 +0000] "GET /%D0%B2%D1%81%D1%82%D1%80%D0%B5%D1%82%D0%B8%D0%BB%D0%B8%D1%81%D1%8C-%D1%85%D0%BE%D0%B9-%D0%B3%D0%BE%D1%80%D1%88%D0%BE%D0%BA-%D0%B8-%D0%BB%D0%B5%D1%82%D0%BE%D0%B2/?p=5 HTTP/2.0" 200 14440 "https://baneks.site/%D0%B2%D1%81%D1%82%D1%80%D0%B5%D1%82%D0%B8%D0%BB%D0%B8%D1%81%D1%8C-%D1%85%D0%BE%D0%B9-%D0%B3%D0%BE%D1%80%D1%88%D0%BE%D0%BA-%D0%B8-%D0%BB%D0%B5%D1%82%D0%BE%D0%B2/?p=5" "Mozilla/5.0 (Linux; Android 8.1.0; Redmi 6A) AppleWebKit/537.36 (KHTML, like Gecko) Chrome/71.0.3578.99 Mobile Safari/537.36"
46.229.168.141 - - [22/Jul/2020:23:43:37 +0000] "GET /%D0%BF%D1%80%D0%B8%D0%BB%D0%B5%D1%82%D0%B5%D0%BB-%D0%B7%D0%BC%D0%B5%D0%B9-%D0%B3%D0%BE%D1%80%D1%8B%D0%BD%D1%8B%D1%87-%D0%B2-%D0%BB%D0%B5%D1%81-%D0%B8-%D0%B3%D0%BE%D0%B2%D0%BE%D1%80%D0%B8%D1%82-%D0%B7%D0%B2%D0%B5%D1%80%D1%8F%D0%BC/?p=3 HTTP/1.1" 200 11028 "-" "Mozilla/5.0 (compatible; SemrushBot/6~bl; +http://www.semrush.com/bot.html)" "-"
46.229.168.141 - - [22/Jul/2020:23:43:37 +0000] "GET /%D0%BF%D1%80%D0%B8%D0%BB%D0%B5%D1%82%D0%B5%D0%BB-%D0%B7%D0%BC%D0%B5%D0%B9-%D0%B3%D0%BE%D1%80%D1%8B%D0%BD%D1%8B%D1%87-%D0%B2-%D0%BB%D0%B5%D1%81-%D0%B8-%D0%B3%D0%BE%D0%B2%D0%BE%D1%80%D0%B8%D1%82-%D0%B7%D0%B2%D0%B5%D1%80%D1%8F%D0%BC/?p=3 HTTP/1.1" 200 11028 "-" "Mozilla/5.0 (compatible; SemrushBot/6~bl; +http://www.semrush.com/bot.html)"
95.158.42.55 - - [22/Jul/2020:23:43:47 +0000] "GET /%D0%B4%D0%B2%D0%B0-%D1%80%D1%83%D1%81%D1%81%D0%BA%D0%B8%D1%85-%D0%BF%D0%B0%D1%86%D0%B0%D0%BD%D0%B0-%D0%BF%D0%BE%D0%BB%D0%B5%D1%82%D0%B5%D0%BB%D0%B8-%D0%B2-%D0%90%D0%B2%D1%81%D1%82%D1%80%D0%B0%D0%BB%D0%B8%D1%8E/ HTTP/2.0" 200 15098 "https://www.google.com/" "Mozilla/5.0 (Linux; Android 9; INE-LX1) AppleWebKit/537.36 (KHTML, like Gecko) Chrome/84.0.4147.89 Mobile Safari/537.36" "-"
95.158.42.55 - - [22/Jul/2020:23:43:47 +0000] "GET /%D0%B4%D0%B2%D0%B0-%D1%80%D1%83%D1%81%D1%81%D0%BA%D0%B8%D1%85-%D0%BF%D0%B0%D1%86%D0%B0%D0%BD%D0%B0-%D0%BF%D0%BE%D0%BB%D0%B5%D1%82%D0%B5%D0%BB%D0%B8-%D0%B2-%D0%90%D0%B2%D1%81%D1%82%D1%80%D0%B0%D0%BB%D0%B8%D1%8E/ HTTP/2.0" 200 15098 "https://www.google.com/" "Mozilla/5.0 (Linux; Android 9; INE-LX1) AppleWebKit/537.36 (KHTML, like Gecko) Chrome/84.0.4147.89 Mobile Safari/537.36"
