31.134.191.83 - - [24/May/2020:00:44:37 +0000] "GET /%D1%81%D1%82%D0%BE%D0%B8%D1%82-%D1%83-%D0%BB%D0%B0%D1%80%D1%8C%D0%BA%D0%B0-%D0%B3%D0%BE%D0%BF%D0%BD%D0%B8%D0%BA-%D0%B1%D1%80%D0%B8%D1%82%D1%8B%D0%B9-%D0%B2-%D1%81%D0%BF%D0%BE%D1%80%D1%82%D0%B8%D0%B2%D0%BD%D1%8B%D1%85-%D1%88%D1%82%D0%B0%D0%BD%D0%B0%D1%85/?p=2 HTTP/1.1" 200 13887 "https://yandex.ru/clck/jsredir?from=yandex.ru%3Bsearch%3Bweb%3B%3B&text=&etext=8347.jFDuKc8tkC1mf_7ix17ksgisDXihuz2OaDr1jb3_CfUjZS9ZJNxQGe51DydoadSr.6a6fdeb1eaf6ea3281e48d78143c9ae3e8b9c093&uuid=&state=_BLhILn4SxNIvvL0W45KSic66uCIg23qh8iRG98qeIXmeppkgUc0YL_nDC5hqtEQ6WayFoZKRZE&data=UlNrNmk5WktYejY4cHFySjRXSWhXQzk2dmlJRDFTV0hkTTdoaFNVaXhnRElGZmZkX2hzcTk3ZFRSanZZVS1oN3Z4WTVUZVFvbDRjVWY0cjRFeEJOS1JMMF9MY3NRYTZrWHRaOXRKSG55NXI3d0phSEM4T1FkczNNQUNYeUE0UGRoQUdDNm5DSHlBbkVOQnh0QXg5ZV9pRUJFd0ZHZ3JlTzU5N3FoZkMyQk9ZVGxYdllJYlRLSTUycEhSY1pta0UtS2ZMUHpqd1E3dEdZRXhtR2RYUjZPWE1ta2J6SFJUUXctU0lhel9vVHdac3kyMlJNS0RSQUNmYXc3YW5wS0tBTHdQZ2xEdEwzNUxhcDBmQmRMeWp3Q0paR2RIRXk2VFBORmljTm9RV3EtdmJqc09KYlVtOVpnWFg3dDdPUmh1NWdRR3hTOVdicTBmc2EzTk5JaE83dW81NkxEUkhocnhDQmZaQy1hZFdLMjhoM2hNa2lkSFF4UzNXZV9INHJvRVhienFnb3A3U3FjWWRZZ0prQlBwSFowTkFNZnA5ZWF3SllXbUtZM1VSSnhUMFR6ODdMc2ZEMTVfM1RGUDJnN1NldXpvWVNHdk13MDJtYkxJQkRSWXRHUEswd2g2NHcxYUdRMmY4czRPTDdob2hVWnA4SWMtOVNiS2pyN1A1b3dFU2hPX3docXlPVXFydnNQcXlMM0hUeWRpbUlBVm9YQkFwQk55dGE1SjlhTUN1SEdjSHVRNXI1OHZuczhsaHdMMVlQdjF5NVpkSzNYMEpjZXBhUE5oS25MWXByZmVxejBSWXlIU2ZlNks2NGt6OUV3WlpfOUYyVERGNFBjZG5KSFJpUmlqM05oZjdiRHlWMkx6OExYX3BOV0ZxSWMwNEtUY3hS&b64e=2&sign=0c899ef7c78980523cc30ac3fc49c553&keyno=0&cst=AiuY0DBWFJ7IXge4WdYJQULnoVAFacUfnescM1KWLFrb2HXNesti8oB1P7T8-96vouvScga1X4krgN5ZBIzh0ojwv_ch_eGUXHBNX_q4pxaSC5DtvXHbVc_uf1bfztdzORMv-9PAxJjCgWfpJxedKw&ref=orjY4mGPRjk5boDnW0uvlrrd71vZw9kp5uQozpMtKCV-bB70LKhDfNv-QhnFKVq3rZWQlU_omScrHJ7J3fcLFYIUt7eYU3zZpz2sDMgMgVnUkMPkR8hU6A&l10n=ru&cts=1590281076536&mc=2.62267534134" "Mozilla/5.0 (Windows NT 10.0; WOW64) AppleWebKit/537.36 (KHTML, like Gecko) Chrome/79.0.3945.136 YaBrowser/20.2.4.143 Yowser/2.5 Safari/537.36"
46.229.168.138 - - [24/May/2020:00:44:40 +0000] "GET /%D1%80%D0%BE%D0%B1%D0%BE%D1%82%D1%83-%D0%BF%D1%80%D0%B8%D1%81%D0%BD%D0%B8%D0%BB%D1%81%D1%8F-%D0%BA%D0%BE%D1%88%D0%BC%D0%B0%D1%80/ HTTP/1.1" 200 12680 "-" "Mozilla/5.0 (compatible; SemrushBot/6~bl; +http://www.semrush.com/bot.html)" "-"
46.229.168.138 - - [24/May/2020:00:44:40 +0000] "GET /%D1%80%D0%BE%D0%B1%D0%BE%D1%82%D1%83-%D0%BF%D1%80%D0%B8%D1%81%D0%BD%D0%B8%D0%BB%D1%81%D1%8F-%D0%BA%D0%BE%D1%88%D0%BC%D0%B0%D1%80/ HTTP/1.1" 200 12680 "-" "Mozilla/5.0 (compatible; SemrushBot/6~bl; +http://www.semrush.com/bot.html)"
178.47.69.30 - - [24/May/2020:00:44:42 +0000] "GET /%D0%BF%D1%80%D0%B8%D1%85%D0%BE%D0%B4%D0%B8%D1%82-%D0%BC%D1%83%D0%B6%D0%B8%D0%BA-%D0%BD%D0%B0-%D1%80%D0%B0%D0%B1%D0%BE%D1%82%D1%83-%D1%81%D0%BE-%D0%B7%D0%B4%D0%BE%D1%80%D0%BE%D0%B2%D0%B5%D0%BD%D0%BD%D1%8B%D0%BC-%D1%84%D0%B8%D0%BD%D0%B3%D0%B0%D0%BB%D0%BE%D0%BC/ HTTP/1.1" 200 13796 "https://yandex.ru/clck/jsredir?from=yandex.ru%3Bsearch%3Bweb%3B%3B&text=&etext=8347.CwN6xyOUjUfJWBOuypIg5uHZQ8dMr5_V5lDkAaFtELFox6ak4E0ZA--FU-j-Qyxx.41c43ec83a0689efdc02c41319ee284f362a7e03&uuid=&state=_BLhILn4SxNIvvL0W45KSic66uCIg23qh8iRG98qeIXmeppkgUc0YLeQVNu7TCjFWhspMNrg36Y&data=UlNrNmk5WktYejY4cHFySjRXSWhXQzk2dmlJRDFTV0hkTTdoaFNVaXhnRERxVzZGc016S3BkYUlma1lUUTV0QnN0OF93X2xVZnFwZGhZTEVIZEE0S2FxaVlZb3RBQ0pQRGJGdG9XSXZTTEk1dHhralBVMXA2RXY2UktCaExuQW1KTW55cGQza3VXbC1FRElTZlpJVHBnaURJMVZObnB2Wlk2NDMyaE5FZHZHZURsdGpDbnZfQ3M1NUU0WEVVaDF3UV9kRWhHVDBWaGJuWHMtUEVvd3llOE5uRDdIT0NYSTBHaWR0T3JXNmNEN1NubTJsRkxoUzVLcXYtNzVzZmpYX2JRbUtsLUx0azNOdXFGVDJ5eDlhT3dGVWxuVjNfWnlRVmhQTnZ4QTFvdUFYdXVBU0g0emVVN1hrX2NxbHY0NWh5RGJNNUZTdjhGUWtQYUdpS3YtR0ZIOHRrWi1sYzRHLWQtMTQtcnNGUXE2MkgwNXVnSEpKcTUtX0xhMThlZXpGYnFSV1lEWlltZzlJb1BqTXJwZ0lWWDhGLTQ0VmRwR0lOZEZHeWpZX2lMUmppRmN6eEhmajFBMnJPY3NLaldfY21QZXBXdzhzaGZjc2tuY1JiNDBLTWdXc3FVVWV5emROOFgzRW9HRUt1OXl6QjJvVGNfUW9ickQ2ZXluTFlDckFOVHd4V2dxTDNmYk5FY18zX1NHLWE5ZzZYaW5qZ0FBMmd0N3M3T0Z2eFlqb0JadlRCVHZRMW1oaDV3UDJfc1B3WEhVQnRVeEhrbXJkNExhU1BBZENMTFB1SUFvX0wyeGx6dDU4S1NwbVdJSnIzLUpkSU83V01oWnpUSjhaNlI3b255VUpZVng4LWxxZS01Y0pUNmpYUWJBem9wSVFEcHRQ&b64e=2&sign=7deabba9e86ace7d2d0778d2e97bbf28&keyno=0&cst=AiuY0DBWFJ7IXge4WdYJQYpgPUyh7uQlWuH88TUlysPFFBJzMql8xUAbnqvoZF2WZwXdTOIEASqhpP7xld-ZqhqwLTDv6rAmsuJ1GkDEe3yvcipOxmpGHIqXDJCXEpycaO841LP-r1cuB6AJ8fToSkaSSgs-Fl9Y&ref=orjY4mGPRjk5boDnW0uvlrrd71vZw9kp5uQozpMtKCX5No9jVno6g7pWjEQDVz8ySjtZ_e_F8oFajtvOG80drkdUHhMvwk3BItPtuIbD8FZmRhLD4ofLqw&l10n=ru&cts=1590281072117&mc=4.9683780427" "Mozilla/5.0 (Linux; NetCast; U) AppleWebKit/537.31 (KHTML, like Gecko) Chrome/26.0.1410.33 Safari/537.31 SmartTV/5.0" "-"
178.47.69.30 - - [24/May/2020:00:44:42 +0000] "GET /%D0%BF%D1%80%D0%B8%D1%85%D0%BE%D0%B4%D0%B8%D1%82-%D0%BC%D1%83%D0%B6%D0%B8%D0%BA-%D0%BD%D0%B0-%D1%80%D0%B0%D0%B1%D0%BE%D1%82%D1%83-%D1%81%D0%BE-%D0%B7%D0%B4%D0%BE%D1%80%D0%BE%D0%B2%D0%B5%D0%BD%D0%BD%D1%8B%D0%BC-%D1%84%D0%B8%D0%BD%D0%B3%D0%B0%D0%BB%D0%BE%D0%BC/ HTTP/1.1" 200 13796 "https://yandex.ru/clck/jsredir?from=yandex.ru%3Bsearch%3Bweb%3B%3B&text=&etext=8347.CwN6xyOUjUfJWBOuypIg5uHZQ8dMr5_V5lDkAaFtELFox6ak4E0ZA--FU-j-Qyxx.41c43ec83a0689efdc02c41319ee284f362a7e03&uuid=&state=_BLhILn4SxNIvvL0W45KSic66uCIg23qh8iRG98qeIXmeppkgUc0YLeQVNu7TCjFWhspMNrg36Y&data=UlNrNmk5WktYejY4cHFySjRXSWhXQzk2dmlJRDFTV0hkTTdoaFNVaXhnRERxVzZGc016S3BkYUlma1lUUTV0QnN0OF93X2xVZnFwZGhZTEVIZEE0S2FxaVlZb3RBQ0pQRGJGdG9XSXZTTEk1dHhralBVMXA2RXY2UktCaExuQW1KTW55cGQza3VXbC1FRElTZlpJVHBnaURJMVZObnB2Wlk2NDMyaE5FZHZHZURsdGpDbnZfQ3M1NUU0WEVVaDF3UV9kRWhHVDBWaGJuWHMtUEVvd3llOE5uRDdIT0NYSTBHaWR0T3JXNmNEN1NubTJsRkxoUzVLcXYtNzVzZmpYX2JRbUtsLUx0azNOdXFGVDJ5eDlhT3dGVWxuVjNfWnlRVmhQTnZ4QTFvdUFYdXVBU0g0emVVN1hrX2NxbHY0NWh5RGJNNUZTdjhGUWtQYUdpS3YtR0ZIOHRrWi1sYzRHLWQtMTQtcnNGUXE2MkgwNXVnSEpKcTUtX0xhMThlZXpGYnFSV1lEWlltZzlJb1BqTXJwZ0lWWDhGLTQ0VmRwR0lOZEZHeWpZX2lMUmppRmN6eEhmajFBMnJPY3NLaldfY21QZXBXdzhzaGZjc2tuY1JiNDBLTWdXc3FVVWV5emROOFgzRW9HRUt1OXl6QjJvVGNfUW9ickQ2ZXluTFlDckFOVHd4V2dxTDNmYk5FY18zX1NHLWE5ZzZYaW5qZ0FBMmd0N3M3T0Z2eFlqb0JadlRCVHZRMW1oaDV3UDJfc1B3WEhVQnRVeEhrbXJkNExhU1BBZENMTFB1SUFvX0wyeGx6dDU4S1NwbVdJSnIzLUpkSU83V01oWnpUSjhaNlI3b255VUpZVng4LWxxZS01Y0pUNmpYUWJBem9wSVFEcHRQ&b64e=2&sign=7deabba9e86ace7d2d0778d2e97bbf28&keyno=0&cst=AiuY0DBWFJ7IXge4WdYJQYpgPUyh7uQlWuH88TUlysPFFBJzMql8xUAbnqvoZF2WZwXdTOIEASqhpP7xld-ZqhqwLTDv6rAmsuJ1GkDEe3yvcipOxmpGHIqXDJCXEpycaO841LP-r1cuB6AJ8fToSkaSSgs-Fl9Y&ref=orjY4mGPRjk5boDnW0uvlrrd71vZw9kp5uQozpMtKCX5No9jVno6g7pWjEQDVz8ySjtZ_e_F8oFajtvOG80drkdUHhMvwk3BItPtuIbD8FZmRhLD4ofLqw&l10n=ru&cts=1590281072117&mc=4.9683780427" "Mozilla/5.0 (Linux; NetCast; U) AppleWebKit/537.31 (KHTML, like Gecko) Chrome/26.0.1410.33 Safari/537.31 SmartTV/5.0"
66.249.76.94 - - [24/May/2020:00:44:49 +0000] "GET /%D0%B5%D0%B4%D0%B5%D1%82-%D1%82%D0%B0%D0%BA%D1%81%D0%B8-%D1%81%D0%B7%D0%B0%D0%B4%D0%B8-%D1%81%D0%B8%D0%B4%D1%8F%D1%82-%D0%B4%D0%B2%D0%BE%D0%B5-%D0%B4%D0%B6%D0%B5%D0%BD%D1%82%D0%BB%D1%8C%D0%BC%D0%B5%D0%BD%D0%BE%D0%B2/?p=2 HTTP/1.1" 304 0 "-" "Mozilla/5.0 (Linux; Android 6.0.1; Nexus 5X Build/MMB29P) AppleWebKit/537.36 (KHTML, like Gecko) Chrome/80.0.3987.92 Mobile Safari/537.36 (compatible; Googlebot/2.1; +http://www.google.com/bot.html)" "-"
66.249.76.94 - - [24/May/2020:00:44:49 +0000] "GET /%D0%B5%D0%B4%D0%B5%D1%82-%D1%82%D0%B0%D0%BA%D1%81%D0%B8-%D1%81%D0%B7%D0%B0%D0%B4%D0%B8-%D1%81%D0%B8%D0%B4%D1%8F%D1%82-%D0%B4%D0%B2%D0%BE%D0%B5-%D0%B4%D0%B6%D0%B5%D0%BD%D1%82%D0%BB%D1%8C%D0%BC%D0%B5%D0%BD%D0%BE%D0%B2/?p=2 HTTP/1.1" 304 0 "-" "Mozilla/5.0 (Linux; Android 6.0.1; Nexus 5X Build/MMB29P) AppleWebKit/537.36 (KHTML, like Gecko) Chrome/80.0.3987.92 Mobile Safari/537.36 (compatible; Googlebot/2.1; +http://www.google.com/bot.html)"
45.32.7.22 - - [24/May/2020:00:45:19 +0000] "GET / HTTP/1.1" 200 4613 "-" "Mozilla/5.0 (Windows NT 6.2; WOW64) AppleWebKit/537.4 (KHTML, like Gecko) Chrome/98 Safari/537.4 (StatusCake)" "-"
45.32.7.22 - - [24/May/2020:00:45:19 +0000] "GET / HTTP/1.1" 200 4613 "-" "Mozilla/5.0 (Windows NT 6.2; WOW64) AppleWebKit/537.4 (KHTML, like Gecko) Chrome/98 Safari/537.4 (StatusCake)"
66.249.76.68 - - [24/May/2020:00:45:35 +0000] "GET /%D1%83%D1%87%D0%B5%D0%BD%D0%B8%D0%BA-%D0%BA%D0%B0%D0%BA-%D1%82%D0%BE-%D1%81%D0%BF%D1%80%D0%BE%D1%81%D0%B8%D0%BB-%D1%83-%D0%BC%D1%83%D0%B4%D1%80%D0%B5%D1%86%D0%B0/?p=3 HTTP/1.1" 304 0 "-" "Mozilla/5.0 (Linux; Android 6.0.1; Nexus 5X Build/MMB29P) AppleWebKit/537.36 (KHTML, like Gecko) Chrome/80.0.3987.92 Mobile Safari/537.36 (compatible; Googlebot/2.1; +http://www.google.com/bot.html)" "-"
66.249.76.68 - - [24/May/2020:00:45:35 +0000] "GET /%D1%83%D1%87%D0%B5%D0%BD%D0%B8%D0%BA-%D0%BA%D0%B0%D0%BA-%D1%82%D0%BE-%D1%81%D0%BF%D1%80%D0%BE%D1%81%D0%B8%D0%BB-%D1%83-%D0%BC%D1%83%D0%B4%D1%80%D0%B5%D1%86%D0%B0/?p=3 HTTP/1.1" 304 0 "-" "Mozilla/5.0 (Linux; Android 6.0.1; Nexus 5X Build/MMB29P) AppleWebKit/537.36 (KHTML, like Gecko) Chrome/80.0.3987.92 Mobile Safari/537.36 (compatible; Googlebot/2.1; +http://www.google.com/bot.html)"
66.249.76.68 - - [24/May/2020:00:46:05 +0000] "GET /%D0%B7%D0%B0%D1%85%D0%BE%D0%B4%D0%B8%D1%82-%D0%BB%D0%BE%D1%81%D1%8C-%D0%B2-%D1%82%D1%83%D0%B0%D0%BB%D0%B5%D1%82-%D0%B0-%D1%82%D0%B0%D0%BC-%D1%82%D0%B5%D0%BC%D0%BD%D0%BE-%D0%B2%D0%B8%D0%B4%D0%B8%D1%82-%D0%B1%D0%BE%D0%BB%D1%8C%D1%88%D0%B8%D0%B5/ HTTP/1.1" 200 12875 "-" "Mozilla/5.0 (Linux; Android 6.0.1; Nexus 5X Build/MMB29P) AppleWebKit/537.36 (KHTML, like Gecko) Chrome/80.0.3987.92 Mobile Safari/537.36 (compatible; Googlebot/2.1; +http://www.google.com/bot.html)" "-"
66.249.76.68 - - [24/May/2020:00:46:05 +0000] "GET /%D0%B7%D0%B0%D1%85%D0%BE%D0%B4%D0%B8%D1%82-%D0%BB%D0%BE%D1%81%D1%8C-%D0%B2-%D1%82%D1%83%D0%B0%D0%BB%D0%B5%D1%82-%D0%B0-%D1%82%D0%B0%D0%BC-%D1%82%D0%B5%D0%BC%D0%BD%D0%BE-%D0%B2%D0%B8%D0%B4%D0%B8%D1%82-%D0%B1%D0%BE%D0%BB%D1%8C%D1%88%D0%B8%D0%B5/ HTTP/1.1" 200 12875 "-" "Mozilla/5.0 (Linux; Android 6.0.1; Nexus 5X Build/MMB29P) AppleWebKit/537.36 (KHTML, like Gecko) Chrome/80.0.3987.92 Mobile Safari/537.36 (compatible; Googlebot/2.1; +http://www.google.com/bot.html)"
66.249.76.94 - - [24/May/2020:00:46:21 +0000] "GET /%D0%B6%D0%B0%D0%BB%D1%83%D1%8E%D1%82%D1%81%D1%8F-%D0%B4%D1%80%D1%83%D0%B3-%D0%B4%D1%80%D1%83%D0%B3%D1%83-%D0%B4%D0%B2%D0%B5-%D0%BF%D1%80%D0%BE%D0%B4%D0%B0%D0%B2%D1%89%D0%B8%D1%86%D1%8B-%D0%BC%D0%B5%D0%BD%D1%8F-%D1%83%D0%B2%D0%BE%D0%BB%D0%B8%D0%BB%D0%B8-%D0%B7%D0%B0/ HTTP/1.1" 304 0 "-" "Mozilla/5.0 (Linux; Android 6.0.1; Nexus 5X Build/MMB29P) AppleWebKit/537.36 (KHTML, like Gecko) Chrome/80.0.3987.92 Mobile Safari/537.36 (compatible; Googlebot/2.1; +http://www.google.com/bot.html)" "-"
66.249.76.94 - - [24/May/2020:00:46:21 +0000] "GET /%D0%B6%D0%B0%D0%BB%D1%83%D1%8E%D1%82%D1%81%D1%8F-%D0%B4%D1%80%D1%83%D0%B3-%D0%B4%D1%80%D1%83%D0%B3%D1%83-%D0%B4%D0%B2%D0%B5-%D0%BF%D1%80%D0%BE%D0%B4%D0%B0%D0%B2%D1%89%D0%B8%D1%86%D1%8B-%D0%BC%D0%B5%D0%BD%D1%8F-%D1%83%D0%B2%D0%BE%D0%BB%D0%B8%D0%BB%D0%B8-%D0%B7%D0%B0/ HTTP/1.1" 304 0 "-" "Mozilla/5.0 (Linux; Android 6.0.1; Nexus 5X Build/MMB29P) AppleWebKit/537.36 (KHTML, like Gecko) Chrome/80.0.3987.92 Mobile Safari/537.36 (compatible; Googlebot/2.1; +http://www.google.com/bot.html)"
46.229.168.151 - - [24/May/2020:00:46:39 +0000] "GET /%D0%BF%D0%BE%D1%81%D0%BB%D0%B5-%D1%81%D0%BA%D0%B0%D1%87%D0%BA%D0%B0-%D0%BD%D0%B0%D0%BF%D1%80%D1%8F%D0%B6%D0%B5%D0%BD%D0%B8%D1%8F-%D0%BB%D0%B0%D1%80%D1%91%D0%BA-%D1%81-%D0%B2%D0%B5%D0%BD%D1%82%D0%B8%D0%BB%D1%8F%D1%82%D0%BE%D1%80%D0%B0%D0%BC%D0%B8/ HTTP/1.1" 200 12888 "-" "Mozilla/5.0 (compatible; SemrushBot/6~bl; +http://www.semrush.com/bot.html)" "-"
46.229.168.151 - - [24/May/2020:00:46:39 +0000] "GET /%D0%BF%D0%BE%D1%81%D0%BB%D0%B5-%D1%81%D0%BA%D0%B0%D1%87%D0%BA%D0%B0-%D0%BD%D0%B0%D0%BF%D1%80%D1%8F%D0%B6%D0%B5%D0%BD%D0%B8%D1%8F-%D0%BB%D0%B0%D1%80%D1%91%D0%BA-%D1%81-%D0%B2%D0%B5%D0%BD%D1%82%D0%B8%D0%BB%D1%8F%D1%82%D0%BE%D1%80%D0%B0%D0%BC%D0%B8/ HTTP/1.1" 200 12888 "-" "Mozilla/5.0 (compatible; SemrushBot/6~bl; +http://www.semrush.com/bot.html)"
46.229.168.140 - - [24/May/2020:00:46:53 +0000] "GET /%D1%83-%D0%9F%D1%83%D0%BF%D1%8B-%D0%B8-%D0%9B%D1%83%D0%BF%D1%8B-%D0%B1%D1%8B%D0%BB-%D0%B3%D0%B0%D1%81%D1%82%D1%80%D0%B8%D1%82/ HTTP/1.1" 200 10455 "-" "Mozilla/5.0 (compatible; SemrushBot/6~bl; +http://www.semrush.com/bot.html)" "-"
46.229.168.140 - - [24/May/2020:00:46:53 +0000] "GET /%D1%83-%D0%9F%D1%83%D0%BF%D1%8B-%D0%B8-%D0%9B%D1%83%D0%BF%D1%8B-%D0%B1%D1%8B%D0%BB-%D0%B3%D0%B0%D1%81%D1%82%D1%80%D0%B8%D1%82/ HTTP/1.1" 200 10455 "-" "Mozilla/5.0 (compatible; SemrushBot/6~bl; +http://www.semrush.com/bot.html)"
66.249.76.68 - - [24/May/2020:00:47:07 +0000] "GET /%D1%83%D0%BF%D0%B0%D0%BB%D0%B0-%D0%B2%D0%B8%D0%BB%D0%BA%D0%B0/?p=1 HTTP/1.1" 200 12843 "-" "Mozilla/5.0 (Linux; Android 6.0.1; Nexus 5X Build/MMB29P) AppleWebKit/537.36 (KHTML, like Gecko) Chrome/80.0.3987.92 Mobile Safari/537.36 (compatible; Googlebot/2.1; +http://www.google.com/bot.html)" "-"
66.249.76.68 - - [24/May/2020:00:47:07 +0000] "GET /%D1%83%D0%BF%D0%B0%D0%BB%D0%B0-%D0%B2%D0%B8%D0%BB%D0%BA%D0%B0/?p=1 HTTP/1.1" 200 12843 "-" "Mozilla/5.0 (Linux; Android 6.0.1; Nexus 5X Build/MMB29P) AppleWebKit/537.36 (KHTML, like Gecko) Chrome/80.0.3987.92 Mobile Safari/537.36 (compatible; Googlebot/2.1; +http://www.google.com/bot.html)"
46.229.168.150 - - [24/May/2020:00:47:24 +0000] "GET /%D1%81%D0%B8%D0%B4%D1%8F%D1%82-%D0%B1%D0%B5%D1%81%D0%BA%D0%BE%D0%BD%D0%B5%D1%87%D0%BD%D0%BE%D0%B5-%D0%BA%D0%BE%D0%BB%D0%B8%D1%87%D0%B5%D1%81%D1%82%D0%B2%D0%BE-%D0%BF%D0%B0%D0%BD%D1%84%D0%B8%D0%BB%D0%BE%D0%B2%D1%86%D0%B5%D0%B2-%D0%B2-%D0%BE%D0%BA%D0%BE%D0%BF%D0%B5/ HTTP/1.1" 200 14396 "-" "Mozilla/5.0 (compatible; SemrushBot/6~bl; +http://www.semrush.com/bot.html)" "-"
46.229.168.150 - - [24/May/2020:00:47:24 +0000] "GET /%D1%81%D0%B8%D0%B4%D1%8F%D1%82-%D0%B1%D0%B5%D1%81%D0%BA%D0%BE%D0%BD%D0%B5%D1%87%D0%BD%D0%BE%D0%B5-%D0%BA%D0%BE%D0%BB%D0%B8%D1%87%D0%B5%D1%81%D1%82%D0%B2%D0%BE-%D0%BF%D0%B0%D0%BD%D1%84%D0%B8%D0%BB%D0%BE%D0%B2%D1%86%D0%B5%D0%B2-%D0%B2-%D0%BE%D0%BA%D0%BE%D0%BF%D0%B5/ HTTP/1.1" 200 14396 "-" "Mozilla/5.0 (compatible; SemrushBot/6~bl; +http://www.semrush.com/bot.html)"
5.18.204.120 - - [24/May/2020:00:47:29 +0000] "GET /%D0%B7%D0%B0%D1%85%D0%BE%D0%B4%D0%B8%D1%82-%D1%84%D0%B5%D0%BC%D0%B8%D0%BD%D0%B8%D1%81%D1%82%D0%BA%D0%B0-%D0%B2-%D0%B1%D0%B0%D1%80-%D0%B4%D0%BB%D1%8F-%D0%B1%D0%B0%D0%B9%D0%BA%D0%B5%D1%80%D0%BE%D0%B2-%D0%B8-%D0%B3%D0%BE%D0%B2%D0%BE%D1%80%D0%B8%D1%82/ HTTP/2.0" 200 13931 "https://baneks.site/best/?p=3" "Mozilla/5.0 (Linux; Android 9; PAR-LX1) AppleWebKit/537.36 (KHTML, like Gecko) Chrome/81.0.4044.138 Mobile Safari/537.36" "-"
5.18.204.120 - - [24/May/2020:00:47:29 +0000] "GET /%D0%B7%D0%B0%D1%85%D0%BE%D0%B4%D0%B8%D1%82-%D1%84%D0%B5%D0%BC%D0%B8%D0%BD%D0%B8%D1%81%D1%82%D0%BA%D0%B0-%D0%B2-%D0%B1%D0%B0%D1%80-%D0%B4%D0%BB%D1%8F-%D0%B1%D0%B0%D0%B9%D0%BA%D0%B5%D1%80%D0%BE%D0%B2-%D0%B8-%D0%B3%D0%BE%D0%B2%D0%BE%D1%80%D0%B8%D1%82/ HTTP/2.0" 200 13931 "https://baneks.site/best/?p=3" "Mozilla/5.0 (Linux; Android 9; PAR-LX1) AppleWebKit/537.36 (KHTML, like Gecko) Chrome/81.0.4044.138 Mobile Safari/537.36"
66.249.76.65 - - [24/May/2020:00:47:36 +0000] "GET /%D0%BD%D0%B5-%D0%B4%D0%B0%D0%BB%D0%B5%D0%B5-%D1%87%D0%B5%D0%BC-%D0%BF%D0%BE%D0%B7%D0%B0%D0%B2%D1%87%D0%B5%D1%80%D0%B0-%D1%81%D0%B8%D0%B4%D0%B8%D0%BC-%D0%BC%D1%8B-%D0%B7%D0%BD%D0%B0%D1%87%D0%B8%D1%82-%D1%81-%D0%BC%D0%BE%D0%B8%D0%BC/ HTTP/1.1" 200 15341 "-" "Mozilla/5.0 (Linux; Android 6.0.1; Nexus 5X Build/MMB29P) AppleWebKit/537.36 (KHTML, like Gecko) Chrome/80.0.3987.92 Mobile Safari/537.36 (compatible; Googlebot/2.1; +http://www.google.com/bot.html)" "-"
66.249.76.65 - - [24/May/2020:00:47:36 +0000] "GET /%D0%BD%D0%B5-%D0%B4%D0%B0%D0%BB%D0%B5%D0%B5-%D1%87%D0%B5%D0%BC-%D0%BF%D0%BE%D0%B7%D0%B0%D0%B2%D1%87%D0%B5%D1%80%D0%B0-%D1%81%D0%B8%D0%B4%D0%B8%D0%BC-%D0%BC%D1%8B-%D0%B7%D0%BD%D0%B0%D1%87%D0%B8%D1%82-%D1%81-%D0%BC%D0%BE%D0%B8%D0%BC/ HTTP/1.1" 200 15341 "-" "Mozilla/5.0 (Linux; Android 6.0.1; Nexus 5X Build/MMB29P) AppleWebKit/537.36 (KHTML, like Gecko) Chrome/80.0.3987.92 Mobile Safari/537.36 (compatible; Googlebot/2.1; +http://www.google.com/bot.html)"
46.229.168.146 - - [24/May/2020:00:47:40 +0000] "GET /%D0%BE%D0%B4%D0%B8%D0%BD-%D1%80%D0%B0%D0%B4%D0%B8%D0%BE%D0%BB%D1%8E%D0%B1%D0%B8%D1%82%D0%B5%D0%BB%D1%8C-%D0%B7%D0%B0%D0%BB%D0%B5%D0%B7-%D0%B2-%D0%B4%D0%BE%D0%BB%D0%B3%D0%B8-%D0%B8-%D0%B8%D1%81%D0%BF%D0%BE%D0%BB%D1%8C%D0%B7%D0%BE%D0%B2%D0%B0%D0%BB/ HTTP/1.1" 200 12627 "-" "Mozilla/5.0 (compatible; SemrushBot/6~bl; +http://www.semrush.com/bot.html)" "-"
46.229.168.146 - - [24/May/2020:00:47:40 +0000] "GET /%D0%BE%D0%B4%D0%B8%D0%BD-%D1%80%D0%B0%D0%B4%D0%B8%D0%BE%D0%BB%D1%8E%D0%B1%D0%B8%D1%82%D0%B5%D0%BB%D1%8C-%D0%B7%D0%B0%D0%BB%D0%B5%D0%B7-%D0%B2-%D0%B4%D0%BE%D0%BB%D0%B3%D0%B8-%D0%B8-%D0%B8%D1%81%D0%BF%D0%BE%D0%BB%D1%8C%D0%B7%D0%BE%D0%B2%D0%B0%D0%BB/ HTTP/1.1" 200 12627 "-" "Mozilla/5.0 (compatible; SemrushBot/6~bl; +http://www.semrush.com/bot.html)"
66.249.76.94 - - [24/May/2020:00:47:53 +0000] "GET /%D0%90%D0%BB%D0%B5%D0%BA%D1%81%D0%B0%D0%BD%D0%B4%D1%80-%D0%93%D1%80%D0%B8%D0%B3%D0%BE%D1%80%D1%8C%D0%B5%D0%B2%D0%B8%D1%87/ HTTP/1.1" 304 0 "-" "Mozilla/5.0 (Linux; Android 6.0.1; Nexus 5X Build/MMB29P) AppleWebKit/537.36 (KHTML, like Gecko) Chrome/80.0.3987.92 Mobile Safari/537.36 (compatible; Googlebot/2.1; +http://www.google.com/bot.html)" "-"
66.249.76.94 - - [24/May/2020:00:47:53 +0000] "GET /%D0%90%D0%BB%D0%B5%D0%BA%D1%81%D0%B0%D0%BD%D0%B4%D1%80-%D0%93%D1%80%D0%B8%D0%B3%D0%BE%D1%80%D1%8C%D0%B5%D0%B2%D0%B8%D1%87/ HTTP/1.1" 304 0 "-" "Mozilla/5.0 (Linux; Android 6.0.1; Nexus 5X Build/MMB29P) AppleWebKit/537.36 (KHTML, like Gecko) Chrome/80.0.3987.92 Mobile Safari/537.36 (compatible; Googlebot/2.1; +http://www.google.com/bot.html)"
46.229.168.154 - - [24/May/2020:00:47:53 +0000] "GET /%D1%81%D1%82%D0%BE%D1%8F%D1%82-%D0%B4%D0%B2%D0%B0-%D0%B0%D0%BC%D0%B5%D1%80%D0%B8%D0%BA%D0%B0%D0%BD%D1%86%D0%B0-%D0%BE%D0%B4%D0%B8%D0%BD-%D0%B2-%D1%88%D0%BB%D1%8F%D0%BF%D0%B5/?p=1 HTTP/1.1" 200 13676 "-" "Mozilla/5.0 (compatible; SemrushBot/6~bl; +http://www.semrush.com/bot.html)" "-"
46.229.168.154 - - [24/May/2020:00:47:53 +0000] "GET /%D1%81%D1%82%D0%BE%D1%8F%D1%82-%D0%B4%D0%B2%D0%B0-%D0%B0%D0%BC%D0%B5%D1%80%D0%B8%D0%BA%D0%B0%D0%BD%D1%86%D0%B0-%D0%BE%D0%B4%D0%B8%D0%BD-%D0%B2-%D1%88%D0%BB%D1%8F%D0%BF%D0%B5/?p=1 HTTP/1.1" 200 13676 "-" "Mozilla/5.0 (compatible; SemrushBot/6~bl; +http://www.semrush.com/bot.html)"
114.119.163.254 - - [24/May/2020:00:48:02 +0000] "GET /tag/%D0%9B%D0%B5%D0%BD%D0%B8%D0%BD?p=2 HTTP/1.1" 301 0 "-" "Mozilla/5.0 (Linux; Android 7.0;) AppleWebKit/537.36 (KHTML, like Gecko) Mobile Safari/537.36 (compatible; PetalBot;+https://aspiegel.com/petalbot)" "-"
114.119.163.254 - - [24/May/2020:00:48:02 +0000] "GET /tag/%D0%9B%D0%B5%D0%BD%D0%B8%D0%BD?p=2 HTTP/1.1" 301 0 "-" "Mozilla/5.0 (Linux; Android 7.0;) AppleWebKit/537.36 (KHTML, like Gecko) Mobile Safari/537.36 (compatible; PetalBot;+https://aspiegel.com/petalbot)"
114.119.163.254 - - [24/May/2020:00:48:03 +0000] "GET /tag/%D0%9B%D0%B5%D0%BD%D0%B8%D0%BD/?p=2 HTTP/1.1" 200 10779 "-" "Mozilla/5.0 (Linux; Android 7.0;) AppleWebKit/537.36 (KHTML, like Gecko) Mobile Safari/537.36 (compatible; PetalBot;+https://aspiegel.com/petalbot)" "-"
114.119.163.254 - - [24/May/2020:00:48:03 +0000] "GET /tag/%D0%9B%D0%B5%D0%BD%D0%B8%D0%BD/?p=2 HTTP/1.1" 200 10779 "-" "Mozilla/5.0 (Linux; Android 7.0;) AppleWebKit/537.36 (KHTML, like Gecko) Mobile Safari/537.36 (compatible; PetalBot;+https://aspiegel.com/petalbot)"
5.18.204.120 - - [24/May/2020:00:48:08 +0000] "GET /best/?p=4 HTTP/2.0" 200 17069 "https://baneks.site/best/?p=3" "Mozilla/5.0 (Linux; Android 9; PAR-LX1) AppleWebKit/537.36 (KHTML, like Gecko) Chrome/81.0.4044.138 Mobile Safari/537.36" "-"
5.18.204.120 - - [24/May/2020:00:48:08 +0000] "GET /best/?p=4 HTTP/2.0" 200 17069 "https://baneks.site/best/?p=3" "Mozilla/5.0 (Linux; Android 9; PAR-LX1) AppleWebKit/537.36 (KHTML, like Gecko) Chrome/81.0.4044.138 Mobile Safari/537.36"
5.18.204.120 - - [24/May/2020:00:48:14 +0000] "GET /%D0%B5%D0%B4%D1%83%D1%82-%D0%B4%D0%B2%D0%B5-%D0%B6%D0%B5%D0%BD%D1%89%D0%B8%D0%BD%D1%8B-%D0%B2-%D0%BF%D0%BE%D0%B5%D0%B7%D0%B4%D0%B5-%D0%BE%D0%B4%D0%BD%D0%B0-%D0%BD%D0%B5-%D0%B6%D0%B8%D0%B7%D0%BD%D1%8C-%D0%B0-%D1%82%D0%BE%D1%81%D0%BA%D0%B0/ HTTP/2.0" 200 13658 "https://baneks.site/best/?p=4" "Mozilla/5.0 (Linux; Android 9; PAR-LX1) AppleWebKit/537.36 (KHTML, like Gecko) Chrome/81.0.4044.138 Mobile Safari/537.36" "-"
5.18.204.120 - - [24/May/2020:00:48:14 +0000] "GET /%D0%B5%D0%B4%D1%83%D1%82-%D0%B4%D0%B2%D0%B5-%D0%B6%D0%B5%D0%BD%D1%89%D0%B8%D0%BD%D1%8B-%D0%B2-%D0%BF%D0%BE%D0%B5%D0%B7%D0%B4%D0%B5-%D0%BE%D0%B4%D0%BD%D0%B0-%D0%BD%D0%B5-%D0%B6%D0%B8%D0%B7%D0%BD%D1%8C-%D0%B0-%D1%82%D0%BE%D1%81%D0%BA%D0%B0/ HTTP/2.0" 200 13658 "https://baneks.site/best/?p=4" "Mozilla/5.0 (Linux; Android 9; PAR-LX1) AppleWebKit/537.36 (KHTML, like Gecko) Chrome/81.0.4044.138 Mobile Safari/537.36"
46.229.168.143 - - [24/May/2020:00:48:17 +0000] "GET /%D0%BC%D1%83%D0%B6%D0%B8%D0%BA-%D1%85%D0%BE%D1%80%D0%BE%D1%88%D0%BE-%D0%BF%D0%BE%D0%BE%D0%B1%D0%B5%D0%B4%D0%B0%D0%B2-%D0%B2-%D1%80%D0%B5%D1%81%D1%82%D0%BE%D1%80%D0%B0%D0%BD%D0%B5-%D1%80%D0%B0%D1%81%D1%81%D1%87%D0%B8%D1%82%D1%8B%D0%B2%D0%B0%D0%B5%D1%82%D1%81%D1%8F/ HTTP/1.1" 200 14640 "-" "Mozilla/5.0 (compatible; SemrushBot/6~bl; +http://www.semrush.com/bot.html)" "-"
46.229.168.143 - - [24/May/2020:00:48:17 +0000] "GET /%D0%BC%D1%83%D0%B6%D0%B8%D0%BA-%D1%85%D0%BE%D1%80%D0%BE%D1%88%D0%BE-%D0%BF%D0%BE%D0%BE%D0%B1%D0%B5%D0%B4%D0%B0%D0%B2-%D0%B2-%D1%80%D0%B5%D1%81%D1%82%D0%BE%D1%80%D0%B0%D0%BD%D0%B5-%D1%80%D0%B0%D1%81%D1%81%D1%87%D0%B8%D1%82%D1%8B%D0%B2%D0%B0%D0%B5%D1%82%D1%81%D1%8F/ HTTP/1.1" 200 14640 "-" "Mozilla/5.0 (compatible; SemrushBot/6~bl; +http://www.semrush.com/bot.html)"
46.229.168.163 - - [24/May/2020:00:48:36 +0000] "GET /%D0%BE%D0%B4%D0%B8%D0%BD-%D1%81%D1%82%D1%83%D0%B4%D0%B5%D0%BD%D1%82-%D0%B8%D0%B7-%D0%91%D0%B5%D0%BB%D0%B0%D1%80%D1%83%D1%81%D0%B8-%D0%BF%D0%BE%D0%B5%D1%85%D0%B0%D0%BB-%D0%B2-%D0%A7%D0%B8%D0%BB%D0%B8-%D0%BF%D0%BE%D1%88%D0%B5%D0%BB-%D0%BD%D0%B0/?p=2 HTTP/1.1" 200 15733 "-" "Mozilla/5.0 (compatible; SemrushBot/6~bl; +http://www.semrush.com/bot.html)" "-"
46.229.168.163 - - [24/May/2020:00:48:36 +0000] "GET /%D0%BE%D0%B4%D0%B8%D0%BD-%D1%81%D1%82%D1%83%D0%B4%D0%B5%D0%BD%D1%82-%D0%B8%D0%B7-%D0%91%D0%B5%D0%BB%D0%B0%D1%80%D1%83%D1%81%D0%B8-%D0%BF%D0%BE%D0%B5%D1%85%D0%B0%D0%BB-%D0%B2-%D0%A7%D0%B8%D0%BB%D0%B8-%D0%BF%D0%BE%D1%88%D0%B5%D0%BB-%D0%BD%D0%B0/?p=2 HTTP/1.1" 200 15733 "-" "Mozilla/5.0 (compatible; SemrushBot/6~bl; +http://www.semrush.com/bot.html)"
66.249.64.94 - - [24/May/2020:00:48:39 +0000] "GET /%D0%B7%D0%B0%D1%85%D0%BE%D0%B4%D1%8F%D1%82-%D0%BA%D0%B0%D0%BA-%D1%82%D0%BE-%D0%B2%D0%B5%D0%B9%D0%BF%D0%B5%D1%80-%D0%B2%D0%B0%D0%B9%D0%BD%D0%B5%D1%80-%D0%B8-%D0%B2%D0%B5%D0%B3%D0%B0%D0%BD-%D0%B2-%D0%B1%D0%B0%D1%80/?p=2 HTTP/1.1" 200 12005 "-" "Mozilla/5.0 (compatible; Googlebot/2.1; +http://www.google.com/bot.html)" "-"
66.249.64.94 - - [24/May/2020:00:48:39 +0000] "GET /%D0%B7%D0%B0%D1%85%D0%BE%D0%B4%D1%8F%D1%82-%D0%BA%D0%B0%D0%BA-%D1%82%D0%BE-%D0%B2%D0%B5%D0%B9%D0%BF%D0%B5%D1%80-%D0%B2%D0%B0%D0%B9%D0%BD%D0%B5%D1%80-%D0%B8-%D0%B2%D0%B5%D0%B3%D0%B0%D0%BD-%D0%B2-%D0%B1%D0%B0%D1%80/?p=2 HTTP/1.1" 200 12005 "-" "Mozilla/5.0 (compatible; Googlebot/2.1; +http://www.google.com/bot.html)"
46.229.168.130 - - [24/May/2020:00:48:47 +0000] "GET /%D0%BA%D0%B0%D0%BA-%D0%B3%D0%BE%D0%B2%D0%BE%D1%80%D0%B8%D0%BB-%D0%A0%D0%BE%D0%B1%D0%B8%D0%BD%D0%B7%D0%BE%D0%BD-%D0%9A%D1%80%D1%83%D0%B7%D0%BE/ HTTP/1.1" 200 9935 "-" "Mozilla/5.0 (compatible; SemrushBot/6~bl; +http://www.semrush.com/bot.html)" "-"
46.229.168.130 - - [24/May/2020:00:48:47 +0000] "GET /%D0%BA%D0%B0%D0%BA-%D0%B3%D0%BE%D0%B2%D0%BE%D1%80%D0%B8%D0%BB-%D0%A0%D0%BE%D0%B1%D0%B8%D0%BD%D0%B7%D0%BE%D0%BD-%D0%9A%D1%80%D1%83%D0%B7%D0%BE/ HTTP/1.1" 200 9935 "-" "Mozilla/5.0 (compatible; SemrushBot/6~bl; +http://www.semrush.com/bot.html)"
157.55.39.118 - - [24/May/2020:00:48:53 +0000] "GET / HTTP/1.1" 200 5076 "-" "Mozilla/5.0 (compatible; bingbot/2.0; +http://www.bing.com/bingbot.htm)" "-"
157.55.39.118 - - [24/May/2020:00:48:53 +0000] "GET / HTTP/1.1" 200 5076 "-" "Mozilla/5.0 (compatible; bingbot/2.0; +http://www.bing.com/bingbot.htm)"
46.229.168.132 - - [24/May/2020:00:48:58 +0000] "GET /%D1%83-%D0%BC%D1%83%D0%B6%D0%B8%D0%BA%D0%B0-%D0%B6%D0%B5%D0%BD%D0%B0-%D1%83%D1%88%D0%BB%D0%B0-%D0%BD%D0%B0-%D0%BF%D0%BB%D1%8F%D0%B6-%D0%B8-%D0%BD%D0%B5-%D0%B2%D0%B5%D1%80%D0%BD%D1%83%D0%BB%D0%B0%D1%81%D1%8C/?p=2 HTTP/1.1" 200 13642 "-" "Mozilla/5.0 (compatible; SemrushBot/6~bl; +http://www.semrush.com/bot.html)" "-"
46.229.168.132 - - [24/May/2020:00:48:58 +0000] "GET /%D1%83-%D0%BC%D1%83%D0%B6%D0%B8%D0%BA%D0%B0-%D0%B6%D0%B5%D0%BD%D0%B0-%D1%83%D1%88%D0%BB%D0%B0-%D0%BD%D0%B0-%D0%BF%D0%BB%D1%8F%D0%B6-%D0%B8-%D0%BD%D0%B5-%D0%B2%D0%B5%D1%80%D0%BD%D1%83%D0%BB%D0%B0%D1%81%D1%8C/?p=2 HTTP/1.1" 200 13642 "-" "Mozilla/5.0 (compatible; SemrushBot/6~bl; +http://www.semrush.com/bot.html)"
138.68.73.215 - - [24/May/2020:00:49:07 +0000] "HEAD / HTTP/1.1" 301 0 "-" "Wget/1.17.1 (linux-gnu)" "-"
138.68.73.215 - - [24/May/2020:00:49:07 +0000] "HEAD / HTTP/1.1" 301 0 "-" "Wget/1.17.1 (linux-gnu)"
138.68.73.215 - - [24/May/2020:00:49:07 +0000] "HEAD / HTTP/1.1" 200 0 "-" "Wget/1.17.1 (linux-gnu)" "-"
138.68.73.215 - - [24/May/2020:00:49:07 +0000] "HEAD / HTTP/1.1" 200 0 "-" "Wget/1.17.1 (linux-gnu)"
138.68.73.215 - - [24/May/2020:00:49:07 +0000] "GET / HTTP/1.1" 200 12486 "-" "Mozilla/5.0 (Macintosh; Intel Mac OS X 10.9; rv:32.0) Gecko/20100101 Firefox/32.0" "-"
138.68.73.215 - - [24/May/2020:00:49:07 +0000] "GET / HTTP/1.1" 200 12486 "-" "Mozilla/5.0 (Macintosh; Intel Mac OS X 10.9; rv:32.0) Gecko/20100101 Firefox/32.0"
66.249.76.65 - - [24/May/2020:00:49:08 +0000] "GET /%D0%B7%D0%B0%D1%85%D0%BE%D0%B4%D0%B8%D1%82-%D0%BB%D0%BE%D1%81%D1%8C-%D0%B2-%D1%82%D1%83%D0%B0%D0%BB%D0%B5%D1%82-%D0%B0-%D1%82%D0%B0%D0%BC-%D1%82%D0%B5%D0%BC%D0%BD%D0%BE-%D0%B2%D0%B8%D0%B4%D0%B8%D1%82-%D0%B1%D0%BE%D0%BB%D1%8C%D1%88%D0%B8%D0%B5/ HTTP/1.1" 200 12875 "-" "Mozilla/5.0 (compatible; Googlebot/2.1; +http://www.google.com/bot.html)" "-"
66.249.76.65 - - [24/May/2020:00:49:08 +0000] "GET /%D0%B7%D0%B0%D1%85%D0%BE%D0%B4%D0%B8%D1%82-%D0%BB%D0%BE%D1%81%D1%8C-%D0%B2-%D1%82%D1%83%D0%B0%D0%BB%D0%B5%D1%82-%D0%B0-%D1%82%D0%B0%D0%BC-%D1%82%D0%B5%D0%BC%D0%BD%D0%BE-%D0%B2%D0%B8%D0%B4%D0%B8%D1%82-%D0%B1%D0%BE%D0%BB%D1%8C%D1%88%D0%B8%D0%B5/ HTTP/1.1" 200 12875 "-" "Mozilla/5.0 (compatible; Googlebot/2.1; +http://www.google.com/bot.html)"
46.229.168.149 - - [24/May/2020:00:49:10 +0000] "GET /%D1%8F-%D0%BF%D1%80%D0%BE%D0%B1%D0%BE%D0%B2%D0%B0%D0%BB-%D0%B7%D0%B0%D0%BD%D0%B8%D0%BC%D0%B0%D1%82%D1%8C%D1%81%D1%8F-%D0%B2%D0%BE%D0%B4%D0%BD%D1%8B%D0%BC-%D0%BF%D0%BE%D0%BB%D0%BE-%D0%BD%D0%BE/?p=2 HTTP/1.1" 200 9478 "-" "Mozilla/5.0 (compatible; SemrushBot/6~bl; +http://www.semrush.com/bot.html)" "-"
46.229.168.149 - - [24/May/2020:00:49:10 +0000] "GET /%D1%8F-%D0%BF%D1%80%D0%BE%D0%B1%D0%BE%D0%B2%D0%B0%D0%BB-%D0%B7%D0%B0%D0%BD%D0%B8%D0%BC%D0%B0%D1%82%D1%8C%D1%81%D1%8F-%D0%B2%D0%BE%D0%B4%D0%BD%D1%8B%D0%BC-%D0%BF%D0%BE%D0%BB%D0%BE-%D0%BD%D0%BE/?p=2 HTTP/1.1" 200 9478 "-" "Mozilla/5.0 (compatible; SemrushBot/6~bl; +http://www.semrush.com/bot.html)"
46.229.168.135 - - [24/May/2020:00:49:22 +0000] "GET /%D1%81%D0%BA%D0%B0%D0%B6%D0%B8%D1%82%D0%B5-%D0%BA%D0%B0%D0%BA%D0%BE%D0%B5-%D0%B2%D0%BF%D0%B5%D1%87%D0%B0%D1%82%D0%BB%D0%B5%D0%BD%D0%B8%D0%B5-%D0%BD%D0%B0-%D0%B2%D0%B0%D1%81-%D0%BF%D1%80%D0%BE%D0%B8%D0%B7%D0%B2%D0%B5%D0%BB%D0%B0-%D0%9A%D0%B0%D0%B7%D0%B0%D0%BD%D1%8C/ HTTP/1.1" 200 12300 "-" "Mozilla/5.0 (compatible; SemrushBot/6~bl; +http://www.semrush.com/bot.html)" "-"
46.229.168.135 - - [24/May/2020:00:49:22 +0000] "GET /%D1%81%D0%BA%D0%B0%D0%B6%D0%B8%D1%82%D0%B5-%D0%BA%D0%B0%D0%BA%D0%BE%D0%B5-%D0%B2%D0%BF%D0%B5%D1%87%D0%B0%D1%82%D0%BB%D0%B5%D0%BD%D0%B8%D0%B5-%D0%BD%D0%B0-%D0%B2%D0%B0%D1%81-%D0%BF%D1%80%D0%BE%D0%B8%D0%B7%D0%B2%D0%B5%D0%BB%D0%B0-%D0%9A%D0%B0%D0%B7%D0%B0%D0%BD%D1%8C/ HTTP/1.1" 200 12300 "-" "Mozilla/5.0 (compatible; SemrushBot/6~bl; +http://www.semrush.com/bot.html)"
66.249.64.94 - - [24/May/2020:00:49:25 +0000] "GET /%D1%81%D1%80%D0%B5%D0%B4%D0%BD%D0%B8%D0%B5-%D0%B2%D0%B5%D0%BA%D0%B0-%D0%BF%D0%BE-%D0%BC%D0%BE%D1%80%D1%8E-%D0%BF%D0%BB%D1%8B%D0%B2%D0%B5%D1%82-%D0%BA%D0%BE%D1%80%D0%B0%D0%B1%D0%BB%D1%8C/ HTTP/1.1" 304 0 "-" "Mozilla/5.0 (Linux; Android 6.0.1; Nexus 5X Build/MMB29P) AppleWebKit/537.36 (KHTML, like Gecko) Chrome/80.0.3987.92 Mobile Safari/537.36 (compatible; Googlebot/2.1; +http://www.google.com/bot.html)" "-"
66.249.64.94 - - [24/May/2020:00:49:25 +0000] "GET /%D1%81%D1%80%D0%B5%D0%B4%D0%BD%D0%B8%D0%B5-%D0%B2%D0%B5%D0%BA%D0%B0-%D0%BF%D0%BE-%D0%BC%D0%BE%D1%80%D1%8E-%D0%BF%D0%BB%D1%8B%D0%B2%D0%B5%D1%82-%D0%BA%D0%BE%D1%80%D0%B0%D0%B1%D0%BB%D1%8C/ HTTP/1.1" 304 0 "-" "Mozilla/5.0 (Linux; Android 6.0.1; Nexus 5X Build/MMB29P) AppleWebKit/537.36 (KHTML, like Gecko) Chrome/80.0.3987.92 Mobile Safari/537.36 (compatible; Googlebot/2.1; +http://www.google.com/bot.html)"
46.229.168.138 - - [24/May/2020:00:49:33 +0000] "GET /%D0%BF%D0%BB%D0%B0%D0%B2%D0%B0%D1%8E%D1%82-%D0%B4%D0%B2%D0%B0-%D0%BF%D0%B8%D0%B4%D0%BE%D1%80%D0%B0-%D0%B2-%D0%B1%D0%B0%D1%81%D1%81%D0%B5%D0%B9%D0%BD%D0%B5/ HTTP/1.1" 200 12843 "-" "Mozilla/5.0 (compatible; SemrushBot/6~bl; +http://www.semrush.com/bot.html)" "-"
46.229.168.138 - - [24/May/2020:00:49:33 +0000] "GET /%D0%BF%D0%BB%D0%B0%D0%B2%D0%B0%D1%8E%D1%82-%D0%B4%D0%B2%D0%B0-%D0%BF%D0%B8%D0%B4%D0%BE%D1%80%D0%B0-%D0%B2-%D0%B1%D0%B0%D1%81%D1%81%D0%B5%D0%B9%D0%BD%D0%B5/ HTTP/1.1" 200 12843 "-" "Mozilla/5.0 (compatible; SemrushBot/6~bl; +http://www.semrush.com/bot.html)"
46.229.168.154 - - [24/May/2020:00:49:44 +0000] "GET /%D0%B0%D0%BB%D0%BB%D0%BE-%D0%BC%D0%B8%D0%BB%D0%B8%D1%86%D0%B8%D1%8F-%D0%B4%D0%B0-%D0%BF%D1%80%D0%B8%D0%B5%D0%B7%D0%B6%D0%B0%D0%B9%D1%82%D0%B5-%D1%81%D1%80%D0%BE%D1%87%D0%BD%D0%BE-%D0%BC%D0%B5%D0%BD%D1%8F-%D0%BD%D0%B0%D1%81%D0%B8%D0%BB%D1%83%D1%8E%D1%82/?p=3 HTTP/1.1" 200 12258 "-" "Mozilla/5.0 (compatible; SemrushBot/6~bl; +http://www.semrush.com/bot.html)" "-"
46.229.168.154 - - [24/May/2020:00:49:44 +0000] "GET /%D0%B0%D0%BB%D0%BB%D0%BE-%D0%BC%D0%B8%D0%BB%D0%B8%D1%86%D0%B8%D1%8F-%D0%B4%D0%B0-%D0%BF%D1%80%D0%B8%D0%B5%D0%B7%D0%B6%D0%B0%D0%B9%D1%82%D0%B5-%D1%81%D1%80%D0%BE%D1%87%D0%BD%D0%BE-%D0%BC%D0%B5%D0%BD%D1%8F-%D0%BD%D0%B0%D1%81%D0%B8%D0%BB%D1%83%D1%8E%D1%82/?p=3 HTTP/1.1" 200 12258 "-" "Mozilla/5.0 (compatible; SemrushBot/6~bl; +http://www.semrush.com/bot.html)"
5.18.204.120 - - [24/May/2020:00:49:49 +0000] "GET /%D0%BE%D0%B4%D0%B8%D0%BD-%D0%B5%D0%B2%D1%80%D0%B5%D0%B9%D1%81%D0%BA%D0%B8%D0%B9-%D0%BC%D0%B0%D0%BB%D1%8C%D1%87%D0%B8%D0%BA-%D0%BE%D1%87%D0%B5%D0%BD%D1%8C-%D0%BB%D1%8E%D0%B1%D0%B8%D0%BB-%D1%87%D0%B8%D1%82%D0%B0%D1%82%D1%8C/ HTTP/2.0" 200 15223 "https://baneks.site/best/?p=4" "Mozilla/5.0 (Linux; Android 9; PAR-LX1) AppleWebKit/537.36 (KHTML, like Gecko) Chrome/81.0.4044.138 Mobile Safari/537.36" "-"
5.18.204.120 - - [24/May/2020:00:49:49 +0000] "GET /%D0%BE%D0%B4%D0%B8%D0%BD-%D0%B5%D0%B2%D1%80%D0%B5%D0%B9%D1%81%D0%BA%D0%B8%D0%B9-%D0%BC%D0%B0%D0%BB%D1%8C%D1%87%D0%B8%D0%BA-%D0%BE%D1%87%D0%B5%D0%BD%D1%8C-%D0%BB%D1%8E%D0%B1%D0%B8%D0%BB-%D1%87%D0%B8%D1%82%D0%B0%D1%82%D1%8C/ HTTP/2.0" 200 15223 "https://baneks.site/best/?p=4" "Mozilla/5.0 (Linux; Android 9; PAR-LX1) AppleWebKit/537.36 (KHTML, like Gecko) Chrome/81.0.4044.138 Mobile Safari/537.36"
66.249.76.68 - - [24/May/2020:00:50:11 +0000] "GET /%D0%B0%D0%BD%D0%B5%D0%BA%D0%B8-%D0%BF%D1%80%D0%BE-%D0%B3%D0%B5%D0%B5%D0%B2-%D0%B8-%D0%B6%D1%83%D1%80%D0%BD%D0%B0%D0%BB%D0%B8%D1%81%D1%82%D0%BE%D0%B2/?p=2 HTTP/1.1" 200 11764 "-" "Mozilla/5.0 (Linux; Android 6.0.1; Nexus 5X Build/MMB29P) AppleWebKit/537.36 (KHTML, like Gecko) Chrome/80.0.3987.92 Mobile Safari/537.36 (compatible; Googlebot/2.1; +http://www.google.com/bot.html)" "-"
66.249.76.68 - - [24/May/2020:00:50:11 +0000] "GET /%D0%B0%D0%BD%D0%B5%D0%BA%D0%B8-%D0%BF%D1%80%D0%BE-%D0%B3%D0%B5%D0%B5%D0%B2-%D0%B8-%D0%B6%D1%83%D1%80%D0%BD%D0%B0%D0%BB%D0%B8%D1%81%D1%82%D0%BE%D0%B2/?p=2 HTTP/1.1" 200 11764 "-" "Mozilla/5.0 (Linux; Android 6.0.1; Nexus 5X Build/MMB29P) AppleWebKit/537.36 (KHTML, like Gecko) Chrome/80.0.3987.92 Mobile Safari/537.36 (compatible; Googlebot/2.1; +http://www.google.com/bot.html)"
5.18.204.120 - - [24/May/2020:00:50:20 +0000] "GET /%D0%B7%D0%B2%D0%BE%D0%BD%D0%B8%D1%82-%D0%9B%D0%B0%D0%B2%D1%80%D0%BE%D0%B2-%D0%A8%D0%BE%D0%B9%D0%B3%D1%83-%D0%BF%D0%BE%D1%81%D0%BB%D0%B5-%D0%BE%D0%B1%D1%80%D0%B0%D1%89%D0%B5%D0%BD%D0%B8%D1%8F-%D0%BF%D1%80%D0%B5%D0%B7%D0%B8%D0%B4%D0%B5%D0%BD%D1%82%D0%B0/ HTTP/2.0" 200 14815 "https://baneks.site/best/?p=4" "Mozilla/5.0 (Linux; Android 9; PAR-LX1) AppleWebKit/537.36 (KHTML, like Gecko) Chrome/81.0.4044.138 Mobile Safari/537.36" "-"
5.18.204.120 - - [24/May/2020:00:50:20 +0000] "GET /%D0%B7%D0%B2%D0%BE%D0%BD%D0%B8%D1%82-%D0%9B%D0%B0%D0%B2%D1%80%D0%BE%D0%B2-%D0%A8%D0%BE%D0%B9%D0%B3%D1%83-%D0%BF%D0%BE%D1%81%D0%BB%D0%B5-%D0%BE%D0%B1%D1%80%D0%B0%D1%89%D0%B5%D0%BD%D0%B8%D1%8F-%D0%BF%D1%80%D0%B5%D0%B7%D0%B8%D0%B4%D0%B5%D0%BD%D1%82%D0%B0/ HTTP/2.0" 200 14815 "https://baneks.site/best/?p=4" "Mozilla/5.0 (Linux; Android 9; PAR-LX1) AppleWebKit/537.36 (KHTML, like Gecko) Chrome/81.0.4044.138 Mobile Safari/537.36"
45.32.151.21 - - [24/May/2020:00:50:23 +0000] "GET / HTTP/1.1" 200 4613 "-" "Mozilla/5.0 (Windows NT 6.2; WOW64) AppleWebKit/537.4 (KHTML, like Gecko) Chrome/98 Safari/537.4 (StatusCake)" "-"
45.32.151.21 - - [24/May/2020:00:50:23 +0000] "GET / HTTP/1.1" 200 4613 "-" "Mozilla/5.0 (Windows NT 6.2; WOW64) AppleWebKit/537.4 (KHTML, like Gecko) Chrome/98 Safari/537.4 (StatusCake)"
46.229.168.133 - - [24/May/2020:00:50:23 +0000] "GET /%D1%88%D0%BA%D0%BE%D0%BB%D0%B0-%D0%B2%D0%B0%D1%88-%D0%B2%D1%82%D0%BE%D1%80%D0%BE%D0%B9/ HTTP/1.1" 200 10065 "-" "Mozilla/5.0 (compatible; SemrushBot/6~bl; +http://www.semrush.com/bot.html)" "-"
46.229.168.133 - - [24/May/2020:00:50:23 +0000] "GET /%D1%88%D0%BA%D0%BE%D0%BB%D0%B0-%D0%B2%D0%B0%D1%88-%D0%B2%D1%82%D0%BE%D1%80%D0%BE%D0%B9/ HTTP/1.1" 200 10065 "-" "Mozilla/5.0 (compatible; SemrushBot/6~bl; +http://www.semrush.com/bot.html)"
66.249.76.94 - - [24/May/2020:00:50:39 +0000] "GET /%D1%80%D0%B5%D1%88%D0%B8%D0%BB%D0%B8-%D0%92%D0%B0%D1%81%D0%B8%D0%BB%D0%B8%D0%B9-%D0%98%D0%B2%D0%B0%D0%BD%D0%BE%D0%B2%D0%B8%D1%87-%D0%B8-%D0%9F%D0%B5%D1%82%D1%8C%D0%BA%D0%B0-%D1%81%D0%BB%D0%B5%D1%82%D0%B0%D1%82%D1%8C-%D0%BD%D0%B0/ HTTP/1.1" 200 11994 "-" "Mozilla/5.0 (compatible; Googlebot/2.1; +http://www.google.com/bot.html)" "-"
66.249.76.94 - - [24/May/2020:00:50:39 +0000] "GET /%D1%80%D0%B5%D1%88%D0%B8%D0%BB%D0%B8-%D0%92%D0%B0%D1%81%D0%B8%D0%BB%D0%B8%D0%B9-%D0%98%D0%B2%D0%B0%D0%BD%D0%BE%D0%B2%D0%B8%D1%87-%D0%B8-%D0%9F%D0%B5%D1%82%D1%8C%D0%BA%D0%B0-%D1%81%D0%BB%D0%B5%D1%82%D0%B0%D1%82%D1%8C-%D0%BD%D0%B0/ HTTP/1.1" 200 11994 "-" "Mozilla/5.0 (compatible; Googlebot/2.1; +http://www.google.com/bot.html)"
66.249.64.94 - - [24/May/2020:00:50:57 +0000] "GET /-%D1%87%D1%82%D0%BE-%D0%BC%D1%8B-%D0%BF%D0%BE%D0%BB%D1%83%D1%87%D0%B8%D0%BC-%D0%B5%D1%81%D0%BB%D0%B8-%D1%81%D0%BA%D1%80%D0%B5%D1%81%D1%82%D0%B8%D1%82%D1%8C-%D1%88%D0%B2%D0%B5%D0%B4%D0%B0-%D1%81-%D0%BD%D0%BE%D1%80%D0%B2%D0%B5%D0%B6%D1%86%D0%B5%D0%BC/?p=2 HTTP/1.1" 200 11248 "-" "Mozilla/5.0 (compatible; Googlebot/2.1; +http://www.google.com/bot.html)" "-"
66.249.64.94 - - [24/May/2020:00:50:57 +0000] "GET /-%D1%87%D1%82%D0%BE-%D0%BC%D1%8B-%D0%BF%D0%BE%D0%BB%D1%83%D1%87%D0%B8%D0%BC-%D0%B5%D1%81%D0%BB%D0%B8-%D1%81%D0%BA%D1%80%D0%B5%D1%81%D1%82%D0%B8%D1%82%D1%8C-%D1%88%D0%B2%D0%B5%D0%B4%D0%B0-%D1%81-%D0%BD%D0%BE%D1%80%D0%B2%D0%B5%D0%B6%D1%86%D0%B5%D0%BC/?p=2 HTTP/1.1" 200 11248 "-" "Mozilla/5.0 (compatible; Googlebot/2.1; +http://www.google.com/bot.html)"
5.18.204.120 - - [24/May/2020:00:50:59 +0000] "GET /%D0%BF%D0%B0%D1%80%D0%B5%D0%BD%D1%8C-%D1%81-%D0%B4%D0%B5%D0%B2%D1%83%D1%88%D0%BA%D0%BE%D0%B9-%D0%BD%D0%B0-%D1%81%D0%B2%D0%B8%D0%B4%D0%B0%D0%BD%D0%B8%D0%B8-%D0%BF%D1%80%D0%BE%D0%B3%D1%83%D0%BB%D0%B8%D0%B2%D0%B0%D1%8E%D1%82%D1%81%D1%8F-%D0%BC%D0%B8%D0%BC%D0%BE/ HTTP/2.0" 200 12866 "https://baneks.site/best/?p=4" "Mozilla/5.0 (Linux; Android 9; PAR-LX1) AppleWebKit/537.36 (KHTML, like Gecko) Chrome/81.0.4044.138 Mobile Safari/537.36" "-"
5.18.204.120 - - [24/May/2020:00:50:59 +0000] "GET /%D0%BF%D0%B0%D1%80%D0%B5%D0%BD%D1%8C-%D1%81-%D0%B4%D0%B5%D0%B2%D1%83%D1%88%D0%BA%D0%BE%D0%B9-%D0%BD%D0%B0-%D1%81%D0%B2%D0%B8%D0%B4%D0%B0%D0%BD%D0%B8%D0%B8-%D0%BF%D1%80%D0%BE%D0%B3%D1%83%D0%BB%D0%B8%D0%B2%D0%B0%D1%8E%D1%82%D1%81%D1%8F-%D0%BC%D0%B8%D0%BC%D0%BE/ HTTP/2.0" 200 12866 "https://baneks.site/best/?p=4" "Mozilla/5.0 (Linux; Android 9; PAR-LX1) AppleWebKit/537.36 (KHTML, like Gecko) Chrome/81.0.4044.138 Mobile Safari/537.36"
