46.229.168.161 - - [25/Mar/2020:01:24:12 +0000] "GET /%D0%B0%D1%80%D0%BC%D1%8F%D0%BD%D1%81%D0%BA%D0%B8%D0%B5-%D1%88%D0%BA%D0%BE%D0%BB%D1%8C%D0%BD%D0%B8%D0%BA%D0%B8-%D0%B4%D1%91%D1%80%D0%B3%D0%B0%D1%8E%D1%82-%D0%BE%D0%B4%D0%BD%D0%BE%D0%BA%D0%BB%D0%B0%D1%81%D1%81%D0%BD%D0%B8%D1%86-%D0%B7%D0%B0/ HTTP/1.1" 200 12992 "-" "Mozilla/5.0 (compatible; SemrushBot/6~bl; +http://www.semrush.com/bot.html)"
95.163.255.177 - - [25/Mar/2020:01:24:50 +0000] "GET /%D1%82%D0%B5%D0%BB%D0%B5%D1%84%D0%BE%D0%BD%D0%BD%D1%8B%D0%B9-%D0%B7%D0%B2%D0%BE%D0%BD%D0%BE%D0%BA-%D0%B2-2-%D1%87%D0%B0%D1%81%D0%B0-%D0%BD%D0%BE%D1%87%D0%B8/ HTTP/1.1" 200 11929 "-" "Mozilla/5.0 (compatible; Linux x86_64; Mail.RU_Bot/2.0; +http://go.mail.ru/help/robots)" "-"
95.163.255.177 - - [25/Mar/2020:01:24:50 +0000] "GET /%D1%82%D0%B5%D0%BB%D0%B5%D1%84%D0%BE%D0%BD%D0%BD%D1%8B%D0%B9-%D0%B7%D0%B2%D0%BE%D0%BD%D0%BE%D0%BA-%D0%B2-2-%D1%87%D0%B0%D1%81%D0%B0-%D0%BD%D0%BE%D1%87%D0%B8/ HTTP/1.1" 200 11929 "-" "Mozilla/5.0 (compatible; Linux x86_64; Mail.RU_Bot/2.0; +http://go.mail.ru/help/robots)"
46.229.168.130 - - [25/Mar/2020:01:25:10 +0000] "GET /%D0%B0%D0%BB%D0%BB%D0%BE-%D0%B4%D0%B5%D0%B2%D1%83%D1%88%D0%BA%D0%B0-%D1%88%D1%8D%D1%84-%D0%BD%D0%B0-%D0%BC%D0%B5%D1%81%D1%82%D0%B5-%D0%BD%D0%B5%D1%82-%D0%BE%D0%BD-%D0%B2%D1%8B%D1%88%D0%B5%D0%BB-%D0%BE%D0%B9/ HTTP/1.1" 200 13805 "-" "Mozilla/5.0 (compatible; SemrushBot/6~bl; +http://www.semrush.com/bot.html)" "-"
46.229.168.130 - - [25/Mar/2020:01:25:10 +0000] "GET /%D0%B0%D0%BB%D0%BB%D0%BE-%D0%B4%D0%B5%D0%B2%D1%83%D1%88%D0%BA%D0%B0-%D1%88%D1%8D%D1%84-%D0%BD%D0%B0-%D0%BC%D0%B5%D1%81%D1%82%D0%B5-%D0%BD%D0%B5%D1%82-%D0%BE%D0%BD-%D0%B2%D1%8B%D1%88%D0%B5%D0%BB-%D0%BE%D0%B9/ HTTP/1.1" 200 13805 "-" "Mozilla/5.0 (compatible; SemrushBot/6~bl; +http://www.semrush.com/bot.html)"
66.249.76.94 - - [25/Mar/2020:01:25:17 +0000] "GET /%D1%82%D0%B0%D0%BA-%D1%81%D0%BB%D1%83%D1%88%D0%B0%D0%B9%D1%82%D0%B5-%D1%81%D1%8E%D0%B4%D0%B0-%D0%BE%D1%82%D0%BA%D1%80%D1%8B%D0%B2%D0%B0%D0%B5%D0%BC-%D0%BA%D0%BE%D0%BC%D0%BF%D0%B0%D0%BD%D0%B8%D1%8E-%D0%BF%D0%B8%D0%B4%D1%80%D0%B8%D0%BB%D1%8C%D0%BD%D1%8B%D0%B9/ HTTP/1.1" 200 15876 "-" "Mozilla/5.0 (compatible; Googlebot/2.1; +http://www.google.com/bot.html)" "-"
66.249.76.94 - - [25/Mar/2020:01:25:17 +0000] "GET /%D1%82%D0%B0%D0%BA-%D1%81%D0%BB%D1%83%D1%88%D0%B0%D0%B9%D1%82%D0%B5-%D1%81%D1%8E%D0%B4%D0%B0-%D0%BE%D1%82%D0%BA%D1%80%D1%8B%D0%B2%D0%B0%D0%B5%D0%BC-%D0%BA%D0%BE%D0%BC%D0%BF%D0%B0%D0%BD%D0%B8%D1%8E-%D0%BF%D0%B8%D0%B4%D1%80%D0%B8%D0%BB%D1%8C%D0%BD%D1%8B%D0%B9/ HTTP/1.1" 200 15876 "-" "Mozilla/5.0 (compatible; Googlebot/2.1; +http://www.google.com/bot.html)"
54.36.148.189 - - [25/Mar/2020:01:25:24 +0000] "GET /%D0%B0%D1%80%D0%BC%D1%8F%D0%BD%D0%B5-%D1%82%D0%B0%D0%BD%D1%86%D1%83%D1%8E%D1%82-%D0%B2-%D0%B4%D0%B2%D1%83%D1%85-%D1%81%D0%BB%D1%83%D1%87%D0%B0%D1%8F%D1%85/ HTTP/2.0" 200 12534 "-" "Mozilla/5.0 (compatible; AhrefsBot/6.1; +http://ahrefs.com/robot/)" "-"
54.36.148.189 - - [25/Mar/2020:01:25:24 +0000] "GET /%D0%B0%D1%80%D0%BC%D1%8F%D0%BD%D0%B5-%D1%82%D0%B0%D0%BD%D1%86%D1%83%D1%8E%D1%82-%D0%B2-%D0%B4%D0%B2%D1%83%D1%85-%D1%81%D0%BB%D1%83%D1%87%D0%B0%D1%8F%D1%85/ HTTP/2.0" 200 12534 "-" "Mozilla/5.0 (compatible; AhrefsBot/6.1; +http://ahrefs.com/robot/)"
95.163.255.177 - - [25/Mar/2020:01:25:49 +0000] "GET /-%D0%90%D0%BB%D1%91%D1%88%D0%B0-%D1%82%D1%8B-%D0%BC%D0%B5%D0%BD%D1%8F-%D0%BB%D1%8E%D0%B1%D0%B8%D1%88%D1%8C-%D0%BA%D0%BE%D0%BD%D0%B5%D1%87%D0%BD%D0%BE-%D0%92%D0%B0%D1%81%D0%B8%D0%BB%D0%B8%D1%81%D1%83%D1%88%D0%BA%D0%B0/ HTTP/1.1" 200 13042 "-" "Mozilla/5.0 (compatible; Linux x86_64; Mail.RU_Bot/2.0; +http://go.mail.ru/help/robots)" "-"
95.163.255.177 - - [25/Mar/2020:01:25:49 +0000] "GET /-%D0%90%D0%BB%D1%91%D1%88%D0%B0-%D1%82%D1%8B-%D0%BC%D0%B5%D0%BD%D1%8F-%D0%BB%D1%8E%D0%B1%D0%B8%D1%88%D1%8C-%D0%BA%D0%BE%D0%BD%D0%B5%D1%87%D0%BD%D0%BE-%D0%92%D0%B0%D1%81%D0%B8%D0%BB%D0%B8%D1%81%D1%83%D1%88%D0%BA%D0%B0/ HTTP/1.1" 200 13042 "-" "Mozilla/5.0 (compatible; Linux x86_64; Mail.RU_Bot/2.0; +http://go.mail.ru/help/robots)"
46.229.168.149 - - [25/Mar/2020:01:26:02 +0000] "GET /%D0%B5%D0%B1%D0%B5%D1%82-%D0%BA%D0%B0%D0%BA-%D1%82%D0%BE-%D0%9F%D1%83%D1%88%D0%BA%D0%B8%D0%BD-%D0%93%D0%BE%D0%B3%D0%BE%D0%BB%D1%8F-%D0%B8-%D0%BF%D1%80%D0%B8%D0%B3%D0%BE%D0%B2%D0%B0%D1%80%D0%B8%D0%B2%D0%B0%D0%B5%D1%82/ HTTP/1.1" 200 12726 "-" "Mozilla/5.0 (compatible; SemrushBot/6~bl; +http://www.semrush.com/bot.html)" "-"
46.229.168.149 - - [25/Mar/2020:01:26:02 +0000] "GET /%D0%B5%D0%B1%D0%B5%D1%82-%D0%BA%D0%B0%D0%BA-%D1%82%D0%BE-%D0%9F%D1%83%D1%88%D0%BA%D0%B8%D0%BD-%D0%93%D0%BE%D0%B3%D0%BE%D0%BB%D1%8F-%D0%B8-%D0%BF%D1%80%D0%B8%D0%B3%D0%BE%D0%B2%D0%B0%D1%80%D0%B8%D0%B2%D0%B0%D0%B5%D1%82/ HTTP/1.1" 200 12726 "-" "Mozilla/5.0 (compatible; SemrushBot/6~bl; +http://www.semrush.com/bot.html)"
178.154.200.81 - - [25/Mar/2020:01:26:11 +0000] "GET /%D0%BF%D1%80%D0%B8%D1%85%D0%BE%D0%B4%D0%B8%D1%82-%D1%87%D0%BE%D1%80%D1%82-%D0%B2-%D1%85%D0%B0%D1%82%D1%83-%D0%B2%D0%B8%D0%B4%D0%B8%D1%82-%D0%B1%D0%B0%D0%B1%D0%B0-%D0%B5%D1%81%D1%82-%D1%87%D1%82%D0%BE-%D1%82%D0%BE/ HTTP/1.1" 200 12511 "-" "Mozilla/5.0 (compatible; YandexBot/3.0; +http://yandex.com/bots)" "-"
178.154.200.81 - - [25/Mar/2020:01:26:11 +0000] "GET /%D0%BF%D1%80%D0%B8%D1%85%D0%BE%D0%B4%D0%B8%D1%82-%D1%87%D0%BE%D1%80%D1%82-%D0%B2-%D1%85%D0%B0%D1%82%D1%83-%D0%B2%D0%B8%D0%B4%D0%B8%D1%82-%D0%B1%D0%B0%D0%B1%D0%B0-%D0%B5%D1%81%D1%82-%D1%87%D1%82%D0%BE-%D1%82%D0%BE/ HTTP/1.1" 200 12511 "-" "Mozilla/5.0 (compatible; YandexBot/3.0; +http://yandex.com/bots)"
178.154.200.81 - - [25/Mar/2020:01:26:26 +0000] "GET /%D0%B8%D0%B4%D1%91%D1%82-%D0%BF%D1%8C%D1%8F%D0%BD%D1%8B%D0%B9-%D0%BC%D1%83%D0%B6%D0%B8%D0%BA-%D0%B2%D0%B5%D1%87%D0%B5%D1%80%D0%BE%D0%BC-%D0%B4%D0%BE%D0%BC%D0%BE%D0%B9-%D0%B8-%D1%82%D1%83%D1%82-%D1%87%D1%83%D0%B2%D1%81%D1%82%D0%B2%D1%83%D0%B5%D1%82/ HTTP/1.1" 200 12879 "-" "Mozilla/5.0 (compatible; YandexBot/3.0; +http://yandex.com/bots)" "-"
178.154.200.81 - - [25/Mar/2020:01:26:26 +0000] "GET /%D0%B8%D0%B4%D1%91%D1%82-%D0%BF%D1%8C%D1%8F%D0%BD%D1%8B%D0%B9-%D0%BC%D1%83%D0%B6%D0%B8%D0%BA-%D0%B2%D0%B5%D1%87%D0%B5%D1%80%D0%BE%D0%BC-%D0%B4%D0%BE%D0%BC%D0%BE%D0%B9-%D0%B8-%D1%82%D1%83%D1%82-%D1%87%D1%83%D0%B2%D1%81%D1%82%D0%B2%D1%83%D0%B5%D1%82/ HTTP/1.1" 200 12879 "-" "Mozilla/5.0 (compatible; YandexBot/3.0; +http://yandex.com/bots)"
66.249.76.94 - - [25/Mar/2020:01:26:30 +0000] "GET /%D0%92%D0%BE%D0%B2%D0%BE%D1%87%D0%BA%D0%B0-%D0%B6%D0%B5%D1%81%D1%82%D0%BA%D0%BE-%D1%82%D1%80%D0%B0%D1%85%D0%B0%D0%B5%D1%82-%D0%B1%D0%B8%D0%BE%D0%BB%D0%BE%D0%B3%D0%B8%D1%87%D0%BA%D1%83-%D0%BE%D0%BD%D0%B0-%D0%B5%D0%BC%D1%83-%D0%B3%D0%BB%D1%83%D0%B1%D0%B6%D0%B5/?p=2 HTTP/1.1" 304 0 "-" "Mozilla/5.0 (Linux; Android 6.0.1; Nexus 5X Build/MMB29P) AppleWebKit/537.36 (KHTML, like Gecko) Chrome/41.0.2272.96 Mobile Safari/537.36 (compatible; Googlebot/2.1; +http://www.google.com/bot.html)" "-"
66.249.76.94 - - [25/Mar/2020:01:26:30 +0000] "GET /%D0%92%D0%BE%D0%B2%D0%BE%D1%87%D0%BA%D0%B0-%D0%B6%D0%B5%D1%81%D1%82%D0%BA%D0%BE-%D1%82%D1%80%D0%B0%D1%85%D0%B0%D0%B5%D1%82-%D0%B1%D0%B8%D0%BE%D0%BB%D0%BE%D0%B3%D0%B8%D1%87%D0%BA%D1%83-%D0%BE%D0%BD%D0%B0-%D0%B5%D0%BC%D1%83-%D0%B3%D0%BB%D1%83%D0%B1%D0%B6%D0%B5/?p=2 HTTP/1.1" 304 0 "-" "Mozilla/5.0 (Linux; Android 6.0.1; Nexus 5X Build/MMB29P) AppleWebKit/537.36 (KHTML, like Gecko) Chrome/41.0.2272.96 Mobile Safari/537.36 (compatible; Googlebot/2.1; +http://www.google.com/bot.html)"
114.119.160.172 - - [25/Mar/2020:01:26:33 +0000] "GET /-%D1%87%D0%B5%D1%80%D0%BD%D1%8B%D0%B9-%D0%B8-%D0%BC%D0%B5%D0%BA%D1%81%D0%B8%D0%BA%D0%B0%D0%BD%D0%B5%D1%86-%D0%B5%D0%B4%D1%83%D1%82-%D0%BD%D0%B0-%D0%BC%D0%B0%D1%88%D0%B8%D0%BD%D0%B5-%D0%BA%D1%82%D0%BE-%D0%B7%D0%B0-%D1%80%D1%83%D0%BB%D0%B5%D0%BC HTTP/1.1" 301 0 "-" "Mozilla/5.0 (Linux; Android 7.0;) AppleWebKit/537.36 (KHTML, like Gecko) Mobile Safari/537.36 (compatible; AspiegelBot)" "-"
114.119.160.172 - - [25/Mar/2020:01:26:33 +0000] "GET /-%D1%87%D0%B5%D1%80%D0%BD%D1%8B%D0%B9-%D0%B8-%D0%BC%D0%B5%D0%BA%D1%81%D0%B8%D0%BA%D0%B0%D0%BD%D0%B5%D1%86-%D0%B5%D0%B4%D1%83%D1%82-%D0%BD%D0%B0-%D0%BC%D0%B0%D1%88%D0%B8%D0%BD%D0%B5-%D0%BA%D1%82%D0%BE-%D0%B7%D0%B0-%D1%80%D1%83%D0%BB%D0%B5%D0%BC HTTP/1.1" 301 0 "-" "Mozilla/5.0 (Linux; Android 7.0;) AppleWebKit/537.36 (KHTML, like Gecko) Mobile Safari/537.36 (compatible; AspiegelBot)"
114.119.160.172 - - [25/Mar/2020:01:26:35 +0000] "GET /-%D1%87%D0%B5%D1%80%D0%BD%D1%8B%D0%B9-%D0%B8-%D0%BC%D0%B5%D0%BA%D1%81%D0%B8%D0%BA%D0%B0%D0%BD%D0%B5%D1%86-%D0%B5%D0%B4%D1%83%D1%82-%D0%BD%D0%B0-%D0%BC%D0%B0%D1%88%D0%B8%D0%BD%D0%B5-%D0%BA%D1%82%D0%BE-%D0%B7%D0%B0-%D1%80%D1%83%D0%BB%D0%B5%D0%BC/ HTTP/1.1" 200 12455 "-" "Mozilla/5.0 (Linux; Android 7.0;) AppleWebKit/537.36 (KHTML, like Gecko) Mobile Safari/537.36 (compatible; AspiegelBot)" "-"
114.119.160.172 - - [25/Mar/2020:01:26:35 +0000] "GET /-%D1%87%D0%B5%D1%80%D0%BD%D1%8B%D0%B9-%D0%B8-%D0%BC%D0%B5%D0%BA%D1%81%D0%B8%D0%BA%D0%B0%D0%BD%D0%B5%D1%86-%D0%B5%D0%B4%D1%83%D1%82-%D0%BD%D0%B0-%D0%BC%D0%B0%D1%88%D0%B8%D0%BD%D0%B5-%D0%BA%D1%82%D0%BE-%D0%B7%D0%B0-%D1%80%D1%83%D0%BB%D0%B5%D0%BC/ HTTP/1.1" 200 12455 "-" "Mozilla/5.0 (Linux; Android 7.0;) AppleWebKit/537.36 (KHTML, like Gecko) Mobile Safari/537.36 (compatible; AspiegelBot)"
95.163.255.188 - - [25/Mar/2020:01:26:48 +0000] "GET /%D1%81%D1%83%D0%B4%D1%8F%D1%82-%D0%B1%D0%B0%D0%BD%D0%B4%D0%B8%D1%82%D0%B0-%D0%BA%D0%BE%D1%82%D0%BE%D1%80%D0%BE%D0%BC%D1%83-%D1%81%D0%B2%D0%B5%D1%82%D0%B8%D1%82-%D0%BF%D0%BE%D0%B6%D0%B8%D0%B7%D0%BD%D0%B5%D0%BD%D0%BD%D0%BE%D0%B5/ HTTP/1.1" 200 14398 "-" "Mozilla/5.0 (compatible; Linux x86_64; Mail.RU_Bot/2.0; +http://go.mail.ru/help/robots)" "-"
95.163.255.188 - - [25/Mar/2020:01:26:48 +0000] "GET /%D1%81%D1%83%D0%B4%D1%8F%D1%82-%D0%B1%D0%B0%D0%BD%D0%B4%D0%B8%D1%82%D0%B0-%D0%BA%D0%BE%D1%82%D0%BE%D1%80%D0%BE%D0%BC%D1%83-%D1%81%D0%B2%D0%B5%D1%82%D0%B8%D1%82-%D0%BF%D0%BE%D0%B6%D0%B8%D0%B7%D0%BD%D0%B5%D0%BD%D0%BD%D0%BE%D0%B5/ HTTP/1.1" 200 14398 "-" "Mozilla/5.0 (compatible; Linux x86_64; Mail.RU_Bot/2.0; +http://go.mail.ru/help/robots)"
107.191.47.131 - - [25/Mar/2020:01:27:05 +0000] "GET / HTTP/1.1" 200 4613 "-" "Mozilla/5.0 (Windows NT 6.2; WOW64) AppleWebKit/537.4 (KHTML, like Gecko) Chrome/98 Safari/537.4 (StatusCake)" "-"
107.191.47.131 - - [25/Mar/2020:01:27:05 +0000] "GET / HTTP/1.1" 200 4613 "-" "Mozilla/5.0 (Windows NT 6.2; WOW64) AppleWebKit/537.4 (KHTML, like Gecko) Chrome/98 Safari/537.4 (StatusCake)"
178.154.200.81 - - [25/Mar/2020:01:27:22 +0000] "GET /%D0%BC%D1%83%D0%B6%D1%87%D0%B8%D0%BD%D0%B0-%D0%B2%D1%8B%D0%B2%D0%BE%D0%B4%D0%B8%D1%82-%D1%81%D0%BE%D0%B1%D0%B0%D0%BA%D1%83-%D0%BD%D0%B0-%D0%BF%D1%80%D0%BE%D0%B3%D1%83%D0%BB%D0%BA%D1%83-%D0%B2-%D0%BF%D0%B0%D1%80%D0%BA-%D0%B8/ HTTP/1.1" 200 13657 "-" "Mozilla/5.0 (compatible; YandexBot/3.0; +http://yandex.com/bots)" "-"
178.154.200.81 - - [25/Mar/2020:01:27:22 +0000] "GET /%D0%BC%D1%83%D0%B6%D1%87%D0%B8%D0%BD%D0%B0-%D0%B2%D1%8B%D0%B2%D0%BE%D0%B4%D0%B8%D1%82-%D1%81%D0%BE%D0%B1%D0%B0%D0%BA%D1%83-%D0%BD%D0%B0-%D0%BF%D1%80%D0%BE%D0%B3%D1%83%D0%BB%D0%BA%D1%83-%D0%B2-%D0%BF%D0%B0%D1%80%D0%BA-%D0%B8/ HTTP/1.1" 200 13657 "-" "Mozilla/5.0 (compatible; YandexBot/3.0; +http://yandex.com/bots)"
46.229.168.143 - - [25/Mar/2020:01:27:29 +0000] "GET /tag/%D0%B0%D0%BD%D0%B3%D0%BB%D0%B8%D1%87%D0%B0%D0%BD%D0%B8%D0%BD/?p=14 HTTP/1.1" 200 11236 "-" "Mozilla/5.0 (compatible; SemrushBot/6~bl; +http://www.semrush.com/bot.html)" "-"
46.229.168.143 - - [25/Mar/2020:01:27:29 +0000] "GET /tag/%D0%B0%D0%BD%D0%B3%D0%BB%D0%B8%D1%87%D0%B0%D0%BD%D0%B8%D0%BD/?p=14 HTTP/1.1" 200 11236 "-" "Mozilla/5.0 (compatible; SemrushBot/6~bl; +http://www.semrush.com/bot.html)"
66.249.76.68 - - [25/Mar/2020:01:27:37 +0000] "GET /%D0%90%D1%84%D1%80%D0%B8%D0%BA%D0%B0-%D1%81%D0%B0%D0%B2%D0%B0%D0%BD%D0%B0-%D0%BB%D0%B5%D0%B2-%D1%86%D0%B0%D1%80%D1%8C-%D0%B7%D0%B2%D0%B5%D1%80%D0%B5%D0%B9-%D0%BE%D1%82%D0%B4%D1%8B%D1%85%D0%B0%D0%B5%D1%82-%D0%B2-%D1%82%D0%B5%D0%BD%D1%91%D1%87%D0%BA%D0%B5/ HTTP/1.1" 200 13720 "-" "Mozilla/5.0 (compatible; Googlebot/2.1; +http://www.google.com/bot.html)" "-"
66.249.76.68 - - [25/Mar/2020:01:27:37 +0000] "GET /%D0%90%D1%84%D1%80%D0%B8%D0%BA%D0%B0-%D1%81%D0%B0%D0%B2%D0%B0%D0%BD%D0%B0-%D0%BB%D0%B5%D0%B2-%D1%86%D0%B0%D1%80%D1%8C-%D0%B7%D0%B2%D0%B5%D1%80%D0%B5%D0%B9-%D0%BE%D1%82%D0%B4%D1%8B%D1%85%D0%B0%D0%B5%D1%82-%D0%B2-%D1%82%D0%B5%D0%BD%D1%91%D1%87%D0%BA%D0%B5/ HTTP/1.1" 200 13720 "-" "Mozilla/5.0 (compatible; Googlebot/2.1; +http://www.google.com/bot.html)"
66.249.76.65 - - [25/Mar/2020:01:27:42 +0000] "GET /%D0%A7%D0%B0%D0%BF%D0%B0%D0%B5%D0%B2-%D0%90%D0%BD%D0%BA%D0%B0-%D0%B8-%D0%9F%D0%B5%D1%82%D1%8C%D0%BA%D0%B0-%D0%BF%D0%BE%D1%88%D0%BB%D0%B8-%D0%B2-%D1%80%D0%B0%D0%B7%D0%B2%D0%B5%D0%B4%D0%BA%D1%83/?p=2 HTTP/1.1" 200 11986 "-" "Mozilla/5.0 (Linux; Android 6.0.1; Nexus 5X Build/MMB29P) AppleWebKit/537.36 (KHTML, like Gecko) Chrome/41.0.2272.96 Mobile Safari/537.36 (compatible; Googlebot/2.1; +http://www.google.com/bot.html)" "-"
66.249.76.65 - - [25/Mar/2020:01:27:42 +0000] "GET /%D0%A7%D0%B0%D0%BF%D0%B0%D0%B5%D0%B2-%D0%90%D0%BD%D0%BA%D0%B0-%D0%B8-%D0%9F%D0%B5%D1%82%D1%8C%D0%BA%D0%B0-%D0%BF%D0%BE%D1%88%D0%BB%D0%B8-%D0%B2-%D1%80%D0%B0%D0%B7%D0%B2%D0%B5%D0%B4%D0%BA%D1%83/?p=2 HTTP/1.1" 200 11986 "-" "Mozilla/5.0 (Linux; Android 6.0.1; Nexus 5X Build/MMB29P) AppleWebKit/537.36 (KHTML, like Gecko) Chrome/41.0.2272.96 Mobile Safari/537.36 (compatible; Googlebot/2.1; +http://www.google.com/bot.html)"
95.163.255.167 - - [25/Mar/2020:01:27:47 +0000] "GET /%D1%87%D1%82%D0%BE-%D0%BE%D0%B1%D1%89%D0%B5%D0%B3%D0%BE-%D1%83-%D0%BB%D1%83%D0%BD%D1%8B-%D0%B8-%D0%90%D0%BB%D0%B5%D0%BA%D1%81%D0%B5%D1%8F-%D0%9F%D0%B0%D0%BD%D0%B8%D0%BD%D0%B0/ HTTP/1.1" 200 12060 "-" "Mozilla/5.0 (compatible; Linux x86_64; Mail.RU_Bot/2.0; +http://go.mail.ru/help/robots)" "-"
95.163.255.167 - - [25/Mar/2020:01:27:47 +0000] "GET /%D1%87%D1%82%D0%BE-%D0%BE%D0%B1%D1%89%D0%B5%D0%B3%D0%BE-%D1%83-%D0%BB%D1%83%D0%BD%D1%8B-%D0%B8-%D0%90%D0%BB%D0%B5%D0%BA%D1%81%D0%B5%D1%8F-%D0%9F%D0%B0%D0%BD%D0%B8%D0%BD%D0%B0/ HTTP/1.1" 200 12060 "-" "Mozilla/5.0 (compatible; Linux x86_64; Mail.RU_Bot/2.0; +http://go.mail.ru/help/robots)"
54.36.150.138 - - [25/Mar/2020:01:28:01 +0000] "GET /%D1%81%D0%B5%D0%BA%D1%81-%D1%8D%D1%82%D0%BE-%D1%81%D0%BA%D1%83%D1%87%D0%BD%D0%BE/ HTTP/2.0" 200 11898 "-" "Mozilla/5.0 (compatible; AhrefsBot/6.1; +http://ahrefs.com/robot/)" "-"
54.36.150.138 - - [25/Mar/2020:01:28:01 +0000] "GET /%D1%81%D0%B5%D0%BA%D1%81-%D1%8D%D1%82%D0%BE-%D1%81%D0%BA%D1%83%D1%87%D0%BD%D0%BE/ HTTP/2.0" 200 11898 "-" "Mozilla/5.0 (compatible; AhrefsBot/6.1; +http://ahrefs.com/robot/)"
66.249.76.68 - - [25/Mar/2020:01:28:16 +0000] "GET /%D0%BF%D1%80%D0%B5%D0%B7%D0%B8%D0%B4%D0%B5%D0%BD%D1%82-%D0%B2%D0%B5%D0%BB%D0%B5%D0%BB-%D1%80%D1%83%D1%81%D1%81%D0%BA%D0%BE%D0%BC%D1%83-%D0%B1%D0%B5%D0%BB%D1%8C%D0%B3%D0%B8%D0%B9%D1%86%D1%83-%D0%B8-%D1%87%D1%83%D0%BA%D1%87%D0%B5/ HTTP/1.1" 200 14239 "-" "Mozilla/5.0 (Linux; Android 6.0.1; Nexus 5X Build/MMB29P) AppleWebKit/537.36 (KHTML, like Gecko) Chrome/80.0.3987.92 Mobile Safari/537.36 (compatible; Googlebot/2.1; +http://www.google.com/bot.html)" "-"
66.249.76.68 - - [25/Mar/2020:01:28:16 +0000] "GET /%D0%BF%D1%80%D0%B5%D0%B7%D0%B8%D0%B4%D0%B5%D0%BD%D1%82-%D0%B2%D0%B5%D0%BB%D0%B5%D0%BB-%D1%80%D1%83%D1%81%D1%81%D0%BA%D0%BE%D0%BC%D1%83-%D0%B1%D0%B5%D0%BB%D1%8C%D0%B3%D0%B8%D0%B9%D1%86%D1%83-%D0%B8-%D1%87%D1%83%D0%BA%D1%87%D0%B5/ HTTP/1.1" 200 14239 "-" "Mozilla/5.0 (Linux; Android 6.0.1; Nexus 5X Build/MMB29P) AppleWebKit/537.36 (KHTML, like Gecko) Chrome/80.0.3987.92 Mobile Safari/537.36 (compatible; Googlebot/2.1; +http://www.google.com/bot.html)"
178.154.200.81 - - [25/Mar/2020:01:28:18 +0000] "GET /%D0%B2-%D0%BE%D0%B4%D0%BD%D0%BE%D0%B9-%D1%81%D0%B5%D0%BC%D1%8C%D0%B5-%D0%B1%D1%8B%D0%BB%D0%BE-%D0%B4%D0%B2%D0%BE%D0%B5-%D0%B4%D0%B5%D1%82%D0%B5%D0%B9-%D0%BE%D0%B4%D0%B8%D0%BD-%D0%BF%D0%B5%D1%81%D1%81%D0%B8%D0%BC%D0%B8%D1%81%D1%82-%D0%B0/?p=2 HTTP/1.1" 200 8971 "-" "Mozilla/5.0 (compatible; YandexBot/3.0; +http://yandex.com/bots)" "-"
178.154.200.81 - - [25/Mar/2020:01:28:18 +0000] "GET /%D0%B2-%D0%BE%D0%B4%D0%BD%D0%BE%D0%B9-%D1%81%D0%B5%D0%BC%D1%8C%D0%B5-%D0%B1%D1%8B%D0%BB%D0%BE-%D0%B4%D0%B2%D0%BE%D0%B5-%D0%B4%D0%B5%D1%82%D0%B5%D0%B9-%D0%BE%D0%B4%D0%B8%D0%BD-%D0%BF%D0%B5%D1%81%D1%81%D0%B8%D0%BC%D0%B8%D1%81%D1%82-%D0%B0/?p=2 HTTP/1.1" 200 8971 "-" "Mozilla/5.0 (compatible; YandexBot/3.0; +http://yandex.com/bots)"
46.229.168.162 - - [25/Mar/2020:01:28:22 +0000] "GET /%D0%9B%D0%B8-%D0%9A%D1%83%D0%B0%D0%BD-%D0%AE-%D1%83-%D0%BC%D0%B5%D0%BD%D1%8F-%D0%B1%D1%8B%D0%BB%D0%BE-%D0%B4%D0%B2%D0%B0-%D0%BF%D1%83%D1%82%D0%B8-%D1%8D%D1%82%D0%BE-%D0%B2%D0%BE%D1%80%D0%BE%D0%B2%D0%B0%D1%82%D1%8C/?p=1 HTTP/1.1" 200 13249 "-" "Mozilla/5.0 (compatible; SemrushBot/6~bl; +http://www.semrush.com/bot.html)" "-"
46.229.168.162 - - [25/Mar/2020:01:28:22 +0000] "GET /%D0%9B%D0%B8-%D0%9A%D1%83%D0%B0%D0%BD-%D0%AE-%D1%83-%D0%BC%D0%B5%D0%BD%D1%8F-%D0%B1%D1%8B%D0%BB%D0%BE-%D0%B4%D0%B2%D0%B0-%D0%BF%D1%83%D1%82%D0%B8-%D1%8D%D1%82%D0%BE-%D0%B2%D0%BE%D1%80%D0%BE%D0%B2%D0%B0%D1%82%D1%8C/?p=1 HTTP/1.1" 200 13249 "-" "Mozilla/5.0 (compatible; SemrushBot/6~bl; +http://www.semrush.com/bot.html)"
94.247.130.37 - - [25/Mar/2020:01:28:25 +0000] "GET /rss/ HTTP/1.1" 200 4357 "-" "python-requests/2.18.4" "-"
94.247.130.37 - - [25/Mar/2020:01:28:25 +0000] "GET /rss/ HTTP/1.1" 200 4357 "-" "python-requests/2.18.4"
95.163.255.186 - - [25/Mar/2020:01:28:47 +0000] "GET /%D1%81%D0%B8%D0%B4%D0%B8%D1%82-%D0%BD%D0%BE%D0%B2%D1%8B%D0%B9-%D1%80%D1%83%D1%81%D1%81%D0%BA%D0%B8%D0%B9-%D0%B2-%D1%85%D0%BE%D1%80%D0%BE%D1%88%D0%B5%D0%BC-%D1%80%D0%B5%D1%81%D1%82%D0%BE%D1%80%D0%B0%D0%BD%D0%B5/ HTTP/1.1" 200 15313 "-" "Mozilla/5.0 (compatible; Linux x86_64; Mail.RU_Bot/2.0; +http://go.mail.ru/help/robots)" "-"
95.163.255.186 - - [25/Mar/2020:01:28:47 +0000] "GET /%D1%81%D0%B8%D0%B4%D0%B8%D1%82-%D0%BD%D0%BE%D0%B2%D1%8B%D0%B9-%D1%80%D1%83%D1%81%D1%81%D0%BA%D0%B8%D0%B9-%D0%B2-%D1%85%D0%BE%D1%80%D0%BE%D1%88%D0%B5%D0%BC-%D1%80%D0%B5%D1%81%D1%82%D0%BE%D1%80%D0%B0%D0%BD%D0%B5/ HTTP/1.1" 200 15313 "-" "Mozilla/5.0 (compatible; Linux x86_64; Mail.RU_Bot/2.0; +http://go.mail.ru/help/robots)"
46.229.168.131 - - [25/Mar/2020:01:28:53 +0000] "GET /%D0%B4%D0%B5%D0%B2%D1%83%D1%88%D0%BA%D0%B0-%D1%80%D0%BE%D0%B4%D0%BE%D0%BC-%D0%B8%D0%B7-%D0%B4%D0%B5%D1%80%D0%B5%D0%B2%D0%BD%D0%B8-%D0%BF%D1%80%D0%B8%D0%B5%D1%85%D0%B0%D0%BB%D0%B0-%D0%B2-%D0%B3%D0%BE%D1%80%D0%BE%D0%B4-%D0%B8/ HTTP/1.1" 200 15628 "-" "Mozilla/5.0 (compatible; SemrushBot/6~bl; +http://www.semrush.com/bot.html)" "-"
46.229.168.131 - - [25/Mar/2020:01:28:53 +0000] "GET /%D0%B4%D0%B5%D0%B2%D1%83%D1%88%D0%BA%D0%B0-%D1%80%D0%BE%D0%B4%D0%BE%D0%BC-%D0%B8%D0%B7-%D0%B4%D0%B5%D1%80%D0%B5%D0%B2%D0%BD%D0%B8-%D0%BF%D1%80%D0%B8%D0%B5%D1%85%D0%B0%D0%BB%D0%B0-%D0%B2-%D0%B3%D0%BE%D1%80%D0%BE%D0%B4-%D0%B8/ HTTP/1.1" 200 15628 "-" "Mozilla/5.0 (compatible; SemrushBot/6~bl; +http://www.semrush.com/bot.html)"
66.249.76.94 - - [25/Mar/2020:01:28:55 +0000] "GET /%D0%BF%D1%80%D0%B8%D1%88%D0%B5%D0%BB-%D0%BC%D1%83%D0%B6%D0%B8%D0%BA-%D0%B2-%D0%BC%D0%B0%D0%B3%D0%B0%D0%B7%D0%B8%D0%BD-%D1%81%D0%BC%D0%BE%D1%82%D1%80%D0%B8%D1%82-%D1%82%D0%B0%D0%BC-%D0%BB%D0%B5%D0%B6%D0%B0%D1%82-%D0%BA%D0%BE%D0%BD%D1%81%D0%B5%D1%80%D0%B2%D1%8B/?p=3 HTTP/1.1" 200 13448 "-" "Mozilla/5.0 (Linux; Android 6.0.1; Nexus 5X Build/MMB29P) AppleWebKit/537.36 (KHTML, like Gecko) Chrome/41.0.2272.96 Mobile Safari/537.36 (compatible; Googlebot/2.1; +http://www.google.com/bot.html)" "-"
66.249.76.94 - - [25/Mar/2020:01:28:55 +0000] "GET /%D0%BF%D1%80%D0%B8%D1%88%D0%B5%D0%BB-%D0%BC%D1%83%D0%B6%D0%B8%D0%BA-%D0%B2-%D0%BC%D0%B0%D0%B3%D0%B0%D0%B7%D0%B8%D0%BD-%D1%81%D0%BC%D0%BE%D1%82%D1%80%D0%B8%D1%82-%D1%82%D0%B0%D0%BC-%D0%BB%D0%B5%D0%B6%D0%B0%D1%82-%D0%BA%D0%BE%D0%BD%D1%81%D0%B5%D1%80%D0%B2%D1%8B/?p=3 HTTP/1.1" 200 13448 "-" "Mozilla/5.0 (Linux; Android 6.0.1; Nexus 5X Build/MMB29P) AppleWebKit/537.36 (KHTML, like Gecko) Chrome/41.0.2272.96 Mobile Safari/537.36 (compatible; Googlebot/2.1; +http://www.google.com/bot.html)"
66.249.76.94 - - [25/Mar/2020:01:29:01 +0000] "GET /%D0%BF%D1%80%D0%BE%D1%81%D1%82%D0%B8%D1%82%D1%83%D1%82%D0%BA%D0%B0-%D1%82%D1%80%D0%B0%D1%85%D0%B0%D0%B5%D1%82-%D0%B4%D0%B5%D0%BC%D0%B1%D0%B5%D0%BB%D1%8F/ HTTP/1.1" 200 13275 "-" "Mozilla/5.0 (Linux; Android 6.0.1; Nexus 5X Build/MMB29P) AppleWebKit/537.36 (KHTML, like Gecko) Chrome/41.0.2272.96 Mobile Safari/537.36 (compatible; Googlebot/2.1; +http://www.google.com/bot.html)" "-"
66.249.76.94 - - [25/Mar/2020:01:29:01 +0000] "GET /%D0%BF%D1%80%D0%BE%D1%81%D1%82%D0%B8%D1%82%D1%83%D1%82%D0%BA%D0%B0-%D1%82%D1%80%D0%B0%D1%85%D0%B0%D0%B5%D1%82-%D0%B4%D0%B5%D0%BC%D0%B1%D0%B5%D0%BB%D1%8F/ HTTP/1.1" 200 13275 "-" "Mozilla/5.0 (Linux; Android 6.0.1; Nexus 5X Build/MMB29P) AppleWebKit/537.36 (KHTML, like Gecko) Chrome/41.0.2272.96 Mobile Safari/537.36 (compatible; Googlebot/2.1; +http://www.google.com/bot.html)"
54.36.148.79 - - [25/Mar/2020:01:29:04 +0000] "GET /tag/%D0%BC%D1%83%D0%B6%D0%B8%D0%BA/?p=90 HTTP/2.0" 200 11569 "-" "Mozilla/5.0 (compatible; AhrefsBot/6.1; +http://ahrefs.com/robot/)" "-"
54.36.148.79 - - [25/Mar/2020:01:29:04 +0000] "GET /tag/%D0%BC%D1%83%D0%B6%D0%B8%D0%BA/?p=90 HTTP/2.0" 200 11569 "-" "Mozilla/5.0 (compatible; AhrefsBot/6.1; +http://ahrefs.com/robot/)"
46.229.168.162 - - [25/Mar/2020:01:29:19 +0000] "GET /%D0%B5%D0%B4%D1%83%D1%82-%D0%B4%D0%B2%D0%B5-%D0%B1%D0%B0%D0%B1%D0%BA%D0%B8-%D0%B2-%D0%BF%D0%BE%D0%B5%D0%B7%D0%B4%D0%B5/?p=3 HTTP/1.1" 200 13598 "-" "Mozilla/5.0 (compatible; SemrushBot/6~bl; +http://www.semrush.com/bot.html)" "-"
46.229.168.162 - - [25/Mar/2020:01:29:19 +0000] "GET /%D0%B5%D0%B4%D1%83%D1%82-%D0%B4%D0%B2%D0%B5-%D0%B1%D0%B0%D0%B1%D0%BA%D0%B8-%D0%B2-%D0%BF%D0%BE%D0%B5%D0%B7%D0%B4%D0%B5/?p=3 HTTP/1.1" 200 13598 "-" "Mozilla/5.0 (compatible; SemrushBot/6~bl; +http://www.semrush.com/bot.html)"
95.163.255.163 - - [25/Mar/2020:01:29:46 +0000] "GET /tag/%D0%B1%D0%BE%D0%B1%D1%91%D1%80/ HTTP/1.1" 200 11281 "-" "Mozilla/5.0 (compatible; Linux x86_64; Mail.RU_Bot/2.0; +http://go.mail.ru/help/robots)" "-"
95.163.255.163 - - [25/Mar/2020:01:29:46 +0000] "GET /tag/%D0%B1%D0%BE%D0%B1%D1%91%D1%80/ HTTP/1.1" 200 11281 "-" "Mozilla/5.0 (compatible; Linux x86_64; Mail.RU_Bot/2.0; +http://go.mail.ru/help/robots)"
54.36.150.69 - - [25/Mar/2020:01:30:02 +0000] "GET /%D0%BF%D0%BE%D0%B7%D0%B4%D0%BD%D1%8F%D1%8F-%D0%B2%D0%B5%D1%81%D0%BD%D0%B0-%D0%BF%D0%BE%D0%BB%D1%8F%D0%BD%D0%B0-%D0%B2-%D0%BB%D0%B5%D1%81%D1%83-%D1%81%D0%BE%D0%BB%D0%BD%D1%86%D0%B5-%D1%81%D0%B2%D0%B5%D1%82%D0%B8%D1%82-%D0%BF%D1%82%D0%B8%D1%87%D0%BA%D0%B8/ HTTP/2.0" 200 14487 "-" "Mozilla/5.0 (compatible; AhrefsBot/6.1; +http://ahrefs.com/robot/)" "-"
54.36.150.69 - - [25/Mar/2020:01:30:02 +0000] "GET /%D0%BF%D0%BE%D0%B7%D0%B4%D0%BD%D1%8F%D1%8F-%D0%B2%D0%B5%D1%81%D0%BD%D0%B0-%D0%BF%D0%BE%D0%BB%D1%8F%D0%BD%D0%B0-%D0%B2-%D0%BB%D0%B5%D1%81%D1%83-%D1%81%D0%BE%D0%BB%D0%BD%D1%86%D0%B5-%D1%81%D0%B2%D0%B5%D1%82%D0%B8%D1%82-%D0%BF%D1%82%D0%B8%D1%87%D0%BA%D0%B8/ HTTP/2.0" 200 14487 "-" "Mozilla/5.0 (compatible; AhrefsBot/6.1; +http://ahrefs.com/robot/)"
91.218.228.13 - - [25/Mar/2020:01:30:03 +0000] "GET /random HTTP/1.0" 302 0 "-" "-" "-"
91.218.228.13 - - [25/Mar/2020:01:30:03 +0000] "GET /random HTTP/1.0" 302 0 "-" "-"
91.218.228.13 - - [25/Mar/2020:01:30:03 +0000] "GET /%D0%B8%D0%B4%D0%B5%D1%82-%D1%81%D1%82%D0%B0%D1%80%D1%8B%D0%B9-%D0%B1%D0%BE%D0%BC%D0%B6-%D0%BF%D0%BE-%D0%B6%D0%B5%D0%BB%D0%B5%D0%B7%D0%BD%D0%BE%D0%B4%D0%BE%D1%80%D0%BE%D0%B6%D0%BD%D1%8B%D0%BC-%D0%BF%D1%83%D1%82%D1%8F%D0%BC-%D0%B2%D0%B8%D0%B4%D0%B8%D1%82/ HTTP/1.0" 200 101553 "-" "-" "-"
91.218.228.13 - - [25/Mar/2020:01:30:03 +0000] "GET /%D0%B8%D0%B4%D0%B5%D1%82-%D1%81%D1%82%D0%B0%D1%80%D1%8B%D0%B9-%D0%B1%D0%BE%D0%BC%D0%B6-%D0%BF%D0%BE-%D0%B6%D0%B5%D0%BB%D0%B5%D0%B7%D0%BD%D0%BE%D0%B4%D0%BE%D1%80%D0%BE%D0%B6%D0%BD%D1%8B%D0%BC-%D0%BF%D1%83%D1%82%D1%8F%D0%BC-%D0%B2%D0%B8%D0%B4%D0%B8%D1%82/ HTTP/1.0" 200 101553 "-" "-"
66.249.76.65 - - [25/Mar/2020:01:30:07 +0000] "GET /%D0%B2%D1%81%D0%B5%D0%BC-%D0%BF%D1%80%D0%B8%D0%B2%D0%B5%D1%82-%D0%BC%D0%B5%D0%BD%D1%8F-%D0%B7%D0%BE%D0%B2%D1%83%D1%82-%D0%90%D0%BB%D0%B5%D0%BA%D1%81%D0%B5%D0%B9-%D0%92%D0%B8%D0%BB%D1%8C%D0%BD%D1%8E%D1%81%D0%BE%D0%B2-%D0%B8-%D1%8F-%D0%BD%D0%B0%D1%83%D1%87%D1%83/?p=2 HTTP/1.1" 304 0 "-" "Mozilla/5.0 (Linux; Android 6.0.1; Nexus 5X Build/MMB29P) AppleWebKit/537.36 (KHTML, like Gecko) Chrome/41.0.2272.96 Mobile Safari/537.36 (compatible; Googlebot/2.1; +http://www.google.com/bot.html)" "-"
66.249.76.65 - - [25/Mar/2020:01:30:07 +0000] "GET /%D0%B2%D1%81%D0%B5%D0%BC-%D0%BF%D1%80%D0%B8%D0%B2%D0%B5%D1%82-%D0%BC%D0%B5%D0%BD%D1%8F-%D0%B7%D0%BE%D0%B2%D1%83%D1%82-%D0%90%D0%BB%D0%B5%D0%BA%D1%81%D0%B5%D0%B9-%D0%92%D0%B8%D0%BB%D1%8C%D0%BD%D1%8E%D1%81%D0%BE%D0%B2-%D0%B8-%D1%8F-%D0%BD%D0%B0%D1%83%D1%87%D1%83/?p=2 HTTP/1.1" 304 0 "-" "Mozilla/5.0 (Linux; Android 6.0.1; Nexus 5X Build/MMB29P) AppleWebKit/537.36 (KHTML, like Gecko) Chrome/41.0.2272.96 Mobile Safari/537.36 (compatible; Googlebot/2.1; +http://www.google.com/bot.html)"
217.66.154.143 - - [25/Mar/2020:01:30:34 +0000] "GET /%D0%B0%D0%BC%D0%B5%D1%80%D0%B8%D0%BA%D0%B0%D0%BD%D0%B5%D1%86-%D0%BF%D1%80%D0%B8%D0%B5%D1%85%D0%B0%D0%BB-%D0%B2-%D1%80%D0%BE%D1%81%D1%81%D0%B8%D1%8E-%D0%BD%D0%B0-%D0%B7%D0%B8%D0%BC%D0%BD%D1%8E%D1%8E-%D0%BE%D1%85%D0%BE%D1%82%D1%83/ HTTP/2.0" 200 13572 "https://baneks.site/best/?p=18" "Mozilla/5.0 (iPhone; CPU iPhone OS 13_3_1 like Mac OS X) AppleWebKit/605.1.15 (KHTML, like Gecko) Version/13.0.5 Mobile/15E148 Safari/604.1" "-"
217.66.154.143 - - [25/Mar/2020:01:30:34 +0000] "GET /%D0%B0%D0%BC%D0%B5%D1%80%D0%B8%D0%BA%D0%B0%D0%BD%D0%B5%D1%86-%D0%BF%D1%80%D0%B8%D0%B5%D1%85%D0%B0%D0%BB-%D0%B2-%D1%80%D0%BE%D1%81%D1%81%D0%B8%D1%8E-%D0%BD%D0%B0-%D0%B7%D0%B8%D0%BC%D0%BD%D1%8E%D1%8E-%D0%BE%D1%85%D0%BE%D1%82%D1%83/ HTTP/2.0" 200 13572 "https://baneks.site/best/?p=18" "Mozilla/5.0 (iPhone; CPU iPhone OS 13_3_1 like Mac OS X) AppleWebKit/605.1.15 (KHTML, like Gecko) Version/13.0.5 Mobile/15E148 Safari/604.1"
217.66.154.143 - - [25/Mar/2020:01:30:35 +0000] "GET /%D0%B0%D0%BC%D0%B5%D1%80%D0%B8%D0%BA%D0%B0%D0%BD%D0%B5%D1%86-%D0%BF%D1%80%D0%B8%D0%B5%D1%85%D0%B0%D0%BB-%D0%B2-%D1%80%D0%BE%D1%81%D1%81%D0%B8%D1%8E-%D0%BD%D0%B0-%D0%B7%D0%B8%D0%BC%D0%BD%D1%8E%D1%8E-%D0%BE%D1%85%D0%BE%D1%82%D1%83/ HTTP/2.0" 200 13572 "https://baneks.site/%D0%B0%D0%BC%D0%B5%D1%80%D0%B8%D0%BA%D0%B0%D0%BD%D0%B5%D1%86-%D0%BF%D1%80%D0%B8%D0%B5%D1%85%D0%B0%D0%BB-%D0%B2-%D1%80%D0%BE%D1%81%D1%81%D0%B8%D1%8E-%D0%BD%D0%B0-%D0%B7%D0%B8%D0%BC%D0%BD%D1%8E%D1%8E-%D0%BE%D1%85%D0%BE%D1%82%D1%83/" "Mozilla/5.0 (iPhone; CPU iPhone OS 13_3_1 like Mac OS X) AppleWebKit/605.1.15 (KHTML, like Gecko) Version/13.0.5 Mobile/15E148 Safari/604.1" "-"
217.66.154.143 - - [25/Mar/2020:01:30:35 +0000] "GET /%D0%B0%D0%BC%D0%B5%D1%80%D0%B8%D0%BA%D0%B0%D0%BD%D0%B5%D1%86-%D0%BF%D1%80%D0%B8%D0%B5%D1%85%D0%B0%D0%BB-%D0%B2-%D1%80%D0%BE%D1%81%D1%81%D0%B8%D1%8E-%D0%BD%D0%B0-%D0%B7%D0%B8%D0%BC%D0%BD%D1%8E%D1%8E-%D0%BE%D1%85%D0%BE%D1%82%D1%83/ HTTP/2.0" 200 13572 "https://baneks.site/%D0%B0%D0%BC%D0%B5%D1%80%D0%B8%D0%BA%D0%B0%D0%BD%D0%B5%D1%86-%D0%BF%D1%80%D0%B8%D0%B5%D1%85%D0%B0%D0%BB-%D0%B2-%D1%80%D0%BE%D1%81%D1%81%D0%B8%D1%8E-%D0%BD%D0%B0-%D0%B7%D0%B8%D0%BC%D0%BD%D1%8E%D1%8E-%D0%BE%D1%85%D0%BE%D1%82%D1%83/" "Mozilla/5.0 (iPhone; CPU iPhone OS 13_3_1 like Mac OS X) AppleWebKit/605.1.15 (KHTML, like Gecko) Version/13.0.5 Mobile/15E148 Safari/604.1"
95.163.255.150 - - [25/Mar/2020:01:30:46 +0000] "GET /%D0%91%D0%B8%D0%BB%D0%BB%D0%B8-%D0%B8-%D0%91%D0%BE%D0%B1%D0%B1%D0%B8-%D1%88%D0%BB%D0%B8-%D1%87%D0%B5%D1%80%D0%B5%D0%B7-%D0%BA%D1%83%D0%BA%D1%83%D1%80%D1%83%D0%B7%D0%BD%D0%BE%D0%B5-%D0%BF%D0%BE%D0%BB%D0%B5/ HTTP/1.1" 200 14133 "-" "Mozilla/5.0 (compatible; Linux x86_64; Mail.RU_Bot/2.0; +http://go.mail.ru/help/robots)" "-"
95.163.255.150 - - [25/Mar/2020:01:30:46 +0000] "GET /%D0%91%D0%B8%D0%BB%D0%BB%D0%B8-%D0%B8-%D0%91%D0%BE%D0%B1%D0%B1%D0%B8-%D1%88%D0%BB%D0%B8-%D1%87%D0%B5%D1%80%D0%B5%D0%B7-%D0%BA%D1%83%D0%BA%D1%83%D1%80%D1%83%D0%B7%D0%BD%D0%BE%D0%B5-%D0%BF%D0%BE%D0%BB%D0%B5/ HTTP/1.1" 200 14133 "-" "Mozilla/5.0 (compatible; Linux x86_64; Mail.RU_Bot/2.0; +http://go.mail.ru/help/robots)"
66.249.76.94 - - [25/Mar/2020:01:30:48 +0000] "GET /rozmawiaj%C4%85-2-informatyka-jeden-m%C3%B3wi/ HTTP/1.1" 200 11997 "-" "Mozilla/5.0 (Linux; Android 6.0.1; Nexus 5X Build/MMB29P) AppleWebKit/537.36 (KHTML, like Gecko) Chrome/80.0.3987.92 Mobile Safari/537.36 (compatible; Googlebot/2.1; +http://www.google.com/bot.html)" "-"
66.249.76.94 - - [25/Mar/2020:01:30:48 +0000] "GET /rozmawiaj%C4%85-2-informatyka-jeden-m%C3%B3wi/ HTTP/1.1" 200 11997 "-" "Mozilla/5.0 (Linux; Android 6.0.1; Nexus 5X Build/MMB29P) AppleWebKit/537.36 (KHTML, like Gecko) Chrome/80.0.3987.92 Mobile Safari/537.36 (compatible; Googlebot/2.1; +http://www.google.com/bot.html)"
54.36.150.109 - - [25/Mar/2020:01:31:03 +0000] "GET /tag/%D0%B4%D0%B5%D0%B2%D1%83%D1%88%D0%BA%D0%B0/?p=51 HTTP/2.0" 200 11265 "-" "Mozilla/5.0 (compatible; AhrefsBot/6.1; +http://ahrefs.com/robot/)" "-"
54.36.150.109 - - [25/Mar/2020:01:31:03 +0000] "GET /tag/%D0%B4%D0%B5%D0%B2%D1%83%D1%88%D0%BA%D0%B0/?p=51 HTTP/2.0" 200 11265 "-" "Mozilla/5.0 (compatible; AhrefsBot/6.1; +http://ahrefs.com/robot/)"
52.57.30.158 - - [25/Mar/2020:01:31:04 +0000] "GET /%D1%80%D0%B5%D1%86%D0%B5%D0%BF%D1%82-%D1%85%D0%BE%D1%80%D0%BE%D1%88%D0%B5%D0%B9-%D1%88%D1%83%D1%82%D0%BA%D0%B8-%D0%B2%D0%BE%D0%B7%D1%8C%D0%BC%D0%B8%D1%82%D0%B5-%D0%BE%D0%B1%D1%8B%D1%87%D0%BD%D1%83%D1%8E-%D0%B6%D0%B8%D0%B7%D0%BD%D0%B5%D0%BD%D0%BD%D1%83%D1%8E/feed? HTTP/1.1" 404 4246 "https://baneks.site/%D1%80%D0%B5%D1%86%D0%B5%D0%BF%D1%82-%D1%85%D0%BE%D1%80%D0%BE%D1%88%D0%B5%D0%B9-%D1%88%D1%83%D1%82%D0%BA%D0%B8-%D0%B2%D0%BE%D0%B7%D1%8C%D0%BC%D0%B8%D1%82%D0%B5-%D0%BE%D0%B1%D1%8B%D1%87%D0%BD%D1%83%D1%8E-%D0%B6%D0%B8%D0%B7%D0%BD%D0%B5%D0%BD%D0%BD%D1%83%D1%8E/feed?#" "SimplePie/1.4-dev (Feed Parser; http://simplepie.org; Allow like Gecko) Build/20200123004646" "-"
52.57.30.158 - - [25/Mar/2020:01:31:04 +0000] "GET /%D1%80%D0%B5%D1%86%D0%B5%D0%BF%D1%82-%D1%85%D0%BE%D1%80%D0%BE%D1%88%D0%B5%D0%B9-%D1%88%D1%83%D1%82%D0%BA%D0%B8-%D0%B2%D0%BE%D0%B7%D1%8C%D0%BC%D0%B8%D1%82%D0%B5-%D0%BE%D0%B1%D1%8B%D1%87%D0%BD%D1%83%D1%8E-%D0%B6%D0%B8%D0%B7%D0%BD%D0%B5%D0%BD%D0%BD%D1%83%D1%8E/feed? HTTP/1.1" 404 4246 "https://baneks.site/%D1%80%D0%B5%D1%86%D0%B5%D0%BF%D1%82-%D1%85%D0%BE%D1%80%D0%BE%D1%88%D0%B5%D0%B9-%D1%88%D1%83%D1%82%D0%BA%D0%B8-%D0%B2%D0%BE%D0%B7%D1%8C%D0%BC%D0%B8%D1%82%D0%B5-%D0%BE%D0%B1%D1%8B%D1%87%D0%BD%D1%83%D1%8E-%D0%B6%D0%B8%D0%B7%D0%BD%D0%B5%D0%BD%D0%BD%D1%83%D1%8E/feed?#" "SimplePie/1.4-dev (Feed Parser; http://simplepie.org; Allow like Gecko) Build/20200123004646"
52.57.30.158 - - [25/Mar/2020:01:31:04 +0000] "GET /rss/? HTTP/1.1" 200 4375 "https://baneks.site/rss/?#" "SimplePie/1.4-dev (Feed Parser; http://simplepie.org; Allow like Gecko) Build/20200123004646" "-"
52.57.30.158 - - [25/Mar/2020:01:31:04 +0000] "GET /rss/? HTTP/1.1" 200 4375 "https://baneks.site/rss/?#" "SimplePie/1.4-dev (Feed Parser; http://simplepie.org; Allow like Gecko) Build/20200123004646"
217.66.154.143 - - [25/Mar/2020:01:31:05 +0000] "GET /%D0%BF%D1%80%D0%B8%D1%85%D0%BE%D0%B4%D0%B8%D1%82-%D1%81%D1%8B%D0%BD-%D0%BA-%D0%BE%D1%82%D1%86%D1%83-%D0%B8-%D0%B3%D0%BE%D0%B2%D0%BE%D1%80%D0%B8%D1%82-%D0%BE%D1%82%D0%B5%D1%86-%D1%8F-%D1%85%D0%BE%D1%87%D1%83-%D0%B6%D0%B5%D0%BD%D0%B8%D1%82%D1%8C%D1%81%D1%8F/ HTTP/2.0" 200 14438 "-" "Mozilla/5.0 (iPhone; CPU iPhone OS 13_3_1 like Mac OS X) AppleWebKit/605.1.15 (KHTML, like Gecko) Version/13.0.5 Mobile/15E148 Safari/604.1" "-"
217.66.154.143 - - [25/Mar/2020:01:31:05 +0000] "GET /%D0%BF%D1%80%D0%B8%D1%85%D0%BE%D0%B4%D0%B8%D1%82-%D1%81%D1%8B%D0%BD-%D0%BA-%D0%BE%D1%82%D1%86%D1%83-%D0%B8-%D0%B3%D0%BE%D0%B2%D0%BE%D1%80%D0%B8%D1%82-%D0%BE%D1%82%D0%B5%D1%86-%D1%8F-%D1%85%D0%BE%D1%87%D1%83-%D0%B6%D0%B5%D0%BD%D0%B8%D1%82%D1%8C%D1%81%D1%8F/ HTTP/2.0" 200 14438 "-" "Mozilla/5.0 (iPhone; CPU iPhone OS 13_3_1 like Mac OS X) AppleWebKit/605.1.15 (KHTML, like Gecko) Version/13.0.5 Mobile/15E148 Safari/604.1"
217.66.154.143 - - [25/Mar/2020:01:31:07 +0000] "GET /%D0%BF%D1%80%D0%B8%D1%85%D0%BE%D0%B4%D0%B8%D1%82-%D1%81%D1%8B%D0%BD-%D0%BA-%D0%BE%D1%82%D1%86%D1%83-%D0%B8-%D0%B3%D0%BE%D0%B2%D0%BE%D1%80%D0%B8%D1%82-%D0%BE%D1%82%D0%B5%D1%86-%D1%8F-%D1%85%D0%BE%D1%87%D1%83-%D0%B6%D0%B5%D0%BD%D0%B8%D1%82%D1%8C%D1%81%D1%8F/ HTTP/2.0" 200 14438 "https://baneks.site/%D0%BF%D1%80%D0%B8%D1%85%D0%BE%D0%B4%D0%B8%D1%82-%D1%81%D1%8B%D0%BD-%D0%BA-%D0%BE%D1%82%D1%86%D1%83-%D0%B8-%D0%B3%D0%BE%D0%B2%D0%BE%D1%80%D0%B8%D1%82-%D0%BE%D1%82%D0%B5%D1%86-%D1%8F-%D1%85%D0%BE%D1%87%D1%83-%D0%B6%D0%B5%D0%BD%D0%B8%D1%82%D1%8C%D1%81%D1%8F/" "Mozilla/5.0 (iPhone; CPU iPhone OS 13_3_1 like Mac OS X) AppleWebKit/605.1.15 (KHTML, like Gecko) Version/13.0.5 Mobile/15E148 Safari/604.1" "-"
217.66.154.143 - - [25/Mar/2020:01:31:07 +0000] "GET /%D0%BF%D1%80%D0%B8%D1%85%D0%BE%D0%B4%D0%B8%D1%82-%D1%81%D1%8B%D0%BD-%D0%BA-%D0%BE%D1%82%D1%86%D1%83-%D0%B8-%D0%B3%D0%BE%D0%B2%D0%BE%D1%80%D0%B8%D1%82-%D0%BE%D1%82%D0%B5%D1%86-%D1%8F-%D1%85%D0%BE%D1%87%D1%83-%D0%B6%D0%B5%D0%BD%D0%B8%D1%82%D1%8C%D1%81%D1%8F/ HTTP/2.0" 200 14438 "https://baneks.site/%D0%BF%D1%80%D0%B8%D1%85%D0%BE%D0%B4%D0%B8%D1%82-%D1%81%D1%8B%D0%BD-%D0%BA-%D0%BE%D1%82%D1%86%D1%83-%D0%B8-%D0%B3%D0%BE%D0%B2%D0%BE%D1%80%D0%B8%D1%82-%D0%BE%D1%82%D0%B5%D1%86-%D1%8F-%D1%85%D0%BE%D1%87%D1%83-%D0%B6%D0%B5%D0%BD%D0%B8%D1%82%D1%8C%D1%81%D1%8F/" "Mozilla/5.0 (iPhone; CPU iPhone OS 13_3_1 like Mac OS X) AppleWebKit/605.1.15 (KHTML, like Gecko) Version/13.0.5 Mobile/15E148 Safari/604.1"
66.249.76.65 - - [25/Mar/2020:01:31:20 +0000] "GET /%D1%80%D0%B5%D0%B1%D1%91%D0%BD%D0%BE%D0%BA-%D1%81%D0%BF%D1%80%D0%B0%D1%88%D0%B8%D0%B2%D0%B0%D0%B5%D1%82-%D0%BE%D1%82%D1%86%D0%B0-%D0%B2%D0%BE%D0%B5%D0%BD%D0%BD%D0%BE%D0%B3%D0%BE/?p=3 HTTP/1.1" 200 13729 "-" "Mozilla/5.0 (compatible; Googlebot/2.1; +http://www.google.com/bot.html)" "-"
66.249.76.65 - - [25/Mar/2020:01:31:20 +0000] "GET /%D1%80%D0%B5%D0%B1%D1%91%D0%BD%D0%BE%D0%BA-%D1%81%D0%BF%D1%80%D0%B0%D1%88%D0%B8%D0%B2%D0%B0%D0%B5%D1%82-%D0%BE%D1%82%D1%86%D0%B0-%D0%B2%D0%BE%D0%B5%D0%BD%D0%BD%D0%BE%D0%B3%D0%BE/?p=3 HTTP/1.1" 200 13729 "-" "Mozilla/5.0 (compatible; Googlebot/2.1; +http://www.google.com/bot.html)"
46.229.168.140 - - [25/Mar/2020:01:31:24 +0000] "GET /%D0%BF%D1%80%D0%B8%D0%BB%D0%B5%D1%82%D0%B5%D0%BB-%D0%B7%D0%BC%D0%B5%D0%B9-%D0%B3%D0%BE%D1%80%D1%8B%D0%BD%D1%8B%D1%87-%D0%B2-%D0%BB%D0%B5%D1%81-%D0%B8-%D0%B3%D0%BE%D0%B2%D0%BE%D1%80%D0%B8%D1%82-%D0%B7%D0%B2%D0%B5%D1%80%D1%8F%D0%BC/?p=1 HTTP/1.1" 200 13761 "-" "Mozilla/5.0 (compatible; SemrushBot/6~bl; +http://www.semrush.com/bot.html)" "-"
46.229.168.140 - - [25/Mar/2020:01:31:24 +0000] "GET /%D0%BF%D1%80%D0%B8%D0%BB%D0%B5%D1%82%D0%B5%D0%BB-%D0%B7%D0%BC%D0%B5%D0%B9-%D0%B3%D0%BE%D1%80%D1%8B%D0%BD%D1%8B%D1%87-%D0%B2-%D0%BB%D0%B5%D1%81-%D0%B8-%D0%B3%D0%BE%D0%B2%D0%BE%D1%80%D0%B8%D1%82-%D0%B7%D0%B2%D0%B5%D1%80%D1%8F%D0%BC/?p=1 HTTP/1.1" 200 13761 "-" "Mozilla/5.0 (compatible; SemrushBot/6~bl; +http://www.semrush.com/bot.html)"
217.66.154.143 - - [25/Mar/2020:01:31:34 +0000] "GET /best/?p=18 HTTP/2.0" 200 16835 "https://baneks.site/best/?p=17" "Mozilla/5.0 (iPhone; CPU iPhone OS 13_3_1 like Mac OS X) AppleWebKit/605.1.15 (KHTML, like Gecko) Version/13.0.5 Mobile/15E148 Safari/604.1" "-"
217.66.154.143 - - [25/Mar/2020:01:31:34 +0000] "GET /best/?p=18 HTTP/2.0" 200 16835 "https://baneks.site/best/?p=17" "Mozilla/5.0 (iPhone; CPU iPhone OS 13_3_1 like Mac OS X) AppleWebKit/605.1.15 (KHTML, like Gecko) Version/13.0.5 Mobile/15E148 Safari/604.1"
46.229.168.148 - - [25/Mar/2020:01:31:35 +0000] "GET /%D0%BF%D0%B5%D1%80%D0%B5%D1%81%D1%82%D1%80%D0%BE%D0%B5%D1%87%D0%BD%D0%B0%D1%8F-%D0%BE%D1%87%D0%B5%D1%80%D0%B5%D0%B4%D1%8C-%D0%B2-%D0%BC%D0%B0%D0%B3%D0%B0%D0%B7%D0%B8%D0%BD/ HTTP/1.1" 200 14886 "-" "Mozilla/5.0 (compatible; SemrushBot/6~bl; +http://www.semrush.com/bot.html)" "-"
46.229.168.148 - - [25/Mar/2020:01:31:35 +0000] "GET /%D0%BF%D0%B5%D1%80%D0%B5%D1%81%D1%82%D1%80%D0%BE%D0%B5%D1%87%D0%BD%D0%B0%D1%8F-%D0%BE%D1%87%D0%B5%D1%80%D0%B5%D0%B4%D1%8C-%D0%B2-%D0%BC%D0%B0%D0%B3%D0%B0%D0%B7%D0%B8%D0%BD/ HTTP/1.1" 200 14886 "-" "Mozilla/5.0 (compatible; SemrushBot/6~bl; +http://www.semrush.com/bot.html)"
217.66.154.143 - - [25/Mar/2020:01:31:35 +0000] "GET /best/?p=18 HTTP/2.0" 200 16824 "https://baneks.site/best/?p=18" "Mozilla/5.0 (iPhone; CPU iPhone OS 13_3_1 like Mac OS X) AppleWebKit/605.1.15 (KHTML, like Gecko) Version/13.0.5 Mobile/15E148 Safari/604.1" "-"
217.66.154.143 - - [25/Mar/2020:01:31:35 +0000] "GET /best/?p=18 HTTP/2.0" 200 16824 "https://baneks.site/best/?p=18" "Mozilla/5.0 (iPhone; CPU iPhone OS 13_3_1 like Mac OS X) AppleWebKit/605.1.15 (KHTML, like Gecko) Version/13.0.5 Mobile/15E148 Safari/604.1"
217.66.154.143 - - [25/Mar/2020:01:31:43 +0000] "GET /%D0%BC%D1%83%D0%B6-%D0%BF%D1%80%D0%B8-%D1%80a%D0%B7%D0%B2%D0%BE%D0%B4%D0%B5-%D1%82%D1%80%D0%B5%D0%B1%D1%83%D0%B5%D1%82-%D0%BE%D1%81%D1%82a%D0%B2%D0%B8%D1%82%D1%8C-%D1%80%D0%B5%D0%B1%D0%B5%D0%BD%D0%BAa-%D0%B5%D0%BC%D1%83/ HTTP/2.0" 200 13859 "-" "Mozilla/5.0 (iPhone; CPU iPhone OS 13_3_1 like Mac OS X) AppleWebKit/605.1.15 (KHTML, like Gecko) Version/13.0.5 Mobile/15E148 Safari/604.1" "-"
217.66.154.143 - - [25/Mar/2020:01:31:43 +0000] "GET /%D0%BC%D1%83%D0%B6-%D0%BF%D1%80%D0%B8-%D1%80a%D0%B7%D0%B2%D0%BE%D0%B4%D0%B5-%D1%82%D1%80%D0%B5%D0%B1%D1%83%D0%B5%D1%82-%D0%BE%D1%81%D1%82a%D0%B2%D0%B8%D1%82%D1%8C-%D1%80%D0%B5%D0%B1%D0%B5%D0%BD%D0%BAa-%D0%B5%D0%BC%D1%83/ HTTP/2.0" 200 13859 "-" "Mozilla/5.0 (iPhone; CPU iPhone OS 13_3_1 like Mac OS X) AppleWebKit/605.1.15 (KHTML, like Gecko) Version/13.0.5 Mobile/15E148 Safari/604.1"
217.66.154.143 - - [25/Mar/2020:01:31:44 +0000] "GET /%D0%BC%D1%83%D0%B6-%D0%BF%D1%80%D0%B8-%D1%80a%D0%B7%D0%B2%D0%BE%D0%B4%D0%B5-%D1%82%D1%80%D0%B5%D0%B1%D1%83%D0%B5%D1%82-%D0%BE%D1%81%D1%82a%D0%B2%D0%B8%D1%82%D1%8C-%D1%80%D0%B5%D0%B1%D0%B5%D0%BD%D0%BAa-%D0%B5%D0%BC%D1%83/ HTTP/2.0" 200 13859 "https://baneks.site/%D0%BC%D1%83%D0%B6-%D0%BF%D1%80%D0%B8-%D1%80a%D0%B7%D0%B2%D0%BE%D0%B4%D0%B5-%D1%82%D1%80%D0%B5%D0%B1%D1%83%D0%B5%D1%82-%D0%BE%D1%81%D1%82a%D0%B2%D0%B8%D1%82%D1%8C-%D1%80%D0%B5%D0%B1%D0%B5%D0%BD%D0%BAa-%D0%B5%D0%BC%D1%83/" "Mozilla/5.0 (iPhone; CPU iPhone OS 13_3_1 like Mac OS X) AppleWebKit/605.1.15 (KHTML, like Gecko) Version/13.0.5 Mobile/15E148 Safari/604.1" "-"
217.66.154.143 - - [25/Mar/2020:01:31:44 +0000] "GET /%D0%BC%D1%83%D0%B6-%D0%BF%D1%80%D0%B8-%D1%80a%D0%B7%D0%B2%D0%BE%D0%B4%D0%B5-%D1%82%D1%80%D0%B5%D0%B1%D1%83%D0%B5%D1%82-%D0%BE%D1%81%D1%82a%D0%B2%D0%B8%D1%82%D1%8C-%D1%80%D0%B5%D0%B1%D0%B5%D0%BD%D0%BAa-%D0%B5%D0%BC%D1%83/ HTTP/2.0" 200 13859 "https://baneks.site/%D0%BC%D1%83%D0%B6-%D0%BF%D1%80%D0%B8-%D1%80a%D0%B7%D0%B2%D0%BE%D0%B4%D0%B5-%D1%82%D1%80%D0%B5%D0%B1%D1%83%D0%B5%D1%82-%D0%BE%D1%81%D1%82a%D0%B2%D0%B8%D1%82%D1%8C-%D1%80%D0%B5%D0%B1%D0%B5%D0%BD%D0%BAa-%D0%B5%D0%BC%D1%83/" "Mozilla/5.0 (iPhone; CPU iPhone OS 13_3_1 like Mac OS X) AppleWebKit/605.1.15 (KHTML, like Gecko) Version/13.0.5 Mobile/15E148 Safari/604.1"
95.163.255.189 - - [25/Mar/2020:01:31:45 +0000] "GET /%D0%B7%D0%BD%D0%B0%D0%B5%D1%82%D0%B5-%D0%B2-%D1%87%D0%B5%D0%BC-%D1%81%D1%85%D0%BE%D0%B4%D1%81%D1%82%D0%B2%D0%BE-%D0%BC%D0%B5%D0%B6%D0%B4%D1%83-%D1%88%D0%B5%D1%80%D1%81%D1%82%D1%8F%D0%BD%D1%8B%D0%BC%D0%B8-%D0%BD%D0%BE%D1%81%D0%BA%D0%B0%D0%BC%D0%B8/ HTTP/1.1" 200 13319 "-" "Mozilla/5.0 (compatible; Linux x86_64; Mail.RU_Bot/2.0; +http://go.mail.ru/help/robots)" "-"
95.163.255.189 - - [25/Mar/2020:01:31:45 +0000] "GET /%D0%B7%D0%BD%D0%B0%D0%B5%D1%82%D0%B5-%D0%B2-%D1%87%D0%B5%D0%BC-%D1%81%D1%85%D0%BE%D0%B4%D1%81%D1%82%D0%B2%D0%BE-%D0%BC%D0%B5%D0%B6%D0%B4%D1%83-%D1%88%D0%B5%D1%80%D1%81%D1%82%D1%8F%D0%BD%D1%8B%D0%BC%D0%B8-%D0%BD%D0%BE%D1%81%D0%BA%D0%B0%D0%BC%D0%B8/ HTTP/1.1" 200 13319 "-" "Mozilla/5.0 (compatible; Linux x86_64; Mail.RU_Bot/2.0; +http://go.mail.ru/help/robots)"
46.229.168.147 - - [25/Mar/2020:01:31:47 +0000] "GET /%D1%85%D1%83%D0%B4%D0%BE%D0%B6%D0%BD%D0%B8%D0%BA-%D0%BD%D0%B5-%D1%81%D0%BD%D0%B8%D0%BC%D0%B0%D0%B5%D1%82-%D0%BE%D1%87%D0%BA%D0%B8-%D0%BF%D0%BE%D1%82%D0%BE%D0%BC%D1%83-%D1%87%D1%82%D0%BE-%D0%BE%D0%BD/ HTTP/1.1" 200 11638 "-" "Mozilla/5.0 (compatible; SemrushBot/6~bl; +http://www.semrush.com/bot.html)" "-"
46.229.168.147 - - [25/Mar/2020:01:31:47 +0000] "GET /%D1%85%D1%83%D0%B4%D0%BE%D0%B6%D0%BD%D0%B8%D0%BA-%D0%BD%D0%B5-%D1%81%D0%BD%D0%B8%D0%BC%D0%B0%D0%B5%D1%82-%D0%BE%D1%87%D0%BA%D0%B8-%D0%BF%D0%BE%D1%82%D0%BE%D0%BC%D1%83-%D1%87%D1%82%D0%BE-%D0%BE%D0%BD/ HTTP/1.1" 200 11638 "-" "Mozilla/5.0 (compatible; SemrushBot/6~bl; +http://www.semrush.com/bot.html)"
217.66.154.143 - - [25/Mar/2020:01:31:53 +0000] "GET /best/?p=18 HTTP/2.0" 200 16835 "https://baneks.site/best/?p=17" "Mozilla/5.0 (iPhone; CPU iPhone OS 13_3_1 like Mac OS X) AppleWebKit/605.1.15 (KHTML, like Gecko) Version/13.0.5 Mobile/15E148 Safari/604.1" "-"
217.66.154.143 - - [25/Mar/2020:01:31:53 +0000] "GET /best/?p=18 HTTP/2.0" 200 16835 "https://baneks.site/best/?p=17" "Mozilla/5.0 (iPhone; CPU iPhone OS 13_3_1 like Mac OS X) AppleWebKit/605.1.15 (KHTML, like Gecko) Version/13.0.5 Mobile/15E148 Safari/604.1"
217.66.154.143 - - [25/Mar/2020:01:31:54 +0000] "GET /best/?p=18 HTTP/2.0" 200 16835 "https://baneks.site/best/?p=18" "Mozilla/5.0 (iPhone; CPU iPhone OS 13_3_1 like Mac OS X) AppleWebKit/605.1.15 (KHTML, like Gecko) Version/13.0.5 Mobile/15E148 Safari/604.1" "-"
217.66.154.143 - - [25/Mar/2020:01:31:54 +0000] "GET /best/?p=18 HTTP/2.0" 200 16835 "https://baneks.site/best/?p=18" "Mozilla/5.0 (iPhone; CPU iPhone OS 13_3_1 like Mac OS X) AppleWebKit/605.1.15 (KHTML, like Gecko) Version/13.0.5 Mobile/15E148 Safari/604.1"
178.154.200.81 - - [25/Mar/2020:01:31:54 +0000] "GET /%D0%B4%D0%B5%D0%B6%D1%83%D1%80%D0%BD%D1%8B%D0%B9-%D0%BF%D0%BE-%D1%80%D0%BE%D1%82%D0%B5-%D0%B4%D0%BD%D0%B5%D0%B2%D0%B0%D0%BB%D1%8C%D0%BD%D0%BE%D0%BC%D1%83-%D0%B3%D0%B5%D0%BD%D0%B5%D1%80%D0%B0%D0%BB-%D0%BD%D0%B5-%D0%BF%D1%80%D0%B8%D1%85%D0%BE%D0%B4%D0%B8%D0%BB/ HTTP/1.1" 200 13232 "-" "Mozilla/5.0 (compatible; YandexBot/3.0; +http://yandex.com/bots)" "-"
178.154.200.81 - - [25/Mar/2020:01:31:54 +0000] "GET /%D0%B4%D0%B5%D0%B6%D1%83%D1%80%D0%BD%D1%8B%D0%B9-%D0%BF%D0%BE-%D1%80%D0%BE%D1%82%D0%B5-%D0%B4%D0%BD%D0%B5%D0%B2%D0%B0%D0%BB%D1%8C%D0%BD%D0%BE%D0%BC%D1%83-%D0%B3%D0%B5%D0%BD%D0%B5%D1%80%D0%B0%D0%BB-%D0%BD%D0%B5-%D0%BF%D1%80%D0%B8%D1%85%D0%BE%D0%B4%D0%B8%D0%BB/ HTTP/1.1" 200 13232 "-" "Mozilla/5.0 (compatible; YandexBot/3.0; +http://yandex.com/bots)"
217.66.154.143 - - [25/Mar/2020:01:32:07 +0000] "GET /%D0%B2-%D0%BF%D0%BE%D1%87%D1%82%D0%B8-%D0%BF%D1%83%D1%81%D1%82%D0%BE%D0%B9-%D0%B0%D0%B2%D1%82%D0%BE%D0%B1%D1%83%D1%81-%D0%B7%D0%B0%D1%85%D0%BE%D0%B4%D0%B8%D1%82-%D1%85%D0%B8%D0%BF%D0%BF%D0%B8/ HTTP/2.0" 200 15485 "-" "Mozilla/5.0 (iPhone; CPU iPhone OS 13_3_1 like Mac OS X) AppleWebKit/605.1.15 (KHTML, like Gecko) Version/13.0.5 Mobile/15E148 Safari/604.1" "-"
217.66.154.143 - - [25/Mar/2020:01:32:07 +0000] "GET /%D0%B2-%D0%BF%D0%BE%D1%87%D1%82%D0%B8-%D0%BF%D1%83%D1%81%D1%82%D0%BE%D0%B9-%D0%B0%D0%B2%D1%82%D0%BE%D0%B1%D1%83%D1%81-%D0%B7%D0%B0%D1%85%D0%BE%D0%B4%D0%B8%D1%82-%D1%85%D0%B8%D0%BF%D0%BF%D0%B8/ HTTP/2.0" 200 15485 "-" "Mozilla/5.0 (iPhone; CPU iPhone OS 13_3_1 like Mac OS X) AppleWebKit/605.1.15 (KHTML, like Gecko) Version/13.0.5 Mobile/15E148 Safari/604.1"
217.66.154.143 - - [25/Mar/2020:01:32:08 +0000] "GET /%D0%B2-%D0%BF%D0%BE%D1%87%D1%82%D0%B8-%D0%BF%D1%83%D1%81%D1%82%D0%BE%D0%B9-%D0%B0%D0%B2%D1%82%D0%BE%D0%B1%D1%83%D1%81-%D0%B7%D0%B0%D1%85%D0%BE%D0%B4%D0%B8%D1%82-%D1%85%D0%B8%D0%BF%D0%BF%D0%B8/ HTTP/2.0" 200 15485 "https://baneks.site/%D0%B2-%D0%BF%D0%BE%D1%87%D1%82%D0%B8-%D0%BF%D1%83%D1%81%D1%82%D0%BE%D0%B9-%D0%B0%D0%B2%D1%82%D0%BE%D0%B1%D1%83%D1%81-%D0%B7%D0%B0%D1%85%D0%BE%D0%B4%D0%B8%D1%82-%D1%85%D0%B8%D0%BF%D0%BF%D0%B8/" "Mozilla/5.0 (iPhone; CPU iPhone OS 13_3_1 like Mac OS X) AppleWebKit/605.1.15 (KHTML, like Gecko) Version/13.0.5 Mobile/15E148 Safari/604.1" "-"
217.66.154.143 - - [25/Mar/2020:01:32:08 +0000] "GET /%D0%B2-%D0%BF%D0%BE%D1%87%D1%82%D0%B8-%D0%BF%D1%83%D1%81%D1%82%D0%BE%D0%B9-%D0%B0%D0%B2%D1%82%D0%BE%D0%B1%D1%83%D1%81-%D0%B7%D0%B0%D1%85%D0%BE%D0%B4%D0%B8%D1%82-%D1%85%D0%B8%D0%BF%D0%BF%D0%B8/ HTTP/2.0" 200 15485 "https://baneks.site/%D0%B2-%D0%BF%D0%BE%D1%87%D1%82%D0%B8-%D0%BF%D1%83%D1%81%D1%82%D0%BE%D0%B9-%D0%B0%D0%B2%D1%82%D0%BE%D0%B1%D1%83%D1%81-%D0%B7%D0%B0%D1%85%D0%BE%D0%B4%D0%B8%D1%82-%D1%85%D0%B8%D0%BF%D0%BF%D0%B8/" "Mozilla/5.0 (iPhone; CPU iPhone OS 13_3_1 like Mac OS X) AppleWebKit/605.1.15 (KHTML, like Gecko) Version/13.0.5 Mobile/15E148 Safari/604.1"
37.235.48.146 - - [25/Mar/2020:01:32:09 +0000] "GET / HTTP/1.1" 200 4613 "-" "Mozilla/5.0 (Windows NT 6.2; WOW64) AppleWebKit/537.4 (KHTML, like Gecko) Chrome/98 Safari/537.4 (StatusCake)" "-"
37.235.48.146 - - [25/Mar/2020:01:32:09 +0000] "GET / HTTP/1.1" 200 4613 "-" "Mozilla/5.0 (Windows NT 6.2; WOW64) AppleWebKit/537.4 (KHTML, like Gecko) Chrome/98 Safari/537.4 (StatusCake)"
46.229.168.163 - - [25/Mar/2020:01:32:10 +0000] "GET /%D0%BF%D1%80%D0%B8%D1%88%D0%BB%D0%B0-%D0%BC%D0%B0%D1%82%D1%8C-%D1%81-%D1%80%D0%B0%D0%B1%D0%BE%D1%82%D1%8B-%D0%B7%D0%B0%D0%B1%D0%B5%D0%B3%D0%B0%D0%B5%D1%82-%D0%B2-%D0%BA%D0%BE%D0%BC%D0%BD%D0%B0%D1%82%D1%83-%D0%BA-%D1%81%D1%8B%D0%BD%D1%83/ HTTP/1.1" 200 13969 "-" "Mozilla/5.0 (compatible; SemrushBot/6~bl; +http://www.semrush.com/bot.html)" "-"
46.229.168.163 - - [25/Mar/2020:01:32:10 +0000] "GET /%D0%BF%D1%80%D0%B8%D1%88%D0%BB%D0%B0-%D0%BC%D0%B0%D1%82%D1%8C-%D1%81-%D1%80%D0%B0%D0%B1%D0%BE%D1%82%D1%8B-%D0%B7%D0%B0%D0%B1%D0%B5%D0%B3%D0%B0%D0%B5%D1%82-%D0%B2-%D0%BA%D0%BE%D0%BC%D0%BD%D0%B0%D1%82%D1%83-%D0%BA-%D1%81%D1%8B%D0%BD%D1%83/ HTTP/1.1" 200 13969 "-" "Mozilla/5.0 (compatible; SemrushBot/6~bl; +http://www.semrush.com/bot.html)"
54.36.150.179 - - [25/Mar/2020:01:32:24 +0000] "GET /tag/%D1%81%D0%B2%D0%B0%D0%B4%D1%8C%D0%B1%D0%B0/?p=9 HTTP/2.0" 200 11152 "-" "Mozilla/5.0 (compatible; AhrefsBot/6.1; +http://ahrefs.com/robot/)" "-"
54.36.150.179 - - [25/Mar/2020:01:32:24 +0000] "GET /tag/%D1%81%D0%B2%D0%B0%D0%B4%D1%8C%D0%B1%D0%B0/?p=9 HTTP/2.0" 200 11152 "-" "Mozilla/5.0 (compatible; AhrefsBot/6.1; +http://ahrefs.com/robot/)"
