178.154.200.151 - - [19/Jul/2020:07:49:15 +0000] "GET /%D0%BB%D0%B5%D1%82%D0%B8%D1%82-%D0%BE%D1%80%D0%B5%D0%BB-%D0%BD%D0%B0%D0%B4-%D0%B3%D0%BE%D1%80%D0%BE%D0%B4%D0%BE%D0%BC-%D0%B8-%D0%BF%D1%80%D0%B8%D1%87%D0%B8%D1%82%D0%B0%D0%B5%D1%82-%D1%84%D1%83%D1%83%D1%83%D1%83/ HTTP/1.1" 200 10302 "-" "Mozilla/5.0 (compatible; YandexBot/3.0; +http://yandex.com/bots)" "-"
178.154.200.151 - - [19/Jul/2020:07:49:15 +0000] "GET /%D0%BB%D0%B5%D1%82%D0%B8%D1%82-%D0%BE%D1%80%D0%B5%D0%BB-%D0%BD%D0%B0%D0%B4-%D0%B3%D0%BE%D1%80%D0%BE%D0%B4%D0%BE%D0%BC-%D0%B8-%D0%BF%D1%80%D0%B8%D1%87%D0%B8%D1%82%D0%B0%D0%B5%D1%82-%D1%84%D1%83%D1%83%D1%83%D1%83/ HTTP/1.1" 200 10302 "-" "Mozilla/5.0 (compatible; YandexBot/3.0; +http://yandex.com/bots)"
178.154.200.81 - - [19/Jul/2020:07:49:16 +0000] "GET /best/?p=20 HTTP/1.1" 200 16228 "-" "Mozilla/5.0 (compatible; YandexBot/3.0; +http://yandex.com/bots)" "-"
178.154.200.81 - - [19/Jul/2020:07:49:16 +0000] "GET /best/?p=20 HTTP/1.1" 200 16228 "-" "Mozilla/5.0 (compatible; YandexBot/3.0; +http://yandex.com/bots)"
5.45.207.181 - - [19/Jul/2020:07:49:16 +0000] "GET /%D0%B4%D0%B2%D0%BE%D0%B5-%D0%B8%D0%B3%D1%80%D0%B0%D1%8E%D1%82-%D0%B2-%D0%B3%D0%BE%D0%BB%D1%8C%D1%84-%D0%BE%D0%B4%D0%B8%D0%BD-%D0%B8%D0%B7-%D0%BD%D0%B8%D1%85-%D0%B3%D0%BE%D1%82%D0%BE%D0%B2%D0%B8%D1%82%D1%81%D1%8F-%D0%BA-%D1%83%D0%B4%D0%B0%D1%80%D1%83/ HTTP/1.1" 200 13032 "-" "Mozilla/5.0 (compatible; YandexBot/3.0; +http://yandex.com/bots)" "-"
5.45.207.181 - - [19/Jul/2020:07:49:16 +0000] "GET /%D0%B4%D0%B2%D0%BE%D0%B5-%D0%B8%D0%B3%D1%80%D0%B0%D1%8E%D1%82-%D0%B2-%D0%B3%D0%BE%D0%BB%D1%8C%D1%84-%D0%BE%D0%B4%D0%B8%D0%BD-%D0%B8%D0%B7-%D0%BD%D0%B8%D1%85-%D0%B3%D0%BE%D1%82%D0%BE%D0%B2%D0%B8%D1%82%D1%81%D1%8F-%D0%BA-%D1%83%D0%B4%D0%B0%D1%80%D1%83/ HTTP/1.1" 200 13032 "-" "Mozilla/5.0 (compatible; YandexBot/3.0; +http://yandex.com/bots)"
178.154.200.151 - - [19/Jul/2020:07:49:16 +0000] "GET /%D0%BC%D1%83%D0%B6%D1%87%D0%B8%D0%BD%D0%B0-%D0%BF%D1%80%D0%BE%D1%81%D0%B8%D1%82-%D0%BF%D1%80%D0%BE%D0%B4%D0%B0%D0%B2%D1%89%D0%B8%D1%86%D1%83-%D0%B4%D0%B0%D0%B9%D1%82%D0%B5-%D0%BC%D0%BD%D0%B5/?p=5 HTTP/1.1" 200 11466 "-" "Mozilla/5.0 (compatible; YandexBot/3.0; +http://yandex.com/bots)" "-"
178.154.200.151 - - [19/Jul/2020:07:49:16 +0000] "GET /%D0%BC%D1%83%D0%B6%D1%87%D0%B8%D0%BD%D0%B0-%D0%BF%D1%80%D0%BE%D1%81%D0%B8%D1%82-%D0%BF%D1%80%D0%BE%D0%B4%D0%B0%D0%B2%D1%89%D0%B8%D1%86%D1%83-%D0%B4%D0%B0%D0%B9%D1%82%D0%B5-%D0%BC%D0%BD%D0%B5/?p=5 HTTP/1.1" 200 11466 "-" "Mozilla/5.0 (compatible; YandexBot/3.0; +http://yandex.com/bots)"
178.154.200.81 - - [19/Jul/2020:07:49:17 +0000] "GET /%D0%B4%D0%B2%D0%BE%D0%B5-%D0%B0%D0%BD%D0%B3%D0%BB%D0%B8%D1%87%D0%B0%D0%BD-%D1%83%D0%BA%D1%80%D0%B0%D0%BB%D0%B8-%D0%BA%D0%B0%D0%BB%D0%B5%D0%BD%D0%B4%D0%B0%D1%80%D1%8C-%D0%BA%D0%BE%D0%B3%D0%B4%D0%B0-%D0%B8%D1%85-%D1%81%D1%83%D0%B4%D0%B8%D0%BB%D0%B8/?p=2 HTTP/1.1" 200 9263 "-" "Mozilla/5.0 (compatible; YandexBot/3.0; +http://yandex.com/bots)" "-"
178.154.200.81 - - [19/Jul/2020:07:49:17 +0000] "GET /%D0%B4%D0%B2%D0%BE%D0%B5-%D0%B0%D0%BD%D0%B3%D0%BB%D0%B8%D1%87%D0%B0%D0%BD-%D1%83%D0%BA%D1%80%D0%B0%D0%BB%D0%B8-%D0%BA%D0%B0%D0%BB%D0%B5%D0%BD%D0%B4%D0%B0%D1%80%D1%8C-%D0%BA%D0%BE%D0%B3%D0%B4%D0%B0-%D0%B8%D1%85-%D1%81%D1%83%D0%B4%D0%B8%D0%BB%D0%B8/?p=2 HTTP/1.1" 200 9263 "-" "Mozilla/5.0 (compatible; YandexBot/3.0; +http://yandex.com/bots)"
5.45.207.181 - - [19/Jul/2020:07:49:17 +0000] "GET /tag/%D0%B0%D0%BF%D1%82%D0%B5%D0%BA%D0%B0/?p=3 HTTP/1.1" 200 11297 "-" "Mozilla/5.0 (compatible; YandexBot/3.0; +http://yandex.com/bots)" "-"
5.45.207.181 - - [19/Jul/2020:07:49:17 +0000] "GET /tag/%D0%B0%D0%BF%D1%82%D0%B5%D0%BA%D0%B0/?p=3 HTTP/1.1" 200 11297 "-" "Mozilla/5.0 (compatible; YandexBot/3.0; +http://yandex.com/bots)"
178.154.200.151 - - [19/Jul/2020:07:49:17 +0000] "GET /%D0%BF%D0%BB%D0%BE%D0%B2%D0%B5%D1%86-%D1%80%D0%B5%D0%BA%D0%BE%D1%80%D0%B4%D1%81%D0%BC%D0%B5%D0%BD-%D0%BF%D0%B5%D1%80%D0%B5%D0%BF%D0%BB%D1%8B%D0%BB-%D0%9B%D0%B0-%D0%9C%D0%B0%D0%BD%D1%88-%D0%BA%D0%BE%D0%B3%D0%B4%D0%B0-%D0%BE%D0%BD/ HTTP/1.1" 200 13816 "-" "Mozilla/5.0 (compatible; YandexBot/3.0; +http://yandex.com/bots)" "-"
178.154.200.151 - - [19/Jul/2020:07:49:17 +0000] "GET /%D0%BF%D0%BB%D0%BE%D0%B2%D0%B5%D1%86-%D1%80%D0%B5%D0%BA%D0%BE%D1%80%D0%B4%D1%81%D0%BC%D0%B5%D0%BD-%D0%BF%D0%B5%D1%80%D0%B5%D0%BF%D0%BB%D1%8B%D0%BB-%D0%9B%D0%B0-%D0%9C%D0%B0%D0%BD%D1%88-%D0%BA%D0%BE%D0%B3%D0%B4%D0%B0-%D0%BE%D0%BD/ HTTP/1.1" 200 13816 "-" "Mozilla/5.0 (compatible; YandexBot/3.0; +http://yandex.com/bots)"
178.154.200.151 - - [19/Jul/2020:07:49:18 +0000] "GET /tag/%D0%B0%D1%80%D0%BC%D0%B8%D1%8F/?p=12 HTTP/1.1" 200 11514 "-" "Mozilla/5.0 (compatible; YandexBot/3.0; +http://yandex.com/bots)" "-"
178.154.200.151 - - [19/Jul/2020:07:49:18 +0000] "GET /tag/%D0%B0%D1%80%D0%BC%D0%B8%D1%8F/?p=12 HTTP/1.1" 200 11514 "-" "Mozilla/5.0 (compatible; YandexBot/3.0; +http://yandex.com/bots)"
178.154.200.206 - - [19/Jul/2020:07:49:18 +0000] "GET /%D0%B2-%D0%B3%D0%BB%D1%83%D0%B1%D0%BE%D0%BA%D1%83%D1%8E-%D1%8F%D0%BC%D1%83-%D0%BF%D0%BE%D0%BF%D0%B0%D0%BB-%D0%BB%D0%B5%D0%B2-%D0%B0-%D1%80%D1%8F%D0%B4%D0%BE%D0%BC-%D1%80%D0%B0%D1%81%D1%82%D0%B5%D1%82-%D0%B4%D0%B5%D1%80%D0%B5%D0%B2%D0%BE/?p=3 HTTP/1.1" 200 8592 "-" "Mozilla/5.0 (compatible; YandexBot/3.0; +http://yandex.com/bots)" "-"
178.154.200.206 - - [19/Jul/2020:07:49:18 +0000] "GET /%D0%B2-%D0%B3%D0%BB%D1%83%D0%B1%D0%BE%D0%BA%D1%83%D1%8E-%D1%8F%D0%BC%D1%83-%D0%BF%D0%BE%D0%BF%D0%B0%D0%BB-%D0%BB%D0%B5%D0%B2-%D0%B0-%D1%80%D1%8F%D0%B4%D0%BE%D0%BC-%D1%80%D0%B0%D1%81%D1%82%D0%B5%D1%82-%D0%B4%D0%B5%D1%80%D0%B5%D0%B2%D0%BE/?p=3 HTTP/1.1" 200 8592 "-" "Mozilla/5.0 (compatible; YandexBot/3.0; +http://yandex.com/bots)"
178.154.200.81 - - [19/Jul/2020:07:49:19 +0000] "GET /%D0%BF%D0%B0%D1%80%D0%B5%D0%BD%D1%8C-%D1%81-%D0%B4%D0%B5%D0%B2%D1%83%D1%88%D0%BA%D0%BE%D0%B9-%D0%B7%D0%B0%D0%BD%D0%B8%D0%BC%D0%B0%D1%8E%D1%82%D1%81%D1%8F-%D0%BB%D1%8E%D0%B1%D0%BE%D0%B2%D1%8C%D1%8E-%D0%B2%D0%B4%D1%80%D1%83%D0%B3-%D0%BE%D0%BD/ HTTP/1.1" 200 13835 "-" "Mozilla/5.0 (compatible; YandexBot/3.0; +http://yandex.com/bots)" "-"
178.154.200.81 - - [19/Jul/2020:07:49:19 +0000] "GET /%D0%BF%D0%B0%D1%80%D0%B5%D0%BD%D1%8C-%D1%81-%D0%B4%D0%B5%D0%B2%D1%83%D1%88%D0%BA%D0%BE%D0%B9-%D0%B7%D0%B0%D0%BD%D0%B8%D0%BC%D0%B0%D1%8E%D1%82%D1%81%D1%8F-%D0%BB%D1%8E%D0%B1%D0%BE%D0%B2%D1%8C%D1%8E-%D0%B2%D0%B4%D1%80%D1%83%D0%B3-%D0%BE%D0%BD/ HTTP/1.1" 200 13835 "-" "Mozilla/5.0 (compatible; YandexBot/3.0; +http://yandex.com/bots)"
5.45.207.181 - - [19/Jul/2020:07:49:19 +0000] "GET /tag/%D1%81%D0%BB%D0%BE%D0%BD/?p=5 HTTP/1.1" 200 11655 "-" "Mozilla/5.0 (compatible; YandexBot/3.0; +http://yandex.com/bots)" "-"
5.45.207.181 - - [19/Jul/2020:07:49:19 +0000] "GET /tag/%D1%81%D0%BB%D0%BE%D0%BD/?p=5 HTTP/1.1" 200 11655 "-" "Mozilla/5.0 (compatible; YandexBot/3.0; +http://yandex.com/bots)"
178.154.200.151 - - [19/Jul/2020:07:49:19 +0000] "GET /%D0%BF%D0%B5%D1%80%D0%B2%D1%8B%D0%B9-%D0%B2%D1%81%D0%B5%D1%80%D0%BE%D1%81%D1%81%D0%B8%D0%B9%D1%81%D0%BA%D0%B8%D0%B9-%D1%87%D0%B5%D0%BC%D0%BF%D0%B8%D0%BE%D0%BD%D0%B0%D1%82-%D0%BF%D0%BE-%D0%BD%D0%B0%D0%B5%D0%B1%D0%B0%D0%BB%D0%BE%D0%B2%D1%83/?p=2 HTTP/1.1" 200 13478 "-" "Mozilla/5.0 (compatible; YandexBot/3.0; +http://yandex.com/bots)" "-"
178.154.200.151 - - [19/Jul/2020:07:49:19 +0000] "GET /%D0%BF%D0%B5%D1%80%D0%B2%D1%8B%D0%B9-%D0%B2%D1%81%D0%B5%D1%80%D0%BE%D1%81%D1%81%D0%B8%D0%B9%D1%81%D0%BA%D0%B8%D0%B9-%D1%87%D0%B5%D0%BC%D0%BF%D0%B8%D0%BE%D0%BD%D0%B0%D1%82-%D0%BF%D0%BE-%D0%BD%D0%B0%D0%B5%D0%B1%D0%B0%D0%BB%D0%BE%D0%B2%D1%83/?p=2 HTTP/1.1" 200 13478 "-" "Mozilla/5.0 (compatible; YandexBot/3.0; +http://yandex.com/bots)"
178.154.200.206 - - [19/Jul/2020:07:49:20 +0000] "GET /70-%D0%B5-%D0%B3%D0%BE%D0%B4%D1%8B-%D0%A0%D0%B0%D0%B1%D0%B8%D0%BD%D0%BE%D0%B2%D0%B8%D1%87%D0%B0-%D0%B2%D1%8B%D0%B7%D1%8B%D0%B2%D0%B0%D1%8E%D1%82-%D0%B2-%D0%9A%D0%93%D0%91/?p=1 HTTP/1.1" 200 13567 "-" "Mozilla/5.0 (compatible; YandexBot/3.0; +http://yandex.com/bots)" "-"
178.154.200.206 - - [19/Jul/2020:07:49:20 +0000] "GET /70-%D0%B5-%D0%B3%D0%BE%D0%B4%D1%8B-%D0%A0%D0%B0%D0%B1%D0%B8%D0%BD%D0%BE%D0%B2%D0%B8%D1%87%D0%B0-%D0%B2%D1%8B%D0%B7%D1%8B%D0%B2%D0%B0%D1%8E%D1%82-%D0%B2-%D0%9A%D0%93%D0%91/?p=1 HTTP/1.1" 200 13567 "-" "Mozilla/5.0 (compatible; YandexBot/3.0; +http://yandex.com/bots)"
178.154.200.81 - - [19/Jul/2020:07:49:20 +0000] "GET /%D1%81%D1%82%D0%BE%D0%B8%D1%82-%D0%A4%D1%80%D0%B8%D0%B4%D1%80%D0%B8%D1%85-%D0%9D%D0%B8%D1%86%D1%88%D0%B5-%D1%83-%D0%BF%D1%80%D0%B8%D0%BB%D0%B0%D0%B2%D0%BA%D0%B0-%D0%B8-%D0%B4%D1%83%D0%BC%D0%B0%D0%B5%D1%82-%D0%BA%D0%B0%D0%BA%D1%83%D1%8E/?p=3 HTTP/1.1" 200 14739 "-" "Mozilla/5.0 (compatible; YandexBot/3.0; +http://yandex.com/bots)" "-"
178.154.200.81 - - [19/Jul/2020:07:49:20 +0000] "GET /%D1%81%D1%82%D0%BE%D0%B8%D1%82-%D0%A4%D1%80%D0%B8%D0%B4%D1%80%D0%B8%D1%85-%D0%9D%D0%B8%D1%86%D1%88%D0%B5-%D1%83-%D0%BF%D1%80%D0%B8%D0%BB%D0%B0%D0%B2%D0%BA%D0%B0-%D0%B8-%D0%B4%D1%83%D0%BC%D0%B0%D0%B5%D1%82-%D0%BA%D0%B0%D0%BA%D1%83%D1%8E/?p=3 HTTP/1.1" 200 14739 "-" "Mozilla/5.0 (compatible; YandexBot/3.0; +http://yandex.com/bots)"
5.45.207.181 - - [19/Jul/2020:07:49:20 +0000] "GET /%D0%BF%D0%B5%D1%80%D0%B5%D0%BF%D0%BE%D0%BB%D0%BD%D0%B5%D0%BD%D0%BD%D1%8B%D0%B9-%D0%B0%D0%B2%D1%82%D0%BE%D0%B1%D1%83%D1%81-%D0%BE%D1%82%D0%BA%D1%83%D0%B4%D0%B0-%D1%82%D0%BE-%D0%B8%D0%B7-%D1%86%D0%B5%D0%BD%D1%82%D1%80%D0%B0-%D1%82%D0%BE%D0%BB%D0%BF%D1%8B/?p=3 HTTP/1.1" 200 10725 "-" "Mozilla/5.0 (compatible; YandexBot/3.0; +http://yandex.com/bots)" "-"
5.45.207.181 - - [19/Jul/2020:07:49:20 +0000] "GET /%D0%BF%D0%B5%D1%80%D0%B5%D0%BF%D0%BE%D0%BB%D0%BD%D0%B5%D0%BD%D0%BD%D1%8B%D0%B9-%D0%B0%D0%B2%D1%82%D0%BE%D0%B1%D1%83%D1%81-%D0%BE%D1%82%D0%BA%D1%83%D0%B4%D0%B0-%D1%82%D0%BE-%D0%B8%D0%B7-%D1%86%D0%B5%D0%BD%D1%82%D1%80%D0%B0-%D1%82%D0%BE%D0%BB%D0%BF%D1%8B/?p=3 HTTP/1.1" 200 10725 "-" "Mozilla/5.0 (compatible; YandexBot/3.0; +http://yandex.com/bots)"
178.154.200.151 - - [19/Jul/2020:07:49:21 +0000] "GET /%D0%BF%D1%80%D0%B8%D1%88%D0%BB%D0%B0-%D0%B6%D0%B5%D0%BD%D0%B0-%D0%BD%D0%B0-%D0%BA%D1%83%D1%85%D0%BD%D1%8E-%D0%B8-%D0%B4%D0%B0%D0%B2%D0%B0%D0%B9-%D0%BF%D0%B5%D1%80%D0%B4%D0%B5%D1%82%D1%8C/?p=3 HTTP/1.1" 200 9241 "-" "Mozilla/5.0 (compatible; YandexBot/3.0; +http://yandex.com/bots)" "-"
178.154.200.151 - - [19/Jul/2020:07:49:21 +0000] "GET /%D0%BF%D1%80%D0%B8%D1%88%D0%BB%D0%B0-%D0%B6%D0%B5%D0%BD%D0%B0-%D0%BD%D0%B0-%D0%BA%D1%83%D1%85%D0%BD%D1%8E-%D0%B8-%D0%B4%D0%B0%D0%B2%D0%B0%D0%B9-%D0%BF%D0%B5%D1%80%D0%B4%D0%B5%D1%82%D1%8C/?p=3 HTTP/1.1" 200 9241 "-" "Mozilla/5.0 (compatible; YandexBot/3.0; +http://yandex.com/bots)"
178.154.200.206 - - [19/Jul/2020:07:49:21 +0000] "GET /%D0%B2%D1%81%D1%82%D1%80%D0%B5%D1%82%D0%B8%D0%BB%D0%B8%D1%81%D1%8C-%D1%85%D0%BE%D0%B9-%D0%B3%D0%BE%D1%80%D1%88%D0%BE%D0%BA-%D0%B8-%D0%BB%D0%B5%D1%82%D0%BE%D0%B2/?p=3 HTTP/1.1" 200 14905 "-" "Mozilla/5.0 (compatible; YandexBot/3.0; +http://yandex.com/bots)" "-"
178.154.200.206 - - [19/Jul/2020:07:49:21 +0000] "GET /%D0%B2%D1%81%D1%82%D1%80%D0%B5%D1%82%D0%B8%D0%BB%D0%B8%D1%81%D1%8C-%D1%85%D0%BE%D0%B9-%D0%B3%D0%BE%D1%80%D1%88%D0%BE%D0%BA-%D0%B8-%D0%BB%D0%B5%D1%82%D0%BE%D0%B2/?p=3 HTTP/1.1" 200 14905 "-" "Mozilla/5.0 (compatible; YandexBot/3.0; +http://yandex.com/bots)"
178.154.200.81 - - [19/Jul/2020:07:49:21 +0000] "GET /tag/%D0%A1%D0%A1%D0%A1%D0%A0/?p=4 HTTP/1.1" 200 11071 "-" "Mozilla/5.0 (compatible; YandexBot/3.0; +http://yandex.com/bots)" "-"
178.154.200.81 - - [19/Jul/2020:07:49:21 +0000] "GET /tag/%D0%A1%D0%A1%D0%A1%D0%A0/?p=4 HTTP/1.1" 200 11071 "-" "Mozilla/5.0 (compatible; YandexBot/3.0; +http://yandex.com/bots)"
5.45.207.181 - - [19/Jul/2020:07:49:22 +0000] "GET /tag/%D0%BF%D1%80%D0%BE%D1%81%D1%82%D0%B8%D1%82%D1%83%D1%82%D0%BA%D0%B0/?p=3 HTTP/1.1" 200 11474 "-" "Mozilla/5.0 (compatible; YandexBot/3.0; +http://yandex.com/bots)" "-"
5.45.207.181 - - [19/Jul/2020:07:49:22 +0000] "GET /tag/%D0%BF%D1%80%D0%BE%D1%81%D1%82%D0%B8%D1%82%D1%83%D1%82%D0%BA%D0%B0/?p=3 HTTP/1.1" 200 11474 "-" "Mozilla/5.0 (compatible; YandexBot/3.0; +http://yandex.com/bots)"
178.154.200.151 - - [19/Jul/2020:07:49:22 +0000] "GET /tag/%D1%83%D0%BA%D1%80%D0%B0%D0%B8%D0%BD%D0%B5%D1%86/?p=6 HTTP/1.1" 200 11717 "-" "Mozilla/5.0 (compatible; YandexBot/3.0; +http://yandex.com/bots)" "-"
178.154.200.151 - - [19/Jul/2020:07:49:22 +0000] "GET /tag/%D1%83%D0%BA%D1%80%D0%B0%D0%B8%D0%BD%D0%B5%D1%86/?p=6 HTTP/1.1" 200 11717 "-" "Mozilla/5.0 (compatible; YandexBot/3.0; +http://yandex.com/bots)"
178.154.200.206 - - [19/Jul/2020:07:49:22 +0000] "GET /-%D1%81%D0%BA%D0%BE%D0%BB%D1%8C%D0%BA%D0%BE-%D1%83-%D0%BD%D0%B0%D1%81-%D1%88%D0%BF%D0%B0%D0%B3-%D1%87%D0%B5%D1%82%D1%8B%D1%80%D0%B5-%D1%81%D0%BA%D0%BE%D0%BB%D1%8C%D0%BA%D0%BE-%D1%83-%D0%BD%D0%B0%D1%81-%D0%BC%D1%83%D1%88%D0%BA%D0%B5%D1%82%D0%BE%D0%B2/ HTTP/1.1" 200 13271 "-" "Mozilla/5.0 (compatible; YandexBot/3.0; +http://yandex.com/bots)" "-"
178.154.200.206 - - [19/Jul/2020:07:49:22 +0000] "GET /-%D1%81%D0%BA%D0%BE%D0%BB%D1%8C%D0%BA%D0%BE-%D1%83-%D0%BD%D0%B0%D1%81-%D1%88%D0%BF%D0%B0%D0%B3-%D1%87%D0%B5%D1%82%D1%8B%D1%80%D0%B5-%D1%81%D0%BA%D0%BE%D0%BB%D1%8C%D0%BA%D0%BE-%D1%83-%D0%BD%D0%B0%D1%81-%D0%BC%D1%83%D1%88%D0%BA%D0%B5%D1%82%D0%BE%D0%B2/ HTTP/1.1" 200 13271 "-" "Mozilla/5.0 (compatible; YandexBot/3.0; +http://yandex.com/bots)"
91.230.25.118 - - [19/Jul/2020:07:49:23 +0000] "GET /%D0%BF%D0%B8%D1%80%D0%B0%D1%82%D1%81%D0%BA%D0%B0%D1%8F-%D1%88%D1%85%D1%83%D0%BD%D0%B0-%D0%B7%D0%B0%D1%85%D0%B2%D0%B0%D1%82%D0%B8%D0%BB%D0%B0-%D1%84%D1%80%D0%B5%D0%B3%D0%B0%D1%82-%D1%82%D1%80%D1%8E%D0%BC-%D0%BE%D0%B1%D1%8B%D1%81%D0%BA%D0%B0%D0%BB%D0%B8/ HTTP/2.0" 200 14095 "https://baneks.site/tag/%D0%BF%D0%B8%D1%80%D0%B0%D1%82/" "Mozilla/5.0 (Linux; Android 9; Redmi Note 7) AppleWebKit/537.36 (KHTML, like Gecko) Chrome/83.0.4103.106 Mobile Safari/537.36" "-"
91.230.25.118 - - [19/Jul/2020:07:49:23 +0000] "GET /%D0%BF%D0%B8%D1%80%D0%B0%D1%82%D1%81%D0%BA%D0%B0%D1%8F-%D1%88%D1%85%D1%83%D0%BD%D0%B0-%D0%B7%D0%B0%D1%85%D0%B2%D0%B0%D1%82%D0%B8%D0%BB%D0%B0-%D1%84%D1%80%D0%B5%D0%B3%D0%B0%D1%82-%D1%82%D1%80%D1%8E%D0%BC-%D0%BE%D0%B1%D1%8B%D1%81%D0%BA%D0%B0%D0%BB%D0%B8/ HTTP/2.0" 200 14095 "https://baneks.site/tag/%D0%BF%D0%B8%D1%80%D0%B0%D1%82/" "Mozilla/5.0 (Linux; Android 9; Redmi Note 7) AppleWebKit/537.36 (KHTML, like Gecko) Chrome/83.0.4103.106 Mobile Safari/537.36"
176.193.24.191 - - [19/Jul/2020:07:49:23 +0000] "POST /admin/jokes/joke/25783/change/ HTTP/2.0" 302 0 "https://baneks.site/admin/jokes/joke/25783/change/" "Mozilla/5.0 (X11; Linux x86_64) AppleWebKit/537.36 (KHTML, like Gecko) Chrome/81.0.4044.138 Safari/537.36" "-"
176.193.24.191 - - [19/Jul/2020:07:49:23 +0000] "POST /admin/jokes/joke/25783/change/ HTTP/2.0" 302 0 "https://baneks.site/admin/jokes/joke/25783/change/" "Mozilla/5.0 (X11; Linux x86_64) AppleWebKit/537.36 (KHTML, like Gecko) Chrome/81.0.4044.138 Safari/537.36"
178.154.200.81 - - [19/Jul/2020:07:49:23 +0000] "GET /%D0%BD%D0%B5%D0%B1%D0%BE%D0%B3%D0%B0%D1%82%D1%8B%D0%B5-%D1%84%D1%80%D0%B8%D0%BA%D0%B0%D0%B4%D0%B5%D0%BB%D1%8C%D0%BA%D0%B8/ HTTP/1.1" 200 12102 "-" "Mozilla/5.0 (compatible; YandexBot/3.0; +http://yandex.com/bots)" "-"
178.154.200.81 - - [19/Jul/2020:07:49:23 +0000] "GET /%D0%BD%D0%B5%D0%B1%D0%BE%D0%B3%D0%B0%D1%82%D1%8B%D0%B5-%D1%84%D1%80%D0%B8%D0%BA%D0%B0%D0%B4%D0%B5%D0%BB%D1%8C%D0%BA%D0%B8/ HTTP/1.1" 200 12102 "-" "Mozilla/5.0 (compatible; YandexBot/3.0; +http://yandex.com/bots)"
5.45.207.181 - - [19/Jul/2020:07:49:23 +0000] "GET /tag/%D1%81%D0%B2%D0%B0%D0%B4%D1%8C%D0%B1%D0%B0/ HTTP/1.1" 200 11487 "-" "Mozilla/5.0 (compatible; YandexBot/3.0; +http://yandex.com/bots)" "-"
5.45.207.181 - - [19/Jul/2020:07:49:23 +0000] "GET /tag/%D1%81%D0%B2%D0%B0%D0%B4%D1%8C%D0%B1%D0%B0/ HTTP/1.1" 200 11487 "-" "Mozilla/5.0 (compatible; YandexBot/3.0; +http://yandex.com/bots)"
176.193.24.191 - - [19/Jul/2020:07:49:23 +0000] "GET /admin/jokes/joke/25784/change/ HTTP/2.0" 200 11007 "https://baneks.site/admin/jokes/joke/25783/change/" "Mozilla/5.0 (X11; Linux x86_64) AppleWebKit/537.36 (KHTML, like Gecko) Chrome/81.0.4044.138 Safari/537.36" "-"
176.193.24.191 - - [19/Jul/2020:07:49:23 +0000] "GET /admin/jokes/joke/25784/change/ HTTP/2.0" 200 11007 "https://baneks.site/admin/jokes/joke/25783/change/" "Mozilla/5.0 (X11; Linux x86_64) AppleWebKit/537.36 (KHTML, like Gecko) Chrome/81.0.4044.138 Safari/537.36"
5.45.207.181 - - [19/Jul/2020:07:49:24 +0000] "GET /%D1%82%D1%83%D1%80%D0%BA%D0%BC%D0%B5%D0%BD%D1%81%D0%BA%D0%B8%D0%B5-%D1%83%D1%87%D0%B5%D0%BD%D1%8B%D0%B5-%D0%B4%D0%BE%D0%BA%D0%B0%D0%B7%D0%B0%D0%BB%D0%B8-%D1%87%D1%82%D0%BE-%D0%97%D0%B5%D0%BC%D0%BB%D1%8F/ HTTP/1.1" 200 13169 "-" "Mozilla/5.0 (compatible; YandexBot/3.0; +http://yandex.com/bots)" "-"
5.45.207.181 - - [19/Jul/2020:07:49:24 +0000] "GET /%D1%82%D1%83%D1%80%D0%BA%D0%BC%D0%B5%D0%BD%D1%81%D0%BA%D0%B8%D0%B5-%D1%83%D1%87%D0%B5%D0%BD%D1%8B%D0%B5-%D0%B4%D0%BE%D0%BA%D0%B0%D0%B7%D0%B0%D0%BB%D0%B8-%D1%87%D1%82%D0%BE-%D0%97%D0%B5%D0%BC%D0%BB%D1%8F/ HTTP/1.1" 200 13169 "-" "Mozilla/5.0 (compatible; YandexBot/3.0; +http://yandex.com/bots)"
46.229.168.144 - - [19/Jul/2020:07:49:24 +0000] "GET /%D0%BD%D0%B0-%D0%BF%D1%80%D0%BE%D0%B3%D1%83%D0%BB%D0%BA%D0%B5-%D0%B2-%D0%BF%D0%B0%D1%80%D0%BA%D0%B5-%D0%BC%D0%B0%D0%BC%D0%B0-%D1%8F-%D0%BF%D0%B8%D1%81%D0%B0%D1%82%D1%8C-%D1%85%D0%BE%D1%87%D1%83-%D1%82%D0%B8%D1%88%D0%B5/?p=1 HTTP/1.1" 200 14991 "-" "Mozilla/5.0 (compatible; SemrushBot/6~bl; +http://www.semrush.com/bot.html)" "-"
46.229.168.144 - - [19/Jul/2020:07:49:24 +0000] "GET /%D0%BD%D0%B0-%D0%BF%D1%80%D0%BE%D0%B3%D1%83%D0%BB%D0%BA%D0%B5-%D0%B2-%D0%BF%D0%B0%D1%80%D0%BA%D0%B5-%D0%BC%D0%B0%D0%BC%D0%B0-%D1%8F-%D0%BF%D0%B8%D1%81%D0%B0%D1%82%D1%8C-%D1%85%D0%BE%D1%87%D1%83-%D1%82%D0%B8%D1%88%D0%B5/?p=1 HTTP/1.1" 200 14991 "-" "Mozilla/5.0 (compatible; SemrushBot/6~bl; +http://www.semrush.com/bot.html)"
178.154.200.151 - - [19/Jul/2020:07:49:24 +0000] "GET /-%D1%81-%D0%BE%D0%B4%D0%BD%D0%BE%D0%B9-%D1%81%D1%82%D0%BE%D1%80%D0%BE%D0%BD%D1%8B-%D0%B2%D0%B8%D1%81%D0%BA%D0%B8-%D0%BF%D0%B8%D1%82%D1%8C-%D1%85%D0%BE%D1%80%D0%BE%D1%88%D0%BE-%D0%B0-%D1%81-%D0%B4%D1%80%D1%83%D0%B3%D0%BE%D0%B9-%D0%BD%D0%B5%D1%83%D0%B4/ HTTP/1.1" 200 12958 "-" "Mozilla/5.0 (compatible; YandexBot/3.0; +http://yandex.com/bots)" "-"
178.154.200.151 - - [19/Jul/2020:07:49:24 +0000] "GET /-%D1%81-%D0%BE%D0%B4%D0%BD%D0%BE%D0%B9-%D1%81%D1%82%D0%BE%D1%80%D0%BE%D0%BD%D1%8B-%D0%B2%D0%B8%D1%81%D0%BA%D0%B8-%D0%BF%D0%B8%D1%82%D1%8C-%D1%85%D0%BE%D1%80%D0%BE%D1%88%D0%BE-%D0%B0-%D1%81-%D0%B4%D1%80%D1%83%D0%B3%D0%BE%D0%B9-%D0%BD%D0%B5%D1%83%D0%B4/ HTTP/1.1" 200 12958 "-" "Mozilla/5.0 (compatible; YandexBot/3.0; +http://yandex.com/bots)"
178.154.200.81 - - [19/Jul/2020:07:49:24 +0000] "GET /-hello-my-name-is-Peter-without-s-but-there-is-no/ HTTP/1.1" 200 11372 "-" "Mozilla/5.0 (compatible; YandexBot/3.0; +http://yandex.com/bots)" "-"
178.154.200.81 - - [19/Jul/2020:07:49:24 +0000] "GET /-hello-my-name-is-Peter-without-s-but-there-is-no/ HTTP/1.1" 200 11372 "-" "Mozilla/5.0 (compatible; YandexBot/3.0; +http://yandex.com/bots)"
5.45.207.181 - - [19/Jul/2020:07:49:25 +0000] "GET /%D0%BA%D0%B0%D0%BA-%D0%BE%D1%82%D0%BB%D0%B8%D1%87%D0%B8%D1%82%D1%8C-%D1%81%D0%B0%D0%BC%D1%86%D0%B0-%D0%B7%D0%B0%D0%B9%D1%86%D0%B0-%D0%BE%D1%82-%D1%81%D0%B0%D0%BC%D0%BA%D0%B8-%D0%B7%D0%B0%D0%B9%D1%86%D0%B0/ HTTP/1.1" 200 13122 "-" "Mozilla/5.0 (compatible; YandexBot/3.0; +http://yandex.com/bots)" "-"
5.45.207.181 - - [19/Jul/2020:07:49:25 +0000] "GET /%D0%BA%D0%B0%D0%BA-%D0%BE%D1%82%D0%BB%D0%B8%D1%87%D0%B8%D1%82%D1%8C-%D1%81%D0%B0%D0%BC%D1%86%D0%B0-%D0%B7%D0%B0%D0%B9%D1%86%D0%B0-%D0%BE%D1%82-%D1%81%D0%B0%D0%BC%D0%BA%D0%B8-%D0%B7%D0%B0%D0%B9%D1%86%D0%B0/ HTTP/1.1" 200 13122 "-" "Mozilla/5.0 (compatible; YandexBot/3.0; +http://yandex.com/bots)"
178.154.200.151 - - [19/Jul/2020:07:49:25 +0000] "GET /%D0%B0-%D0%B2%D1%8B-%D0%BA%D0%B0%D0%BA-%D0%BF%D1%80%D0%BE%D0%B4%D1%83%D0%BA%D1%82%D1%8B-%D0%BF%D1%80%D0%BE%D0%B2%D0%B5%D1%80%D1%8F%D0%B5%D1%82%D0%B5-%D0%BC%D1%8B-%D0%BA%D0%BE%D1%82%D0%BE%D0%BC-%D0%BF%D1%80%D0%BE%D0%B2%D0%B5%D1%80%D1%8F%D0%B5%D0%BC/?p=3 HTTP/1.1" 200 9603 "-" "Mozilla/5.0 (compatible; YandexBot/3.0; +http://yandex.com/bots)" "-"
178.154.200.151 - - [19/Jul/2020:07:49:25 +0000] "GET /%D0%B0-%D0%B2%D1%8B-%D0%BA%D0%B0%D0%BA-%D0%BF%D1%80%D0%BE%D0%B4%D1%83%D0%BA%D1%82%D1%8B-%D0%BF%D1%80%D0%BE%D0%B2%D0%B5%D1%80%D1%8F%D0%B5%D1%82%D0%B5-%D0%BC%D1%8B-%D0%BA%D0%BE%D1%82%D0%BE%D0%BC-%D0%BF%D1%80%D0%BE%D0%B2%D0%B5%D1%80%D1%8F%D0%B5%D0%BC/?p=3 HTTP/1.1" 200 9603 "-" "Mozilla/5.0 (compatible; YandexBot/3.0; +http://yandex.com/bots)"
178.154.200.206 - - [19/Jul/2020:07:49:25 +0000] "GET /-%D0%B7%D0%B4%D1%80%D0%B0%D0%B2%D1%81%D1%82%D0%B2%D1%83%D0%B9%D1%82%D0%B5-%D0%B7%D0%B4%D0%B5%D1%81%D1%8C-%D0%B6%D0%B8%D0%B2%D1%91%D1%82-%D0%AD%D0%B4%D0%B8%D1%82%D0%B0-%D0%9F%D1%8C%D0%B5%D1%85%D0%B0-%D0%B4%D0%BE%D0%B1%D1%80%D1%8B%D0%B9-%D0%B4%D0%B5%D0%BD%D1%8C/ HTTP/1.1" 200 13560 "-" "Mozilla/5.0 (compatible; YandexBot/3.0; +http://yandex.com/bots)" "-"
178.154.200.206 - - [19/Jul/2020:07:49:25 +0000] "GET /-%D0%B7%D0%B4%D1%80%D0%B0%D0%B2%D1%81%D1%82%D0%B2%D1%83%D0%B9%D1%82%D0%B5-%D0%B7%D0%B4%D0%B5%D1%81%D1%8C-%D0%B6%D0%B8%D0%B2%D1%91%D1%82-%D0%AD%D0%B4%D0%B8%D1%82%D0%B0-%D0%9F%D1%8C%D0%B5%D1%85%D0%B0-%D0%B4%D0%BE%D0%B1%D1%80%D1%8B%D0%B9-%D0%B4%D0%B5%D0%BD%D1%8C/ HTTP/1.1" 200 13560 "-" "Mozilla/5.0 (compatible; YandexBot/3.0; +http://yandex.com/bots)"
178.154.200.81 - - [19/Jul/2020:07:49:26 +0000] "GET /%D1%85%D1%83%D0%B9-%D1%81-%D0%B3%D0%BE%D1%80%D1%8B/ HTTP/1.1" 200 12253 "-" "Mozilla/5.0 (compatible; YandexBot/3.0; +http://yandex.com/bots)" "-"
178.154.200.81 - - [19/Jul/2020:07:49:26 +0000] "GET /%D1%85%D1%83%D0%B9-%D1%81-%D0%B3%D0%BE%D1%80%D1%8B/ HTTP/1.1" 200 12253 "-" "Mozilla/5.0 (compatible; YandexBot/3.0; +http://yandex.com/bots)"
5.45.207.181 - - [19/Jul/2020:07:49:26 +0000] "GET /%D0%B8%D0%B4%D0%B5%D1%82-%D0%9F%D1%83%D1%88%D0%BA%D0%B8%D0%BD-%D0%BF%D0%BE-%D0%BF%D1%80%D0%BE%D1%81%D0%B5%D0%BB%D0%BE%D1%87%D0%BD%D0%BE%D0%B9-%D0%B4%D0%BE%D1%80%D0%BE%D0%B3%D0%B5/?p=3 HTTP/1.1" 200 14126 "-" "Mozilla/5.0 (compatible; YandexBot/3.0; +http://yandex.com/bots)" "-"
5.45.207.181 - - [19/Jul/2020:07:49:26 +0000] "GET /%D0%B8%D0%B4%D0%B5%D1%82-%D0%9F%D1%83%D1%88%D0%BA%D0%B8%D0%BD-%D0%BF%D0%BE-%D0%BF%D1%80%D0%BE%D1%81%D0%B5%D0%BB%D0%BE%D1%87%D0%BD%D0%BE%D0%B9-%D0%B4%D0%BE%D1%80%D0%BE%D0%B3%D0%B5/?p=3 HTTP/1.1" 200 14126 "-" "Mozilla/5.0 (compatible; YandexBot/3.0; +http://yandex.com/bots)"
178.154.200.151 - - [19/Jul/2020:07:49:26 +0000] "GET /%D0%B8%D0%B4%D1%91%D1%82-%D0%BC%D1%83%D0%B6%D0%B8%D0%BA-%D0%BF%D0%BE-%D0%BA%D0%BB%D0%B0%D0%B4%D0%B1%D0%B8%D1%89%D1%83-%D0%B2%D0%B4%D1%80%D1%83%D0%B3-%D0%B8%D0%B7-%D0%BC%D0%BE%D0%B3%D0%B8%D0%BB%D1%8B-%D0%B2%D1%8B%D0%BB%D0%B0%D0%B7%D0%B8%D0%B5%D1%82/?p=3 HTTP/1.1" 200 8426 "-" "Mozilla/5.0 (compatible; YandexBot/3.0; +http://yandex.com/bots)" "-"
178.154.200.151 - - [19/Jul/2020:07:49:26 +0000] "GET /%D0%B8%D0%B4%D1%91%D1%82-%D0%BC%D1%83%D0%B6%D0%B8%D0%BA-%D0%BF%D0%BE-%D0%BA%D0%BB%D0%B0%D0%B4%D0%B1%D0%B8%D1%89%D1%83-%D0%B2%D0%B4%D1%80%D1%83%D0%B3-%D0%B8%D0%B7-%D0%BC%D0%BE%D0%B3%D0%B8%D0%BB%D1%8B-%D0%B2%D1%8B%D0%BB%D0%B0%D0%B7%D0%B8%D0%B5%D1%82/?p=3 HTTP/1.1" 200 8426 "-" "Mozilla/5.0 (compatible; YandexBot/3.0; +http://yandex.com/bots)"
178.154.200.206 - - [19/Jul/2020:07:49:27 +0000] "GET /%D0%BF%D0%BB%D0%B0%D1%87%D0%B5%D1%82-%D0%BC%D0%B0%D0%BB%D0%B5%D0%BD%D1%8C%D0%BA%D0%B8%D0%B9-%D0%BB%D1%8E%D0%B4%D0%BE%D0%B5%D0%B4-%D0%BF%D0%BE%D0%B4-%D0%BF%D0%B0%D0%BB%D1%8C%D0%BC%D0%BE%D0%B9/?p=2 HTTP/1.1" 200 11627 "-" "Mozilla/5.0 (compatible; YandexBot/3.0; +http://yandex.com/bots)" "-"
178.154.200.206 - - [19/Jul/2020:07:49:27 +0000] "GET /%D0%BF%D0%BB%D0%B0%D1%87%D0%B5%D1%82-%D0%BC%D0%B0%D0%BB%D0%B5%D0%BD%D1%8C%D0%BA%D0%B8%D0%B9-%D0%BB%D1%8E%D0%B4%D0%BE%D0%B5%D0%B4-%D0%BF%D0%BE%D0%B4-%D0%BF%D0%B0%D0%BB%D1%8C%D0%BC%D0%BE%D0%B9/?p=2 HTTP/1.1" 200 11627 "-" "Mozilla/5.0 (compatible; YandexBot/3.0; +http://yandex.com/bots)"
178.154.200.81 - - [19/Jul/2020:07:49:27 +0000] "GET /%D0%BF%D0%BE%D0%BB%D0%B8%D1%86%D0%B5%D0%B9%D1%81%D0%BA%D0%B8%D0%B5-%D0%B7%D0%B0%D0%B4%D0%B5%D1%80%D0%B6%D0%B0%D0%BB%D0%B8-%D0%B4%D0%B5%D1%80%D0%B5%D0%B2%D0%BE-%D0%BF%D0%BE-%D0%B8%D1%85-%D1%81%D0%BB%D0%BE%D0%B2%D0%B0%D0%BC/ HTTP/1.1" 200 12937 "-" "Mozilla/5.0 (compatible; YandexBot/3.0; +http://yandex.com/bots)" "-"
178.154.200.81 - - [19/Jul/2020:07:49:27 +0000] "GET /%D0%BF%D0%BE%D0%BB%D0%B8%D1%86%D0%B5%D0%B9%D1%81%D0%BA%D0%B8%D0%B5-%D0%B7%D0%B0%D0%B4%D0%B5%D1%80%D0%B6%D0%B0%D0%BB%D0%B8-%D0%B4%D0%B5%D1%80%D0%B5%D0%B2%D0%BE-%D0%BF%D0%BE-%D0%B8%D1%85-%D1%81%D0%BB%D0%BE%D0%B2%D0%B0%D0%BC/ HTTP/1.1" 200 12937 "-" "Mozilla/5.0 (compatible; YandexBot/3.0; +http://yandex.com/bots)"
5.45.207.181 - - [19/Jul/2020:07:49:28 +0000] "GET /tag/%D0%BC%D1%83%D0%B6%D0%B8%D0%BA/?p=48 HTTP/1.1" 200 11313 "-" "Mozilla/5.0 (compatible; YandexBot/3.0; +http://yandex.com/bots)" "-"
5.45.207.181 - - [19/Jul/2020:07:49:28 +0000] "GET /tag/%D0%BC%D1%83%D0%B6%D0%B8%D0%BA/?p=48 HTTP/1.1" 200 11313 "-" "Mozilla/5.0 (compatible; YandexBot/3.0; +http://yandex.com/bots)"
5.45.207.181 - - [19/Jul/2020:07:49:28 +0000] "GET /tag/%D0%B8%D0%B7%D0%B1%D0%B0/?p=2 HTTP/1.1" 200 7972 "-" "Mozilla/5.0 (compatible; YandexBot/3.0; +http://yandex.com/bots)" "-"
5.45.207.181 - - [19/Jul/2020:07:49:28 +0000] "GET /tag/%D0%B8%D0%B7%D0%B1%D0%B0/?p=2 HTTP/1.1" 200 7972 "-" "Mozilla/5.0 (compatible; YandexBot/3.0; +http://yandex.com/bots)"
178.154.200.151 - - [19/Jul/2020:07:49:29 +0000] "GET /%D0%BF%D1%80%D0%B8%D0%B3%D0%BB%D0%B0%D1%81%D0%B8%D0%BB-%D1%81%D1%82%D1%83%D0%B4%D0%B5%D0%BD%D1%82-%D0%B4%D0%B5%D0%B2%D1%83%D1%88%D0%BA%D1%83-%D0%BD%D0%B0-%D0%B4%D0%B8%D1%81%D0%BA%D0%BE%D1%82%D0%B5%D0%BA%D1%83/?p=3 HTTP/1.1" 200 11260 "-" "Mozilla/5.0 (compatible; YandexBot/3.0; +http://yandex.com/bots)" "-"
178.154.200.151 - - [19/Jul/2020:07:49:29 +0000] "GET /%D0%BF%D1%80%D0%B8%D0%B3%D0%BB%D0%B0%D1%81%D0%B8%D0%BB-%D1%81%D1%82%D1%83%D0%B4%D0%B5%D0%BD%D1%82-%D0%B4%D0%B5%D0%B2%D1%83%D1%88%D0%BA%D1%83-%D0%BD%D0%B0-%D0%B4%D0%B8%D1%81%D0%BA%D0%BE%D1%82%D0%B5%D0%BA%D1%83/?p=3 HTTP/1.1" 200 11260 "-" "Mozilla/5.0 (compatible; YandexBot/3.0; +http://yandex.com/bots)"
178.154.200.81 - - [19/Jul/2020:07:49:29 +0000] "GET /tag/%D1%83%D1%87%D0%B8%D1%82%D0%B5%D0%BB%D1%8C/?p=1 HTTP/1.1" 200 11450 "-" "Mozilla/5.0 (compatible; YandexBot/3.0; +http://yandex.com/bots)" "-"
178.154.200.81 - - [19/Jul/2020:07:49:29 +0000] "GET /tag/%D1%83%D1%87%D0%B8%D1%82%D0%B5%D0%BB%D1%8C/?p=1 HTTP/1.1" 200 11450 "-" "Mozilla/5.0 (compatible; YandexBot/3.0; +http://yandex.com/bots)"
5.45.207.181 - - [19/Jul/2020:07:49:30 +0000] "GET /tag/%D1%82%D0%B0%D0%BA%D1%81%D0%B8/?p=4 HTTP/1.1" 200 11271 "-" "Mozilla/5.0 (compatible; YandexBot/3.0; +http://yandex.com/bots)" "-"
5.45.207.181 - - [19/Jul/2020:07:49:30 +0000] "GET /tag/%D1%82%D0%B0%D0%BA%D1%81%D0%B8/?p=4 HTTP/1.1" 200 11271 "-" "Mozilla/5.0 (compatible; YandexBot/3.0; +http://yandex.com/bots)"
178.154.200.151 - - [19/Jul/2020:07:49:30 +0000] "GET /%D1%85%D0%BE%D0%B4%D1%8F%D1%82-%D0%BB%D1%8E%D0%B4%D0%B8-%D0%B2-%D0%BC%D0%B0%D1%81%D0%BA%D0%B0%D1%85-%D0%B1%D0%BE%D0%B4%D1%80%D1%8B%D0%B5-%D0%BD%D0%B0-%D0%B2%D0%B8%D0%B4/?p=2 HTTP/1.1" 200 12854 "-" "Mozilla/5.0 (compatible; YandexBot/3.0; +http://yandex.com/bots)" "-"
178.154.200.151 - - [19/Jul/2020:07:49:30 +0000] "GET /%D1%85%D0%BE%D0%B4%D1%8F%D1%82-%D0%BB%D1%8E%D0%B4%D0%B8-%D0%B2-%D0%BC%D0%B0%D1%81%D0%BA%D0%B0%D1%85-%D0%B1%D0%BE%D0%B4%D1%80%D1%8B%D0%B5-%D0%BD%D0%B0-%D0%B2%D0%B8%D0%B4/?p=2 HTTP/1.1" 200 12854 "-" "Mozilla/5.0 (compatible; YandexBot/3.0; +http://yandex.com/bots)"
178.154.200.81 - - [19/Jul/2020:07:49:31 +0000] "GET /%D0%B1%D0%B0%D0%B1%D0%BA%D0%B0-%D0%BF%D1%80%D0%B8%D1%85%D0%BE%D0%B4%D0%B8%D1%82-%D0%BA-%D0%B2%D1%80%D0%B0%D1%87%D1%83-%D0%B4%D0%BE%D0%BA%D1%82%D0%BE%D1%80-%D1%83-%D0%BC%D0%B5%D0%BD%D1%8F-%D1%87%D1%82%D0%BE-%D1%82%D0%BE-%D0%B2-%D0%B6%D0%BE%D0%BF%D0%B5/?p=3 HTTP/1.1" 200 13476 "-" "Mozilla/5.0 (compatible; YandexBot/3.0; +http://yandex.com/bots)" "-"
178.154.200.81 - - [19/Jul/2020:07:49:31 +0000] "GET /%D0%B1%D0%B0%D0%B1%D0%BA%D0%B0-%D0%BF%D1%80%D0%B8%D1%85%D0%BE%D0%B4%D0%B8%D1%82-%D0%BA-%D0%B2%D1%80%D0%B0%D1%87%D1%83-%D0%B4%D0%BE%D0%BA%D1%82%D0%BE%D1%80-%D1%83-%D0%BC%D0%B5%D0%BD%D1%8F-%D1%87%D1%82%D0%BE-%D1%82%D0%BE-%D0%B2-%D0%B6%D0%BE%D0%BF%D0%B5/?p=3 HTTP/1.1" 200 13476 "-" "Mozilla/5.0 (compatible; YandexBot/3.0; +http://yandex.com/bots)"
95.52.183.254 - - [19/Jul/2020:07:49:31 +0000] "GET /%D0%B2%D0%B5%D1%87%D0%B5%D1%80-%D0%BF%D1%83%D1%81%D1%82%D1%8B%D0%BD%D1%8F-%D0%B2-%D1%88%D1%82%D0%B0%D1%82%D0%B5-%D0%BD%D0%B5%D0%B2%D0%B0%D0%B4%D0%B0-%D1%83-%D0%B4%D0%BE%D1%80%D0%BE%D0%B3%D0%B8-%D0%B1%D0%B0%D1%80/ HTTP/2.0" 200 13623 "https://yandex.ru/" "Mozilla/5.0 (iPhone; CPU iPhone OS 12_4_7 like Mac OS X) AppleWebKit/605.1.15 (KHTML, like Gecko) Version/12.1.2 Mobile/15E148 Safari/604.1" "-"
95.52.183.254 - - [19/Jul/2020:07:49:31 +0000] "GET /%D0%B2%D0%B5%D1%87%D0%B5%D1%80-%D0%BF%D1%83%D1%81%D1%82%D1%8B%D0%BD%D1%8F-%D0%B2-%D1%88%D1%82%D0%B0%D1%82%D0%B5-%D0%BD%D0%B5%D0%B2%D0%B0%D0%B4%D0%B0-%D1%83-%D0%B4%D0%BE%D1%80%D0%BE%D0%B3%D0%B8-%D0%B1%D0%B0%D1%80/ HTTP/2.0" 200 13623 "https://yandex.ru/" "Mozilla/5.0 (iPhone; CPU iPhone OS 12_4_7 like Mac OS X) AppleWebKit/605.1.15 (KHTML, like Gecko) Version/12.1.2 Mobile/15E148 Safari/604.1"
5.45.207.181 - - [19/Jul/2020:07:49:31 +0000] "GET /%D1%85%D1%83%D0%B9-%D0%BF%D0%B8%D0%B7%D0%B4%D0%B0-%D0%BB%D0%BE%D0%BF%D0%B0%D1%82%D0%B0-%D0%B4%D0%BE%D0%BB%D0%B6%D0%BD%D0%BE-%D0%B1%D1%8B%D1%82%D1%8C-%D1%81%D0%BC%D0%B5%D1%88%D0%BD%D0%BE/?p=3 HTTP/1.1" 200 9484 "-" "Mozilla/5.0 (compatible; YandexBot/3.0; +http://yandex.com/bots)" "-"
5.45.207.181 - - [19/Jul/2020:07:49:31 +0000] "GET /%D1%85%D1%83%D0%B9-%D0%BF%D0%B8%D0%B7%D0%B4%D0%B0-%D0%BB%D0%BE%D0%BF%D0%B0%D1%82%D0%B0-%D0%B4%D0%BE%D0%BB%D0%B6%D0%BD%D0%BE-%D0%B1%D1%8B%D1%82%D1%8C-%D1%81%D0%BC%D0%B5%D1%88%D0%BD%D0%BE/?p=3 HTTP/1.1" 200 9484 "-" "Mozilla/5.0 (compatible; YandexBot/3.0; +http://yandex.com/bots)"
178.154.200.151 - - [19/Jul/2020:07:49:31 +0000] "GET /tag/%D0%BA%D0%BE%D1%80%D0%BE%D0%B2%D0%B0/?p=6 HTTP/1.1" 200 11267 "-" "Mozilla/5.0 (compatible; YandexBot/3.0; +http://yandex.com/bots)" "-"
178.154.200.151 - - [19/Jul/2020:07:49:31 +0000] "GET /tag/%D0%BA%D0%BE%D1%80%D0%BE%D0%B2%D0%B0/?p=6 HTTP/1.1" 200 11267 "-" "Mozilla/5.0 (compatible; YandexBot/3.0; +http://yandex.com/bots)"
178.154.200.81 - - [19/Jul/2020:07:49:32 +0000] "GET /tag/%D0%BC%D1%83%D0%B6%D0%B8%D0%BA/?p=38 HTTP/1.1" 200 11405 "-" "Mozilla/5.0 (compatible; YandexBot/3.0; +http://yandex.com/bots)" "-"
178.154.200.81 - - [19/Jul/2020:07:49:32 +0000] "GET /tag/%D0%BC%D1%83%D0%B6%D0%B8%D0%BA/?p=38 HTTP/1.1" 200 11405 "-" "Mozilla/5.0 (compatible; YandexBot/3.0; +http://yandex.com/bots)"
5.45.207.181 - - [19/Jul/2020:07:49:33 +0000] "GET /%D1%81%D0%BE%D0%B1%D1%80%D0%B0%D0%BB-%D0%B4%D0%B8%D1%80%D0%B5%D0%BA%D1%82%D0%BE%D1%80-%D0%B7%D0%BE%D0%BE%D0%BF%D0%B0%D1%80%D0%BA%D0%B0-%D1%81%D0%B2%D0%BE%D0%B8%D1%85-%D0%BF%D0%BE%D0%B4%D1%87%D0%B8%D0%BD%D0%B5%D0%BD%D0%BD%D1%8B%D1%85/?p=3 HTTP/1.1" 200 10118 "-" "Mozilla/5.0 (compatible; YandexBot/3.0; +http://yandex.com/bots)" "-"
5.45.207.181 - - [19/Jul/2020:07:49:33 +0000] "GET /%D1%81%D0%BE%D0%B1%D1%80%D0%B0%D0%BB-%D0%B4%D0%B8%D1%80%D0%B5%D0%BA%D1%82%D0%BE%D1%80-%D0%B7%D0%BE%D0%BE%D0%BF%D0%B0%D1%80%D0%BA%D0%B0-%D1%81%D0%B2%D0%BE%D0%B8%D1%85-%D0%BF%D0%BE%D0%B4%D1%87%D0%B8%D0%BD%D0%B5%D0%BD%D0%BD%D1%8B%D1%85/?p=3 HTTP/1.1" 200 10118 "-" "Mozilla/5.0 (compatible; YandexBot/3.0; +http://yandex.com/bots)"
178.154.200.151 - - [19/Jul/2020:07:49:33 +0000] "GET /%D0%92%D0%B0%D1%85%D1%82%D0%B0%D0%BD%D0%B3-%D0%BE%D1%87%D0%B5%D0%BD%D1%8C-%D0%BF%D0%B5%D1%80%D0%B5%D0%B6%D0%B8%D0%B2%D0%B0%D0%BB-%D0%B8%D0%B7-%D0%B7%D0%B0-%D0%BE%D0%B1%D0%B8%D0%BB%D1%8C%D0%BD%D0%BE%D0%B9/?p=4 HTTP/1.1" 200 8398 "-" "Mozilla/5.0 (compatible; YandexBot/3.0; +http://yandex.com/bots)" "-"
178.154.200.151 - - [19/Jul/2020:07:49:33 +0000] "GET /%D0%92%D0%B0%D1%85%D1%82%D0%B0%D0%BD%D0%B3-%D0%BE%D1%87%D0%B5%D0%BD%D1%8C-%D0%BF%D0%B5%D1%80%D0%B5%D0%B6%D0%B8%D0%B2%D0%B0%D0%BB-%D0%B8%D0%B7-%D0%B7%D0%B0-%D0%BE%D0%B1%D0%B8%D0%BB%D1%8C%D0%BD%D0%BE%D0%B9/?p=4 HTTP/1.1" 200 8398 "-" "Mozilla/5.0 (compatible; YandexBot/3.0; +http://yandex.com/bots)"
178.154.200.81 - - [19/Jul/2020:07:49:34 +0000] "GET /%D1%81%D1%83%D0%B4%D0%BE%D0%BC%D0%B5%D1%85%D0%B0%D0%BD%D0%B8%D0%BA-%D0%B7%D0%B0%D0%B1%D1%80%D0%B0%D0%B2-%D1%81%D1%8B%D0%BD%D0%B0-%D0%B8%D0%B7-%D0%B4%D0%B5%D1%82%D1%81%D0%BA%D0%BE%D0%B3%D0%BE-%D1%81%D0%B0%D0%B4%D0%B8%D0%BA%D0%B0-%D0%B8%D0%B4%D0%B5%D1%82/ HTTP/1.1" 200 13908 "-" "Mozilla/5.0 (compatible; YandexBot/3.0; +http://yandex.com/bots)" "-"
178.154.200.81 - - [19/Jul/2020:07:49:34 +0000] "GET /%D1%81%D1%83%D0%B4%D0%BE%D0%BC%D0%B5%D1%85%D0%B0%D0%BD%D0%B8%D0%BA-%D0%B7%D0%B0%D0%B1%D1%80%D0%B0%D0%B2-%D1%81%D1%8B%D0%BD%D0%B0-%D0%B8%D0%B7-%D0%B4%D0%B5%D1%82%D1%81%D0%BA%D0%BE%D0%B3%D0%BE-%D1%81%D0%B0%D0%B4%D0%B8%D0%BA%D0%B0-%D0%B8%D0%B4%D0%B5%D1%82/ HTTP/1.1" 200 13908 "-" "Mozilla/5.0 (compatible; YandexBot/3.0; +http://yandex.com/bots)"
95.52.183.254 - - [19/Jul/2020:07:49:34 +0000] "GET /%D0%B2%D0%B5%D1%87%D0%B5%D1%80-%D0%BF%D1%83%D1%81%D1%82%D1%8B%D0%BD%D1%8F-%D0%B2-%D1%88%D1%82%D0%B0%D1%82%D0%B5-%D0%BD%D0%B5%D0%B2%D0%B0%D0%B4%D0%B0-%D1%83-%D0%B4%D0%BE%D1%80%D0%BE%D0%B3%D0%B8-%D0%B1%D0%B0%D1%80/ HTTP/2.0" 200 13623 "https://baneks.site/%D0%B2%D0%B5%D1%87%D0%B5%D1%80-%D0%BF%D1%83%D1%81%D1%82%D1%8B%D0%BD%D1%8F-%D0%B2-%D1%88%D1%82%D0%B0%D1%82%D0%B5-%D0%BD%D0%B5%D0%B2%D0%B0%D0%B4%D0%B0-%D1%83-%D0%B4%D0%BE%D1%80%D0%BE%D0%B3%D0%B8-%D0%B1%D0%B0%D1%80/" "Mozilla/5.0 (iPhone; CPU iPhone OS 12_4_7 like Mac OS X) AppleWebKit/605.1.15 (KHTML, like Gecko) Version/12.1.2 Mobile/15E148 Safari/604.1" "-"
95.52.183.254 - - [19/Jul/2020:07:49:34 +0000] "GET /%D0%B2%D0%B5%D1%87%D0%B5%D1%80-%D0%BF%D1%83%D1%81%D1%82%D1%8B%D0%BD%D1%8F-%D0%B2-%D1%88%D1%82%D0%B0%D1%82%D0%B5-%D0%BD%D0%B5%D0%B2%D0%B0%D0%B4%D0%B0-%D1%83-%D0%B4%D0%BE%D1%80%D0%BE%D0%B3%D0%B8-%D0%B1%D0%B0%D1%80/ HTTP/2.0" 200 13623 "https://baneks.site/%D0%B2%D0%B5%D1%87%D0%B5%D1%80-%D0%BF%D1%83%D1%81%D1%82%D1%8B%D0%BD%D1%8F-%D0%B2-%D1%88%D1%82%D0%B0%D1%82%D0%B5-%D0%BD%D0%B5%D0%B2%D0%B0%D0%B4%D0%B0-%D1%83-%D0%B4%D0%BE%D1%80%D0%BE%D0%B3%D0%B8-%D0%B1%D0%B0%D1%80/" "Mozilla/5.0 (iPhone; CPU iPhone OS 12_4_7 like Mac OS X) AppleWebKit/605.1.15 (KHTML, like Gecko) Version/12.1.2 Mobile/15E148 Safari/604.1"
5.45.207.181 - - [19/Jul/2020:07:49:34 +0000] "GET /%D0%9F%D0%BE%D0%BB-%D1%80%D0%BE%D0%B4%D0%B8%D0%BB%D1%81%D1%8F-%D1%81%D0%B8%D1%80%D0%BE%D1%82%D0%BE%D0%B9-%D0%BE%D1%82%D0%B5%D1%86-%D0%B1%D1%80%D0%BE%D1%81%D0%B8%D0%BB-%D0%B5%D0%B3%D0%BE/?p=3 HTTP/1.1" 200 12689 "-" "Mozilla/5.0 (compatible; YandexBot/3.0; +http://yandex.com/bots)" "-"
5.45.207.181 - - [19/Jul/2020:07:49:34 +0000] "GET /%D0%9F%D0%BE%D0%BB-%D1%80%D0%BE%D0%B4%D0%B8%D0%BB%D1%81%D1%8F-%D1%81%D0%B8%D1%80%D0%BE%D1%82%D0%BE%D0%B9-%D0%BE%D1%82%D0%B5%D1%86-%D0%B1%D1%80%D0%BE%D1%81%D0%B8%D0%BB-%D0%B5%D0%B3%D0%BE/?p=3 HTTP/1.1" 200 12689 "-" "Mozilla/5.0 (compatible; YandexBot/3.0; +http://yandex.com/bots)"
178.154.200.151 - - [19/Jul/2020:07:49:34 +0000] "GET /%D1%83-%D0%BE%D0%B4%D0%BD%D0%BE%D0%B3%D0%BE-%D1%88%D0%BA%D0%BE%D0%BB%D1%8C%D0%BD%D0%B8%D0%BA%D0%B0-%D0%B1%D1%8B%D0%BB-%D0%B4%D1%83%D1%85%D0%BE%D0%B2%D0%BD%D1%8B%D0%B9-%D0%BD%D0%B0%D1%81%D1%82%D0%B0%D0%B2%D0%BD%D0%B8%D0%BA/?p=3 HTTP/1.1" 200 12083 "-" "Mozilla/5.0 (compatible; YandexBot/3.0; +http://yandex.com/bots)" "-"
178.154.200.151 - - [19/Jul/2020:07:49:34 +0000] "GET /%D1%83-%D0%BE%D0%B4%D0%BD%D0%BE%D0%B3%D0%BE-%D1%88%D0%BA%D0%BE%D0%BB%D1%8C%D0%BD%D0%B8%D0%BA%D0%B0-%D0%B1%D1%8B%D0%BB-%D0%B4%D1%83%D1%85%D0%BE%D0%B2%D0%BD%D1%8B%D0%B9-%D0%BD%D0%B0%D1%81%D1%82%D0%B0%D0%B2%D0%BD%D0%B8%D0%BA/?p=3 HTTP/1.1" 200 12083 "-" "Mozilla/5.0 (compatible; YandexBot/3.0; +http://yandex.com/bots)"
178.154.200.81 - - [19/Jul/2020:07:49:35 +0000] "GET /%D0%B7%D0%B0%D1%81%D0%B5%D0%B4%D0%B0%D0%BD%D0%B8%D0%B5-%D1%81%D0%BE%D0%B2%D0%B5%D1%82%D0%B0-%D0%9E%D0%9E%D0%9D-%D0%B8%D0%B4%D1%83%D1%82-%D0%B3%D0%BE%D1%80%D1%8F%D1%87%D0%B8%D0%B5-%D0%B4%D0%B5%D0%B1%D0%B0%D1%82%D1%8B-%D0%B8-%D0%B2%D0%B4%D1%80%D1%83%D0%B3/?p=2 HTTP/1.1" 200 14153 "-" "Mozilla/5.0 (compatible; YandexBot/3.0; +http://yandex.com/bots)" "-"
178.154.200.81 - - [19/Jul/2020:07:49:35 +0000] "GET /%D0%B7%D0%B0%D1%81%D0%B5%D0%B4%D0%B0%D0%BD%D0%B8%D0%B5-%D1%81%D0%BE%D0%B2%D0%B5%D1%82%D0%B0-%D0%9E%D0%9E%D0%9D-%D0%B8%D0%B4%D1%83%D1%82-%D0%B3%D0%BE%D1%80%D1%8F%D1%87%D0%B8%D0%B5-%D0%B4%D0%B5%D0%B1%D0%B0%D1%82%D1%8B-%D0%B8-%D0%B2%D0%B4%D1%80%D1%83%D0%B3/?p=2 HTTP/1.1" 200 14153 "-" "Mozilla/5.0 (compatible; YandexBot/3.0; +http://yandex.com/bots)"
5.45.207.181 - - [19/Jul/2020:07:49:35 +0000] "GET /%D1%87%D0%B5%D1%80%D0%BD%D1%8B%D0%B9-%D0%BA%D0%BE%D0%BF%D0%B0%D1%82%D0%B5%D0%BB%D1%8C-%D0%BD%D0%B0%D1%88%D0%B5%D0%BB-%D0%B2-%D0%BF%D0%BE%D0%BB%D0%B5-%D0%BF%D1%80%D0%BE%D1%82%D0%B8%D0%B2%D0%BE%D0%BF%D0%B5%D1%85%D0%BE%D1%82%D0%BD%D1%83%D1%8E-%D0%BC%D0%B8%D0%BD%D1%83/ HTTP/1.1" 200 13628 "-" "Mozilla/5.0 (compatible; YandexBot/3.0; +http://yandex.com/bots)" "-"
5.45.207.181 - - [19/Jul/2020:07:49:35 +0000] "GET /%D1%87%D0%B5%D1%80%D0%BD%D1%8B%D0%B9-%D0%BA%D0%BE%D0%BF%D0%B0%D1%82%D0%B5%D0%BB%D1%8C-%D0%BD%D0%B0%D1%88%D0%B5%D0%BB-%D0%B2-%D0%BF%D0%BE%D0%BB%D0%B5-%D0%BF%D1%80%D0%BE%D1%82%D0%B8%D0%B2%D0%BE%D0%BF%D0%B5%D1%85%D0%BE%D1%82%D0%BD%D1%83%D1%8E-%D0%BC%D0%B8%D0%BD%D1%83/ HTTP/1.1" 200 13628 "-" "Mozilla/5.0 (compatible; YandexBot/3.0; +http://yandex.com/bots)"
178.154.200.151 - - [19/Jul/2020:07:49:35 +0000] "GET /tag/%D1%88%D0%B0%D1%85%D0%BC%D0%B0%D1%82%D1%8B/?p=3 HTTP/1.1" 200 11335 "-" "Mozilla/5.0 (compatible; YandexBot/3.0; +http://yandex.com/bots)" "-"
178.154.200.151 - - [19/Jul/2020:07:49:35 +0000] "GET /tag/%D1%88%D0%B0%D1%85%D0%BC%D0%B0%D1%82%D1%8B/?p=3 HTTP/1.1" 200 11335 "-" "Mozilla/5.0 (compatible; YandexBot/3.0; +http://yandex.com/bots)"
178.154.200.206 - - [19/Jul/2020:07:49:36 +0000] "GET /-%D0%B2%D0%B0%D1%82%D1%81%D0%BE%D0%BD-%D0%B0-%D1%87%D1%82%D0%BE-%D1%8D%D1%82%D0%BE-%D0%B2%D1%8B-%D0%BA%D1%83%D1%80%D0%B8%D1%82%D0%B5-%D0%B4%D0%B0%D0%B9%D1%82%D0%B5-%D1%83%D0%B3%D0%B0%D0%B4%D0%B0%D1%8E/?p=3 HTTP/1.1" 200 8507 "-" "Mozilla/5.0 (compatible; YandexBot/3.0; +http://yandex.com/bots)" "-"
178.154.200.206 - - [19/Jul/2020:07:49:36 +0000] "GET /-%D0%B2%D0%B0%D1%82%D1%81%D0%BE%D0%BD-%D0%B0-%D1%87%D1%82%D0%BE-%D1%8D%D1%82%D0%BE-%D0%B2%D1%8B-%D0%BA%D1%83%D1%80%D0%B8%D1%82%D0%B5-%D0%B4%D0%B0%D0%B9%D1%82%D0%B5-%D1%83%D0%B3%D0%B0%D0%B4%D0%B0%D1%8E/?p=3 HTTP/1.1" 200 8507 "-" "Mozilla/5.0 (compatible; YandexBot/3.0; +http://yandex.com/bots)"
178.154.200.81 - - [19/Jul/2020:07:49:36 +0000] "GET /%D0%BC%D1%83%D0%B6%D1%87%D0%B8%D0%BD%D0%B0-%D0%BF%D1%80%D0%BE%D1%81%D0%B8%D1%82-%D0%BF%D1%80%D0%BE%D0%B4%D0%B0%D0%B2%D1%89%D0%B8%D1%86%D1%83-%D0%B4%D0%B0%D0%B9%D1%82%D0%B5-%D0%BC%D0%BD%D0%B5/?p=3 HTTP/1.1" 200 13896 "-" "Mozilla/5.0 (compatible; YandexBot/3.0; +http://yandex.com/bots)" "-"
178.154.200.81 - - [19/Jul/2020:07:49:36 +0000] "GET /%D0%BC%D1%83%D0%B6%D1%87%D0%B8%D0%BD%D0%B0-%D0%BF%D1%80%D0%BE%D1%81%D0%B8%D1%82-%D0%BF%D1%80%D0%BE%D0%B4%D0%B0%D0%B2%D1%89%D0%B8%D1%86%D1%83-%D0%B4%D0%B0%D0%B9%D1%82%D0%B5-%D0%BC%D0%BD%D0%B5/?p=3 HTTP/1.1" 200 13896 "-" "Mozilla/5.0 (compatible; YandexBot/3.0; +http://yandex.com/bots)"
46.229.168.129 - - [19/Jul/2020:07:49:36 +0000] "GET /%D0%BF%D0%BE%D0%B6%D0%B0%D1%80-%D0%B2-%D1%88%D0%BA%D0%BE%D0%BB%D0%B5-%D0%B2-%D1%82%D0%B5%D1%85%D0%B0%D1%81%D0%B5/?p=2 HTTP/1.1" 200 13679 "-" "Mozilla/5.0 (compatible; SemrushBot/6~bl; +http://www.semrush.com/bot.html)" "-"
46.229.168.129 - - [19/Jul/2020:07:49:36 +0000] "GET /%D0%BF%D0%BE%D0%B6%D0%B0%D1%80-%D0%B2-%D1%88%D0%BA%D0%BE%D0%BB%D0%B5-%D0%B2-%D1%82%D0%B5%D1%85%D0%B0%D1%81%D0%B5/?p=2 HTTP/1.1" 200 13679 "-" "Mozilla/5.0 (compatible; SemrushBot/6~bl; +http://www.semrush.com/bot.html)"
5.45.207.181 - - [19/Jul/2020:07:49:36 +0000] "GET /tag/%D0%92%D0%BE%D0%B2%D0%BE%D1%87%D0%BA%D0%B0/ HTTP/1.1" 200 11456 "-" "Mozilla/5.0 (compatible; YandexBot/3.0; +http://yandex.com/bots)" "-"
5.45.207.181 - - [19/Jul/2020:07:49:36 +0000] "GET /tag/%D0%92%D0%BE%D0%B2%D0%BE%D1%87%D0%BA%D0%B0/ HTTP/1.1" 200 11456 "-" "Mozilla/5.0 (compatible; YandexBot/3.0; +http://yandex.com/bots)"
178.154.200.81 - - [19/Jul/2020:07:49:37 +0000] "GET /%D0%BC%D1%83%D0%B6-%D0%BD%D0%B0%D1%85%D0%BE%D0%B4%D1%8F%D1%81%D1%8C-%D0%BC%D0%BD%D0%BE%D0%B3%D0%BE-%D0%BC%D0%B5%D1%81%D1%8F%D1%86%D0%B5%D0%B2-%D0%B2-%D0%BA%D0%BE%D0%BC%D0%B5-%D0%BF%D1%80%D0%B8%D1%88%D0%B5%D0%BB-%D0%B2-%D1%81%D0%B5%D0%B1%D1%8F/ HTTP/1.1" 200 15265 "-" "Mozilla/5.0 (compatible; YandexBot/3.0; +http://yandex.com/bots)" "-"
178.154.200.81 - - [19/Jul/2020:07:49:37 +0000] "GET /%D0%BC%D1%83%D0%B6-%D0%BD%D0%B0%D1%85%D0%BE%D0%B4%D1%8F%D1%81%D1%8C-%D0%BC%D0%BD%D0%BE%D0%B3%D0%BE-%D0%BC%D0%B5%D1%81%D1%8F%D1%86%D0%B5%D0%B2-%D0%B2-%D0%BA%D0%BE%D0%BC%D0%B5-%D0%BF%D1%80%D0%B8%D1%88%D0%B5%D0%BB-%D0%B2-%D1%81%D0%B5%D0%B1%D1%8F/ HTTP/1.1" 200 15265 "-" "Mozilla/5.0 (compatible; YandexBot/3.0; +http://yandex.com/bots)"
178.154.200.206 - - [19/Jul/2020:07:49:37 +0000] "GET /tag/%D0%A0%D0%B6%D0%B5%D0%B2%D1%81%D0%BA%D0%B8%D0%B9/?p=16 HTTP/1.1" 200 11476 "-" "Mozilla/5.0 (compatible; YandexBot/3.0; +http://yandex.com/bots)" "-"
178.154.200.206 - - [19/Jul/2020:07:49:37 +0000] "GET /tag/%D0%A0%D0%B6%D0%B5%D0%B2%D1%81%D0%BA%D0%B8%D0%B9/?p=16 HTTP/1.1" 200 11476 "-" "Mozilla/5.0 (compatible; YandexBot/3.0; +http://yandex.com/bots)"
178.154.200.81 - - [19/Jul/2020:07:49:37 +0000] "GET /-%D1%81%D0%B4%D0%B5%D0%BB%D0%B0%D0%B5%D1%88%D1%8C-%D0%BC%D0%BD%D0%B5-%D0%BC%D0%B8%D0%BD%D0%B5%D1%82-%D0%B4%D0%B0%D0%B2%D0%B0%D0%B9-%D0%B2-%D1%81%D0%BB%D0%B5%D0%B4%D1%83%D1%8E%D1%89%D0%B8%D0%B9-%D1%80%D0%B0%D0%B7-%D0%BF%D0%BE%D1%87%D0%B5%D0%BC%D1%83/?p=3 HTTP/1.1" 200 10555 "-" "Mozilla/5.0 (compatible; YandexBot/3.0; +http://yandex.com/bots)" "-"
178.154.200.81 - - [19/Jul/2020:07:49:37 +0000] "GET /-%D1%81%D0%B4%D0%B5%D0%BB%D0%B0%D0%B5%D1%88%D1%8C-%D0%BC%D0%BD%D0%B5-%D0%BC%D0%B8%D0%BD%D0%B5%D1%82-%D0%B4%D0%B0%D0%B2%D0%B0%D0%B9-%D0%B2-%D1%81%D0%BB%D0%B5%D0%B4%D1%83%D1%8E%D1%89%D0%B8%D0%B9-%D1%80%D0%B0%D0%B7-%D0%BF%D0%BE%D1%87%D0%B5%D0%BC%D1%83/?p=3 HTTP/1.1" 200 10555 "-" "Mozilla/5.0 (compatible; YandexBot/3.0; +http://yandex.com/bots)"
178.154.200.81 - - [19/Jul/2020:07:49:38 +0000] "GET /tag/%D0%BB%D0%BE%D1%81%D1%8C/?p=3 HTTP/1.1" 200 11339 "-" "Mozilla/5.0 (compatible; YandexBot/3.0; +http://yandex.com/bots)" "-"
178.154.200.81 - - [19/Jul/2020:07:49:38 +0000] "GET /tag/%D0%BB%D0%BE%D1%81%D1%8C/?p=3 HTTP/1.1" 200 11339 "-" "Mozilla/5.0 (compatible; YandexBot/3.0; +http://yandex.com/bots)"
85.174.200.80 - - [19/Jul/2020:07:49:39 +0000] "GET /%D0%B4%D0%B2%D0%B0-%D0%B3%D0%B2%D0%BE%D0%B7%D0%B4%D1%8F-%D1%82%D0%BE%D0%BD%D1%83%D1%82-%D0%BA%D0%B0%D0%BA-%D1%84%D0%B0%D0%BC%D0%B8%D0%BB%D0%B8%D1%8F-%D0%B3%D1%80%D1%83%D0%B7%D0%B8%D0%BD%D0%B0/ HTTP/2.0" 200 12502 "https://www.google.ru/" "Mozilla/5.0 (iPhone; CPU iPhone OS 13_5_1 like Mac OS X) AppleWebKit/605.1.15 (KHTML, like Gecko) Version/13.1.1 Mobile/15E148 Safari/604.1" "-"
85.174.200.80 - - [19/Jul/2020:07:49:39 +0000] "GET /%D0%B4%D0%B2%D0%B0-%D0%B3%D0%B2%D0%BE%D0%B7%D0%B4%D1%8F-%D1%82%D0%BE%D0%BD%D1%83%D1%82-%D0%BA%D0%B0%D0%BA-%D1%84%D0%B0%D0%BC%D0%B8%D0%BB%D0%B8%D1%8F-%D0%B3%D1%80%D1%83%D0%B7%D0%B8%D0%BD%D0%B0/ HTTP/2.0" 200 12502 "https://www.google.ru/" "Mozilla/5.0 (iPhone; CPU iPhone OS 13_5_1 like Mac OS X) AppleWebKit/605.1.15 (KHTML, like Gecko) Version/13.1.1 Mobile/15E148 Safari/604.1"
85.174.200.80 - - [19/Jul/2020:07:49:41 +0000] "GET /%D0%B4%D0%B2%D0%B0-%D0%B3%D0%B2%D0%BE%D0%B7%D0%B4%D1%8F-%D1%82%D0%BE%D0%BD%D1%83%D1%82-%D0%BA%D0%B0%D0%BA-%D1%84%D0%B0%D0%BC%D0%B8%D0%BB%D0%B8%D1%8F-%D0%B3%D1%80%D1%83%D0%B7%D0%B8%D0%BD%D0%B0/ HTTP/2.0" 200 12502 "https://baneks.site/%D0%B4%D0%B2%D0%B0-%D0%B3%D0%B2%D0%BE%D0%B7%D0%B4%D1%8F-%D1%82%D0%BE%D0%BD%D1%83%D1%82-%D0%BA%D0%B0%D0%BA-%D1%84%D0%B0%D0%BC%D0%B8%D0%BB%D0%B8%D1%8F-%D0%B3%D1%80%D1%83%D0%B7%D0%B8%D0%BD%D0%B0/" "Mozilla/5.0 (iPhone; CPU iPhone OS 13_5_1 like Mac OS X) AppleWebKit/605.1.15 (KHTML, like Gecko) Version/13.1.1 Mobile/15E148 Safari/604.1" "-"
85.174.200.80 - - [19/Jul/2020:07:49:41 +0000] "GET /%D0%B4%D0%B2%D0%B0-%D0%B3%D0%B2%D0%BE%D0%B7%D0%B4%D1%8F-%D1%82%D0%BE%D0%BD%D1%83%D1%82-%D0%BA%D0%B0%D0%BA-%D1%84%D0%B0%D0%BC%D0%B8%D0%BB%D0%B8%D1%8F-%D0%B3%D1%80%D1%83%D0%B7%D0%B8%D0%BD%D0%B0/ HTTP/2.0" 200 12502 "https://baneks.site/%D0%B4%D0%B2%D0%B0-%D0%B3%D0%B2%D0%BE%D0%B7%D0%B4%D1%8F-%D1%82%D0%BE%D0%BD%D1%83%D1%82-%D0%BA%D0%B0%D0%BA-%D1%84%D0%B0%D0%BC%D0%B8%D0%BB%D0%B8%D1%8F-%D0%B3%D1%80%D1%83%D0%B7%D0%B8%D0%BD%D0%B0/" "Mozilla/5.0 (iPhone; CPU iPhone OS 13_5_1 like Mac OS X) AppleWebKit/605.1.15 (KHTML, like Gecko) Version/13.1.1 Mobile/15E148 Safari/604.1"
5.76.142.65 - - [19/Jul/2020:07:49:47 +0000] "GET /%D0%BA%D0%BE%D0%B3%D0%B4%D0%B0-%D1%82%D0%B5%D0%B1%D1%8F/ HTTP/2.0" 200 12086 "https://www.google.com/" "Mozilla/5.0 (Windows NT 6.3; Win64; x64) AppleWebKit/537.36 (KHTML, like Gecko) Chrome/84.0.4147.89 Safari/537.36" "-"
5.76.142.65 - - [19/Jul/2020:07:49:47 +0000] "GET /%D0%BA%D0%BE%D0%B3%D0%B4%D0%B0-%D1%82%D0%B5%D0%B1%D1%8F/ HTTP/2.0" 200 12086 "https://www.google.com/" "Mozilla/5.0 (Windows NT 6.3; Win64; x64) AppleWebKit/537.36 (KHTML, like Gecko) Chrome/84.0.4147.89 Safari/537.36"
5.76.142.65 - - [19/Jul/2020:07:49:48 +0000] "GET /%D0%BA%D0%BE%D0%B3%D0%B4%D0%B0-%D1%82%D0%B5%D0%B1%D1%8F/ HTTP/2.0" 200 12086 "https://baneks.site/%D0%BA%D0%BE%D0%B3%D0%B4%D0%B0-%D1%82%D0%B5%D0%B1%D1%8F/" "Mozilla/5.0 (Windows NT 6.3; Win64; x64) AppleWebKit/537.36 (KHTML, like Gecko) Chrome/84.0.4147.89 Safari/537.36" "-"
5.76.142.65 - - [19/Jul/2020:07:49:48 +0000] "GET /%D0%BA%D0%BE%D0%B3%D0%B4%D0%B0-%D1%82%D0%B5%D0%B1%D1%8F/ HTTP/2.0" 200 12086 "https://baneks.site/%D0%BA%D0%BE%D0%B3%D0%B4%D0%B0-%D1%82%D0%B5%D0%B1%D1%8F/" "Mozilla/5.0 (Windows NT 6.3; Win64; x64) AppleWebKit/537.36 (KHTML, like Gecko) Chrome/84.0.4147.89 Safari/537.36"
46.229.168.153 - - [19/Jul/2020:07:49:52 +0000] "GET /%D0%BF%D1%80%D0%B0%D0%BF%D0%BE%D1%80%D1%89%D0%B8%D0%BA-%D0%B3%D0%BE%D0%B2%D0%BE%D1%80%D0%B8%D1%82-%D1%8D%D1%85-%D0%B4%D0%B0-%D0%BD%D0%B5-%D1%91%D0%B1%D1%82%D0%B2%D0%BE%D1%8E-%D0%BC%D0%B0%D1%82%D1%8C-%D0%B0-%D0%B1%D0%BB%D1%8F%D1%82%D1%8C/ HTTP/1.1" 200 17575 "-" "Mozilla/5.0 (compatible; SemrushBot/6~bl; +http://www.semrush.com/bot.html)" "-"
46.229.168.153 - - [19/Jul/2020:07:49:52 +0000] "GET /%D0%BF%D1%80%D0%B0%D0%BF%D0%BE%D1%80%D1%89%D0%B8%D0%BA-%D0%B3%D0%BE%D0%B2%D0%BE%D1%80%D0%B8%D1%82-%D1%8D%D1%85-%D0%B4%D0%B0-%D0%BD%D0%B5-%D1%91%D0%B1%D1%82%D0%B2%D0%BE%D1%8E-%D0%BC%D0%B0%D1%82%D1%8C-%D0%B0-%D0%B1%D0%BB%D1%8F%D1%82%D1%8C/ HTTP/1.1" 200 17575 "-" "Mozilla/5.0 (compatible; SemrushBot/6~bl; +http://www.semrush.com/bot.html)"
62.210.188.218 - - [19/Jul/2020:07:49:56 +0000] "GET /tag/%D1%81%D0%B5%D0%BA%D1%81/?p=2 HTTP/1.1" 200 10972 "-" "Mozilla/5.0 (compatible; Barkrowler/0.9; +https://babbar.tech/crawler)" "-"
62.210.188.218 - - [19/Jul/2020:07:49:56 +0000] "GET /tag/%D1%81%D0%B5%D0%BA%D1%81/?p=2 HTTP/1.1" 200 10972 "-" "Mozilla/5.0 (compatible; Barkrowler/0.9; +https://babbar.tech/crawler)"
178.154.200.81 - - [19/Jul/2020:07:50:04 +0000] "GET /%D0%BF%D1%80%D0%B8%D1%88%D0%B5%D0%BB-%D0%BC%D1%83%D0%B6%D1%87%D0%B8%D0%BD%D0%B0-%D0%B2-%D0%BF%D0%B0%D1%82%D0%B5%D0%BD%D1%82%D0%BD%D0%BE%D0%B5-%D0%B1%D1%8E%D1%80%D0%BE-%D0%B3%D0%BE%D0%B2%D0%BE%D1%80%D0%B8%D1%82-%D1%87%D1%82%D0%BE-%D1%85%D0%BE%D1%87%D0%B5%D1%82/ HTTP/1.1" 200 13324 "-" "Mozilla/5.0 (compatible; YandexBot/3.0; +http://yandex.com/bots)" "-"
178.154.200.81 - - [19/Jul/2020:07:50:04 +0000] "GET /%D0%BF%D1%80%D0%B8%D1%88%D0%B5%D0%BB-%D0%BC%D1%83%D0%B6%D1%87%D0%B8%D0%BD%D0%B0-%D0%B2-%D0%BF%D0%B0%D1%82%D0%B5%D0%BD%D1%82%D0%BD%D0%BE%D0%B5-%D0%B1%D1%8E%D1%80%D0%BE-%D0%B3%D0%BE%D0%B2%D0%BE%D1%80%D0%B8%D1%82-%D1%87%D1%82%D0%BE-%D1%85%D0%BE%D1%87%D0%B5%D1%82/ HTTP/1.1" 200 13324 "-" "Mozilla/5.0 (compatible; YandexBot/3.0; +http://yandex.com/bots)"
