66.249.76.94 - - [25/Mar/2020:01:09:35 +0000] "GET /%D0%B7%D0%B0%D1%85%D0%BE%D0%B4%D0%B8%D1%82-%D0%BF%D0%B0%D1%82%D1%80%D0%B8%D0%BE%D1%82-%D0%B2-%D0%BE%D0%B1%D1%83%D0%B2%D0%BD%D0%BE%D0%B9-%D0%BC%D0%B0%D0%B3%D0%B0%D0%B7%D0%B8%D0%BD/ HTTP/1.1" 200 14282 "-" "Mozilla/5.0 (compatible; Googlebot/2.1; +http://www.google.com/bot.html)" "-"
66.249.76.94 - - [25/Mar/2020:01:09:35 +0000] "GET /%D0%B7%D0%B0%D1%85%D0%BE%D0%B4%D0%B8%D1%82-%D0%BF%D0%B0%D1%82%D1%80%D0%B8%D0%BE%D1%82-%D0%B2-%D0%BE%D0%B1%D1%83%D0%B2%D0%BD%D0%BE%D0%B9-%D0%BC%D0%B0%D0%B3%D0%B0%D0%B7%D0%B8%D0%BD/ HTTP/1.1" 200 14282 "-" "Mozilla/5.0 (compatible; Googlebot/2.1; +http://www.google.com/bot.html)"
46.229.168.136 - - [25/Mar/2020:01:09:51 +0000] "GET /%D0%BC%D1%83%D0%B6%D0%B8%D0%BA-%D0%B8%D0%B4%D0%B5%D1%82-%D1%81-%D0%B3%D1%83%D1%81%D0%B5%D0%BC-%D0%BD%D0%B0-%D0%BF%D0%BE%D0%B2%D0%BE%D0%B4%D0%BA%D0%B5-%D0%BF%D0%BE-%D0%9D%D0%B5%D0%B2%D1%81%D0%BA%D0%BE%D0%BC%D1%83-%D0%BF%D0%BE%D0%B4%D1%85%D0%BE%D0%B4%D0%B8%D1%82/?p=2 HTTP/1.1" 200 14257 "-" "Mozilla/5.0 (compatible; SemrushBot/6~bl; +http://www.semrush.com/bot.html)" "-"
46.229.168.136 - - [25/Mar/2020:01:09:51 +0000] "GET /%D0%BC%D1%83%D0%B6%D0%B8%D0%BA-%D0%B8%D0%B4%D0%B5%D1%82-%D1%81-%D0%B3%D1%83%D1%81%D0%B5%D0%BC-%D0%BD%D0%B0-%D0%BF%D0%BE%D0%B2%D0%BE%D0%B4%D0%BA%D0%B5-%D0%BF%D0%BE-%D0%9D%D0%B5%D0%B2%D1%81%D0%BA%D0%BE%D0%BC%D1%83-%D0%BF%D0%BE%D0%B4%D1%85%D0%BE%D0%B4%D0%B8%D1%82/?p=2 HTTP/1.1" 200 14257 "-" "Mozilla/5.0 (compatible; SemrushBot/6~bl; +http://www.semrush.com/bot.html)"
216.244.66.248 - - [25/Mar/2020:01:09:57 +0000] "GET /%D1%88%D0%BE%D1%82%D0%BB%D0%B0%D0%BD%D0%B4%D1%81%D0%BA%D0%B8%D0%B9-%D0%B0%D0%BD%D0%B5%D0%BA%D0%B4%D0%BE%D1%82-%D0%BF%D0%BE%D1%88%D0%BB%D1%91%D1%88%D1%8C-%D0%B4%D1%83%D1%80%D0%B0%D0%BA%D0%B0-%D0%B7%D0%B0-%D1%81%D0%BA%D0%BE%D1%82%D1%87%D0%B5%D0%BC-%D0%BE%D0%BD/ HTTP/1.1" 200 92651 "-" "Mozilla/5.0 (compatible; DotBot/1.1; http://www.opensiteexplorer.org/dotbot, help@moz.com)" "-"
216.244.66.248 - - [25/Mar/2020:01:09:57 +0000] "GET /%D1%88%D0%BE%D1%82%D0%BB%D0%B0%D0%BD%D0%B4%D1%81%D0%BA%D0%B8%D0%B9-%D0%B0%D0%BD%D0%B5%D0%BA%D0%B4%D0%BE%D1%82-%D0%BF%D0%BE%D1%88%D0%BB%D1%91%D1%88%D1%8C-%D0%B4%D1%83%D1%80%D0%B0%D0%BA%D0%B0-%D0%B7%D0%B0-%D1%81%D0%BA%D0%BE%D1%82%D1%87%D0%B5%D0%BC-%D0%BE%D0%BD/ HTTP/1.1" 200 92651 "-" "Mozilla/5.0 (compatible; DotBot/1.1; http://www.opensiteexplorer.org/dotbot, help@moz.com)"
95.163.255.160 - - [25/Mar/2020:01:09:59 +0000] "GET /%D0%B3%D0%BB%D1%83%D0%B1%D0%BE%D0%BA%D0%BE%D0%B9-%D0%BD%D0%BE%D1%87%D1%8C%D1%8E-%D0%B2%D0%BE%D0%B7%D0%B2%D1%80%D0%B0%D1%89%D0%B0%D0%B5%D1%82%D1%81%D1%8F-%D0%BD%D0%BE%D0%B2%D1%8B%D0%B9-%D1%80%D1%83%D1%81%D1%81%D0%BA%D0%B8%D0%B9-%D0%B4%D0%BE%D0%BC%D0%BE%D0%B9/ HTTP/1.1" 200 12140 "-" "Mozilla/5.0 (compatible; Linux x86_64; Mail.RU_Bot/2.0; +http://go.mail.ru/help/robots)" "-"
95.163.255.160 - - [25/Mar/2020:01:09:59 +0000] "GET /%D0%B3%D0%BB%D1%83%D0%B1%D0%BE%D0%BA%D0%BE%D0%B9-%D0%BD%D0%BE%D1%87%D1%8C%D1%8E-%D0%B2%D0%BE%D0%B7%D0%B2%D1%80%D0%B0%D1%89%D0%B0%D0%B5%D1%82%D1%81%D1%8F-%D0%BD%D0%BE%D0%B2%D1%8B%D0%B9-%D1%80%D1%83%D1%81%D1%81%D0%BA%D0%B8%D0%B9-%D0%B4%D0%BE%D0%BC%D0%BE%D0%B9/ HTTP/1.1" 200 12140 "-" "Mozilla/5.0 (compatible; Linux x86_64; Mail.RU_Bot/2.0; +http://go.mail.ru/help/robots)"
46.229.168.140 - - [25/Mar/2020:01:10:08 +0000] "GET /%D1%81%D1%83%D0%B4%D1%8F%D1%82-%D0%B7%D0%B0-%D0%B8%D0%B7%D0%BD%D0%B0%D1%81%D0%B8%D0%BB%D0%BE%D0%B2%D0%B0%D0%BD%D0%B8%D0%B5-80-%D0%BB%D0%B5%D1%82%D0%BD%D0%B5%D0%B3%D0%BE-%D0%B4%D0%B5%D0%B4%D0%B0/ HTTP/1.1" 200 13232 "-" "Mozilla/5.0 (compatible; SemrushBot/6~bl; +http://www.semrush.com/bot.html)" "-"
46.229.168.140 - - [25/Mar/2020:01:10:08 +0000] "GET /%D1%81%D1%83%D0%B4%D1%8F%D1%82-%D0%B7%D0%B0-%D0%B8%D0%B7%D0%BD%D0%B0%D1%81%D0%B8%D0%BB%D0%BE%D0%B2%D0%B0%D0%BD%D0%B8%D0%B5-80-%D0%BB%D0%B5%D1%82%D0%BD%D0%B5%D0%B3%D0%BE-%D0%B4%D0%B5%D0%B4%D0%B0/ HTTP/1.1" 200 13232 "-" "Mozilla/5.0 (compatible; SemrushBot/6~bl; +http://www.semrush.com/bot.html)"
46.229.168.136 - - [25/Mar/2020:01:10:20 +0000] "GET /two-penguins-were-walking-across-an-iceberg/ HTTP/1.1" 200 12293 "-" "Mozilla/5.0 (compatible; SemrushBot/6~bl; +http://www.semrush.com/bot.html)" "-"
46.229.168.136 - - [25/Mar/2020:01:10:20 +0000] "GET /two-penguins-were-walking-across-an-iceberg/ HTTP/1.1" 200 12293 "-" "Mozilla/5.0 (compatible; SemrushBot/6~bl; +http://www.semrush.com/bot.html)"
178.154.200.81 - - [25/Mar/2020:01:10:26 +0000] "GET /%D0%B8%D0%B4%D1%91%D1%82-%D0%B6%D0%B5%D0%BD%D1%89%D0%B8%D0%BD%D0%B0-%D0%BD%D0%BE%D1%87%D1%8C%D1%8E-%D0%BF%D0%BE%D0%B4%D1%85%D0%BE%D0%B4%D0%B8%D1%82-%D0%BA-%D0%BA%D0%BB%D0%B0%D0%B4%D0%B1%D0%B8%D1%89%D1%83-%D0%B4%D0%B0%D0%BB%D1%8C%D1%88%D0%B5-%D0%B8%D0%B4%D1%82%D0%B8/?p=2 HTTP/1.1" 200 14083 "-" "Mozilla/5.0 (compatible; YandexBot/3.0; +http://yandex.com/bots)" "-"
178.154.200.81 - - [25/Mar/2020:01:10:26 +0000] "GET /%D0%B8%D0%B4%D1%91%D1%82-%D0%B6%D0%B5%D0%BD%D1%89%D0%B8%D0%BD%D0%B0-%D0%BD%D0%BE%D1%87%D1%8C%D1%8E-%D0%BF%D0%BE%D0%B4%D1%85%D0%BE%D0%B4%D0%B8%D1%82-%D0%BA-%D0%BA%D0%BB%D0%B0%D0%B4%D0%B1%D0%B8%D1%89%D1%83-%D0%B4%D0%B0%D0%BB%D1%8C%D1%88%D0%B5-%D0%B8%D0%B4%D1%82%D0%B8/?p=2 HTTP/1.1" 200 14083 "-" "Mozilla/5.0 (compatible; YandexBot/3.0; +http://yandex.com/bots)"
46.229.168.149 - - [25/Mar/2020:01:10:41 +0000] "GET /%D0%B2-%D0%BA%D0%BE%D0%BD%D1%81%D0%B5%D1%80%D0%B2%D0%B0%D1%82%D0%BE%D1%80%D0%B8%D1%8E-%D0%BF%D0%BE-%D0%BA%D0%BB%D0%B0%D1%81%D1%81%D1%83-%D1%81%D0%BA%D1%80%D0%B8%D0%BF%D0%BA%D0%B8/ HTTP/1.1" 200 14420 "-" "Mozilla/5.0 (compatible; SemrushBot/6~bl; +http://www.semrush.com/bot.html)" "-"
46.229.168.149 - - [25/Mar/2020:01:10:41 +0000] "GET /%D0%B2-%D0%BA%D0%BE%D0%BD%D1%81%D0%B5%D1%80%D0%B2%D0%B0%D1%82%D0%BE%D1%80%D0%B8%D1%8E-%D0%BF%D0%BE-%D0%BA%D0%BB%D0%B0%D1%81%D1%81%D1%83-%D1%81%D0%BA%D1%80%D0%B8%D0%BF%D0%BA%D0%B8/ HTTP/1.1" 200 14420 "-" "Mozilla/5.0 (compatible; SemrushBot/6~bl; +http://www.semrush.com/bot.html)"
66.249.76.94 - - [25/Mar/2020:01:10:47 +0000] "GET /%D0%BA%D0%B0%D0%BA-%D0%BE%D0%BF%D1%80%D0%B5%D0%B4%D0%B5%D0%BB%D0%B8%D1%82%D1%8C-%D0%BF%D1%80%D0%B8%D1%8F%D1%82%D0%BD%D1%8B%D0%B9-%D0%B8%D0%BB%D0%B8-%D0%BD%D0%B5%D0%BF%D1%80%D0%B8%D1%8F%D1%82%D0%BD%D1%8B%D0%B9-%D0%B3%D0%B5%D0%B9/?p=2 HTTP/1.1" 304 0 "-" "Mozilla/5.0 (Linux; Android 6.0.1; Nexus 5X Build/MMB29P) AppleWebKit/537.36 (KHTML, like Gecko) Chrome/41.0.2272.96 Mobile Safari/537.36 (compatible; Googlebot/2.1; +http://www.google.com/bot.html)" "-"
66.249.76.94 - - [25/Mar/2020:01:10:47 +0000] "GET /%D0%BA%D0%B0%D0%BA-%D0%BE%D0%BF%D1%80%D0%B5%D0%B4%D0%B5%D0%BB%D0%B8%D1%82%D1%8C-%D0%BF%D1%80%D0%B8%D1%8F%D1%82%D0%BD%D1%8B%D0%B9-%D0%B8%D0%BB%D0%B8-%D0%BD%D0%B5%D0%BF%D1%80%D0%B8%D1%8F%D1%82%D0%BD%D1%8B%D0%B9-%D0%B3%D0%B5%D0%B9/?p=2 HTTP/1.1" 304 0 "-" "Mozilla/5.0 (Linux; Android 6.0.1; Nexus 5X Build/MMB29P) AppleWebKit/537.36 (KHTML, like Gecko) Chrome/41.0.2272.96 Mobile Safari/537.36 (compatible; Googlebot/2.1; +http://www.google.com/bot.html)"
66.249.76.94 - - [25/Mar/2020:01:10:53 +0000] "GET /-%D0%BF%D0%BE%D0%B4%D1%81%D1%83%D0%B4%D0%B8%D0%BC%D1%8B%D0%B9-%D0%BE%D1%82%D0%B2%D0%B5%D1%82%D1%8C%D1%82%D0%B5-%D0%B7%D0%B0%D1%87%D0%B5%D0%BC-%D0%B2%D1%8B-%D1%80%D0%B0%D0%B7%D0%BB%D0%BE%D0%BC%D0%B0%D0%BB%D0%B8/ HTTP/1.1" 200 10659 "-" "Mozilla/5.0 (Linux; Android 6.0.1; Nexus 5X Build/MMB29P) AppleWebKit/537.36 (KHTML, like Gecko) Chrome/41.0.2272.96 Mobile Safari/537.36 (compatible; Googlebot/2.1; +http://www.google.com/bot.html)" "-"
66.249.76.94 - - [25/Mar/2020:01:10:53 +0000] "GET /-%D0%BF%D0%BE%D0%B4%D1%81%D1%83%D0%B4%D0%B8%D0%BC%D1%8B%D0%B9-%D0%BE%D1%82%D0%B2%D0%B5%D1%82%D1%8C%D1%82%D0%B5-%D0%B7%D0%B0%D1%87%D0%B5%D0%BC-%D0%B2%D1%8B-%D1%80%D0%B0%D0%B7%D0%BB%D0%BE%D0%BC%D0%B0%D0%BB%D0%B8/ HTTP/1.1" 200 10659 "-" "Mozilla/5.0 (Linux; Android 6.0.1; Nexus 5X Build/MMB29P) AppleWebKit/537.36 (KHTML, like Gecko) Chrome/41.0.2272.96 Mobile Safari/537.36 (compatible; Googlebot/2.1; +http://www.google.com/bot.html)"
95.163.255.189 - - [25/Mar/2020:01:10:58 +0000] "GET /%D0%B7%D0%B4%D1%80%D0%B0%D0%B2%D1%81%D1%82%D0%B2%D1%83%D0%B9-%D0%90%D0%B1%D1%80%D0%B0%D0%BC-%D0%B2%D0%BE-%D0%BF%D0%B5%D1%80%D0%B2%D1%8B%D1%85-%D1%8F-%D1%82%D0%BE%D0%BB%D1%8C%D0%BA%D0%BE-%D1%87%D1%82%D0%BE-%D0%BF%D0%B5%D1%80%D0%B5%D1%81%D0%BF%D0%B0%D0%BB/ HTTP/1.1" 200 13812 "-" "Mozilla/5.0 (compatible; Linux x86_64; Mail.RU_Bot/2.0; +http://go.mail.ru/help/robots)" "-"
95.163.255.189 - - [25/Mar/2020:01:10:58 +0000] "GET /%D0%B7%D0%B4%D1%80%D0%B0%D0%B2%D1%81%D1%82%D0%B2%D1%83%D0%B9-%D0%90%D0%B1%D1%80%D0%B0%D0%BC-%D0%B2%D0%BE-%D0%BF%D0%B5%D1%80%D0%B2%D1%8B%D1%85-%D1%8F-%D1%82%D0%BE%D0%BB%D1%8C%D0%BA%D0%BE-%D1%87%D1%82%D0%BE-%D0%BF%D0%B5%D1%80%D0%B5%D1%81%D0%BF%D0%B0%D0%BB/ HTTP/1.1" 200 13812 "-" "Mozilla/5.0 (compatible; Linux x86_64; Mail.RU_Bot/2.0; +http://go.mail.ru/help/robots)"
216.244.66.248 - - [25/Mar/2020:01:11:01 +0000] "GET /-%D0%BC%D0%B8%D0%BB%D0%B0%D1%8F-%D0%B4%D0%B0%D0%B2%D0%B0%D0%B9-%D0%B7%D0%B0%D0%B9%D0%BC%D0%B5%D0%BC%D1%81%D1%8F-%D1%81%D0%B5%D0%BA%D1%81%D0%BE%D0%BC-%D1%81%D1%8B%D0%BD-%D0%BD%D0%B5-%D1%81%D0%BF%D0%B8%D1%82-%D0%B4%D0%B0-%D0%BD%D0%B5%D1%82-%D0%BE%D0%BD/?p=2 HTTP/1.1" 200 103381 "-" "Mozilla/5.0 (compatible; DotBot/1.1; http://www.opensiteexplorer.org/dotbot, help@moz.com)" "-"
216.244.66.248 - - [25/Mar/2020:01:11:01 +0000] "GET /-%D0%BC%D0%B8%D0%BB%D0%B0%D1%8F-%D0%B4%D0%B0%D0%B2%D0%B0%D0%B9-%D0%B7%D0%B0%D0%B9%D0%BC%D0%B5%D0%BC%D1%81%D1%8F-%D1%81%D0%B5%D0%BA%D1%81%D0%BE%D0%BC-%D1%81%D1%8B%D0%BD-%D0%BD%D0%B5-%D1%81%D0%BF%D0%B8%D1%82-%D0%B4%D0%B0-%D0%BD%D0%B5%D1%82-%D0%BE%D0%BD/?p=2 HTTP/1.1" 200 103381 "-" "Mozilla/5.0 (compatible; DotBot/1.1; http://www.opensiteexplorer.org/dotbot, help@moz.com)"
46.229.168.162 - - [25/Mar/2020:01:11:11 +0000] "GET /%D0%BA%D0%B0%D1%80%D0%B0%D1%81%D0%B8%D0%BA/?p=2 HTTP/1.1" 200 11262 "-" "Mozilla/5.0 (compatible; SemrushBot/6~bl; +http://www.semrush.com/bot.html)" "-"
46.229.168.162 - - [25/Mar/2020:01:11:11 +0000] "GET /%D0%BA%D0%B0%D1%80%D0%B0%D1%81%D0%B8%D0%BA/?p=2 HTTP/1.1" 200 11262 "-" "Mozilla/5.0 (compatible; SemrushBot/6~bl; +http://www.semrush.com/bot.html)"
179.43.169.182 - - [25/Mar/2020:01:11:30 +0000] "GET / HTTP/2.0" 200 5038 "-" "Mozilla/5.0 (X11; Linux i686; rv:10.0) Gecko/20100101 Firefox/10.0" "-"
179.43.169.182 - - [25/Mar/2020:01:11:30 +0000] "GET / HTTP/2.0" 200 5038 "-" "Mozilla/5.0 (X11; Linux i686; rv:10.0) Gecko/20100101 Firefox/10.0"
179.43.169.182 - - [25/Mar/2020:01:11:30 +0000] "GET / HTTP/2.0" 200 5038 "-" "Mozilla/5.0 (X11; Linux i686; rv:10.0) Gecko/20100101 Firefox/10.0" "-"
179.43.169.182 - - [25/Mar/2020:01:11:30 +0000] "GET / HTTP/2.0" 200 5038 "-" "Mozilla/5.0 (X11; Linux i686; rv:10.0) Gecko/20100101 Firefox/10.0"
46.229.168.136 - - [25/Mar/2020:01:11:37 +0000] "GET /tag/%D1%81%D1%8B%D0%BD/?p=48 HTTP/1.1" 200 11524 "-" "Mozilla/5.0 (compatible; SemrushBot/6~bl; +http://www.semrush.com/bot.html)" "-"
46.229.168.136 - - [25/Mar/2020:01:11:37 +0000] "GET /tag/%D1%81%D1%8B%D0%BD/?p=48 HTTP/1.1" 200 11524 "-" "Mozilla/5.0 (compatible; SemrushBot/6~bl; +http://www.semrush.com/bot.html)"
45.63.86.120 - - [25/Mar/2020:01:11:52 +0000] "GET / HTTP/1.1" 200 4613 "-" "Mozilla/5.0 (Windows NT 6.2; WOW64) AppleWebKit/537.4 (KHTML, like Gecko) Chrome/98 Safari/537.4 (StatusCake)" "-"
45.63.86.120 - - [25/Mar/2020:01:11:52 +0000] "GET / HTTP/1.1" 200 4613 "-" "Mozilla/5.0 (Windows NT 6.2; WOW64) AppleWebKit/537.4 (KHTML, like Gecko) Chrome/98 Safari/537.4 (StatusCake)"
178.154.200.81 - - [25/Mar/2020:01:11:54 +0000] "GET /%D1%81%D0%B8%D0%B4%D0%B8%D1%82-%D0%BC%D1%83%D0%B6%D0%B8%D0%BA-%D0%BD%D0%B0-%D0%B4%D0%B0%D1%87%D0%B5-%D1%85%D0%BE%D1%80%D0%BE%D1%88%D0%BE-%D1%81%D0%BC%D0%BE%D1%82%D1%80%D0%B8%D1%82-%D0%BD%D0%B0-%D0%B4%D0%B5%D1%80%D0%B5%D0%B2%D0%B5/ HTTP/1.1" 200 13669 "-" "Mozilla/5.0 (compatible; YandexBot/3.0; +http://yandex.com/bots)" "-"
178.154.200.81 - - [25/Mar/2020:01:11:54 +0000] "GET /%D1%81%D0%B8%D0%B4%D0%B8%D1%82-%D0%BC%D1%83%D0%B6%D0%B8%D0%BA-%D0%BD%D0%B0-%D0%B4%D0%B0%D1%87%D0%B5-%D1%85%D0%BE%D1%80%D0%BE%D1%88%D0%BE-%D1%81%D0%BC%D0%BE%D1%82%D1%80%D0%B8%D1%82-%D0%BD%D0%B0-%D0%B4%D0%B5%D1%80%D0%B5%D0%B2%D0%B5/ HTTP/1.1" 200 13669 "-" "Mozilla/5.0 (compatible; YandexBot/3.0; +http://yandex.com/bots)"
95.163.255.191 - - [25/Mar/2020:01:11:57 +0000] "GET /%D1%81%D0%BE%D0%B7%D0%B2%D0%B0%D0%BB-%D0%BA%D0%B0%D0%BA-%D1%82%D0%BE-%D1%80%D0%B0%D0%B7-%D1%86%D0%B0%D1%80%D1%8C-%D0%B0%D0%BC%D0%B5%D1%80%D0%B8%D0%BA%D0%B0%D0%BD%D1%86%D0%B0-%D1%84%D1%80%D0%B0%D0%BD%D1%86%D1%83%D0%B7%D0%B0/ HTTP/1.1" 200 14888 "-" "Mozilla/5.0 (compatible; Linux x86_64; Mail.RU_Bot/2.0; +http://go.mail.ru/help/robots)" "-"
95.163.255.191 - - [25/Mar/2020:01:11:57 +0000] "GET /%D1%81%D0%BE%D0%B7%D0%B2%D0%B0%D0%BB-%D0%BA%D0%B0%D0%BA-%D1%82%D0%BE-%D1%80%D0%B0%D0%B7-%D1%86%D0%B0%D1%80%D1%8C-%D0%B0%D0%BC%D0%B5%D1%80%D0%B8%D0%BA%D0%B0%D0%BD%D1%86%D0%B0-%D1%84%D1%80%D0%B0%D0%BD%D1%86%D1%83%D0%B7%D0%B0/ HTTP/1.1" 200 14888 "-" "Mozilla/5.0 (compatible; Linux x86_64; Mail.RU_Bot/2.0; +http://go.mail.ru/help/robots)"
66.249.76.94 - - [25/Mar/2020:01:11:59 +0000] "GET /%D0%BF%D0%B5%D1%80%D0%B5%D0%B4-%D1%80%D0%B0%D0%B7%D0%B3%D0%BE%D0%BD%D0%BE%D0%BC-%D0%B3%D0%B5%D0%B9-%D0%BF%D0%B0%D1%80%D0%B0%D0%B4%D0%B0-%D0%BA%D0%BE%D0%BC%D0%B0%D0%BD%D0%B4%D0%B8%D1%80-%D1%80%D0%BE%D1%82%D1%8B/?p=1 HTTP/1.1" 200 13475 "-" "Mozilla/5.0 (Linux; Android 6.0.1; Nexus 5X Build/MMB29P) AppleWebKit/537.36 (KHTML, like Gecko) Chrome/41.0.2272.96 Mobile Safari/537.36 (compatible; Googlebot/2.1; +http://www.google.com/bot.html)" "-"
66.249.76.94 - - [25/Mar/2020:01:11:59 +0000] "GET /%D0%BF%D0%B5%D1%80%D0%B5%D0%B4-%D1%80%D0%B0%D0%B7%D0%B3%D0%BE%D0%BD%D0%BE%D0%BC-%D0%B3%D0%B5%D0%B9-%D0%BF%D0%B0%D1%80%D0%B0%D0%B4%D0%B0-%D0%BA%D0%BE%D0%BC%D0%B0%D0%BD%D0%B4%D0%B8%D1%80-%D1%80%D0%BE%D1%82%D1%8B/?p=1 HTTP/1.1" 200 13475 "-" "Mozilla/5.0 (Linux; Android 6.0.1; Nexus 5X Build/MMB29P) AppleWebKit/537.36 (KHTML, like Gecko) Chrome/41.0.2272.96 Mobile Safari/537.36 (compatible; Googlebot/2.1; +http://www.google.com/bot.html)"
66.249.76.94 - - [25/Mar/2020:01:12:00 +0000] "GET /%D0%BF%D1%80%D0%BE%D1%81%D1%82%D0%B8%D1%82%D1%83%D1%82%D0%BA%D0%B0-%D0%B2-%D0%B1%D0%B0%D0%BD%D0%B5/ HTTP/1.1" 200 12582 "-" "Mozilla/5.0 (Linux; Android 6.0.1; Nexus 5X Build/MMB29P) AppleWebKit/537.36 (KHTML, like Gecko) Chrome/41.0.2272.96 Mobile Safari/537.36 (compatible; Googlebot/2.1; +http://www.google.com/bot.html)" "-"
66.249.76.94 - - [25/Mar/2020:01:12:00 +0000] "GET /%D0%BF%D1%80%D0%BE%D1%81%D1%82%D0%B8%D1%82%D1%83%D1%82%D0%BA%D0%B0-%D0%B2-%D0%B1%D0%B0%D0%BD%D0%B5/ HTTP/1.1" 200 12582 "-" "Mozilla/5.0 (Linux; Android 6.0.1; Nexus 5X Build/MMB29P) AppleWebKit/537.36 (KHTML, like Gecko) Chrome/41.0.2272.96 Mobile Safari/537.36 (compatible; Googlebot/2.1; +http://www.google.com/bot.html)"
216.244.66.248 - - [25/Mar/2020:01:12:06 +0000] "GET /tag/%D0%B1%D0%B0%D0%B1%D1%83%D1%88%D0%BA%D0%B0/?p=30 HTTP/1.1" 200 63682 "-" "Mozilla/5.0 (compatible; DotBot/1.1; http://www.opensiteexplorer.org/dotbot, help@moz.com)" "-"
216.244.66.248 - - [25/Mar/2020:01:12:06 +0000] "GET /tag/%D0%B1%D0%B0%D0%B1%D1%83%D1%88%D0%BA%D0%B0/?p=30 HTTP/1.1" 200 63682 "-" "Mozilla/5.0 (compatible; DotBot/1.1; http://www.opensiteexplorer.org/dotbot, help@moz.com)"
46.229.168.134 - - [25/Mar/2020:01:12:20 +0000] "GET /-%D1%8F-%D1%85%D0%BE%D1%87%D1%83-%D0%B6%D0%B5%D0%BD%D0%B8%D1%82%D1%8C%D1%81%D1%8F-%D0%BF%D0%BE-%D1%80%D0%B0%D1%81%D1%87%D0%B5%D1%82%D1%83-%D1%81%D0%BF%D1%83%D1%81%D1%82%D1%8F-%D0%BF%D0%BE%D0%BB%D0%B3%D0%BE%D0%B4%D0%B0/?p=2 HTTP/1.1" 200 13331 "-" "Mozilla/5.0 (compatible; SemrushBot/6~bl; +http://www.semrush.com/bot.html)" "-"
46.229.168.134 - - [25/Mar/2020:01:12:20 +0000] "GET /-%D1%8F-%D1%85%D0%BE%D1%87%D1%83-%D0%B6%D0%B5%D0%BD%D0%B8%D1%82%D1%8C%D1%81%D1%8F-%D0%BF%D0%BE-%D1%80%D0%B0%D1%81%D1%87%D0%B5%D1%82%D1%83-%D1%81%D0%BF%D1%83%D1%81%D1%82%D1%8F-%D0%BF%D0%BE%D0%BB%D0%B3%D0%BE%D0%B4%D0%B0/?p=2 HTTP/1.1" 200 13331 "-" "Mozilla/5.0 (compatible; SemrushBot/6~bl; +http://www.semrush.com/bot.html)"
54.36.148.133 - - [25/Mar/2020:01:12:23 +0000] "GET /tag/%D0%90%D0%9A%D0%91/?p=17 HTTP/2.0" 200 11131 "-" "Mozilla/5.0 (compatible; AhrefsBot/6.1; +http://ahrefs.com/robot/)" "-"
54.36.148.133 - - [25/Mar/2020:01:12:23 +0000] "GET /tag/%D0%90%D0%9A%D0%91/?p=17 HTTP/2.0" 200 11131 "-" "Mozilla/5.0 (compatible; AhrefsBot/6.1; +http://ahrefs.com/robot/)"
95.163.255.180 - - [25/Mar/2020:01:12:57 +0000] "GET /%D0%BA%D0%B0%D0%BA-%D1%82%D0%BE-%D1%80%D0%B0%D0%B7-%D1%81%D0%BA%D0%B0%D0%B7%D0%B0%D0%BB%D0%B8-%D0%9D%D0%B8%D0%BA%D0%B8%D1%82%D0%B5-%D0%9C%D0%B8%D1%85%D0%B0%D0%BB%D0%BA%D0%BE%D0%B2%D1%83-%D1%87%D1%82%D0%BE-%D0%BA%D1%82%D0%BE-%D1%82%D0%BE-%D0%BD%D0%B0/ HTTP/1.1" 200 13503 "-" "Mozilla/5.0 (compatible; Linux x86_64; Mail.RU_Bot/2.0; +http://go.mail.ru/help/robots)" "-"
95.163.255.180 - - [25/Mar/2020:01:12:57 +0000] "GET /%D0%BA%D0%B0%D0%BA-%D1%82%D0%BE-%D1%80%D0%B0%D0%B7-%D1%81%D0%BA%D0%B0%D0%B7%D0%B0%D0%BB%D0%B8-%D0%9D%D0%B8%D0%BA%D0%B8%D1%82%D0%B5-%D0%9C%D0%B8%D1%85%D0%B0%D0%BB%D0%BA%D0%BE%D0%B2%D1%83-%D1%87%D1%82%D0%BE-%D0%BA%D1%82%D0%BE-%D1%82%D0%BE-%D0%BD%D0%B0/ HTTP/1.1" 200 13503 "-" "Mozilla/5.0 (compatible; Linux x86_64; Mail.RU_Bot/2.0; +http://go.mail.ru/help/robots)"
216.244.66.248 - - [25/Mar/2020:01:13:09 +0000] "GET /tag/%D0%B6%D0%B5%D0%BD%D0%B0/?p=11 HTTP/1.1" 200 64060 "-" "Mozilla/5.0 (compatible; DotBot/1.1; http://www.opensiteexplorer.org/dotbot, help@moz.com)" "-"
216.244.66.248 - - [25/Mar/2020:01:13:09 +0000] "GET /tag/%D0%B6%D0%B5%D0%BD%D0%B0/?p=11 HTTP/1.1" 200 64060 "-" "Mozilla/5.0 (compatible; DotBot/1.1; http://www.opensiteexplorer.org/dotbot, help@moz.com)"
46.229.168.138 - - [25/Mar/2020:01:13:10 +0000] "GET /%D0%B2%D0%BB%D0%B0%D0%B4%D0%B5%D0%BB%D0%B5%D1%86-%D0%B8%D0%BD%D1%82%D0%B5%D1%80%D0%BD%D0%B5%D1%82-%D0%BC%D0%B0%D0%B3%D0%B0%D0%B7%D0%B8%D0%BD%D0%B0-%D0%BF%D1%80%D0%BE%D0%B5%D1%85%D0%B0%D0%BB-850-%D0%BA%D0%BC-%D1%87%D1%82%D0%BE%D0%B1%D1%8B/ HTTP/1.1" 200 11151 "-" "Mozilla/5.0 (compatible; SemrushBot/6~bl; +http://www.semrush.com/bot.html)" "-"
46.229.168.138 - - [25/Mar/2020:01:13:10 +0000] "GET /%D0%B2%D0%BB%D0%B0%D0%B4%D0%B5%D0%BB%D0%B5%D1%86-%D0%B8%D0%BD%D1%82%D0%B5%D1%80%D0%BD%D0%B5%D1%82-%D0%BC%D0%B0%D0%B3%D0%B0%D0%B7%D0%B8%D0%BD%D0%B0-%D0%BF%D1%80%D0%BE%D0%B5%D1%85%D0%B0%D0%BB-850-%D0%BA%D0%BC-%D1%87%D1%82%D0%BE%D0%B1%D1%8B/ HTTP/1.1" 200 11151 "-" "Mozilla/5.0 (compatible; SemrushBot/6~bl; +http://www.semrush.com/bot.html)"
66.249.76.65 - - [25/Mar/2020:01:13:13 +0000] "GET /%D0%B7%D0%B0%D1%81%D1%82%D1%80%D1%8F%D0%BB-%D0%BB%D0%B5%D0%B2-%D1%8F%D0%B9%D1%86%D0%B0%D0%BC%D0%B8-%D0%B2-%D0%BA%D0%BE%D1%80%D1%8F%D0%B3%D0%B5-%D0%B2%D1%8B%D0%B1%D1%80%D0%B0%D1%82%D1%8C%D1%81%D1%8F-%D0%BD%D0%B8%D0%BA%D0%B0%D0%BA/?p=3 HTTP/1.1" 200 10935 "-" "Mozilla/5.0 (Linux; Android 6.0.1; Nexus 5X Build/MMB29P) AppleWebKit/537.36 (KHTML, like Gecko) Chrome/41.0.2272.96 Mobile Safari/537.36 (compatible; Googlebot/2.1; +http://www.google.com/bot.html)" "-"
66.249.76.65 - - [25/Mar/2020:01:13:13 +0000] "GET /%D0%B7%D0%B0%D1%81%D1%82%D1%80%D1%8F%D0%BB-%D0%BB%D0%B5%D0%B2-%D1%8F%D0%B9%D1%86%D0%B0%D0%BC%D0%B8-%D0%B2-%D0%BA%D0%BE%D1%80%D1%8F%D0%B3%D0%B5-%D0%B2%D1%8B%D0%B1%D1%80%D0%B0%D1%82%D1%8C%D1%81%D1%8F-%D0%BD%D0%B8%D0%BA%D0%B0%D0%BA/?p=3 HTTP/1.1" 200 10935 "-" "Mozilla/5.0 (Linux; Android 6.0.1; Nexus 5X Build/MMB29P) AppleWebKit/537.36 (KHTML, like Gecko) Chrome/41.0.2272.96 Mobile Safari/537.36 (compatible; Googlebot/2.1; +http://www.google.com/bot.html)"
37.110.122.0 - - [25/Mar/2020:01:13:44 +0000] "GET /%D0%B2%D1%81%D1%82%D1%80%D0%B5%D1%87%D0%B0%D1%8E%D1%82%D1%81%D1%8F-%D0%BA%D0%B0%D0%BA-%D1%82%D0%BE-%D0%9F%D1%83%D1%82%D0%B8%D0%BD-%D0%93%D1%8D%D0%BD%D0%B4%D0%B0%D0%BB%D1%8C%D1%84-%D0%B8-%D1%81%D0%B2%D0%B8%D0%BD%D1%8C%D1%8F/?p=2 HTTP/2.0" 200 9592 "https://yandex.ru/" "Mozilla/5.0 (iPhone; CPU iPhone OS 13_3 like Mac OS X) AppleWebKit/605.1.15 (KHTML, like Gecko) Version/13.0.4 Mobile/15E148 Safari/604.1" "-"
37.110.122.0 - - [25/Mar/2020:01:13:44 +0000] "GET /%D0%B2%D1%81%D1%82%D1%80%D0%B5%D1%87%D0%B0%D1%8E%D1%82%D1%81%D1%8F-%D0%BA%D0%B0%D0%BA-%D1%82%D0%BE-%D0%9F%D1%83%D1%82%D0%B8%D0%BD-%D0%93%D1%8D%D0%BD%D0%B4%D0%B0%D0%BB%D1%8C%D1%84-%D0%B8-%D1%81%D0%B2%D0%B8%D0%BD%D1%8C%D1%8F/?p=2 HTTP/2.0" 200 9592 "https://yandex.ru/" "Mozilla/5.0 (iPhone; CPU iPhone OS 13_3 like Mac OS X) AppleWebKit/605.1.15 (KHTML, like Gecko) Version/13.0.4 Mobile/15E148 Safari/604.1"
37.110.122.0 - - [25/Mar/2020:01:13:45 +0000] "GET /%D0%B2%D1%81%D1%82%D1%80%D0%B5%D1%87%D0%B0%D1%8E%D1%82%D1%81%D1%8F-%D0%BA%D0%B0%D0%BA-%D1%82%D0%BE-%D0%9F%D1%83%D1%82%D0%B8%D0%BD-%D0%93%D1%8D%D0%BD%D0%B4%D0%B0%D0%BB%D1%8C%D1%84-%D0%B8-%D1%81%D0%B2%D0%B8%D0%BD%D1%8C%D1%8F/?p=2 HTTP/2.0" 200 9592 "https://baneks.site/%D0%B2%D1%81%D1%82%D1%80%D0%B5%D1%87%D0%B0%D1%8E%D1%82%D1%81%D1%8F-%D0%BA%D0%B0%D0%BA-%D1%82%D0%BE-%D0%9F%D1%83%D1%82%D0%B8%D0%BD-%D0%93%D1%8D%D0%BD%D0%B4%D0%B0%D0%BB%D1%8C%D1%84-%D0%B8-%D1%81%D0%B2%D0%B8%D0%BD%D1%8C%D1%8F/?p=2" "Mozilla/5.0 (iPhone; CPU iPhone OS 13_3 like Mac OS X) AppleWebKit/605.1.15 (KHTML, like Gecko) Version/13.0.4 Mobile/15E148 Safari/604.1" "-"
37.110.122.0 - - [25/Mar/2020:01:13:45 +0000] "GET /%D0%B2%D1%81%D1%82%D1%80%D0%B5%D1%87%D0%B0%D1%8E%D1%82%D1%81%D1%8F-%D0%BA%D0%B0%D0%BA-%D1%82%D0%BE-%D0%9F%D1%83%D1%82%D0%B8%D0%BD-%D0%93%D1%8D%D0%BD%D0%B4%D0%B0%D0%BB%D1%8C%D1%84-%D0%B8-%D1%81%D0%B2%D0%B8%D0%BD%D1%8C%D1%8F/?p=2 HTTP/2.0" 200 9592 "https://baneks.site/%D0%B2%D1%81%D1%82%D1%80%D0%B5%D1%87%D0%B0%D1%8E%D1%82%D1%81%D1%8F-%D0%BA%D0%B0%D0%BA-%D1%82%D0%BE-%D0%9F%D1%83%D1%82%D0%B8%D0%BD-%D0%93%D1%8D%D0%BD%D0%B4%D0%B0%D0%BB%D1%8C%D1%84-%D0%B8-%D1%81%D0%B2%D0%B8%D0%BD%D1%8C%D1%8F/?p=2" "Mozilla/5.0 (iPhone; CPU iPhone OS 13_3 like Mac OS X) AppleWebKit/605.1.15 (KHTML, like Gecko) Version/13.0.4 Mobile/15E148 Safari/604.1"
95.163.255.173 - - [25/Mar/2020:01:13:56 +0000] "GET /%D0%BF%D1%80%D0%B5%D0%B7%D0%B8%D0%B4%D0%B5%D0%BD%D1%82-%D0%90%D0%BC%D0%B5%D1%80%D0%B8%D0%BA%D0%B8-%D1%80%D0%B0%D1%81%D1%81%D0%BA%D0%B0%D0%B7%D1%8B%D0%B2%D0%B0%D0%B5%D1%82-%D0%BA%D0%B0%D0%BD%D1%86%D0%BB%D0%B5%D1%80%D1%83-%D0%93%D0%B5%D1%80%D0%BC%D0%B0%D0%BD%D0%B8%D0%B8/ HTTP/1.1" 304 0 "-" "Mozilla/5.0 (compatible; Linux x86_64; Mail.RU_Bot/2.0; +http://go.mail.ru/help/robots)" "-"
95.163.255.173 - - [25/Mar/2020:01:13:56 +0000] "GET /%D0%BF%D1%80%D0%B5%D0%B7%D0%B8%D0%B4%D0%B5%D0%BD%D1%82-%D0%90%D0%BC%D0%B5%D1%80%D0%B8%D0%BA%D0%B8-%D1%80%D0%B0%D1%81%D1%81%D0%BA%D0%B0%D0%B7%D1%8B%D0%B2%D0%B0%D0%B5%D1%82-%D0%BA%D0%B0%D0%BD%D1%86%D0%BB%D0%B5%D1%80%D1%83-%D0%93%D0%B5%D1%80%D0%BC%D0%B0%D0%BD%D0%B8%D0%B8/ HTTP/1.1" 304 0 "-" "Mozilla/5.0 (compatible; Linux x86_64; Mail.RU_Bot/2.0; +http://go.mail.ru/help/robots)"
114.119.161.133 - - [25/Mar/2020:01:14:05 +0000] "GET /%D0%B7%D0%B0%D1%85%D0%BE%D0%B4%D0%B8%D1%82-%D0%B2-%D0%B1%D0%B0%D1%80-%D0%BA%D1%83%D1%80%D0%BE%D1%87%D0%BA%D0%B0-%D0%B0-%D0%B1%D0%B0%D1%80%D0%BC%D0%B5%D0%BD-%D0%B5%D0%B9-%D0%B8-%D0%B3%D0%BE%D0%B2%D0%BE%D1%80%D0%B8%D1%82?s=likes HTTP/1.1" 301 0 "-" "Mozilla/5.0 (Linux; Android 7.0;) AppleWebKit/537.36 (KHTML, like Gecko) Mobile Safari/537.36 (compatible; AspiegelBot)" "-"
114.119.161.133 - - [25/Mar/2020:01:14:05 +0000] "GET /%D0%B7%D0%B0%D1%85%D0%BE%D0%B4%D0%B8%D1%82-%D0%B2-%D0%B1%D0%B0%D1%80-%D0%BA%D1%83%D1%80%D0%BE%D1%87%D0%BA%D0%B0-%D0%B0-%D0%B1%D0%B0%D1%80%D0%BC%D0%B5%D0%BD-%D0%B5%D0%B9-%D0%B8-%D0%B3%D0%BE%D0%B2%D0%BE%D1%80%D0%B8%D1%82?s=likes HTTP/1.1" 301 0 "-" "Mozilla/5.0 (Linux; Android 7.0;) AppleWebKit/537.36 (KHTML, like Gecko) Mobile Safari/537.36 (compatible; AspiegelBot)"
114.119.161.133 - - [25/Mar/2020:01:14:07 +0000] "GET /%D0%B7%D0%B0%D1%85%D0%BE%D0%B4%D0%B8%D1%82-%D0%B2-%D0%B1%D0%B0%D1%80-%D0%BA%D1%83%D1%80%D0%BE%D1%87%D0%BA%D0%B0-%D0%B0-%D0%B1%D0%B0%D1%80%D0%BC%D0%B5%D0%BD-%D0%B5%D0%B9-%D0%B8-%D0%B3%D0%BE%D0%B2%D0%BE%D1%80%D0%B8%D1%82/?s=likes HTTP/1.1" 200 13348 "-" "Mozilla/5.0 (Linux; Android 7.0;) AppleWebKit/537.36 (KHTML, like Gecko) Mobile Safari/537.36 (compatible; AspiegelBot)" "-"
114.119.161.133 - - [25/Mar/2020:01:14:07 +0000] "GET /%D0%B7%D0%B0%D1%85%D0%BE%D0%B4%D0%B8%D1%82-%D0%B2-%D0%B1%D0%B0%D1%80-%D0%BA%D1%83%D1%80%D0%BE%D1%87%D0%BA%D0%B0-%D0%B0-%D0%B1%D0%B0%D1%80%D0%BC%D0%B5%D0%BD-%D0%B5%D0%B9-%D0%B8-%D0%B3%D0%BE%D0%B2%D0%BE%D1%80%D0%B8%D1%82/?s=likes HTTP/1.1" 200 13348 "-" "Mozilla/5.0 (Linux; Android 7.0;) AppleWebKit/537.36 (KHTML, like Gecko) Mobile Safari/537.36 (compatible; AspiegelBot)"
216.244.66.248 - - [25/Mar/2020:01:14:12 +0000] "GET /%D0%BC%D1%83%D0%B7%D1%8B%D0%BA%D0%B0%D0%BB%D1%8C%D0%BD%D0%B0%D1%8F-%D0%BF%D0%B0%D1%83%D0%B7%D0%B0-%D1%8D-%D1%80%D0%BE%D0%BD-%D0%B4%D0%BE%D0%BD-%D0%B4%D0%BE%D0%BD/ HTTP/1.1" 200 105457 "-" "Mozilla/5.0 (compatible; DotBot/1.1; http://www.opensiteexplorer.org/dotbot, help@moz.com)" "-"
216.244.66.248 - - [25/Mar/2020:01:14:12 +0000] "GET /%D0%BC%D1%83%D0%B7%D1%8B%D0%BA%D0%B0%D0%BB%D1%8C%D0%BD%D0%B0%D1%8F-%D0%BF%D0%B0%D1%83%D0%B7%D0%B0-%D1%8D-%D1%80%D0%BE%D0%BD-%D0%B4%D0%BE%D0%BD-%D0%B4%D0%BE%D0%BD/ HTTP/1.1" 200 105457 "-" "Mozilla/5.0 (compatible; DotBot/1.1; http://www.opensiteexplorer.org/dotbot, help@moz.com)"
66.249.76.94 - - [25/Mar/2020:01:14:18 +0000] "GET /%D1%87%D0%B5%D0%BC-%D0%BF%D1%80%D0%BE%D0%B3%D1%80%D0%B0%D0%BC%D0%BC%D0%B8%D1%81%D1%82-%D1%8D%D0%BA%D1%81%D1%82%D1%80%D0%B0%D0%B2%D0%B5%D1%80%D1%82-%D0%BE%D1%82%D0%BB%D0%B8%D1%87%D0%B0%D0%B5%D1%82%D1%81%D1%8F-%D0%BE%D1%82/ HTTP/1.1" 200 13609 "-" "Mozilla/5.0 (Linux; Android 6.0.1; Nexus 5X Build/MMB29P) AppleWebKit/537.36 (KHTML, like Gecko) Chrome/80.0.3987.92 Mobile Safari/537.36 (compatible; Googlebot/2.1; +http://www.google.com/bot.html)" "-"
66.249.76.94 - - [25/Mar/2020:01:14:18 +0000] "GET /%D1%87%D0%B5%D0%BC-%D0%BF%D1%80%D0%BE%D0%B3%D1%80%D0%B0%D0%BC%D0%BC%D0%B8%D1%81%D1%82-%D1%8D%D0%BA%D1%81%D1%82%D1%80%D0%B0%D0%B2%D0%B5%D1%80%D1%82-%D0%BE%D1%82%D0%BB%D0%B8%D1%87%D0%B0%D0%B5%D1%82%D1%81%D1%8F-%D0%BE%D1%82/ HTTP/1.1" 200 13609 "-" "Mozilla/5.0 (Linux; Android 6.0.1; Nexus 5X Build/MMB29P) AppleWebKit/537.36 (KHTML, like Gecko) Chrome/80.0.3987.92 Mobile Safari/537.36 (compatible; Googlebot/2.1; +http://www.google.com/bot.html)"
66.249.76.65 - - [25/Mar/2020:01:14:25 +0000] "GET /%D1%83%D0%B5%D0%B7%D0%B6%D0%B0%D0%B5%D1%82-%D0%BC%D1%83%D0%B6-%D0%B2-%D0%BA%D0%BE%D0%BC%D0%B0%D0%BD%D0%B4%D0%B8%D1%80%D0%BE%D0%B2%D0%BA%D1%83-%D0%B6%D0%B5%D0%BD%D0%B0-%D1%81%D1%80%D0%B0%D0%B7%D1%83-%D0%B7%D0%BE%D0%B2%D0%B5%D1%82/ HTTP/1.1" 200 15497 "-" "Mozilla/5.0 (compatible; Googlebot/2.1; +http://www.google.com/bot.html)" "-"
66.249.76.65 - - [25/Mar/2020:01:14:25 +0000] "GET /%D1%83%D0%B5%D0%B7%D0%B6%D0%B0%D0%B5%D1%82-%D0%BC%D1%83%D0%B6-%D0%B2-%D0%BA%D0%BE%D0%BC%D0%B0%D0%BD%D0%B4%D0%B8%D1%80%D0%BE%D0%B2%D0%BA%D1%83-%D0%B6%D0%B5%D0%BD%D0%B0-%D1%81%D1%80%D0%B0%D0%B7%D1%83-%D0%B7%D0%BE%D0%B2%D0%B5%D1%82/ HTTP/1.1" 200 15497 "-" "Mozilla/5.0 (compatible; Googlebot/2.1; +http://www.google.com/bot.html)"
54.36.148.160 - - [25/Mar/2020:01:14:25 +0000] "GET /%D0%BC%D0%BE%D0%B9-%D0%BC%D1%83%D0%B6-%D0%BC%D0%BE%D0%B9-%D0%BD%D0%B5%D0%BF%D0%BE%D1%81%D1%80%D0%B5%D0%B4%D1%81%D1%82%D0%B2%D0%B5%D0%BD%D0%BD%D1%8B%D0%B9-%D1%80%D1%83%D0%BA%D0%BE%D0%B2%D0%BE%D0%B4%D0%B8%D1%82%D0%B5%D0%BB%D1%8C-%D0%BD%D0%B0/ HTTP/2.0" 200 10638 "-" "Mozilla/5.0 (compatible; AhrefsBot/6.1; +http://ahrefs.com/robot/)" "-"
54.36.148.160 - - [25/Mar/2020:01:14:25 +0000] "GET /%D0%BC%D0%BE%D0%B9-%D0%BC%D1%83%D0%B6-%D0%BC%D0%BE%D0%B9-%D0%BD%D0%B5%D0%BF%D0%BE%D1%81%D1%80%D0%B5%D0%B4%D1%81%D1%82%D0%B2%D0%B5%D0%BD%D0%BD%D1%8B%D0%B9-%D1%80%D1%83%D0%BA%D0%BE%D0%B2%D0%BE%D0%B4%D0%B8%D1%82%D0%B5%D0%BB%D1%8C-%D0%BD%D0%B0/ HTTP/2.0" 200 10638 "-" "Mozilla/5.0 (compatible; AhrefsBot/6.1; +http://ahrefs.com/robot/)"
66.249.76.94 - - [25/Mar/2020:01:14:51 +0000] "GET /%D1%80%D0%B5%D1%88%D0%B8%D0%BB%D0%B0-%D0%B1%D0%B0%D0%B1%D0%BA%D0%B0-%D0%BF%D0%BE%D0%BA%D0%BE%D0%BD%D1%87%D0%B8%D1%82%D1%8C-%D1%81-%D1%81%D0%BE%D0%B1%D0%BE%D0%B9-%D0%B7%D0%B2%D0%BE%D0%BD%D0%B8%D1%82-%D1%83%D1%87%D0%B0%D1%81%D1%82%D0%BA%D0%BE%D0%B2%D0%BE%D0%BC%D1%83/ HTTP/1.1" 200 13364 "-" "Mozilla/5.0 (compatible; Googlebot/2.1; +http://www.google.com/bot.html)" "-"
66.249.76.94 - - [25/Mar/2020:01:14:51 +0000] "GET /%D1%80%D0%B5%D1%88%D0%B8%D0%BB%D0%B0-%D0%B1%D0%B0%D0%B1%D0%BA%D0%B0-%D0%BF%D0%BE%D0%BA%D0%BE%D0%BD%D1%87%D0%B8%D1%82%D1%8C-%D1%81-%D1%81%D0%BE%D0%B1%D0%BE%D0%B9-%D0%B7%D0%B2%D0%BE%D0%BD%D0%B8%D1%82-%D1%83%D1%87%D0%B0%D1%81%D1%82%D0%BA%D0%BE%D0%B2%D0%BE%D0%BC%D1%83/ HTTP/1.1" 200 13364 "-" "Mozilla/5.0 (compatible; Googlebot/2.1; +http://www.google.com/bot.html)"
178.154.200.81 - - [25/Mar/2020:01:14:54 +0000] "GET /%D0%B2%D1%81%D1%82%D1%80%D0%B5%D1%82%D0%B8%D0%BB%D0%B8%D1%81%D1%8C-%D0%BA%D0%B0%D0%BA-%D1%82%D0%BE-%D0%B4%D0%B2%D0%B0-%D0%B2%D0%BE%D0%BB%D0%BA%D0%B0-%D0%B8/?p=1 HTTP/1.1" 200 12584 "-" "Mozilla/5.0 (compatible; YandexBot/3.0; +http://yandex.com/bots)" "-"
178.154.200.81 - - [25/Mar/2020:01:14:54 +0000] "GET /%D0%B2%D1%81%D1%82%D1%80%D0%B5%D1%82%D0%B8%D0%BB%D0%B8%D1%81%D1%8C-%D0%BA%D0%B0%D0%BA-%D1%82%D0%BE-%D0%B4%D0%B2%D0%B0-%D0%B2%D0%BE%D0%BB%D0%BA%D0%B0-%D0%B8/?p=1 HTTP/1.1" 200 12584 "-" "Mozilla/5.0 (compatible; YandexBot/3.0; +http://yandex.com/bots)"
95.163.255.195 - - [25/Mar/2020:01:14:55 +0000] "GET /%D0%BA%D1%83%D0%BF%D0%B8%D0%BB-%D0%BC%D1%83%D0%B6%D0%B8%D0%BA-%D0%B4%D0%B2%D0%B5-%D0%B1%D1%83%D1%82%D1%8B%D0%BB%D0%BA%D0%B8-%D0%B2%D0%BE%D0%B4%D0%BA%D0%B8-%D0%B0-%D0%B7%D0%B0%D0%BA%D1%83%D1%81%D0%BA%D0%B8-%D0%BD%D0%B5%D1%82/ HTTP/1.1" 200 14315 "-" "Mozilla/5.0 (compatible; Linux x86_64; Mail.RU_Bot/2.0; +http://go.mail.ru/help/robots)" "-"
95.163.255.195 - - [25/Mar/2020:01:14:55 +0000] "GET /%D0%BA%D1%83%D0%BF%D0%B8%D0%BB-%D0%BC%D1%83%D0%B6%D0%B8%D0%BA-%D0%B4%D0%B2%D0%B5-%D0%B1%D1%83%D1%82%D1%8B%D0%BB%D0%BA%D0%B8-%D0%B2%D0%BE%D0%B4%D0%BA%D0%B8-%D0%B0-%D0%B7%D0%B0%D0%BA%D1%83%D1%81%D0%BA%D0%B8-%D0%BD%D0%B5%D1%82/ HTTP/1.1" 200 14315 "-" "Mozilla/5.0 (compatible; Linux x86_64; Mail.RU_Bot/2.0; +http://go.mail.ru/help/robots)"
213.158.31.48 - - [25/Mar/2020:01:15:27 +0000] "GET /%D1%81%D0%B8%D0%B4%D0%B8%D1%82-%D0%BA%D0%BE%D1%80%D0%BE%D0%BB%D1%8C-%D1%81%D0%BE-%D1%81%D0%B2%D0%BE%D0%B8%D0%BC%D0%B8-%D0%B4%D1%80%D1%83%D0%B7%D1%8C%D1%8F%D0%BC%D0%B8-%D0%B8%D0%B7-%D0%B4%D1%80%D1%83%D0%B3%D0%B8%D1%85-%D1%81%D1%82%D1%80%D0%B0%D0%BD-%D0%B8/ HTTP/2.0" 200 13066 "https://yandex.ru/" "Mozilla/5.0 (Linux; Android 8.0.0; CUBOT_P20) AppleWebKit/537.36 (KHTML, like Gecko) Chrome/80.0.3987.149 Mobile Safari/537.36" "-"
213.158.31.48 - - [25/Mar/2020:01:15:27 +0000] "GET /%D1%81%D0%B8%D0%B4%D0%B8%D1%82-%D0%BA%D0%BE%D1%80%D0%BE%D0%BB%D1%8C-%D1%81%D0%BE-%D1%81%D0%B2%D0%BE%D0%B8%D0%BC%D0%B8-%D0%B4%D1%80%D1%83%D0%B7%D1%8C%D1%8F%D0%BC%D0%B8-%D0%B8%D0%B7-%D0%B4%D1%80%D1%83%D0%B3%D0%B8%D1%85-%D1%81%D1%82%D1%80%D0%B0%D0%BD-%D0%B8/ HTTP/2.0" 200 13066 "https://yandex.ru/" "Mozilla/5.0 (Linux; Android 8.0.0; CUBOT_P20) AppleWebKit/537.36 (KHTML, like Gecko) Chrome/80.0.3987.149 Mobile Safari/537.36"
95.53.11.143 - - [25/Mar/2020:01:15:27 +0000] "GET /-%D0%BA%D0%B0%D0%BA-%D0%BC%D0%BE%D0%B6%D0%BD%D0%BE-%D0%BD%D0%B0%D0%B7%D0%B2%D0%B0%D1%82%D1%8C-%D0%BA%D0%B0%D1%80%D0%BB%D0%B8%D0%BA%D0%B0-%D0%BD%D0%B5-%D0%B4%D0%BE%D0%BF%D1%83%D1%89%D0%B5%D0%BD%D0%BD%D0%BE%D0%B3%D0%BE-%D0%BA-%D1%81%D0%BB%D1%83%D0%B6%D0%B1%D0%B5/ HTTP/2.0" 200 10690 "-" "Mozilla/5.0 (iPhone; CPU iPhone OS 13_3_1 like Mac OS X) AppleWebKit/605.1.15 (KHTML, like Gecko) Version/13.0.5 Mobile/15E148 Safari/604.1" "-"
95.53.11.143 - - [25/Mar/2020:01:15:27 +0000] "GET /-%D0%BA%D0%B0%D0%BA-%D0%BC%D0%BE%D0%B6%D0%BD%D0%BE-%D0%BD%D0%B0%D0%B7%D0%B2%D0%B0%D1%82%D1%8C-%D0%BA%D0%B0%D1%80%D0%BB%D0%B8%D0%BA%D0%B0-%D0%BD%D0%B5-%D0%B4%D0%BE%D0%BF%D1%83%D1%89%D0%B5%D0%BD%D0%BD%D0%BE%D0%B3%D0%BE-%D0%BA-%D1%81%D0%BB%D1%83%D0%B6%D0%B1%D0%B5/ HTTP/2.0" 200 10690 "-" "Mozilla/5.0 (iPhone; CPU iPhone OS 13_3_1 like Mac OS X) AppleWebKit/605.1.15 (KHTML, like Gecko) Version/13.0.5 Mobile/15E148 Safari/604.1"
95.53.11.143 - - [25/Mar/2020:01:15:28 +0000] "GET /-%D0%BA%D0%B0%D0%BA-%D0%BC%D0%BE%D0%B6%D0%BD%D0%BE-%D0%BD%D0%B0%D0%B7%D0%B2%D0%B0%D1%82%D1%8C-%D0%BA%D0%B0%D1%80%D0%BB%D0%B8%D0%BA%D0%B0-%D0%BD%D0%B5-%D0%B4%D0%BE%D0%BF%D1%83%D1%89%D0%B5%D0%BD%D0%BD%D0%BE%D0%B3%D0%BE-%D0%BA-%D1%81%D0%BB%D1%83%D0%B6%D0%B1%D0%B5/ HTTP/2.0" 200 10690 "https://baneks.site/-%D0%BA%D0%B0%D0%BA-%D0%BC%D0%BE%D0%B6%D0%BD%D0%BE-%D0%BD%D0%B0%D0%B7%D0%B2%D0%B0%D1%82%D1%8C-%D0%BA%D0%B0%D1%80%D0%BB%D0%B8%D0%BA%D0%B0-%D0%BD%D0%B5-%D0%B4%D0%BE%D0%BF%D1%83%D1%89%D0%B5%D0%BD%D0%BD%D0%BE%D0%B3%D0%BE-%D0%BA-%D1%81%D0%BB%D1%83%D0%B6%D0%B1%D0%B5/" "Mozilla/5.0 (iPhone; CPU iPhone OS 13_3_1 like Mac OS X) AppleWebKit/605.1.15 (KHTML, like Gecko) Version/13.0.5 Mobile/15E148 Safari/604.1" "-"
95.53.11.143 - - [25/Mar/2020:01:15:28 +0000] "GET /-%D0%BA%D0%B0%D0%BA-%D0%BC%D0%BE%D0%B6%D0%BD%D0%BE-%D0%BD%D0%B0%D0%B7%D0%B2%D0%B0%D1%82%D1%8C-%D0%BA%D0%B0%D1%80%D0%BB%D0%B8%D0%BA%D0%B0-%D0%BD%D0%B5-%D0%B4%D0%BE%D0%BF%D1%83%D1%89%D0%B5%D0%BD%D0%BD%D0%BE%D0%B3%D0%BE-%D0%BA-%D1%81%D0%BB%D1%83%D0%B6%D0%B1%D0%B5/ HTTP/2.0" 200 10690 "https://baneks.site/-%D0%BA%D0%B0%D0%BA-%D0%BC%D0%BE%D0%B6%D0%BD%D0%BE-%D0%BD%D0%B0%D0%B7%D0%B2%D0%B0%D1%82%D1%8C-%D0%BA%D0%B0%D1%80%D0%BB%D0%B8%D0%BA%D0%B0-%D0%BD%D0%B5-%D0%B4%D0%BE%D0%BF%D1%83%D1%89%D0%B5%D0%BD%D0%BD%D0%BE%D0%B3%D0%BE-%D0%BA-%D1%81%D0%BB%D1%83%D0%B6%D0%B1%D0%B5/" "Mozilla/5.0 (iPhone; CPU iPhone OS 13_3_1 like Mac OS X) AppleWebKit/605.1.15 (KHTML, like Gecko) Version/13.0.5 Mobile/15E148 Safari/604.1"
95.53.11.143 - - [25/Mar/2020:01:15:29 +0000] "GET /random HTTP/2.0" 302 0 "https://baneks.site/-%D0%BA%D0%B0%D0%BA-%D0%BC%D0%BE%D0%B6%D0%BD%D0%BE-%D0%BD%D0%B0%D0%B7%D0%B2%D0%B0%D1%82%D1%8C-%D0%BA%D0%B0%D1%80%D0%BB%D0%B8%D0%BA%D0%B0-%D0%BD%D0%B5-%D0%B4%D0%BE%D0%BF%D1%83%D1%89%D0%B5%D0%BD%D0%BD%D0%BE%D0%B3%D0%BE-%D0%BA-%D1%81%D0%BB%D1%83%D0%B6%D0%B1%D0%B5/" "Mozilla/5.0 (iPhone; CPU iPhone OS 13_3_1 like Mac OS X) AppleWebKit/605.1.15 (KHTML, like Gecko) Version/13.0.5 Mobile/15E148 Safari/604.1" "-"
95.53.11.143 - - [25/Mar/2020:01:15:29 +0000] "GET /random HTTP/2.0" 302 0 "https://baneks.site/-%D0%BA%D0%B0%D0%BA-%D0%BC%D0%BE%D0%B6%D0%BD%D0%BE-%D0%BD%D0%B0%D0%B7%D0%B2%D0%B0%D1%82%D1%8C-%D0%BA%D0%B0%D1%80%D0%BB%D0%B8%D0%BA%D0%B0-%D0%BD%D0%B5-%D0%B4%D0%BE%D0%BF%D1%83%D1%89%D0%B5%D0%BD%D0%BD%D0%BE%D0%B3%D0%BE-%D0%BA-%D1%81%D0%BB%D1%83%D0%B6%D0%B1%D0%B5/" "Mozilla/5.0 (iPhone; CPU iPhone OS 13_3_1 like Mac OS X) AppleWebKit/605.1.15 (KHTML, like Gecko) Version/13.0.5 Mobile/15E148 Safari/604.1"
213.158.31.48 - - [25/Mar/2020:01:15:29 +0000] "GET /%D1%81%D0%B8%D0%B4%D0%B8%D1%82-%D0%BA%D0%BE%D1%80%D0%BE%D0%BB%D1%8C-%D1%81%D0%BE-%D1%81%D0%B2%D0%BE%D0%B8%D0%BC%D0%B8-%D0%B4%D1%80%D1%83%D0%B7%D1%8C%D1%8F%D0%BC%D0%B8-%D0%B8%D0%B7-%D0%B4%D1%80%D1%83%D0%B3%D0%B8%D1%85-%D1%81%D1%82%D1%80%D0%B0%D0%BD-%D0%B8/ HTTP/2.0" 200 13066 "https://baneks.site/%D1%81%D0%B8%D0%B4%D0%B8%D1%82-%D0%BA%D0%BE%D1%80%D0%BE%D0%BB%D1%8C-%D1%81%D0%BE-%D1%81%D0%B2%D0%BE%D0%B8%D0%BC%D0%B8-%D0%B4%D1%80%D1%83%D0%B7%D1%8C%D1%8F%D0%BC%D0%B8-%D0%B8%D0%B7-%D0%B4%D1%80%D1%83%D0%B3%D0%B8%D1%85-%D1%81%D1%82%D1%80%D0%B0%D0%BD-%D0%B8/" "Mozilla/5.0 (Linux; Android 8.0.0; CUBOT_P20) AppleWebKit/537.36 (KHTML, like Gecko) Chrome/80.0.3987.149 Mobile Safari/537.36" "-"
213.158.31.48 - - [25/Mar/2020:01:15:29 +0000] "GET /%D1%81%D0%B8%D0%B4%D0%B8%D1%82-%D0%BA%D0%BE%D1%80%D0%BE%D0%BB%D1%8C-%D1%81%D0%BE-%D1%81%D0%B2%D0%BE%D0%B8%D0%BC%D0%B8-%D0%B4%D1%80%D1%83%D0%B7%D1%8C%D1%8F%D0%BC%D0%B8-%D0%B8%D0%B7-%D0%B4%D1%80%D1%83%D0%B3%D0%B8%D1%85-%D1%81%D1%82%D1%80%D0%B0%D0%BD-%D0%B8/ HTTP/2.0" 200 13066 "https://baneks.site/%D1%81%D0%B8%D0%B4%D0%B8%D1%82-%D0%BA%D0%BE%D1%80%D0%BE%D0%BB%D1%8C-%D1%81%D0%BE-%D1%81%D0%B2%D0%BE%D0%B8%D0%BC%D0%B8-%D0%B4%D1%80%D1%83%D0%B7%D1%8C%D1%8F%D0%BC%D0%B8-%D0%B8%D0%B7-%D0%B4%D1%80%D1%83%D0%B3%D0%B8%D1%85-%D1%81%D1%82%D1%80%D0%B0%D0%BD-%D0%B8/" "Mozilla/5.0 (Linux; Android 8.0.0; CUBOT_P20) AppleWebKit/537.36 (KHTML, like Gecko) Chrome/80.0.3987.149 Mobile Safari/537.36"
95.53.11.143 - - [25/Mar/2020:01:15:29 +0000] "GET /%D0%BF%D0%BE%D1%87%D0%B5%D0%BC%D1%83-%D0%BC%D1%8B-%D0%B8%D0%B4%D0%B5%D0%BC-%D0%BA-%D0%BA%D0%BE%D0%BC%D0%BC%D1%83%D0%BD%D0%B8%D0%B7%D0%BC%D1%83-%D0%B0-%D0%B6%D1%80%D0%B0%D1%82%D1%8C-%D0%BD%D0%B5%D1%87%D0%B5%D0%B3%D0%BE/ HTTP/2.0" 200 12270 "https://baneks.site/-%D0%BA%D0%B0%D0%BA-%D0%BC%D0%BE%D0%B6%D0%BD%D0%BE-%D0%BD%D0%B0%D0%B7%D0%B2%D0%B0%D1%82%D1%8C-%D0%BA%D0%B0%D1%80%D0%BB%D0%B8%D0%BA%D0%B0-%D0%BD%D0%B5-%D0%B4%D0%BE%D0%BF%D1%83%D1%89%D0%B5%D0%BD%D0%BD%D0%BE%D0%B3%D0%BE-%D0%BA-%D1%81%D0%BB%D1%83%D0%B6%D0%B1%D0%B5/" "Mozilla/5.0 (iPhone; CPU iPhone OS 13_3_1 like Mac OS X) AppleWebKit/605.1.15 (KHTML, like Gecko) Version/13.0.5 Mobile/15E148 Safari/604.1" "-"
95.53.11.143 - - [25/Mar/2020:01:15:29 +0000] "GET /%D0%BF%D0%BE%D1%87%D0%B5%D0%BC%D1%83-%D0%BC%D1%8B-%D0%B8%D0%B4%D0%B5%D0%BC-%D0%BA-%D0%BA%D0%BE%D0%BC%D0%BC%D1%83%D0%BD%D0%B8%D0%B7%D0%BC%D1%83-%D0%B0-%D0%B6%D1%80%D0%B0%D1%82%D1%8C-%D0%BD%D0%B5%D1%87%D0%B5%D0%B3%D0%BE/ HTTP/2.0" 200 12270 "https://baneks.site/-%D0%BA%D0%B0%D0%BA-%D0%BC%D0%BE%D0%B6%D0%BD%D0%BE-%D0%BD%D0%B0%D0%B7%D0%B2%D0%B0%D1%82%D1%8C-%D0%BA%D0%B0%D1%80%D0%BB%D0%B8%D0%BA%D0%B0-%D0%BD%D0%B5-%D0%B4%D0%BE%D0%BF%D1%83%D1%89%D0%B5%D0%BD%D0%BD%D0%BE%D0%B3%D0%BE-%D0%BA-%D1%81%D0%BB%D1%83%D0%B6%D0%B1%D0%B5/" "Mozilla/5.0 (iPhone; CPU iPhone OS 13_3_1 like Mac OS X) AppleWebKit/605.1.15 (KHTML, like Gecko) Version/13.0.5 Mobile/15E148 Safari/604.1"
95.53.11.143 - - [25/Mar/2020:01:15:30 +0000] "GET /%D0%BF%D0%BE%D1%87%D0%B5%D0%BC%D1%83-%D0%BC%D1%8B-%D0%B8%D0%B4%D0%B5%D0%BC-%D0%BA-%D0%BA%D0%BE%D0%BC%D0%BC%D1%83%D0%BD%D0%B8%D0%B7%D0%BC%D1%83-%D0%B0-%D0%B6%D1%80%D0%B0%D1%82%D1%8C-%D0%BD%D0%B5%D1%87%D0%B5%D0%B3%D0%BE/ HTTP/2.0" 200 12270 "https://baneks.site/%D0%BF%D0%BE%D1%87%D0%B5%D0%BC%D1%83-%D0%BC%D1%8B-%D0%B8%D0%B4%D0%B5%D0%BC-%D0%BA-%D0%BA%D0%BE%D0%BC%D0%BC%D1%83%D0%BD%D0%B8%D0%B7%D0%BC%D1%83-%D0%B0-%D0%B6%D1%80%D0%B0%D1%82%D1%8C-%D0%BD%D0%B5%D1%87%D0%B5%D0%B3%D0%BE/" "Mozilla/5.0 (iPhone; CPU iPhone OS 13_3_1 like Mac OS X) AppleWebKit/605.1.15 (KHTML, like Gecko) Version/13.0.5 Mobile/15E148 Safari/604.1" "-"
95.53.11.143 - - [25/Mar/2020:01:15:30 +0000] "GET /%D0%BF%D0%BE%D1%87%D0%B5%D0%BC%D1%83-%D0%BC%D1%8B-%D0%B8%D0%B4%D0%B5%D0%BC-%D0%BA-%D0%BA%D0%BE%D0%BC%D0%BC%D1%83%D0%BD%D0%B8%D0%B7%D0%BC%D1%83-%D0%B0-%D0%B6%D1%80%D0%B0%D1%82%D1%8C-%D0%BD%D0%B5%D1%87%D0%B5%D0%B3%D0%BE/ HTTP/2.0" 200 12270 "https://baneks.site/%D0%BF%D0%BE%D1%87%D0%B5%D0%BC%D1%83-%D0%BC%D1%8B-%D0%B8%D0%B4%D0%B5%D0%BC-%D0%BA-%D0%BA%D0%BE%D0%BC%D0%BC%D1%83%D0%BD%D0%B8%D0%B7%D0%BC%D1%83-%D0%B0-%D0%B6%D1%80%D0%B0%D1%82%D1%8C-%D0%BD%D0%B5%D1%87%D0%B5%D0%B3%D0%BE/" "Mozilla/5.0 (iPhone; CPU iPhone OS 13_3_1 like Mac OS X) AppleWebKit/605.1.15 (KHTML, like Gecko) Version/13.0.5 Mobile/15E148 Safari/604.1"
46.229.168.142 - - [25/Mar/2020:01:15:34 +0000] "GET /tag/%D1%83%D0%BA%D1%80%D0%B0%D1%97%D0%BD%D1%81%D1%8C%D0%BA%D0%B0/?p=14 HTTP/1.1" 200 11111 "-" "Mozilla/5.0 (compatible; SemrushBot/6~bl; +http://www.semrush.com/bot.html)" "-"
46.229.168.142 - - [25/Mar/2020:01:15:34 +0000] "GET /tag/%D1%83%D0%BA%D1%80%D0%B0%D1%97%D0%BD%D1%81%D1%8C%D0%BA%D0%B0/?p=14 HTTP/1.1" 200 11111 "-" "Mozilla/5.0 (compatible; SemrushBot/6~bl; +http://www.semrush.com/bot.html)"
66.249.76.94 - - [25/Mar/2020:01:15:37 +0000] "GET /%D0%B2-%D1%87%D0%B5%D0%BC-%D1%80%D0%B0%D0%B7%D0%BD%D0%B8%D1%86%D0%B0-%D0%BC%D0%B5%D0%B6%D0%B4%D1%83-%D0%91%D1%80%D0%B5%D0%B6%D0%BD%D0%B5%D0%B2%D1%8B%D0%BC/ HTTP/1.1" 304 0 "-" "Mozilla/5.0 (Linux; Android 6.0.1; Nexus 5X Build/MMB29P) AppleWebKit/537.36 (KHTML, like Gecko) Chrome/41.0.2272.96 Mobile Safari/537.36 (compatible; Googlebot/2.1; +http://www.google.com/bot.html)" "-"
66.249.76.94 - - [25/Mar/2020:01:15:37 +0000] "GET /%D0%B2-%D1%87%D0%B5%D0%BC-%D1%80%D0%B0%D0%B7%D0%BD%D0%B8%D1%86%D0%B0-%D0%BC%D0%B5%D0%B6%D0%B4%D1%83-%D0%91%D1%80%D0%B5%D0%B6%D0%BD%D0%B5%D0%B2%D1%8B%D0%BC/ HTTP/1.1" 304 0 "-" "Mozilla/5.0 (Linux; Android 6.0.1; Nexus 5X Build/MMB29P) AppleWebKit/537.36 (KHTML, like Gecko) Chrome/41.0.2272.96 Mobile Safari/537.36 (compatible; Googlebot/2.1; +http://www.google.com/bot.html)"
95.53.11.143 - - [25/Mar/2020:01:15:40 +0000] "GET /best/ HTTP/2.0" 200 16221 "https://baneks.site/%D0%BF%D0%BE%D1%87%D0%B5%D0%BC%D1%83-%D0%BC%D1%8B-%D0%B8%D0%B4%D0%B5%D0%BC-%D0%BA-%D0%BA%D0%BE%D0%BC%D0%BC%D1%83%D0%BD%D0%B8%D0%B7%D0%BC%D1%83-%D0%B0-%D0%B6%D1%80%D0%B0%D1%82%D1%8C-%D0%BD%D0%B5%D1%87%D0%B5%D0%B3%D0%BE/" "Mozilla/5.0 (iPhone; CPU iPhone OS 13_3_1 like Mac OS X) AppleWebKit/605.1.15 (KHTML, like Gecko) Version/13.0.5 Mobile/15E148 Safari/604.1" "-"
95.53.11.143 - - [25/Mar/2020:01:15:40 +0000] "GET /best/ HTTP/2.0" 200 16221 "https://baneks.site/%D0%BF%D0%BE%D1%87%D0%B5%D0%BC%D1%83-%D0%BC%D1%8B-%D0%B8%D0%B4%D0%B5%D0%BC-%D0%BA-%D0%BA%D0%BE%D0%BC%D0%BC%D1%83%D0%BD%D0%B8%D0%B7%D0%BC%D1%83-%D0%B0-%D0%B6%D1%80%D0%B0%D1%82%D1%8C-%D0%BD%D0%B5%D1%87%D0%B5%D0%B3%D0%BE/" "Mozilla/5.0 (iPhone; CPU iPhone OS 13_3_1 like Mac OS X) AppleWebKit/605.1.15 (KHTML, like Gecko) Version/13.0.5 Mobile/15E148 Safari/604.1"
95.53.11.143 - - [25/Mar/2020:01:15:41 +0000] "GET /best/ HTTP/2.0" 200 16221 "https://baneks.site/best/" "Mozilla/5.0 (iPhone; CPU iPhone OS 13_3_1 like Mac OS X) AppleWebKit/605.1.15 (KHTML, like Gecko) Version/13.0.5 Mobile/15E148 Safari/604.1" "-"
95.53.11.143 - - [25/Mar/2020:01:15:41 +0000] "GET /best/ HTTP/2.0" 200 16221 "https://baneks.site/best/" "Mozilla/5.0 (iPhone; CPU iPhone OS 13_3_1 like Mac OS X) AppleWebKit/605.1.15 (KHTML, like Gecko) Version/13.0.5 Mobile/15E148 Safari/604.1"
95.53.11.143 - - [25/Mar/2020:01:15:46 +0000] "GET /best/?p=2 HTTP/2.0" 200 16474 "https://baneks.site/best/" "Mozilla/5.0 (iPhone; CPU iPhone OS 13_3_1 like Mac OS X) AppleWebKit/605.1.15 (KHTML, like Gecko) Version/13.0.5 Mobile/15E148 Safari/604.1" "-"
95.53.11.143 - - [25/Mar/2020:01:15:46 +0000] "GET /best/?p=2 HTTP/2.0" 200 16474 "https://baneks.site/best/" "Mozilla/5.0 (iPhone; CPU iPhone OS 13_3_1 like Mac OS X) AppleWebKit/605.1.15 (KHTML, like Gecko) Version/13.0.5 Mobile/15E148 Safari/604.1"
46.229.168.141 - - [25/Mar/2020:01:15:47 +0000] "GET /%D1%87%D0%B5%D0%B3%D0%BE-%D0%BD%D0%B8%D0%BA%D0%BE%D0%B3%D0%B4%D0%B0-%D0%BD%D0%B5-%D1%81%D0%BB%D1%83%D1%87%D0%B0%D0%BB%D0%BE%D1%81%D1%8C-%D0%B2-%D0%B8%D1%81%D1%82%D0%BE%D1%80%D0%B8%D0%B8-%D1%87%D1%82%D0%BE%D0%B1%D1%8B-%D0%BC%D0%BE%D0%BB%D0%BE%D0%B4%D0%B0%D1%8F/?p=2 HTTP/1.1" 200 13577 "-" "Mozilla/5.0 (compatible; SemrushBot/6~bl; +http://www.semrush.com/bot.html)" "-"
46.229.168.141 - - [25/Mar/2020:01:15:47 +0000] "GET /%D1%87%D0%B5%D0%B3%D0%BE-%D0%BD%D0%B8%D0%BA%D0%BE%D0%B3%D0%B4%D0%B0-%D0%BD%D0%B5-%D1%81%D0%BB%D1%83%D1%87%D0%B0%D0%BB%D0%BE%D1%81%D1%8C-%D0%B2-%D0%B8%D1%81%D1%82%D0%BE%D1%80%D0%B8%D0%B8-%D1%87%D1%82%D0%BE%D0%B1%D1%8B-%D0%BC%D0%BE%D0%BB%D0%BE%D0%B4%D0%B0%D1%8F/?p=2 HTTP/1.1" 200 13577 "-" "Mozilla/5.0 (compatible; SemrushBot/6~bl; +http://www.semrush.com/bot.html)"
95.53.11.143 - - [25/Mar/2020:01:15:47 +0000] "GET /best/?p=2 HTTP/2.0" 200 16474 "https://baneks.site/best/?p=2" "Mozilla/5.0 (iPhone; CPU iPhone OS 13_3_1 like Mac OS X) AppleWebKit/605.1.15 (KHTML, like Gecko) Version/13.0.5 Mobile/15E148 Safari/604.1" "-"
95.53.11.143 - - [25/Mar/2020:01:15:47 +0000] "GET /best/?p=2 HTTP/2.0" 200 16474 "https://baneks.site/best/?p=2" "Mozilla/5.0 (iPhone; CPU iPhone OS 13_3_1 like Mac OS X) AppleWebKit/605.1.15 (KHTML, like Gecko) Version/13.0.5 Mobile/15E148 Safari/604.1"
95.53.11.143 - - [25/Mar/2020:01:15:51 +0000] "GET /best/?p=3 HTTP/2.0" 200 16667 "https://baneks.site/best/?p=2" "Mozilla/5.0 (iPhone; CPU iPhone OS 13_3_1 like Mac OS X) AppleWebKit/605.1.15 (KHTML, like Gecko) Version/13.0.5 Mobile/15E148 Safari/604.1" "-"
95.53.11.143 - - [25/Mar/2020:01:15:51 +0000] "GET /best/?p=3 HTTP/2.0" 200 16667 "https://baneks.site/best/?p=2" "Mozilla/5.0 (iPhone; CPU iPhone OS 13_3_1 like Mac OS X) AppleWebKit/605.1.15 (KHTML, like Gecko) Version/13.0.5 Mobile/15E148 Safari/604.1"
95.53.11.143 - - [25/Mar/2020:01:15:51 +0000] "GET /best/?p=3 HTTP/2.0" 200 16667 "https://baneks.site/best/?p=3" "Mozilla/5.0 (iPhone; CPU iPhone OS 13_3_1 like Mac OS X) AppleWebKit/605.1.15 (KHTML, like Gecko) Version/13.0.5 Mobile/15E148 Safari/604.1" "-"
95.53.11.143 - - [25/Mar/2020:01:15:51 +0000] "GET /best/?p=3 HTTP/2.0" 200 16667 "https://baneks.site/best/?p=3" "Mozilla/5.0 (iPhone; CPU iPhone OS 13_3_1 like Mac OS X) AppleWebKit/605.1.15 (KHTML, like Gecko) Version/13.0.5 Mobile/15E148 Safari/604.1"
95.163.255.183 - - [25/Mar/2020:01:15:54 +0000] "GET /%D0%BF%D1%80%D0%B5%D0%B4%D1%81%D1%82%D0%B0%D1%8E%D1%82-%D0%BF%D0%B5%D1%80%D0%B5%D0%B4-%D0%B1%D0%BE%D0%B3%D0%BE%D0%BC-%D0%BD%D0%B0-%D1%81%D1%82%D1%80%D0%B0%D1%88%D0%BD%D0%BE%D0%BC-%D1%81%D1%83%D0%B4%D0%B5/?p=2 HTTP/1.1" 200 15684 "-" "Mozilla/5.0 (compatible; Linux x86_64; Mail.RU_Bot/2.0; +http://go.mail.ru/help/robots)" "-"
95.163.255.183 - - [25/Mar/2020:01:15:54 +0000] "GET /%D0%BF%D1%80%D0%B5%D0%B4%D1%81%D1%82%D0%B0%D1%8E%D1%82-%D0%BF%D0%B5%D1%80%D0%B5%D0%B4-%D0%B1%D0%BE%D0%B3%D0%BE%D0%BC-%D0%BD%D0%B0-%D1%81%D1%82%D1%80%D0%B0%D1%88%D0%BD%D0%BE%D0%BC-%D1%81%D1%83%D0%B4%D0%B5/?p=2 HTTP/1.1" 200 15684 "-" "Mozilla/5.0 (compatible; Linux x86_64; Mail.RU_Bot/2.0; +http://go.mail.ru/help/robots)"
95.53.11.143 - - [25/Mar/2020:01:15:57 +0000] "GET /best/?p=4 HTTP/2.0" 200 17332 "https://baneks.site/best/?p=3" "Mozilla/5.0 (iPhone; CPU iPhone OS 13_3_1 like Mac OS X) AppleWebKit/605.1.15 (KHTML, like Gecko) Version/13.0.5 Mobile/15E148 Safari/604.1" "-"
95.53.11.143 - - [25/Mar/2020:01:15:57 +0000] "GET /best/?p=4 HTTP/2.0" 200 17332 "https://baneks.site/best/?p=3" "Mozilla/5.0 (iPhone; CPU iPhone OS 13_3_1 like Mac OS X) AppleWebKit/605.1.15 (KHTML, like Gecko) Version/13.0.5 Mobile/15E148 Safari/604.1"
46.229.168.140 - - [25/Mar/2020:01:15:58 +0000] "GET /-%D1%81%D0%B4%D0%B5%D0%BB%D0%B0%D0%B5%D1%88%D1%8C-%D0%BC%D0%BD%D0%B5-%D0%BC%D0%B8%D0%BD%D0%B5%D1%82-%D0%B4%D0%B0%D0%B2%D0%B0%D0%B9-%D0%B2-%D1%81%D0%BB%D0%B5%D0%B4%D1%83%D1%8E%D1%89%D0%B8%D0%B9-%D1%80%D0%B0%D0%B7-%D0%BF%D0%BE%D1%87%D0%B5%D0%BC%D1%83/?p=3 HTTP/1.1" 200 10473 "-" "Mozilla/5.0 (compatible; SemrushBot/6~bl; +http://www.semrush.com/bot.html)" "-"
46.229.168.140 - - [25/Mar/2020:01:15:58 +0000] "GET /-%D1%81%D0%B4%D0%B5%D0%BB%D0%B0%D0%B5%D1%88%D1%8C-%D0%BC%D0%BD%D0%B5-%D0%BC%D0%B8%D0%BD%D0%B5%D1%82-%D0%B4%D0%B0%D0%B2%D0%B0%D0%B9-%D0%B2-%D1%81%D0%BB%D0%B5%D0%B4%D1%83%D1%8E%D1%89%D0%B8%D0%B9-%D1%80%D0%B0%D0%B7-%D0%BF%D0%BE%D1%87%D0%B5%D0%BC%D1%83/?p=3 HTTP/1.1" 200 10473 "-" "Mozilla/5.0 (compatible; SemrushBot/6~bl; +http://www.semrush.com/bot.html)"
95.53.11.143 - - [25/Mar/2020:01:16:01 +0000] "GET /best/?p=5 HTTP/2.0" 200 15562 "https://baneks.site/best/?p=4" "Mozilla/5.0 (iPhone; CPU iPhone OS 13_3_1 like Mac OS X) AppleWebKit/605.1.15 (KHTML, like Gecko) Version/13.0.5 Mobile/15E148 Safari/604.1" "-"
95.53.11.143 - - [25/Mar/2020:01:16:01 +0000] "GET /best/?p=5 HTTP/2.0" 200 15562 "https://baneks.site/best/?p=4" "Mozilla/5.0 (iPhone; CPU iPhone OS 13_3_1 like Mac OS X) AppleWebKit/605.1.15 (KHTML, like Gecko) Version/13.0.5 Mobile/15E148 Safari/604.1"
95.53.11.143 - - [25/Mar/2020:01:16:01 +0000] "GET /best/?p=5 HTTP/2.0" 200 15548 "https://baneks.site/best/?p=5" "Mozilla/5.0 (iPhone; CPU iPhone OS 13_3_1 like Mac OS X) AppleWebKit/605.1.15 (KHTML, like Gecko) Version/13.0.5 Mobile/15E148 Safari/604.1" "-"
95.53.11.143 - - [25/Mar/2020:01:16:01 +0000] "GET /best/?p=5 HTTP/2.0" 200 15548 "https://baneks.site/best/?p=5" "Mozilla/5.0 (iPhone; CPU iPhone OS 13_3_1 like Mac OS X) AppleWebKit/605.1.15 (KHTML, like Gecko) Version/13.0.5 Mobile/15E148 Safari/604.1"
95.53.11.143 - - [25/Mar/2020:01:16:04 +0000] "GET /best/?p=6 HTTP/2.0" 200 16695 "https://baneks.site/best/?p=5" "Mozilla/5.0 (iPhone; CPU iPhone OS 13_3_1 like Mac OS X) AppleWebKit/605.1.15 (KHTML, like Gecko) Version/13.0.5 Mobile/15E148 Safari/604.1" "-"
95.53.11.143 - - [25/Mar/2020:01:16:04 +0000] "GET /best/?p=6 HTTP/2.0" 200 16695 "https://baneks.site/best/?p=5" "Mozilla/5.0 (iPhone; CPU iPhone OS 13_3_1 like Mac OS X) AppleWebKit/605.1.15 (KHTML, like Gecko) Version/13.0.5 Mobile/15E148 Safari/604.1"
95.53.11.143 - - [25/Mar/2020:01:16:05 +0000] "GET /best/?p=6 HTTP/2.0" 200 16942 "https://baneks.site/best/?p=6" "Mozilla/5.0 (iPhone; CPU iPhone OS 13_3_1 like Mac OS X) AppleWebKit/605.1.15 (KHTML, like Gecko) Version/13.0.5 Mobile/15E148 Safari/604.1" "-"
95.53.11.143 - - [25/Mar/2020:01:16:05 +0000] "GET /best/?p=6 HTTP/2.0" 200 16942 "https://baneks.site/best/?p=6" "Mozilla/5.0 (iPhone; CPU iPhone OS 13_3_1 like Mac OS X) AppleWebKit/605.1.15 (KHTML, like Gecko) Version/13.0.5 Mobile/15E148 Safari/604.1"
95.53.11.143 - - [25/Mar/2020:01:16:08 +0000] "GET /best/?p=7 HTTP/2.0" 200 15617 "https://baneks.site/best/?p=6" "Mozilla/5.0 (iPhone; CPU iPhone OS 13_3_1 like Mac OS X) AppleWebKit/605.1.15 (KHTML, like Gecko) Version/13.0.5 Mobile/15E148 Safari/604.1" "-"
95.53.11.143 - - [25/Mar/2020:01:16:08 +0000] "GET /best/?p=7 HTTP/2.0" 200 15617 "https://baneks.site/best/?p=6" "Mozilla/5.0 (iPhone; CPU iPhone OS 13_3_1 like Mac OS X) AppleWebKit/605.1.15 (KHTML, like Gecko) Version/13.0.5 Mobile/15E148 Safari/604.1"
95.53.11.143 - - [25/Mar/2020:01:16:08 +0000] "GET /best/?p=7 HTTP/2.0" 200 15606 "https://baneks.site/best/?p=7" "Mozilla/5.0 (iPhone; CPU iPhone OS 13_3_1 like Mac OS X) AppleWebKit/605.1.15 (KHTML, like Gecko) Version/13.0.5 Mobile/15E148 Safari/604.1" "-"
95.53.11.143 - - [25/Mar/2020:01:16:08 +0000] "GET /best/?p=7 HTTP/2.0" 200 15606 "https://baneks.site/best/?p=7" "Mozilla/5.0 (iPhone; CPU iPhone OS 13_3_1 like Mac OS X) AppleWebKit/605.1.15 (KHTML, like Gecko) Version/13.0.5 Mobile/15E148 Safari/604.1"
46.229.168.149 - - [25/Mar/2020:01:16:10 +0000] "GET /%D1%81%D0%BA%D0%B5%D0%BB%D0%B5%D1%82/?p=2 HTTP/1.1" 200 13753 "-" "Mozilla/5.0 (compatible; SemrushBot/6~bl; +http://www.semrush.com/bot.html)" "-"
46.229.168.149 - - [25/Mar/2020:01:16:10 +0000] "GET /%D1%81%D0%BA%D0%B5%D0%BB%D0%B5%D1%82/?p=2 HTTP/1.1" 200 13753 "-" "Mozilla/5.0 (compatible; SemrushBot/6~bl; +http://www.semrush.com/bot.html)"
95.53.11.143 - - [25/Mar/2020:01:16:17 +0000] "GET /best/?p=8 HTTP/2.0" 200 15807 "https://baneks.site/best/?p=7" "Mozilla/5.0 (iPhone; CPU iPhone OS 13_3_1 like Mac OS X) AppleWebKit/605.1.15 (KHTML, like Gecko) Version/13.0.5 Mobile/15E148 Safari/604.1" "-"
