66.249.76.65 - - [24/May/2020:00:40:00 +0000] "GET /%D0%BF%D1%8C%D1%8F%D0%BD%D1%8B%D0%B9-%D0%BF%D0%B0%D0%BD%D0%BA-%D0%B8%D0%B4%D0%B5%D1%82-%D0%BF%D0%BE-%D1%83%D0%BB%D0%B8%D1%86%D0%B5-%D0%BD%D0%B0%D0%B2%D1%81%D1%82%D1%80%D0%B5%D1%87%D1%83-%D0%B5%D0%BC%D1%83-%D0%BC%D0%BE%D0%BD%D0%B0%D1%85%D0%B8%D0%BD%D1%8F/ HTTP/1.1" 200 13037 "-" "Mozilla/5.0 (compatible; Googlebot/2.1; +http://www.google.com/bot.html)" "-"
66.249.76.65 - - [24/May/2020:00:40:00 +0000] "GET /%D0%BF%D1%8C%D1%8F%D0%BD%D1%8B%D0%B9-%D0%BF%D0%B0%D0%BD%D0%BA-%D0%B8%D0%B4%D0%B5%D1%82-%D0%BF%D0%BE-%D1%83%D0%BB%D0%B8%D1%86%D0%B5-%D0%BD%D0%B0%D0%B2%D1%81%D1%82%D1%80%D0%B5%D1%87%D1%83-%D0%B5%D0%BC%D1%83-%D0%BC%D0%BE%D0%BD%D0%B0%D1%85%D0%B8%D0%BD%D1%8F/ HTTP/1.1" 200 13037 "-" "Mozilla/5.0 (compatible; Googlebot/2.1; +http://www.google.com/bot.html)"
195.91.247.33 - - [24/May/2020:00:40:06 +0000] "GET /%D0%BF%D0%B5%D1%80%D0%B2%D0%B0%D1%8F-%D0%B1%D1%80%D0%B0%D1%87%D0%BD%D0%B0%D1%8F-%D0%BD%D0%BE%D1%87%D1%8C-%D0%BD%D0%BE%D0%B2%D0%BE%D0%B1%D1%80%D0%B0%D1%87%D0%BD%D1%8B%D0%B5-%D1%83%D0%B6%D0%B5-%D0%B2-%D0%BA%D1%80%D0%BE%D0%B2%D0%B0%D1%82%D0%B8/?p=2 HTTP/2.0" 200 12913 "https://www.google.ae/" "Mozilla/5.0 (iPhone; CPU iPhone OS 13_3_1 like Mac OS X) AppleWebKit/605.1.15 (KHTML, like Gecko) Version/13.0.5 Mobile/15E148 Safari/604.1" "-"
195.91.247.33 - - [24/May/2020:00:40:06 +0000] "GET /%D0%BF%D0%B5%D1%80%D0%B2%D0%B0%D1%8F-%D0%B1%D1%80%D0%B0%D1%87%D0%BD%D0%B0%D1%8F-%D0%BD%D0%BE%D1%87%D1%8C-%D0%BD%D0%BE%D0%B2%D0%BE%D0%B1%D1%80%D0%B0%D1%87%D0%BD%D1%8B%D0%B5-%D1%83%D0%B6%D0%B5-%D0%B2-%D0%BA%D1%80%D0%BE%D0%B2%D0%B0%D1%82%D0%B8/?p=2 HTTP/2.0" 200 12913 "https://www.google.ae/" "Mozilla/5.0 (iPhone; CPU iPhone OS 13_3_1 like Mac OS X) AppleWebKit/605.1.15 (KHTML, like Gecko) Version/13.0.5 Mobile/15E148 Safari/604.1"
195.91.247.33 - - [24/May/2020:00:40:07 +0000] "GET /%D0%BF%D0%B5%D1%80%D0%B2%D0%B0%D1%8F-%D0%B1%D1%80%D0%B0%D1%87%D0%BD%D0%B0%D1%8F-%D0%BD%D0%BE%D1%87%D1%8C-%D0%BD%D0%BE%D0%B2%D0%BE%D0%B1%D1%80%D0%B0%D1%87%D0%BD%D1%8B%D0%B5-%D1%83%D0%B6%D0%B5-%D0%B2-%D0%BA%D1%80%D0%BE%D0%B2%D0%B0%D1%82%D0%B8/?p=2 HTTP/2.0" 200 12913 "https://baneks.site/%D0%BF%D0%B5%D1%80%D0%B2%D0%B0%D1%8F-%D0%B1%D1%80%D0%B0%D1%87%D0%BD%D0%B0%D1%8F-%D0%BD%D0%BE%D1%87%D1%8C-%D0%BD%D0%BE%D0%B2%D0%BE%D0%B1%D1%80%D0%B0%D1%87%D0%BD%D1%8B%D0%B5-%D1%83%D0%B6%D0%B5-%D0%B2-%D0%BA%D1%80%D0%BE%D0%B2%D0%B0%D1%82%D0%B8/?p=2" "Mozilla/5.0 (iPhone; CPU iPhone OS 13_3_1 like Mac OS X) AppleWebKit/605.1.15 (KHTML, like Gecko) Version/13.0.5 Mobile/15E148 Safari/604.1" "-"
195.91.247.33 - - [24/May/2020:00:40:07 +0000] "GET /%D0%BF%D0%B5%D1%80%D0%B2%D0%B0%D1%8F-%D0%B1%D1%80%D0%B0%D1%87%D0%BD%D0%B0%D1%8F-%D0%BD%D0%BE%D1%87%D1%8C-%D0%BD%D0%BE%D0%B2%D0%BE%D0%B1%D1%80%D0%B0%D1%87%D0%BD%D1%8B%D0%B5-%D1%83%D0%B6%D0%B5-%D0%B2-%D0%BA%D1%80%D0%BE%D0%B2%D0%B0%D1%82%D0%B8/?p=2 HTTP/2.0" 200 12913 "https://baneks.site/%D0%BF%D0%B5%D1%80%D0%B2%D0%B0%D1%8F-%D0%B1%D1%80%D0%B0%D1%87%D0%BD%D0%B0%D1%8F-%D0%BD%D0%BE%D1%87%D1%8C-%D0%BD%D0%BE%D0%B2%D0%BE%D0%B1%D1%80%D0%B0%D1%87%D0%BD%D1%8B%D0%B5-%D1%83%D0%B6%D0%B5-%D0%B2-%D0%BA%D1%80%D0%BE%D0%B2%D0%B0%D1%82%D0%B8/?p=2" "Mozilla/5.0 (iPhone; CPU iPhone OS 13_3_1 like Mac OS X) AppleWebKit/605.1.15 (KHTML, like Gecko) Version/13.0.5 Mobile/15E148 Safari/604.1"
5.18.204.120 - - [24/May/2020:00:40:08 +0000] "GET /%D1%87%D1%83%D0%B2%D0%B0%D0%BA-%D1%80%D0%B0%D0%B1%D0%BE%D1%82%D0%B0%D0%BB-%D0%BF%D1%80%D0%BE%D0%B2%D0%BE%D0%B4%D0%BD%D0%B8%D0%BA%D0%BE%D0%BC-%D0%B2-%D0%BF%D0%BE%D0%B5%D0%B7%D0%B4%D0%B5-%D0%BE%D0%B4%D0%BD%D0%B0%D0%B6%D0%B4%D1%8B-%D0%B2-%D0%BA%D1%83%D0%BF%D0%B5/ HTTP/2.0" 200 16201 "https://baneks.site/best/?p=3" "Mozilla/5.0 (Linux; Android 9; PAR-LX1) AppleWebKit/537.36 (KHTML, like Gecko) Chrome/81.0.4044.138 Mobile Safari/537.36" "-"
5.18.204.120 - - [24/May/2020:00:40:08 +0000] "GET /%D1%87%D1%83%D0%B2%D0%B0%D0%BA-%D1%80%D0%B0%D0%B1%D0%BE%D1%82%D0%B0%D0%BB-%D0%BF%D1%80%D0%BE%D0%B2%D0%BE%D0%B4%D0%BD%D0%B8%D0%BA%D0%BE%D0%BC-%D0%B2-%D0%BF%D0%BE%D0%B5%D0%B7%D0%B4%D0%B5-%D0%BE%D0%B4%D0%BD%D0%B0%D0%B6%D0%B4%D1%8B-%D0%B2-%D0%BA%D1%83%D0%BF%D0%B5/ HTTP/2.0" 200 16201 "https://baneks.site/best/?p=3" "Mozilla/5.0 (Linux; Android 9; PAR-LX1) AppleWebKit/537.36 (KHTML, like Gecko) Chrome/81.0.4044.138 Mobile Safari/537.36"
65.154.226.109 - - [24/May/2020:00:40:13 +0000] "GET / HTTP/1.1" 301 178 "http://www.bing.com/search?q=amazon" "Mozilla/5.0 (Windows NT 10.0; Win64; x64) AppleWebKit/537.36 (KHTML, like Gecko) Chrome/76.0.3809.71 Safari/537.36" "-"
65.154.226.109 - - [24/May/2020:00:40:13 +0000] "GET / HTTP/1.1" 301 178 "http://www.bing.com/search?q=amazon" "Mozilla/5.0 (Windows NT 10.0; Win64; x64) AppleWebKit/537.36 (KHTML, like Gecko) Chrome/76.0.3809.71 Safari/537.36"
65.154.226.109 - - [24/May/2020:00:40:13 +0000] "GET / HTTP/1.1" 301 178 "http://www.bing.com/search?q=amazon" "Mozilla/5.0 (Windows NT 10.0; Win64; x64) AppleWebKit/537.36 (KHTML, like Gecko) Chrome/76.0.3809.71 Safari/537.36" "-"
65.154.226.109 - - [24/May/2020:00:40:13 +0000] "GET / HTTP/1.1" 301 178 "http://www.bing.com/search?q=amazon" "Mozilla/5.0 (Windows NT 10.0; Win64; x64) AppleWebKit/537.36 (KHTML, like Gecko) Chrome/76.0.3809.71 Safari/537.36"
45.32.195.186 - - [24/May/2020:00:40:13 +0000] "GET / HTTP/1.1" 200 4613 "-" "Mozilla/5.0 (Windows NT 6.2; WOW64) AppleWebKit/537.4 (KHTML, like Gecko) Chrome/98 Safari/537.4 (StatusCake)" "-"
45.32.195.186 - - [24/May/2020:00:40:13 +0000] "GET / HTTP/1.1" 200 4613 "-" "Mozilla/5.0 (Windows NT 6.2; WOW64) AppleWebKit/537.4 (KHTML, like Gecko) Chrome/98 Safari/537.4 (StatusCake)"
65.154.226.109 - - [24/May/2020:00:40:13 +0000] "GET / HTTP/2.0" 200 4582 "http://www.bing.com/search?q=amazon" "Mozilla/5.0 (Windows NT 10.0; Win64; x64) AppleWebKit/537.36 (KHTML, like Gecko) Chrome/76.0.3809.71 Safari/537.36" "-"
65.154.226.109 - - [24/May/2020:00:40:13 +0000] "GET / HTTP/2.0" 200 4582 "http://www.bing.com/search?q=amazon" "Mozilla/5.0 (Windows NT 10.0; Win64; x64) AppleWebKit/537.36 (KHTML, like Gecko) Chrome/76.0.3809.71 Safari/537.36"
65.154.226.109 - - [24/May/2020:00:40:14 +0000] "GET / HTTP/2.0" 200 4582 "http://www.bing.com/search?q=amazon" "Mozilla/5.0 (Windows NT 10.0; Win64; x64) AppleWebKit/537.36 (KHTML, like Gecko) Chrome/76.0.3809.71 Safari/537.36" "-"
65.154.226.109 - - [24/May/2020:00:40:14 +0000] "GET / HTTP/2.0" 200 4582 "http://www.bing.com/search?q=amazon" "Mozilla/5.0 (Windows NT 10.0; Win64; x64) AppleWebKit/537.36 (KHTML, like Gecko) Chrome/76.0.3809.71 Safari/537.36"
66.249.64.94 - - [24/May/2020:00:40:14 +0000] "GET /%D0%A7%D0%B5%D0%B1%D1%83%D1%80%D0%B0%D1%88%D0%BA%D0%B0-%D1%85%D0%BE%D1%87%D0%B5%D1%82-%D0%B2-%D1%82%D1%83%D0%B0%D0%BB%D0%B5%D1%82-%D1%81%D0%B0%D0%B4%D0%B8%D1%82%D1%81%D1%8F-%D0%BD%D0%B0-%D1%83%D0%BD%D0%B8%D1%82%D0%B0%D0%B7/?p=2 HTTP/1.1" 200 13609 "-" "Mozilla/5.0 (compatible; Googlebot/2.1; +http://www.google.com/bot.html)" "-"
66.249.64.94 - - [24/May/2020:00:40:14 +0000] "GET /%D0%A7%D0%B5%D0%B1%D1%83%D1%80%D0%B0%D1%88%D0%BA%D0%B0-%D1%85%D0%BE%D1%87%D0%B5%D1%82-%D0%B2-%D1%82%D1%83%D0%B0%D0%BB%D0%B5%D1%82-%D1%81%D0%B0%D0%B4%D0%B8%D1%82%D1%81%D1%8F-%D0%BD%D0%B0-%D1%83%D0%BD%D0%B8%D1%82%D0%B0%D0%B7/?p=2 HTTP/1.1" 200 13609 "-" "Mozilla/5.0 (compatible; Googlebot/2.1; +http://www.google.com/bot.html)"
65.154.226.109 - - [24/May/2020:00:40:15 +0000] "GET / HTTP/2.0" 200 4582 "https://baneks.site/" "Mozilla/5.0 (Windows NT 10.0; Win64; x64) AppleWebKit/537.36 (KHTML, like Gecko) Chrome/76.0.3809.71 Safari/537.36" "-"
65.154.226.109 - - [24/May/2020:00:40:15 +0000] "GET / HTTP/2.0" 200 4582 "https://baneks.site/" "Mozilla/5.0 (Windows NT 10.0; Win64; x64) AppleWebKit/537.36 (KHTML, like Gecko) Chrome/76.0.3809.71 Safari/537.36"
65.154.226.109 - - [24/May/2020:00:40:17 +0000] "GET / HTTP/2.0" 200 4582 "https://baneks.site/" "Mozilla/5.0 (Windows NT 10.0; Win64; x64) AppleWebKit/537.36 (KHTML, like Gecko) Chrome/76.0.3809.71 Safari/537.36" "-"
65.154.226.109 - - [24/May/2020:00:40:17 +0000] "GET / HTTP/2.0" 200 4582 "https://baneks.site/" "Mozilla/5.0 (Windows NT 10.0; Win64; x64) AppleWebKit/537.36 (KHTML, like Gecko) Chrome/76.0.3809.71 Safari/537.36"
66.249.64.94 - - [24/May/2020:00:40:23 +0000] "GET /%D0%90%D0%B7%D0%B0%D1%80%D0%BE%D0%B2-%D0%BF%D1%80%D0%B8%D0%B5%D0%B7%D0%B6%D0%B0%D0%B5%D1%82-%D1%81-%D0%B2%D0%B8%D0%B7%D0%B8%D1%82%D0%BE%D0%BC-%D0%B2-%D0%BC%D0%B0%D0%BB%D0%B5%D0%BD%D1%8C%D0%BA%D1%83%D1%8E-%D0%94%D0%BE%D0%BD%D0%B5%D1%86%D0%BA%D1%83%D1%8E/? HTTP/1.1" 200 12037 "-" "Mozilla/5.0 (Linux; Android 6.0.1; Nexus 5X Build/MMB29P) AppleWebKit/537.36 (KHTML, like Gecko) Chrome/80.0.3987.92 Mobile Safari/537.36 (compatible; Googlebot/2.1; +http://www.google.com/bot.html)" "-"
66.249.64.94 - - [24/May/2020:00:40:23 +0000] "GET /%D0%90%D0%B7%D0%B0%D1%80%D0%BE%D0%B2-%D0%BF%D1%80%D0%B8%D0%B5%D0%B7%D0%B6%D0%B0%D0%B5%D1%82-%D1%81-%D0%B2%D0%B8%D0%B7%D0%B8%D1%82%D0%BE%D0%BC-%D0%B2-%D0%BC%D0%B0%D0%BB%D0%B5%D0%BD%D1%8C%D0%BA%D1%83%D1%8E-%D0%94%D0%BE%D0%BD%D0%B5%D1%86%D0%BA%D1%83%D1%8E/? HTTP/1.1" 200 12037 "-" "Mozilla/5.0 (Linux; Android 6.0.1; Nexus 5X Build/MMB29P) AppleWebKit/537.36 (KHTML, like Gecko) Chrome/80.0.3987.92 Mobile Safari/537.36 (compatible; Googlebot/2.1; +http://www.google.com/bot.html)"
179.43.169.182 - - [24/May/2020:00:40:24 +0000] "GET / HTTP/2.0" 200 5038 "-" "Mozilla/5.0 (X11; Linux i686; rv:10.0) Gecko/20100101 Firefox/10.0" "-"
179.43.169.182 - - [24/May/2020:00:40:24 +0000] "GET / HTTP/2.0" 200 5038 "-" "Mozilla/5.0 (X11; Linux i686; rv:10.0) Gecko/20100101 Firefox/10.0"
85.140.17.40 - - [24/May/2020:00:40:38 +0000] "GET /%D0%B4%D0%B2%D0%B0-%D0%BC%D1%83%D0%B6%D0%B8%D0%BA%D0%B0-%D0%B2%D1%81%D1%82%D1%80%D0%B5%D1%87%D0%B0%D1%8E%D1%82%D1%81%D1%8F-%D0%B2-%D0%B1%D0%B0%D0%BD%D0%B5-%D0%BF%D1%80%D0%B8%D1%87%D0%B5%D0%BC-%D1%83-%D0%BE%D0%B4%D0%BD%D0%BE%D0%B3%D0%BE-%D1%87%D0%BB%D0%B5%D0%BD/ HTTP/2.0" 200 13868 "http://yandex.ru/searchapp?text=" "Mozilla/5.0 (Linux; arm_64; Android 8.0.0; SM-A530F) AppleWebKit/537.36 (KHTML, like Gecko) Chrome/79.0.3945.117 YaApp_Android/10.63 YaSearchBrowser/10.63 BroPP/1.0 SA/1 Mobile Safari/537.36" "-"
85.140.17.40 - - [24/May/2020:00:40:38 +0000] "GET /%D0%B4%D0%B2%D0%B0-%D0%BC%D1%83%D0%B6%D0%B8%D0%BA%D0%B0-%D0%B2%D1%81%D1%82%D1%80%D0%B5%D1%87%D0%B0%D1%8E%D1%82%D1%81%D1%8F-%D0%B2-%D0%B1%D0%B0%D0%BD%D0%B5-%D0%BF%D1%80%D0%B8%D1%87%D0%B5%D0%BC-%D1%83-%D0%BE%D0%B4%D0%BD%D0%BE%D0%B3%D0%BE-%D1%87%D0%BB%D0%B5%D0%BD/ HTTP/2.0" 200 13868 "http://yandex.ru/searchapp?text=" "Mozilla/5.0 (Linux; arm_64; Android 8.0.0; SM-A530F) AppleWebKit/537.36 (KHTML, like Gecko) Chrome/79.0.3945.117 YaApp_Android/10.63 YaSearchBrowser/10.63 BroPP/1.0 SA/1 Mobile Safari/537.36"
85.140.17.40 - - [24/May/2020:00:40:40 +0000] "GET /%D0%B4%D0%B2%D0%B0-%D0%BC%D1%83%D0%B6%D0%B8%D0%BA%D0%B0-%D0%B2%D1%81%D1%82%D1%80%D0%B5%D1%87%D0%B0%D1%8E%D1%82%D1%81%D1%8F-%D0%B2-%D0%B1%D0%B0%D0%BD%D0%B5-%D0%BF%D1%80%D0%B8%D1%87%D0%B5%D0%BC-%D1%83-%D0%BE%D0%B4%D0%BD%D0%BE%D0%B3%D0%BE-%D1%87%D0%BB%D0%B5%D0%BD/ HTTP/2.0" 200 13868 "https://baneks.site/%D0%B4%D0%B2%D0%B0-%D0%BC%D1%83%D0%B6%D0%B8%D0%BA%D0%B0-%D0%B2%D1%81%D1%82%D1%80%D0%B5%D1%87%D0%B0%D1%8E%D1%82%D1%81%D1%8F-%D0%B2-%D0%B1%D0%B0%D0%BD%D0%B5-%D0%BF%D1%80%D0%B8%D1%87%D0%B5%D0%BC-%D1%83-%D0%BE%D0%B4%D0%BD%D0%BE%D0%B3%D0%BE-%D1%87%D0%BB%D0%B5%D0%BD/" "Mozilla/5.0 (Linux; arm_64; Android 8.0.0; SM-A530F) AppleWebKit/537.36 (KHTML, like Gecko) Chrome/79.0.3945.117 YaApp_Android/10.63 YaSearchBrowser/10.63 BroPP/1.0 SA/1 Mobile Safari/537.36" "-"
85.140.17.40 - - [24/May/2020:00:40:40 +0000] "GET /%D0%B4%D0%B2%D0%B0-%D0%BC%D1%83%D0%B6%D0%B8%D0%BA%D0%B0-%D0%B2%D1%81%D1%82%D1%80%D0%B5%D1%87%D0%B0%D1%8E%D1%82%D1%81%D1%8F-%D0%B2-%D0%B1%D0%B0%D0%BD%D0%B5-%D0%BF%D1%80%D0%B8%D1%87%D0%B5%D0%BC-%D1%83-%D0%BE%D0%B4%D0%BD%D0%BE%D0%B3%D0%BE-%D1%87%D0%BB%D0%B5%D0%BD/ HTTP/2.0" 200 13868 "https://baneks.site/%D0%B4%D0%B2%D0%B0-%D0%BC%D1%83%D0%B6%D0%B8%D0%BA%D0%B0-%D0%B2%D1%81%D1%82%D1%80%D0%B5%D1%87%D0%B0%D1%8E%D1%82%D1%81%D1%8F-%D0%B2-%D0%B1%D0%B0%D0%BD%D0%B5-%D0%BF%D1%80%D0%B8%D1%87%D0%B5%D0%BC-%D1%83-%D0%BE%D0%B4%D0%BD%D0%BE%D0%B3%D0%BE-%D1%87%D0%BB%D0%B5%D0%BD/" "Mozilla/5.0 (Linux; arm_64; Android 8.0.0; SM-A530F) AppleWebKit/537.36 (KHTML, like Gecko) Chrome/79.0.3945.117 YaApp_Android/10.63 YaSearchBrowser/10.63 BroPP/1.0 SA/1 Mobile Safari/537.36"
66.249.76.94 - - [24/May/2020:00:40:45 +0000] "GET /tag/%D0%BC%D1%83%D0%B6/?p=11 HTTP/1.1" 200 11448 "-" "Mozilla/5.0 (Linux; Android 6.0.1; Nexus 5X Build/MMB29P) AppleWebKit/537.36 (KHTML, like Gecko) Chrome/80.0.3987.92 Mobile Safari/537.36 (compatible; Googlebot/2.1; +http://www.google.com/bot.html)" "-"
66.249.76.94 - - [24/May/2020:00:40:45 +0000] "GET /tag/%D0%BC%D1%83%D0%B6/?p=11 HTTP/1.1" 200 11448 "-" "Mozilla/5.0 (Linux; Android 6.0.1; Nexus 5X Build/MMB29P) AppleWebKit/537.36 (KHTML, like Gecko) Chrome/80.0.3987.92 Mobile Safari/537.36 (compatible; Googlebot/2.1; +http://www.google.com/bot.html)"
65.154.226.109 - - [24/May/2020:00:40:47 +0000] "GET / HTTP/1.1" 301 178 "http://www.bing.com/search?q=amazon" "Mozilla/5.0 (Windows NT 10.0; Win64; x64) AppleWebKit/537.36 (KHTML, like Gecko) Chrome/76.0.3809.71 Safari/537.36" "-"
65.154.226.109 - - [24/May/2020:00:40:47 +0000] "GET / HTTP/1.1" 301 178 "http://www.bing.com/search?q=amazon" "Mozilla/5.0 (Windows NT 10.0; Win64; x64) AppleWebKit/537.36 (KHTML, like Gecko) Chrome/76.0.3809.71 Safari/537.36"
65.154.226.109 - - [24/May/2020:00:40:48 +0000] "GET / HTTP/2.0" 200 4582 "http://www.bing.com/search?q=amazon" "Mozilla/5.0 (Windows NT 10.0; Win64; x64) AppleWebKit/537.36 (KHTML, like Gecko) Chrome/76.0.3809.71 Safari/537.36" "-"
65.154.226.109 - - [24/May/2020:00:40:48 +0000] "GET / HTTP/2.0" 200 4582 "http://www.bing.com/search?q=amazon" "Mozilla/5.0 (Windows NT 10.0; Win64; x64) AppleWebKit/537.36 (KHTML, like Gecko) Chrome/76.0.3809.71 Safari/537.36"
114.119.161.133 - - [24/May/2020:00:40:48 +0000] "GET /%D0%BD%D0%BE%D1%87%D0%B5%D0%B2%D0%B0%D0%BB-%D0%B2-%D0%B3%D0%BE%D1%81%D1%82%D1%8F%D1%85-%D1%83-%D1%81%D0%B2%D0%BE%D0%B5%D0%B3%D0%BE-%D0%BF%D0%B0%D1%80%D0%BD%D1%8F-%D0%BD%D0%BE%D1%87%D1%8C%D1%8E-%D0%BC%D1%8B-%D0%B7%D0%B0%D0%BB%D0%B5%D0%B7%D0%BB%D0%B8?s=likes HTTP/1.1" 301 0 "-" "Mozilla/5.0 (Linux; Android 7.0;) AppleWebKit/537.36 (KHTML, like Gecko) Mobile Safari/537.36 (compatible; PetalBot;+https://aspiegel.com/petalbot)" "-"
114.119.161.133 - - [24/May/2020:00:40:48 +0000] "GET /%D0%BD%D0%BE%D1%87%D0%B5%D0%B2%D0%B0%D0%BB-%D0%B2-%D0%B3%D0%BE%D1%81%D1%82%D1%8F%D1%85-%D1%83-%D1%81%D0%B2%D0%BE%D0%B5%D0%B3%D0%BE-%D0%BF%D0%B0%D1%80%D0%BD%D1%8F-%D0%BD%D0%BE%D1%87%D1%8C%D1%8E-%D0%BC%D1%8B-%D0%B7%D0%B0%D0%BB%D0%B5%D0%B7%D0%BB%D0%B8?s=likes HTTP/1.1" 301 0 "-" "Mozilla/5.0 (Linux; Android 7.0;) AppleWebKit/537.36 (KHTML, like Gecko) Mobile Safari/537.36 (compatible; PetalBot;+https://aspiegel.com/petalbot)"
114.119.161.133 - - [24/May/2020:00:40:50 +0000] "GET /%D0%BD%D0%BE%D1%87%D0%B5%D0%B2%D0%B0%D0%BB-%D0%B2-%D0%B3%D0%BE%D1%81%D1%82%D1%8F%D1%85-%D1%83-%D1%81%D0%B2%D0%BE%D0%B5%D0%B3%D0%BE-%D0%BF%D0%B0%D1%80%D0%BD%D1%8F-%D0%BD%D0%BE%D1%87%D1%8C%D1%8E-%D0%BC%D1%8B-%D0%B7%D0%B0%D0%BB%D0%B5%D0%B7%D0%BB%D0%B8/?s=likes HTTP/1.1" 200 12820 "-" "Mozilla/5.0 (Linux; Android 7.0;) AppleWebKit/537.36 (KHTML, like Gecko) Mobile Safari/537.36 (compatible; PetalBot;+https://aspiegel.com/petalbot)" "-"
114.119.161.133 - - [24/May/2020:00:40:50 +0000] "GET /%D0%BD%D0%BE%D1%87%D0%B5%D0%B2%D0%B0%D0%BB-%D0%B2-%D0%B3%D0%BE%D1%81%D1%82%D1%8F%D1%85-%D1%83-%D1%81%D0%B2%D0%BE%D0%B5%D0%B3%D0%BE-%D0%BF%D0%B0%D1%80%D0%BD%D1%8F-%D0%BD%D0%BE%D1%87%D1%8C%D1%8E-%D0%BC%D1%8B-%D0%B7%D0%B0%D0%BB%D0%B5%D0%B7%D0%BB%D0%B8/?s=likes HTTP/1.1" 200 12820 "-" "Mozilla/5.0 (Linux; Android 7.0;) AppleWebKit/537.36 (KHTML, like Gecko) Mobile Safari/537.36 (compatible; PetalBot;+https://aspiegel.com/petalbot)"
65.154.226.109 - - [24/May/2020:00:40:56 +0000] "GET / HTTP/2.0" 200 4582 "https://baneks.site/" "Mozilla/5.0 (Windows NT 10.0; Win64; x64) AppleWebKit/537.36 (KHTML, like Gecko) Chrome/76.0.3809.71 Safari/537.36" "-"
65.154.226.109 - - [24/May/2020:00:40:56 +0000] "GET / HTTP/2.0" 200 4582 "https://baneks.site/" "Mozilla/5.0 (Windows NT 10.0; Win64; x64) AppleWebKit/537.36 (KHTML, like Gecko) Chrome/76.0.3809.71 Safari/537.36"
66.249.76.94 - - [24/May/2020:00:40:59 +0000] "GET /%D0%B2-%D0%B8%D0%BD%D1%84%D0%B5%D0%BA%D1%86%D0%B8%D0%BE%D0%BD%D0%BD%D0%BE%D0%BC-%D0%BE%D1%82%D0%B4%D0%B5%D0%BB%D0%B5%D0%BD%D0%B8%D0%B8-%D0%BE%D1%82-%D0%BA%D0%BE%D1%80%D0%BE%D0%BD%D0%B0%D0%B2%D0%B8%D1%80%D1%83%D1%81%D0%B0-%D1%83%D0%BC%D0%B8%D1%80%D0%B0%D0%B5%D1%82/ HTTP/1.1" 200 12465 "-" "Mozilla/5.0 (Linux; Android 6.0.1; Nexus 5X Build/MMB29P) AppleWebKit/537.36 (KHTML, like Gecko) Chrome/80.0.3987.92 Mobile Safari/537.36 (compatible; Googlebot/2.1; +http://www.google.com/bot.html)" "-"
66.249.76.94 - - [24/May/2020:00:40:59 +0000] "GET /%D0%B2-%D0%B8%D0%BD%D1%84%D0%B5%D0%BA%D1%86%D0%B8%D0%BE%D0%BD%D0%BD%D0%BE%D0%BC-%D0%BE%D1%82%D0%B4%D0%B5%D0%BB%D0%B5%D0%BD%D0%B8%D0%B8-%D0%BE%D1%82-%D0%BA%D0%BE%D1%80%D0%BE%D0%BD%D0%B0%D0%B2%D0%B8%D1%80%D1%83%D1%81%D0%B0-%D1%83%D0%BC%D0%B8%D1%80%D0%B0%D0%B5%D1%82/ HTTP/1.1" 200 12465 "-" "Mozilla/5.0 (Linux; Android 6.0.1; Nexus 5X Build/MMB29P) AppleWebKit/537.36 (KHTML, like Gecko) Chrome/80.0.3987.92 Mobile Safari/537.36 (compatible; Googlebot/2.1; +http://www.google.com/bot.html)"
46.229.168.131 - - [24/May/2020:00:41:04 +0000] "GET /%D1%81%D0%BB%D1%83%D0%B6%D0%B8%D0%BB-%D0%BC%D1%83%D0%B6%D0%B8%D0%BA-%D0%B2-%D0%B0%D1%80%D0%BC%D0%B8%D0%B8-%D0%BA%D0%B0%D0%BF%D0%B8%D1%82%D0%B0%D0%BD%D0%BE%D0%BC-%D0%BF%D0%BE%D0%BB%D1%83%D1%87%D0%B0%D0%BB-%D0%BE%D0%BD/ HTTP/1.1" 200 14873 "-" "Mozilla/5.0 (compatible; SemrushBot/6~bl; +http://www.semrush.com/bot.html)" "-"
46.229.168.131 - - [24/May/2020:00:41:04 +0000] "GET /%D1%81%D0%BB%D1%83%D0%B6%D0%B8%D0%BB-%D0%BC%D1%83%D0%B6%D0%B8%D0%BA-%D0%B2-%D0%B0%D1%80%D0%BC%D0%B8%D0%B8-%D0%BA%D0%B0%D0%BF%D0%B8%D1%82%D0%B0%D0%BD%D0%BE%D0%BC-%D0%BF%D0%BE%D0%BB%D1%83%D1%87%D0%B0%D0%BB-%D0%BE%D0%BD/ HTTP/1.1" 200 14873 "-" "Mozilla/5.0 (compatible; SemrushBot/6~bl; +http://www.semrush.com/bot.html)"
67.205.165.53 - - [24/May/2020:00:41:29 +0000] "GET / HTTP/2.0" 200 5038 "-" "Go-http-client/2.0" "-"
67.205.165.53 - - [24/May/2020:00:41:29 +0000] "GET / HTTP/2.0" 200 5038 "-" "Go-http-client/2.0"
66.249.76.68 - - [24/May/2020:00:41:32 +0000] "GET /%D1%81%D0%BB%D0%B5%D0%BF%D0%BE%D0%B9-%D1%81%D0%BF%D1%80%D0%B0%D1%88%D0%B8%D0%B2%D0%B0%D0%B5%D1%82-%D0%B3%D0%BB%D1%83%D1%85%D0%BE%D0%B3%D0%BE-%D0%BD%D1%83-%D1%87%D1%82%D0%BE-%D0%BA%D0%B0%D0%BA-%D0%B4%D0%B5%D0%BB%D0%B0-%D0%B3%D0%BB%D1%83%D1%85%D0%BE%D0%B9/ HTTP/1.1" 200 13871 "-" "Mozilla/5.0 (Linux; Android 6.0.1; Nexus 5X Build/MMB29P) AppleWebKit/537.36 (KHTML, like Gecko) Chrome/80.0.3987.92 Mobile Safari/537.36 (compatible; Googlebot/2.1; +http://www.google.com/bot.html)" "-"
66.249.76.68 - - [24/May/2020:00:41:32 +0000] "GET /%D1%81%D0%BB%D0%B5%D0%BF%D0%BE%D0%B9-%D1%81%D0%BF%D1%80%D0%B0%D1%88%D0%B8%D0%B2%D0%B0%D0%B5%D1%82-%D0%B3%D0%BB%D1%83%D1%85%D0%BE%D0%B3%D0%BE-%D0%BD%D1%83-%D1%87%D1%82%D0%BE-%D0%BA%D0%B0%D0%BA-%D0%B4%D0%B5%D0%BB%D0%B0-%D0%B3%D0%BB%D1%83%D1%85%D0%BE%D0%B9/ HTTP/1.1" 200 13871 "-" "Mozilla/5.0 (Linux; Android 6.0.1; Nexus 5X Build/MMB29P) AppleWebKit/537.36 (KHTML, like Gecko) Chrome/80.0.3987.92 Mobile Safari/537.36 (compatible; Googlebot/2.1; +http://www.google.com/bot.html)"
5.18.204.120 - - [24/May/2020:00:41:32 +0000] "GET /%D0%9F%D0%B5%D1%82%D0%B5%D1%80%D0%B1%D1%83%D1%80%D0%B3-%D0%BC%D0%B5%D1%82%D1%80%D0%BE-%D1%81%D1%82%D0%B0%D0%BD%D1%86%D0%B8%D1%8F-%D0%9C%D0%B0%D1%8F%D0%BA%D0%BE%D0%B2%D1%81%D0%BA%D0%B0%D1%8F-%D0%B2-%D1%81%D0%B0%D0%BC%D1%8B%D0%B9-%D1%87%D0%B0%D1%81-%D0%BF%D0%B8%D0%BA/ HTTP/2.0" 200 17399 "https://baneks.site/best/?p=3" "Mozilla/5.0 (Linux; Android 9; PAR-LX1) AppleWebKit/537.36 (KHTML, like Gecko) Chrome/81.0.4044.138 Mobile Safari/537.36" "-"
5.18.204.120 - - [24/May/2020:00:41:32 +0000] "GET /%D0%9F%D0%B5%D1%82%D0%B5%D1%80%D0%B1%D1%83%D1%80%D0%B3-%D0%BC%D0%B5%D1%82%D1%80%D0%BE-%D1%81%D1%82%D0%B0%D0%BD%D1%86%D0%B8%D1%8F-%D0%9C%D0%B0%D1%8F%D0%BA%D0%BE%D0%B2%D1%81%D0%BA%D0%B0%D1%8F-%D0%B2-%D1%81%D0%B0%D0%BC%D1%8B%D0%B9-%D1%87%D0%B0%D1%81-%D0%BF%D0%B8%D0%BA/ HTTP/2.0" 200 17399 "https://baneks.site/best/?p=3" "Mozilla/5.0 (Linux; Android 9; PAR-LX1) AppleWebKit/537.36 (KHTML, like Gecko) Chrome/81.0.4044.138 Mobile Safari/537.36"
46.229.168.135 - - [24/May/2020:00:41:34 +0000] "GET /to-whoever-took-my-Office-365-product-key-I-will/ HTTP/1.1" 200 10074 "-" "Mozilla/5.0 (compatible; SemrushBot/6~bl; +http://www.semrush.com/bot.html)" "-"
46.229.168.135 - - [24/May/2020:00:41:34 +0000] "GET /to-whoever-took-my-Office-365-product-key-I-will/ HTTP/1.1" 200 10074 "-" "Mozilla/5.0 (compatible; SemrushBot/6~bl; +http://www.semrush.com/bot.html)"
179.43.169.182 - - [24/May/2020:00:41:40 +0000] "GET / HTTP/2.0" 200 5038 "-" "Mozilla/5.0 (X11; Linux i686; rv:10.0) Gecko/20100101 Firefox/10.0" "-"
179.43.169.182 - - [24/May/2020:00:41:40 +0000] "GET / HTTP/2.0" 200 5038 "-" "Mozilla/5.0 (X11; Linux i686; rv:10.0) Gecko/20100101 Firefox/10.0"
66.249.64.94 - - [24/May/2020:00:41:46 +0000] "GET /%D0%B2-%D0%B8%D0%BD%D1%84%D0%B5%D0%BA%D1%86%D0%B8%D0%BE%D0%BD%D0%BD%D0%BE%D0%BC-%D0%BE%D1%82%D0%B4%D0%B5%D0%BB%D0%B5%D0%BD%D0%B8%D0%B8-%D0%BE%D1%82-%D0%BA%D0%BE%D1%80%D0%BE%D0%BD%D0%B0%D0%B2%D0%B8%D1%80%D1%83%D1%81%D0%B0-%D1%83%D0%BC%D0%B8%D1%80%D0%B0%D0%B5%D1%82/ HTTP/1.1" 200 12465 "-" "Mozilla/5.0 (compatible; Googlebot/2.1; +http://www.google.com/bot.html)" "-"
66.249.64.94 - - [24/May/2020:00:41:46 +0000] "GET /%D0%B2-%D0%B8%D0%BD%D1%84%D0%B5%D0%BA%D1%86%D0%B8%D0%BE%D0%BD%D0%BD%D0%BE%D0%BC-%D0%BE%D1%82%D0%B4%D0%B5%D0%BB%D0%B5%D0%BD%D0%B8%D0%B8-%D0%BE%D1%82-%D0%BA%D0%BE%D1%80%D0%BE%D0%BD%D0%B0%D0%B2%D0%B8%D1%80%D1%83%D1%81%D0%B0-%D1%83%D0%BC%D0%B8%D1%80%D0%B0%D0%B5%D1%82/ HTTP/1.1" 200 12465 "-" "Mozilla/5.0 (compatible; Googlebot/2.1; +http://www.google.com/bot.html)"
46.229.168.145 - - [24/May/2020:00:41:49 +0000] "GET /%D0%B2%D1%81%D1%82%D1%80%D0%B5%D1%87%D0%B0%D1%8E%D1%82%D1%81%D1%8F-%D0%B4%D0%B2%D0%B0-%D0%BC%D1%83%D0%B6%D0%B8%D0%BA%D0%B0-%D0%95%D0%B2%D0%B3%D0%B5%D0%BD%D0%B8%D0%B9-%D1%85%D0%BE%D1%87%D0%B5%D1%88%D1%8C-%D0%B2%D0%BE%D0%B4%D0%BA%D0%B8/?p=2 HTTP/1.1" 200 8980 "-" "Mozilla/5.0 (compatible; SemrushBot/6~bl; +http://www.semrush.com/bot.html)" "-"
46.229.168.145 - - [24/May/2020:00:41:49 +0000] "GET /%D0%B2%D1%81%D1%82%D1%80%D0%B5%D1%87%D0%B0%D1%8E%D1%82%D1%81%D1%8F-%D0%B4%D0%B2%D0%B0-%D0%BC%D1%83%D0%B6%D0%B8%D0%BA%D0%B0-%D0%95%D0%B2%D0%B3%D0%B5%D0%BD%D0%B8%D0%B9-%D1%85%D0%BE%D1%87%D0%B5%D1%88%D1%8C-%D0%B2%D0%BE%D0%B4%D0%BA%D0%B8/?p=2 HTTP/1.1" 200 8980 "-" "Mozilla/5.0 (compatible; SemrushBot/6~bl; +http://www.semrush.com/bot.html)"
179.43.169.182 - - [24/May/2020:00:41:51 +0000] "GET / HTTP/2.0" 200 5038 "-" "Mozilla/5.0 (X11; Linux i686; rv:10.0) Gecko/20100101 Firefox/10.0" "-"
179.43.169.182 - - [24/May/2020:00:41:51 +0000] "GET / HTTP/2.0" 200 5038 "-" "Mozilla/5.0 (X11; Linux i686; rv:10.0) Gecko/20100101 Firefox/10.0"
179.43.169.182 - - [24/May/2020:00:41:59 +0000] "GET / HTTP/2.0" 200 5038 "-" "Mozilla/5.0 (X11; Linux i686; rv:10.0) Gecko/20100101 Firefox/10.0" "-"
179.43.169.182 - - [24/May/2020:00:41:59 +0000] "GET / HTTP/2.0" 200 5038 "-" "Mozilla/5.0 (X11; Linux i686; rv:10.0) Gecko/20100101 Firefox/10.0"
67.205.165.53 - - [24/May/2020:00:42:02 +0000] "GET / HTTP/2.0" 200 5038 "-" "Go-http-client/2.0" "-"
67.205.165.53 - - [24/May/2020:00:42:02 +0000] "GET / HTTP/2.0" 200 5038 "-" "Go-http-client/2.0"
46.229.168.143 - - [24/May/2020:00:42:02 +0000] "GET /%D0%B2-%D0%9F%D0%B8%D1%82%D0%B5%D1%80%D0%B5-%D0%BF%D0%BE%D0%BB%D0%B8%D1%86%D0%B8%D1%8F-%D0%B7%D0%B0%D0%B4%D0%B5%D1%80%D0%B6%D0%B0%D0%BB%D0%B0-%D0%BC%D1%83%D0%B6%D1%87%D0%B8%D0%BD%D1%83-%D0%BF%D0%BE%D1%82%D0%BE%D0%BC%D1%83-%D1%87%D1%82%D0%BE/?p=2 HTTP/1.1" 200 12798 "-" "Mozilla/5.0 (compatible; SemrushBot/6~bl; +http://www.semrush.com/bot.html)" "-"
46.229.168.143 - - [24/May/2020:00:42:02 +0000] "GET /%D0%B2-%D0%9F%D0%B8%D1%82%D0%B5%D1%80%D0%B5-%D0%BF%D0%BE%D0%BB%D0%B8%D1%86%D0%B8%D1%8F-%D0%B7%D0%B0%D0%B4%D0%B5%D1%80%D0%B6%D0%B0%D0%BB%D0%B0-%D0%BC%D1%83%D0%B6%D1%87%D0%B8%D0%BD%D1%83-%D0%BF%D0%BE%D1%82%D0%BE%D0%BC%D1%83-%D1%87%D1%82%D0%BE/?p=2 HTTP/1.1" 200 12798 "-" "Mozilla/5.0 (compatible; SemrushBot/6~bl; +http://www.semrush.com/bot.html)"
46.229.168.147 - - [24/May/2020:00:42:13 +0000] "GET /%D0%9F%D0%B0%D1%81%D1%85%D0%B0-%D0%B2%D1%81%D1%82%D1%80%D0%B5%D1%87%D0%B0%D1%8E%D1%82%D1%81%D1%8F-%D0%B4%D0%B2%D0%B0-%D0%BD%D0%BE%D0%B2%D1%8B%D1%85-%D1%80%D1%83%D1%81%D1%81%D0%BA%D0%B8%D1%85/ HTTP/1.1" 200 13528 "-" "Mozilla/5.0 (compatible; SemrushBot/6~bl; +http://www.semrush.com/bot.html)" "-"
46.229.168.147 - - [24/May/2020:00:42:13 +0000] "GET /%D0%9F%D0%B0%D1%81%D1%85%D0%B0-%D0%B2%D1%81%D1%82%D1%80%D0%B5%D1%87%D0%B0%D1%8E%D1%82%D1%81%D1%8F-%D0%B4%D0%B2%D0%B0-%D0%BD%D0%BE%D0%B2%D1%8B%D1%85-%D1%80%D1%83%D1%81%D1%81%D0%BA%D0%B8%D1%85/ HTTP/1.1" 200 13528 "-" "Mozilla/5.0 (compatible; SemrushBot/6~bl; +http://www.semrush.com/bot.html)"
83.149.21.215 - - [24/May/2020:00:42:19 +0000] "GET /%D0%B2-%D0%BE%D0%B4%D0%BD%D0%BE%D0%BC-%D1%81%D0%B5%D0%BB%D0%B5%D0%BD%D0%B8%D0%B8-%D0%BD%D0%B0-%D1%81%D0%B2%D0%B0%D0%B4%D1%8C%D0%B1%D0%B5-%D1%82%D0%B0%D0%BC%D0%B0%D0%B4%D0%B0-%D0%BF%D0%B5%D1%80%D0%B5%D0%BF%D0%B8%D0%BB/?p=2 HTTP/2.0" 200 14516 "https://www.google.com/" "Mozilla/5.0 (iPhone; CPU iPhone OS 13_3 like Mac OS X) AppleWebKit/605.1.15 (KHTML, like Gecko) CriOS/81.0.4044.124 Mobile/15E148 Safari/604.1" "-"
83.149.21.215 - - [24/May/2020:00:42:19 +0000] "GET /%D0%B2-%D0%BE%D0%B4%D0%BD%D0%BE%D0%BC-%D1%81%D0%B5%D0%BB%D0%B5%D0%BD%D0%B8%D0%B8-%D0%BD%D0%B0-%D1%81%D0%B2%D0%B0%D0%B4%D1%8C%D0%B1%D0%B5-%D1%82%D0%B0%D0%BC%D0%B0%D0%B4%D0%B0-%D0%BF%D0%B5%D1%80%D0%B5%D0%BF%D0%B8%D0%BB/?p=2 HTTP/2.0" 200 14516 "https://www.google.com/" "Mozilla/5.0 (iPhone; CPU iPhone OS 13_3 like Mac OS X) AppleWebKit/605.1.15 (KHTML, like Gecko) CriOS/81.0.4044.124 Mobile/15E148 Safari/604.1"
66.249.76.65 - - [24/May/2020:00:42:31 +0000] "GET /%D0%B7%D0%B8%D0%BC%D0%B0-%D0%B8%D0%B4%D0%B5%D1%82-%D0%B2%D0%BE%D0%BB%D0%BA-%D0%BF%D0%BE-%D0%BB%D0%B5%D1%81%D1%83-%D0%BD%D0%B0%D0%B2%D1%81%D1%82%D1%80%D0%B5%D1%87%D1%83-%D0%B5%D0%BC%D1%83-%D0%B7%D0%B0%D1%8F%D1%86/?p=2 HTTP/1.1" 304 0 "-" "Mozilla/5.0 (Linux; Android 6.0.1; Nexus 5X Build/MMB29P) AppleWebKit/537.36 (KHTML, like Gecko) Chrome/80.0.3987.92 Mobile Safari/537.36 (compatible; Googlebot/2.1; +http://www.google.com/bot.html)" "-"
66.249.76.65 - - [24/May/2020:00:42:31 +0000] "GET /%D0%B7%D0%B8%D0%BC%D0%B0-%D0%B8%D0%B4%D0%B5%D1%82-%D0%B2%D0%BE%D0%BB%D0%BA-%D0%BF%D0%BE-%D0%BB%D0%B5%D1%81%D1%83-%D0%BD%D0%B0%D0%B2%D1%81%D1%82%D1%80%D0%B5%D1%87%D1%83-%D0%B5%D0%BC%D1%83-%D0%B7%D0%B0%D1%8F%D1%86/?p=2 HTTP/1.1" 304 0 "-" "Mozilla/5.0 (Linux; Android 6.0.1; Nexus 5X Build/MMB29P) AppleWebKit/537.36 (KHTML, like Gecko) Chrome/80.0.3987.92 Mobile Safari/537.36 (compatible; Googlebot/2.1; +http://www.google.com/bot.html)"
46.229.168.135 - - [24/May/2020:00:42:38 +0000] "GET /%D0%BE%D0%B4%D0%BD%D1%83-%D1%82%D0%BE%D0%BB%D1%81%D1%82%D1%83%D1%85%D1%83-%D0%B0%D1%80%D0%B5%D1%81%D1%82%D0%BE%D0%B2%D0%B0%D0%BB%D0%B8-%D0%B7%D0%B0/ HTTP/1.1" 200 10442 "-" "Mozilla/5.0 (compatible; SemrushBot/6~bl; +http://www.semrush.com/bot.html)" "-"
46.229.168.135 - - [24/May/2020:00:42:38 +0000] "GET /%D0%BE%D0%B4%D0%BD%D1%83-%D1%82%D0%BE%D0%BB%D1%81%D1%82%D1%83%D1%85%D1%83-%D0%B0%D1%80%D0%B5%D1%81%D1%82%D0%BE%D0%B2%D0%B0%D0%BB%D0%B8-%D0%B7%D0%B0/ HTTP/1.1" 200 10442 "-" "Mozilla/5.0 (compatible; SemrushBot/6~bl; +http://www.semrush.com/bot.html)"
46.229.168.139 - - [24/May/2020:00:42:49 +0000] "GET /%D0%B6%D0%B8%D0%BB%D0%B8-%D0%B1%D1%8B%D0%BB%D0%B8-%D0%B4%D0%B5%D0%B4-%D0%B4%D0%B0-%D0%B1%D0%B0%D0%B1%D0%BA%D0%B0-%D0%BF%D0%BE%D0%BA%D0%B0-%D0%B8%D0%BC-%D0%BA%D0%B2%D0%B8%D1%82%D0%B0%D0%BD%D1%86%D0%B8%D0%B8/?p=2 HTTP/1.1" 200 8795 "-" "Mozilla/5.0 (compatible; SemrushBot/6~bl; +http://www.semrush.com/bot.html)" "-"
46.229.168.139 - - [24/May/2020:00:42:49 +0000] "GET /%D0%B6%D0%B8%D0%BB%D0%B8-%D0%B1%D1%8B%D0%BB%D0%B8-%D0%B4%D0%B5%D0%B4-%D0%B4%D0%B0-%D0%B1%D0%B0%D0%B1%D0%BA%D0%B0-%D0%BF%D0%BE%D0%BA%D0%B0-%D0%B8%D0%BC-%D0%BA%D0%B2%D0%B8%D1%82%D0%B0%D0%BD%D1%86%D0%B8%D0%B8/?p=2 HTTP/1.1" 200 8795 "-" "Mozilla/5.0 (compatible; SemrushBot/6~bl; +http://www.semrush.com/bot.html)"
66.249.76.65 - - [24/May/2020:00:43:03 +0000] "GET /%D0%B2-%D1%82%D1%80%D0%BE%D0%BB%D0%BB%D0%B5%D0%B9%D0%B1%D1%83%D1%81-%D0%BF%D0%BE%D0%B4%D0%BD%D0%B8%D0%BC%D0%B0%D0%B5%D1%82%D1%81%D1%8F-%D0%BA%D0%B0%D0%BA%D0%B0%D1%8F-%D1%82%D0%BE-%D0%B1%D0%B0%D0%B1%D1%83%D1%88%D0%BA%D0%B0-%D0%B2%D1%81%D0%BB%D0%B5%D0%B4/ HTTP/1.1" 200 13804 "-" "Mozilla/5.0 (Linux; Android 6.0.1; Nexus 5X Build/MMB29P) AppleWebKit/537.36 (KHTML, like Gecko) Chrome/80.0.3987.92 Mobile Safari/537.36 (compatible; Googlebot/2.1; +http://www.google.com/bot.html)" "-"
66.249.76.65 - - [24/May/2020:00:43:03 +0000] "GET /%D0%B2-%D1%82%D1%80%D0%BE%D0%BB%D0%BB%D0%B5%D0%B9%D0%B1%D1%83%D1%81-%D0%BF%D0%BE%D0%B4%D0%BD%D0%B8%D0%BC%D0%B0%D0%B5%D1%82%D1%81%D1%8F-%D0%BA%D0%B0%D0%BA%D0%B0%D1%8F-%D1%82%D0%BE-%D0%B1%D0%B0%D0%B1%D1%83%D1%88%D0%BA%D0%B0-%D0%B2%D1%81%D0%BB%D0%B5%D0%B4/ HTTP/1.1" 200 13804 "-" "Mozilla/5.0 (Linux; Android 6.0.1; Nexus 5X Build/MMB29P) AppleWebKit/537.36 (KHTML, like Gecko) Chrome/80.0.3987.92 Mobile Safari/537.36 (compatible; Googlebot/2.1; +http://www.google.com/bot.html)"
46.229.168.163 - - [24/May/2020:00:43:05 +0000] "GET /%D0%B3%D0%BB%D1%83%D0%B1%D0%BE%D0%BA%D0%B0%D1%8F-%D0%BD%D0%BE%D1%87%D1%8C-%D0%BF%D1%80%D0%BE%D0%B3%D1%80%D0%B0%D0%BC%D0%BC%D0%B5%D1%80-%D0%B2%D0%BE%D0%B7%D0%B2%D1%80%D0%B0%D1%89%D0%B0%D0%B5%D1%82%D1%81%D1%8F-%D1%81-%D1%80%D0%B0%D0%B1%D0%BE%D1%82%D1%8B/ HTTP/1.1" 200 13545 "-" "Mozilla/5.0 (compatible; SemrushBot/6~bl; +http://www.semrush.com/bot.html)" "-"
46.229.168.163 - - [24/May/2020:00:43:05 +0000] "GET /%D0%B3%D0%BB%D1%83%D0%B1%D0%BE%D0%BA%D0%B0%D1%8F-%D0%BD%D0%BE%D1%87%D1%8C-%D0%BF%D1%80%D0%BE%D0%B3%D1%80%D0%B0%D0%BC%D0%BC%D0%B5%D1%80-%D0%B2%D0%BE%D0%B7%D0%B2%D1%80%D0%B0%D1%89%D0%B0%D0%B5%D1%82%D1%81%D1%8F-%D1%81-%D1%80%D0%B0%D0%B1%D0%BE%D1%82%D1%8B/ HTTP/1.1" 200 13545 "-" "Mozilla/5.0 (compatible; SemrushBot/6~bl; +http://www.semrush.com/bot.html)"
46.229.168.136 - - [24/May/2020:00:43:17 +0000] "GET /%D0%BD%D0%B0-%D1%83%D0%BB%D0%B8%D1%86%D0%B5-%D1%81%D1%82%D0%BE%D0%B8%D1%82-%D0%BC%D0%B0%D0%BB%D0%B5%D0%BD%D1%8C%D0%BA%D0%B8%D0%B9-%D0%BC%D0%B0%D0%BB%D1%8C%D1%87%D0%B8%D0%BA-%D0%B8-%D0%B3%D0%BE%D1%80%D1%8C%D0%BA%D0%BE-%D0%BF%D0%BB%D0%B0%D1%87%D0%B5%D1%82/ HTTP/1.1" 200 13917 "-" "Mozilla/5.0 (compatible; SemrushBot/6~bl; +http://www.semrush.com/bot.html)" "-"
46.229.168.136 - - [24/May/2020:00:43:17 +0000] "GET /%D0%BD%D0%B0-%D1%83%D0%BB%D0%B8%D1%86%D0%B5-%D1%81%D1%82%D0%BE%D0%B8%D1%82-%D0%BC%D0%B0%D0%BB%D0%B5%D0%BD%D1%8C%D0%BA%D0%B8%D0%B9-%D0%BC%D0%B0%D0%BB%D1%8C%D1%87%D0%B8%D0%BA-%D0%B8-%D0%B3%D0%BE%D1%80%D1%8C%D0%BA%D0%BE-%D0%BF%D0%BB%D0%B0%D1%87%D0%B5%D1%82/ HTTP/1.1" 200 13917 "-" "Mozilla/5.0 (compatible; SemrushBot/6~bl; +http://www.semrush.com/bot.html)"
66.249.64.65 - - [24/May/2020:00:43:18 +0000] "GET /%D1%81%D0%B0%D0%B4%D0%B8%D1%82%D1%81%D1%8F-%D0%B1%D0%B0%D1%82%D1%8E%D1%88%D0%BA%D0%B0-%D0%B2-%D1%82%D0%B0%D0%BA%D1%81%D0%B8-%D0%B5%D0%B4%D1%83%D1%82-%D0%B8-%D0%B2%D0%B4%D1%80%D1%83%D0%B3-%D0%BD%D0%B0%D0%BB%D0%B5%D1%82%D0%B0%D1%8E%D1%82/ HTTP/1.1" 200 13972 "-" "Mozilla/5.0 (compatible; Googlebot/2.1; +http://www.google.com/bot.html)" "-"
66.249.64.65 - - [24/May/2020:00:43:18 +0000] "GET /%D1%81%D0%B0%D0%B4%D0%B8%D1%82%D1%81%D1%8F-%D0%B1%D0%B0%D1%82%D1%8E%D1%88%D0%BA%D0%B0-%D0%B2-%D1%82%D0%B0%D0%BA%D1%81%D0%B8-%D0%B5%D0%B4%D1%83%D1%82-%D0%B8-%D0%B2%D0%B4%D1%80%D1%83%D0%B3-%D0%BD%D0%B0%D0%BB%D0%B5%D1%82%D0%B0%D1%8E%D1%82/ HTTP/1.1" 200 13972 "-" "Mozilla/5.0 (compatible; Googlebot/2.1; +http://www.google.com/bot.html)"
5.18.204.120 - - [24/May/2020:00:43:19 +0000] "GET /%D0%BD%D0%B0-%D1%83%D0%BB%D0%B8%D1%86%D0%B5-%D0%B1%D1%8B%D0%BB%D0%BE-%D1%83%D0%B6%D0%B5-%D1%82%D0%B5%D0%BC%D0%BD%D0%BE-%D0%BA%D0%BE%D0%BC%D0%BF%D0%B0%D0%BD%D0%B8%D1%8F-%D1%80%D0%B5%D0%BF%D0%B5%D1%80%D0%BE%D0%B2-%D1%81%D0%B8%D0%B4%D0%B5%D0%BB%D0%B0/ HTTP/2.0" 200 17895 "https://baneks.site/best/?p=3" "Mozilla/5.0 (Linux; Android 9; PAR-LX1) AppleWebKit/537.36 (KHTML, like Gecko) Chrome/81.0.4044.138 Mobile Safari/537.36" "-"
5.18.204.120 - - [24/May/2020:00:43:19 +0000] "GET /%D0%BD%D0%B0-%D1%83%D0%BB%D0%B8%D1%86%D0%B5-%D0%B1%D1%8B%D0%BB%D0%BE-%D1%83%D0%B6%D0%B5-%D1%82%D0%B5%D0%BC%D0%BD%D0%BE-%D0%BA%D0%BE%D0%BC%D0%BF%D0%B0%D0%BD%D0%B8%D1%8F-%D1%80%D0%B5%D0%BF%D0%B5%D1%80%D0%BE%D0%B2-%D1%81%D0%B8%D0%B4%D0%B5%D0%BB%D0%B0/ HTTP/2.0" 200 17895 "https://baneks.site/best/?p=3" "Mozilla/5.0 (Linux; Android 9; PAR-LX1) AppleWebKit/537.36 (KHTML, like Gecko) Chrome/81.0.4044.138 Mobile Safari/537.36"
46.229.168.143 - - [24/May/2020:00:43:31 +0000] "GET /%D0%B2-%D1%82%D1%8E%D1%80%D1%8C%D0%BC%D0%B5-%D1%81%D0%BE%D1%80%D0%B5%D0%B2%D0%BD%D0%BE%D0%B2%D0%B0%D0%BB%D0%B8%D1%81%D1%8C-%D0%B4%D0%B2%D0%B5-%D0%BA%D0%B0%D0%BC%D0%B5%D1%80%D1%8B-%D0%BE%D0%B4%D0%BD%D0%B0-%D0%BE%D0%B1%D0%BE%D1%88%D0%BB%D0%B0/?p=2 HTTP/1.1" 200 10992 "-" "Mozilla/5.0 (compatible; SemrushBot/6~bl; +http://www.semrush.com/bot.html)" "-"
46.229.168.143 - - [24/May/2020:00:43:31 +0000] "GET /%D0%B2-%D1%82%D1%8E%D1%80%D1%8C%D0%BC%D0%B5-%D1%81%D0%BE%D1%80%D0%B5%D0%B2%D0%BD%D0%BE%D0%B2%D0%B0%D0%BB%D0%B8%D1%81%D1%8C-%D0%B4%D0%B2%D0%B5-%D0%BA%D0%B0%D0%BC%D0%B5%D1%80%D1%8B-%D0%BE%D0%B4%D0%BD%D0%B0-%D0%BE%D0%B1%D0%BE%D1%88%D0%BB%D0%B0/?p=2 HTTP/1.1" 200 10992 "-" "Mozilla/5.0 (compatible; SemrushBot/6~bl; +http://www.semrush.com/bot.html)"
46.229.168.148 - - [24/May/2020:00:43:44 +0000] "GET /%D0%BB%D0%BE%D0%B6%D0%BA%D0%B0-%D1%8D%D1%82%D0%BE-%D0%BB%D0%BE%D0%B6%D0%BA%D0%B0-%D0%BB%D0%BE%D0%B6%D0%BA%D0%BE%D0%B9-%D1%81%D1%83%D0%BF-%D0%B5%D0%B4%D1%8F%D1%82-%D0%BA%D0%BE%D1%88%D0%BA%D0%B0-%D1%8D%D1%82%D0%BE-%D0%BA%D0%BE%D1%88%D0%BA%D0%B0/?p=2 HTTP/1.1" 200 8619 "-" "Mozilla/5.0 (compatible; SemrushBot/6~bl; +http://www.semrush.com/bot.html)" "-"
46.229.168.148 - - [24/May/2020:00:43:44 +0000] "GET /%D0%BB%D0%BE%D0%B6%D0%BA%D0%B0-%D1%8D%D1%82%D0%BE-%D0%BB%D0%BE%D0%B6%D0%BA%D0%B0-%D0%BB%D0%BE%D0%B6%D0%BA%D0%BE%D0%B9-%D1%81%D1%83%D0%BF-%D0%B5%D0%B4%D1%8F%D1%82-%D0%BA%D0%BE%D1%88%D0%BA%D0%B0-%D1%8D%D1%82%D0%BE-%D0%BA%D0%BE%D1%88%D0%BA%D0%B0/?p=2 HTTP/1.1" 200 8619 "-" "Mozilla/5.0 (compatible; SemrushBot/6~bl; +http://www.semrush.com/bot.html)"
46.229.168.147 - - [24/May/2020:00:43:56 +0000] "GET /%D0%B7%D0%BB%D0%BE%D0%B1%D0%BE%D0%B4%D0%BD%D0%B5%D0%B2%D0%BD%D0%BE%D0%B5-%D0%BF%D1%80%D0%BE-%D1%84%D0%B5%D0%BC%D0%B8%D0%BD%D0%B8%D1%82%D0%B8%D0%B2%D1%8B-%D0%B6%D0%B8%D0%BB%D0%B8-%D1%83-%D0%BC%D1%83%D0%B6%D0%B8%D0%BA%D0%B0-%D0%BF%D1%91%D1%81/ HTTP/1.1" 200 13047 "-" "Mozilla/5.0 (compatible; SemrushBot/6~bl; +http://www.semrush.com/bot.html)" "-"
46.229.168.147 - - [24/May/2020:00:43:56 +0000] "GET /%D0%B7%D0%BB%D0%BE%D0%B1%D0%BE%D0%B4%D0%BD%D0%B5%D0%B2%D0%BD%D0%BE%D0%B5-%D0%BF%D1%80%D0%BE-%D1%84%D0%B5%D0%BC%D0%B8%D0%BD%D0%B8%D1%82%D0%B8%D0%B2%D1%8B-%D0%B6%D0%B8%D0%BB%D0%B8-%D1%83-%D0%BC%D1%83%D0%B6%D0%B8%D0%BA%D0%B0-%D0%BF%D1%91%D1%81/ HTTP/1.1" 200 13047 "-" "Mozilla/5.0 (compatible; SemrushBot/6~bl; +http://www.semrush.com/bot.html)"
66.249.76.68 - - [24/May/2020:00:44:03 +0000] "GET /%D0%B7%D0%B4%D1%80%D0%B0%D0%B2%D1%81%D1%82%D0%B2%D1%83%D0%B9%D1%82%D0%B5-%D1%8D%D1%82%D0%BE-%D0%BA%D0%BB%D1%83%D0%B1-%D0%BB%D1%8E%D0%B4%D0%B5%D0%B9/ HTTP/1.1" 200 9173 "-" "Mozilla/5.0 (Linux; Android 6.0.1; Nexus 5X Build/MMB29P) AppleWebKit/537.36 (KHTML, like Gecko) Chrome/80.0.3987.92 Mobile Safari/537.36 (compatible; Googlebot/2.1; +http://www.google.com/bot.html)" "-"
66.249.76.68 - - [24/May/2020:00:44:03 +0000] "GET /%D0%B7%D0%B4%D1%80%D0%B0%D0%B2%D1%81%D1%82%D0%B2%D1%83%D0%B9%D1%82%D0%B5-%D1%8D%D1%82%D0%BE-%D0%BA%D0%BB%D1%83%D0%B1-%D0%BB%D1%8E%D0%B4%D0%B5%D0%B9/ HTTP/1.1" 200 9173 "-" "Mozilla/5.0 (Linux; Android 6.0.1; Nexus 5X Build/MMB29P) AppleWebKit/537.36 (KHTML, like Gecko) Chrome/80.0.3987.92 Mobile Safari/537.36 (compatible; Googlebot/2.1; +http://www.google.com/bot.html)"
46.229.168.134 - - [24/May/2020:00:44:08 +0000] "GET /-%D1%8F-%D1%85%D0%BE%D1%87%D1%83-%D0%B6%D0%B5%D0%BD%D0%B8%D1%82%D1%8C%D1%81%D1%8F-%D0%BF%D0%BE-%D1%80%D0%B0%D1%81%D1%87%D0%B5%D1%82%D1%83-%D1%81%D0%BF%D1%83%D1%81%D1%82%D1%8F-%D0%BF%D0%BE%D0%BB%D0%B3%D0%BE%D0%B4%D0%B0/ HTTP/1.1" 200 12808 "-" "Mozilla/5.0 (compatible; SemrushBot/6~bl; +http://www.semrush.com/bot.html)" "-"
46.229.168.134 - - [24/May/2020:00:44:08 +0000] "GET /-%D1%8F-%D1%85%D0%BE%D1%87%D1%83-%D0%B6%D0%B5%D0%BD%D0%B8%D1%82%D1%8C%D1%81%D1%8F-%D0%BF%D0%BE-%D1%80%D0%B0%D1%81%D1%87%D0%B5%D1%82%D1%83-%D1%81%D0%BF%D1%83%D1%81%D1%82%D1%8F-%D0%BF%D0%BE%D0%BB%D0%B3%D0%BE%D0%B4%D0%B0/ HTTP/1.1" 200 12808 "-" "Mozilla/5.0 (compatible; SemrushBot/6~bl; +http://www.semrush.com/bot.html)"
5.18.204.120 - - [24/May/2020:00:44:22 +0000] "GET /%D0%BE%D0%B4%D0%B8%D0%BD-%D1%80%D0%B8%D0%BC%D0%BB%D1%8F%D0%BD%D0%B8%D0%BD-%D0%B3%D0%BE%D0%B2%D0%BE%D1%80%D0%B8%D1%82-%D0%B4%D1%80%D1%83%D0%B3%D0%BE%D0%BC%D1%83-%D0%B7%D0%BD%D0%B0%D0%BB-%D0%B1%D1%8B-%D1%82%D1%8B/ HTTP/2.0" 200 13125 "https://baneks.site/best/?p=3" "Mozilla/5.0 (Linux; Android 9; PAR-LX1) AppleWebKit/537.36 (KHTML, like Gecko) Chrome/81.0.4044.138 Mobile Safari/537.36" "-"
5.18.204.120 - - [24/May/2020:00:44:22 +0000] "GET /%D0%BE%D0%B4%D0%B8%D0%BD-%D1%80%D0%B8%D0%BC%D0%BB%D1%8F%D0%BD%D0%B8%D0%BD-%D0%B3%D0%BE%D0%B2%D0%BE%D1%80%D0%B8%D1%82-%D0%B4%D1%80%D1%83%D0%B3%D0%BE%D0%BC%D1%83-%D0%B7%D0%BD%D0%B0%D0%BB-%D0%B1%D1%8B-%D1%82%D1%8B/ HTTP/2.0" 200 13125 "https://baneks.site/best/?p=3" "Mozilla/5.0 (Linux; Android 9; PAR-LX1) AppleWebKit/537.36 (KHTML, like Gecko) Chrome/81.0.4044.138 Mobile Safari/537.36"
89.151.186.11 - - [24/May/2020:00:44:29 +0000] "GET /%D0%B8%D0%B4%D0%B5%D1%82-%D0%BC%D1%83%D0%B6%D0%B8%D0%BA-%D1%81-%D1%80%D0%B0%D0%B1%D0%BE%D1%82%D1%8B-%D0%BD%D0%B0-%D0%BF%D1%83%D1%82%D0%B8-%D0%B2%D1%81%D1%82%D1%80%D0%B5%D1%87%D0%B0%D0%B5%D1%82%D1%81%D1%8F-%D1%81%D1%82%D0%B0%D1%80%D1%83%D1%85%D0%B0/ HTTP/2.0" 200 18782 "https://yandex.ru/" "Mozilla/5.0 (Windows NT 10.0; Win64; x64) AppleWebKit/537.36 (KHTML, like Gecko) Chrome/81.0.4044.138 YaBrowser/20.4.2.201 Yowser/2.5 Safari/537.36" "-"
89.151.186.11 - - [24/May/2020:00:44:29 +0000] "GET /%D0%B8%D0%B4%D0%B5%D1%82-%D0%BC%D1%83%D0%B6%D0%B8%D0%BA-%D1%81-%D1%80%D0%B0%D0%B1%D0%BE%D1%82%D1%8B-%D0%BD%D0%B0-%D0%BF%D1%83%D1%82%D0%B8-%D0%B2%D1%81%D1%82%D1%80%D0%B5%D1%87%D0%B0%D0%B5%D1%82%D1%81%D1%8F-%D1%81%D1%82%D0%B0%D1%80%D1%83%D1%85%D0%B0/ HTTP/2.0" 200 18782 "https://yandex.ru/" "Mozilla/5.0 (Windows NT 10.0; Win64; x64) AppleWebKit/537.36 (KHTML, like Gecko) Chrome/81.0.4044.138 YaBrowser/20.4.2.201 Yowser/2.5 Safari/537.36"
95.24.201.54 - - [24/May/2020:00:44:29 +0000] "GET /%D0%BF%D0%B0%D0%B2%D0%B5%D0%BB-%D0%BD%D0%B8%D0%BA%D0%BE%D0%BB%D0%B0%D0%B5%D0%B2%D0%B8%D1%87-%D0%B7%D0%B0%D1%88%D1%91%D0%BB-%D0%B2-%D0%B1%D0%BB%D0%B8%D0%BD%D0%BD%D1%83%D1%8E/?p=5 HTTP/1.1" 200 14307 "https://yandex.ru/clck/jsredir?from=yandex.ru%3Bsearch%3Bweb%3B%3B&text=&etext=8347.qcDs9a58oPazbYIID5K4KXmrIoMjvo7EmmVTrXumDbTFQPAW2sTAXUqvYKyvKe4A.1ac4d5b694301c77cdfd465cde5bd3f0ede06e26&uuid=&state=_BLhILn4SxNIvvL0W45KSic66uCIg23qh8iRG98qeIXmeppkgUc0YFUVNhHyyhJgRFg5yeLMIWU&data=UlNrNmk5WktYejY4cHFySjRXSWhXQzk2dmlJRDFTV0hkTTdoaFNVaXhnRERxVzZGc016S3BaWkV6RlNxcVhfd01kU3g0d1lKZEVBRnltZlhDaHBXZWNqTlRjMzdOQ0lYcGM2ZkgxaHAwRm45Yjd2dzBlaHhuX2xJbzBRODRDVTFmcWVxd1FneFlmTnhSZ2RZUkxDc1ZEOElMVjdib0xwdXJ1R3ZrZl9JdTBrRE5kMVE4OUh6ZXdDS0pSUW1DVmE2S1Fxcmt1eGp5eEZWa0U0UV9ETEI3bmFOWHJiYlQ4a0lzTi1XbDM5aHk3MXJFQnhVOW15YURYRGJCcDA5NVJpR3hLX3A2c0tEUmF1MkM0eWdkVnFYNldHNEdST00tVHp5UmV5Z3JFSGM5RW1wSXVUdW1uMF9ldkxaemJRX19iUXRPN3pQeENBeHlTTm1yOWlUWENWN1dZY1c4enNEMkpQbGFMdzJpZFNRQ19YWVY2T2taaDQ1blVkd3hwUkc3TzNYLVg1czRXek1ZTl8wMS03VEp0M193R3NGeFJyYWF3OHVlcVVaU2twTkpkbVRXRHMzZm12RU00THdGWVdPUzlDWkFlOEVpdlREVmZxbDdjbUtYWHEtVlU4bzhEZjVNakVQcUF5dGQ0U29OazA&b64e=2&sign=7bb39cd6cf4471f1e3c61c8a240e7764&keyno=0&cst=AiuY0DBWFJ7IXge4WdYJQULnoVAFacUfiEW1rYqaOReiQ2bJNSzCLd9m9KLaIONESbIbvNr-3g2ZVGvpDt2YSIReVSvm12q9wx1c9Xn7F9h1KY-OtlH5LUgTcgxUdXmxPBQ8t3hgPjuHqNk0K9Zto3_L4PPTHgNq&ref=orjY4mGPRjk5boDnW0uvlrrd71vZw9kp5uQozpMtKCVLVIUOk4qiEA9DNUCNICAq04LnMJaElv6vl8oGdgLO3qN1If1jkNkVgnAanWdgmVhGSe-M1n8-bA&l10n=ru&cts=1590281068604&mc=6.3617268457" "Mozilla/5.0 (Windows NT 10.0; Win64; x64) AppleWebKit/537.36 (KHTML, like Gecko) Chrome/80.0.3987.122 Safari/537.36 OPR/67.0.3575.53" "-"
95.24.201.54 - - [24/May/2020:00:44:29 +0000] "GET /%D0%BF%D0%B0%D0%B2%D0%B5%D0%BB-%D0%BD%D0%B8%D0%BA%D0%BE%D0%BB%D0%B0%D0%B5%D0%B2%D0%B8%D1%87-%D0%B7%D0%B0%D1%88%D1%91%D0%BB-%D0%B2-%D0%B1%D0%BB%D0%B8%D0%BD%D0%BD%D1%83%D1%8E/?p=5 HTTP/1.1" 200 14307 "https://yandex.ru/clck/jsredir?from=yandex.ru%3Bsearch%3Bweb%3B%3B&text=&etext=8347.qcDs9a58oPazbYIID5K4KXmrIoMjvo7EmmVTrXumDbTFQPAW2sTAXUqvYKyvKe4A.1ac4d5b694301c77cdfd465cde5bd3f0ede06e26&uuid=&state=_BLhILn4SxNIvvL0W45KSic66uCIg23qh8iRG98qeIXmeppkgUc0YFUVNhHyyhJgRFg5yeLMIWU&data=UlNrNmk5WktYejY4cHFySjRXSWhXQzk2dmlJRDFTV0hkTTdoaFNVaXhnRERxVzZGc016S3BaWkV6RlNxcVhfd01kU3g0d1lKZEVBRnltZlhDaHBXZWNqTlRjMzdOQ0lYcGM2ZkgxaHAwRm45Yjd2dzBlaHhuX2xJbzBRODRDVTFmcWVxd1FneFlmTnhSZ2RZUkxDc1ZEOElMVjdib0xwdXJ1R3ZrZl9JdTBrRE5kMVE4OUh6ZXdDS0pSUW1DVmE2S1Fxcmt1eGp5eEZWa0U0UV9ETEI3bmFOWHJiYlQ4a0lzTi1XbDM5aHk3MXJFQnhVOW15YURYRGJCcDA5NVJpR3hLX3A2c0tEUmF1MkM0eWdkVnFYNldHNEdST00tVHp5UmV5Z3JFSGM5RW1wSXVUdW1uMF9ldkxaemJRX19iUXRPN3pQeENBeHlTTm1yOWlUWENWN1dZY1c4enNEMkpQbGFMdzJpZFNRQ19YWVY2T2taaDQ1blVkd3hwUkc3TzNYLVg1czRXek1ZTl8wMS03VEp0M193R3NGeFJyYWF3OHVlcVVaU2twTkpkbVRXRHMzZm12RU00THdGWVdPUzlDWkFlOEVpdlREVmZxbDdjbUtYWHEtVlU4bzhEZjVNakVQcUF5dGQ0U29OazA&b64e=2&sign=7bb39cd6cf4471f1e3c61c8a240e7764&keyno=0&cst=AiuY0DBWFJ7IXge4WdYJQULnoVAFacUfiEW1rYqaOReiQ2bJNSzCLd9m9KLaIONESbIbvNr-3g2ZVGvpDt2YSIReVSvm12q9wx1c9Xn7F9h1KY-OtlH5LUgTcgxUdXmxPBQ8t3hgPjuHqNk0K9Zto3_L4PPTHgNq&ref=orjY4mGPRjk5boDnW0uvlrrd71vZw9kp5uQozpMtKCVLVIUOk4qiEA9DNUCNICAq04LnMJaElv6vl8oGdgLO3qN1If1jkNkVgnAanWdgmVhGSe-M1n8-bA&l10n=ru&cts=1590281068604&mc=6.3617268457" "Mozilla/5.0 (Windows NT 10.0; Win64; x64) AppleWebKit/537.36 (KHTML, like Gecko) Chrome/80.0.3987.122 Safari/537.36 OPR/67.0.3575.53"
128.70.206.31 - - [24/May/2020:00:44:30 +0000] "GET /%D0%B2%D1%81%D1%82%D1%80%D0%B5%D1%87%D0%B0%D1%8E%D1%82%D1%81%D1%8F-%D0%BA%D0%B0%D0%BA-%D1%82%D0%BE-%D0%9F%D1%83%D1%82%D0%B8%D0%BD-%D0%93%D1%8D%D0%BD%D0%B4%D0%B0%D0%BB%D1%8C%D1%84-%D0%B8-%D1%81%D0%B2%D0%B8%D0%BD%D1%8C%D1%8F/?p=2 HTTP/1.1" 200 9647 "https://yandex.ru/clck/jsredir?from=yandex.ru%3Bsearch%3Bweb%3B%3B&text=&etext=8347.FEmCBGlLWYjppUSYxgHSEDf9nRrruhs3QvOSKrEd8KFE0o-Nh8C4w1iPCPHLlPFz.e298d7298578dec7ec00397b98d1d3d68d1aae38&uuid=&state=_BLhILn4SxNIvvL0W45KSic66uCIg23qh8iRG98qeIXmeppkgUc0YHRNgn3KsbHJbmUkku86_mY&data=UlNrNmk5WktYejY4cHFySjRXSWhXQzk2dmlJRDFTV0hkTTdoaFNVaXhnRERxVzZGc016S3BTSE1rUjhQZVZRbFhhbk0teVFiRk1iczlpVFNiZkRFYjlkb3ZYUmJKWC1BelREV0M2Zml3a2FLZktPekV1LUVLQ01ZdzQ5UmRUQlVSVmgxdWh1eWY4U0JrUEN0R015ZTUweW85Y3FkbWFSQklZTnBUcjE4NmRlb2lxdlIzbnpUdUJidF9odmNkbGlURTBsNEJ0cGZVbjlaT0JtNldJcWNHS1VUTTJENlRTbEcxYmtud1Rhc2lkVGotTEVtNmFGU1RmM3B1bGVKTFliSEsyU3ZVMzZrUFNodkdmX2JYQ3I4SWFJaFZ3UV91SHp5aFktVEQ4NnUyNGNLSU9IV1ZhY2FqVzVkbWRGS1FTSmQ2cElYNTBZWjZCcFFPWG0yQnA2ZXBxM1BJME5Eb3dVS29ob2ZrdXd3V005cEJMekp1aWV1eE5vNlBQb1dKLWRJNTJyQ1IyMGZQZ2M0ZDZKTGFkRjNxR056enBBdGVZS2tvZ3M3M2xRaVcwZFpleXFMSWxNVjlDYkYzbm85MGM0MmYwdG1OZ3huNHlaaThWVlpWbXFTdnpEREpubWxvbmhsS2pEMnVtUE9ueWVKMk13eHA0TVVucGJwUGJTendsMXYzTVRwVWtwSTF2aGd5VEx0X1VJcGl4WkExOG41Z29RUlNxWXdoaEV0SWlvcmdyZUcwU0M4T01ZZ1BOYnUzcmtVdlY0X3h1d0RmWVpZZnpJZVlhME9WUQ&b64e=2&sign=ecee5310421b9a2366515d4ae7cad72a&keyno=0&cst=AiuY0DBWFJ7IXge4WdYJQULnoVAFacUf74H_qM9Rft3PvsXxUc6hh502F_IigxOxUWE_slJZVkT_r3xH0brOtTUiXVH78uYuPjNg0XBo-cm3hqrWc09GUdLbNkGx8Gp2q_BGKZvyAJpccvyaEO8iesUL8aaq6VdM&ref=orjY4mGPRjk5boDnW0uvlrrd71vZw9kp5uQozpMtKCWQWxj6qvocP_VCq_hwUDpu8vizlibRYsfOw53EUncwQbakYsXrjVLawjEVTcDbKyMxIZKF2hfx9A&l10n=ru&cts=1590281065386&mc=4.19985125161" "Mozilla/5.0 (Windows NT 6.1) AppleWebKit/537.36 (KHTML, like Gecko) Chrome/80.0.3987.132 Safari/537.36" "-"
128.70.206.31 - - [24/May/2020:00:44:30 +0000] "GET /%D0%B2%D1%81%D1%82%D1%80%D0%B5%D1%87%D0%B0%D1%8E%D1%82%D1%81%D1%8F-%D0%BA%D0%B0%D0%BA-%D1%82%D0%BE-%D0%9F%D1%83%D1%82%D0%B8%D0%BD-%D0%93%D1%8D%D0%BD%D0%B4%D0%B0%D0%BB%D1%8C%D1%84-%D0%B8-%D1%81%D0%B2%D0%B8%D0%BD%D1%8C%D1%8F/?p=2 HTTP/1.1" 200 9647 "https://yandex.ru/clck/jsredir?from=yandex.ru%3Bsearch%3Bweb%3B%3B&text=&etext=8347.FEmCBGlLWYjppUSYxgHSEDf9nRrruhs3QvOSKrEd8KFE0o-Nh8C4w1iPCPHLlPFz.e298d7298578dec7ec00397b98d1d3d68d1aae38&uuid=&state=_BLhILn4SxNIvvL0W45KSic66uCIg23qh8iRG98qeIXmeppkgUc0YHRNgn3KsbHJbmUkku86_mY&data=UlNrNmk5WktYejY4cHFySjRXSWhXQzk2dmlJRDFTV0hkTTdoaFNVaXhnRERxVzZGc016S3BTSE1rUjhQZVZRbFhhbk0teVFiRk1iczlpVFNiZkRFYjlkb3ZYUmJKWC1BelREV0M2Zml3a2FLZktPekV1LUVLQ01ZdzQ5UmRUQlVSVmgxdWh1eWY4U0JrUEN0R015ZTUweW85Y3FkbWFSQklZTnBUcjE4NmRlb2lxdlIzbnpUdUJidF9odmNkbGlURTBsNEJ0cGZVbjlaT0JtNldJcWNHS1VUTTJENlRTbEcxYmtud1Rhc2lkVGotTEVtNmFGU1RmM3B1bGVKTFliSEsyU3ZVMzZrUFNodkdmX2JYQ3I4SWFJaFZ3UV91SHp5aFktVEQ4NnUyNGNLSU9IV1ZhY2FqVzVkbWRGS1FTSmQ2cElYNTBZWjZCcFFPWG0yQnA2ZXBxM1BJME5Eb3dVS29ob2ZrdXd3V005cEJMekp1aWV1eE5vNlBQb1dKLWRJNTJyQ1IyMGZQZ2M0ZDZKTGFkRjNxR056enBBdGVZS2tvZ3M3M2xRaVcwZFpleXFMSWxNVjlDYkYzbm85MGM0MmYwdG1OZ3huNHlaaThWVlpWbXFTdnpEREpubWxvbmhsS2pEMnVtUE9ueWVKMk13eHA0TVVucGJwUGJTendsMXYzTVRwVWtwSTF2aGd5VEx0X1VJcGl4WkExOG41Z29RUlNxWXdoaEV0SWlvcmdyZUcwU0M4T01ZZ1BOYnUzcmtVdlY0X3h1d0RmWVpZZnpJZVlhME9WUQ&b64e=2&sign=ecee5310421b9a2366515d4ae7cad72a&keyno=0&cst=AiuY0DBWFJ7IXge4WdYJQULnoVAFacUf74H_qM9Rft3PvsXxUc6hh502F_IigxOxUWE_slJZVkT_r3xH0brOtTUiXVH78uYuPjNg0XBo-cm3hqrWc09GUdLbNkGx8Gp2q_BGKZvyAJpccvyaEO8iesUL8aaq6VdM&ref=orjY4mGPRjk5boDnW0uvlrrd71vZw9kp5uQozpMtKCWQWxj6qvocP_VCq_hwUDpu8vizlibRYsfOw53EUncwQbakYsXrjVLawjEVTcDbKyMxIZKF2hfx9A&l10n=ru&cts=1590281065386&mc=4.19985125161" "Mozilla/5.0 (Windows NT 6.1) AppleWebKit/537.36 (KHTML, like Gecko) Chrome/80.0.3987.132 Safari/537.36"
66.249.76.65 - - [24/May/2020:00:44:34 +0000] "GET /%D0%BD%D0%B5-%D0%B4%D0%B0%D0%BB%D0%B5%D0%B5-%D1%87%D0%B5%D0%BC-%D0%BF%D0%BE%D0%B7%D0%B0%D0%B2%D1%87%D0%B5%D1%80%D0%B0-%D1%81%D0%B8%D0%B4%D0%B8%D0%BC-%D0%BC%D1%8B-%D0%B7%D0%BD%D0%B0%D1%87%D0%B8%D1%82-%D1%81-%D0%BC%D0%BE%D0%B8%D0%BC/ HTTP/1.1" 200 15341 "-" "Mozilla/5.0 (compatible; Googlebot/2.1; +http://www.google.com/bot.html)" "-"
66.249.76.65 - - [24/May/2020:00:44:34 +0000] "GET /%D0%BD%D0%B5-%D0%B4%D0%B0%D0%BB%D0%B5%D0%B5-%D1%87%D0%B5%D0%BC-%D0%BF%D0%BE%D0%B7%D0%B0%D0%B2%D1%87%D0%B5%D1%80%D0%B0-%D1%81%D0%B8%D0%B4%D0%B8%D0%BC-%D0%BC%D1%8B-%D0%B7%D0%BD%D0%B0%D1%87%D0%B8%D1%82-%D1%81-%D0%BC%D0%BE%D0%B8%D0%BC/ HTTP/1.1" 200 15341 "-" "Mozilla/5.0 (compatible; Googlebot/2.1; +http://www.google.com/bot.html)"
89.151.186.11 - - [24/May/2020:00:44:36 +0000] "GET /%D0%B8%D0%B4%D0%B5%D1%82-%D0%BC%D1%83%D0%B6%D0%B8%D0%BA-%D1%81-%D1%80%D0%B0%D0%B1%D0%BE%D1%82%D1%8B-%D0%BD%D0%B0-%D0%BF%D1%83%D1%82%D0%B8-%D0%B2%D1%81%D1%82%D1%80%D0%B5%D1%87%D0%B0%D0%B5%D1%82%D1%81%D1%8F-%D1%81%D1%82%D0%B0%D1%80%D1%83%D1%85%D0%B0/ HTTP/2.0" 200 18782 "https://baneks.site/%D0%B8%D0%B4%D0%B5%D1%82-%D0%BC%D1%83%D0%B6%D0%B8%D0%BA-%D1%81-%D1%80%D0%B0%D0%B1%D0%BE%D1%82%D1%8B-%D0%BD%D0%B0-%D0%BF%D1%83%D1%82%D0%B8-%D0%B2%D1%81%D1%82%D1%80%D0%B5%D1%87%D0%B0%D0%B5%D1%82%D1%81%D1%8F-%D1%81%D1%82%D0%B0%D1%80%D1%83%D1%85%D0%B0/" "Mozilla/5.0 (Windows NT 10.0; Win64; x64) AppleWebKit/537.36 (KHTML, like Gecko) Chrome/81.0.4044.138 YaBrowser/20.4.2.201 Yowser/2.5 Safari/537.36" "-"
89.151.186.11 - - [24/May/2020:00:44:36 +0000] "GET /%D0%B8%D0%B4%D0%B5%D1%82-%D0%BC%D1%83%D0%B6%D0%B8%D0%BA-%D1%81-%D1%80%D0%B0%D0%B1%D0%BE%D1%82%D1%8B-%D0%BD%D0%B0-%D0%BF%D1%83%D1%82%D0%B8-%D0%B2%D1%81%D1%82%D1%80%D0%B5%D1%87%D0%B0%D0%B5%D1%82%D1%81%D1%8F-%D1%81%D1%82%D0%B0%D1%80%D1%83%D1%85%D0%B0/ HTTP/2.0" 200 18782 "https://baneks.site/%D0%B8%D0%B4%D0%B5%D1%82-%D0%BC%D1%83%D0%B6%D0%B8%D0%BA-%D1%81-%D1%80%D0%B0%D0%B1%D0%BE%D1%82%D1%8B-%D0%BD%D0%B0-%D0%BF%D1%83%D1%82%D0%B8-%D0%B2%D1%81%D1%82%D1%80%D0%B5%D1%87%D0%B0%D0%B5%D1%82%D1%81%D1%8F-%D1%81%D1%82%D0%B0%D1%80%D1%83%D1%85%D0%B0/" "Mozilla/5.0 (Windows NT 10.0; Win64; x64) AppleWebKit/537.36 (KHTML, like Gecko) Chrome/81.0.4044.138 YaBrowser/20.4.2.201 Yowser/2.5 Safari/537.36"
31.134.191.83 - - [24/May/2020:00:44:37 +0000] "GET /%D1%81%D1%82%D0%BE%D0%B8%D1%82-%D1%83-%D0%BB%D0%B0%D1%80%D1%8C%D0%BA%D0%B0-%D0%B3%D0%BE%D0%BF%D0%BD%D0%B8%D0%BA-%D0%B1%D1%80%D0%B8%D1%82%D1%8B%D0%B9-%D0%B2-%D1%81%D0%BF%D0%BE%D1%80%D1%82%D0%B8%D0%B2%D0%BD%D1%8B%D1%85-%D1%88%D1%82%D0%B0%D0%BD%D0%B0%D1%85/?p=2 HTTP/1.1" 200 13887 "https://yandex.ru/clck/jsredir?from=yandex.ru%3Bsearch%3Bweb%3B%3B&text=&etext=8347.jFDuKc8tkC1mf_7ix17ksgisDXihuz2OaDr1jb3_CfUjZS9ZJNxQGe51DydoadSr.6a6fdeb1eaf6ea3281e48d78143c9ae3e8b9c093&uuid=&state=_BLhILn4SxNIvvL0W45KSic66uCIg23qh8iRG98qeIXmeppkgUc0YL_nDC5hqtEQ6WayFoZKRZE&data=UlNrNmk5WktYejY4cHFySjRXSWhXQzk2dmlJRDFTV0hkTTdoaFNVaXhnRElGZmZkX2hzcTk3ZFRSanZZVS1oN3Z4WTVUZVFvbDRjVWY0cjRFeEJOS1JMMF9MY3NRYTZrWHRaOXRKSG55NXI3d0phSEM4T1FkczNNQUNYeUE0UGRoQUdDNm5DSHlBbkVOQnh0QXg5ZV9pRUJFd0ZHZ3JlTzU5N3FoZkMyQk9ZVGxYdllJYlRLSTUycEhSY1pta0UtS2ZMUHpqd1E3dEdZRXhtR2RYUjZPWE1ta2J6SFJUUXctU0lhel9vVHdac3kyMlJNS0RSQUNmYXc3YW5wS0tBTHdQZ2xEdEwzNUxhcDBmQmRMeWp3Q0paR2RIRXk2VFBORmljTm9RV3EtdmJqc09KYlVtOVpnWFg3dDdPUmh1NWdRR3hTOVdicTBmc2EzTk5JaE83dW81NkxEUkhocnhDQmZaQy1hZFdLMjhoM2hNa2lkSFF4UzNXZV9INHJvRVhienFnb3A3U3FjWWRZZ0prQlBwSFowTkFNZnA5ZWF3SllXbUtZM1VSSnhUMFR6ODdMc2ZEMTVfM1RGUDJnN1NldXpvWVNHdk13MDJtYkxJQkRSWXRHUEswd2g2NHcxYUdRMmY4czRPTDdob2hVWnA4SWMtOVNiS2pyN1A1b3dFU2hPX3docXlPVXFydnNQcXlMM0hUeWRpbUlBVm9YQkFwQk55dGE1SjlhTUN1SEdjSHVRNXI1OHZuczhsaHdMMVlQdjF5NVpkSzNYMEpjZXBhUE5oS25MWXByZmVxejBSWXlIU2ZlNks2NGt6OUV3WlpfOUYyVERGNFBjZG5KSFJpUmlqM05oZjdiRHlWMkx6OExYX3BOV0ZxSWMwNEtUY3hS&b64e=2&sign=0c899ef7c78980523cc30ac3fc49c553&keyno=0&cst=AiuY0DBWFJ7IXge4WdYJQULnoVAFacUfnescM1KWLFrb2HXNesti8oB1P7T8-96vouvScga1X4krgN5ZBIzh0ojwv_ch_eGUXHBNX_q4pxaSC5DtvXHbVc_uf1bfztdzORMv-9PAxJjCgWfpJxedKw&ref=orjY4mGPRjk5boDnW0uvlrrd71vZw9kp5uQozpMtKCV-bB70LKhDfNv-QhnFKVq3rZWQlU_omScrHJ7J3fcLFYIUt7eYU3zZpz2sDMgMgVnUkMPkR8hU6A&l10n=ru&cts=1590281076536&mc=2.62267534134" "Mozilla/5.0 (Windows NT 10.0; WOW64) AppleWebKit/537.36 (KHTML, like Gecko) Chrome/79.0.3945.136 YaBrowser/20.2.4.143 Yowser/2.5 Safari/537.36" "-"
