178.154.200.81 - - [22/Jul/2020:23:38:38 +0000] "GET /tag/%D0%B6%D0%B5%D0%BD%D0%B0/ HTTP/1.1" 200 11349 "-" "Mozilla/5.0 (compatible; YandexBot/3.0; +http://yandex.com/bots)" "-"
178.154.200.81 - - [22/Jul/2020:23:38:38 +0000] "GET /tag/%D0%B6%D0%B5%D0%BD%D0%B0/ HTTP/1.1" 200 11349 "-" "Mozilla/5.0 (compatible; YandexBot/3.0; +http://yandex.com/bots)"
178.154.200.81 - - [22/Jul/2020:23:38:38 +0000] "GET /rss/ HTTP/1.1" 200 6672 "-" "Mozilla/5.0 (compatible; YandexBot/3.0; +http://yandex.com/bots)" "-"
178.154.200.81 - - [22/Jul/2020:23:38:38 +0000] "GET /rss/ HTTP/1.1" 200 6672 "-" "Mozilla/5.0 (compatible; YandexBot/3.0; +http://yandex.com/bots)"
178.151.94.4 - - [22/Jul/2020:23:38:39 +0000] "GET /%D1%83%D1%80%D0%BE%D0%BA-%D0%BC%D0%B0%D1%82%D0%B5%D0%BC%D0%B0%D1%82%D0%B8%D0%BA%D0%B8-%D1%83%D1%87%D0%B8%D1%82%D0%B5%D0%BB%D1%8C%D0%BD%D0%B8%D1%86%D0%B0-%D0%B3%D0%BE%D0%B2%D0%BE%D1%80%D0%B8%D1%82/ HTTP/2.0" 200 12268 "https://baneks.site/tag/%D0%BC%D0%B0%D1%82%D0%B5%D0%BC%D0%B0%D1%82%D0%B8%D0%BA/?p=14" "Mozilla/5.0 (Linux; Android 9; STK-LX1) AppleWebKit/537.36 (KHTML, like Gecko) Chrome/84.0.4147.89 Mobile Safari/537.36" "-"
178.151.94.4 - - [22/Jul/2020:23:38:39 +0000] "GET /%D1%83%D1%80%D0%BE%D0%BA-%D0%BC%D0%B0%D1%82%D0%B5%D0%BC%D0%B0%D1%82%D0%B8%D0%BA%D0%B8-%D1%83%D1%87%D0%B8%D1%82%D0%B5%D0%BB%D1%8C%D0%BD%D0%B8%D1%86%D0%B0-%D0%B3%D0%BE%D0%B2%D0%BE%D1%80%D0%B8%D1%82/ HTTP/2.0" 200 12268 "https://baneks.site/tag/%D0%BC%D0%B0%D1%82%D0%B5%D0%BC%D0%B0%D1%82%D0%B8%D0%BA/?p=14" "Mozilla/5.0 (Linux; Android 9; STK-LX1) AppleWebKit/537.36 (KHTML, like Gecko) Chrome/84.0.4147.89 Mobile Safari/537.36"
5.45.207.181 - - [22/Jul/2020:23:38:40 +0000] "GET /best/ HTTP/1.1" 200 16146 "-" "Mozilla/5.0 (compatible; YandexBot/3.0; +http://yandex.com/bots)" "-"
5.45.207.181 - - [22/Jul/2020:23:38:40 +0000] "GET /best/ HTTP/1.1" 200 16146 "-" "Mozilla/5.0 (compatible; YandexBot/3.0; +http://yandex.com/bots)"
178.154.200.81 - - [22/Jul/2020:23:38:40 +0000] "GET / HTTP/1.1" 200 5068 "-" "Mozilla/5.0 (compatible; YandexBot/3.0; +http://yandex.com/bots)" "-"
178.154.200.81 - - [22/Jul/2020:23:38:40 +0000] "GET / HTTP/1.1" 200 5068 "-" "Mozilla/5.0 (compatible; YandexBot/3.0; +http://yandex.com/bots)"
5.45.207.181 - - [22/Jul/2020:23:38:40 +0000] "GET /search/ HTTP/1.1" 200 3832 "-" "Mozilla/5.0 (compatible; YandexBot/3.0; +http://yandex.com/bots)" "-"
5.45.207.181 - - [22/Jul/2020:23:38:40 +0000] "GET /search/ HTTP/1.1" 200 3832 "-" "Mozilla/5.0 (compatible; YandexBot/3.0; +http://yandex.com/bots)"
178.151.94.4 - - [22/Jul/2020:23:38:44 +0000] "GET /%D1%84%D0%B8%D0%B7%D0%B8%D0%BA-%D0%B8%D0%BD%D0%B6%D0%B5%D0%BD%D0%B5%D1%80-%D0%B8-%D0%BC%D0%B0%D1%82%D0%B5%D0%BC%D0%B0%D1%82%D0%B8%D0%BA-%D0%BF%D1%80%D0%B8%D0%BD%D0%B8%D0%BC%D0%B0%D1%8E%D1%82-%D1%83%D1%87%D0%B0%D1%81%D1%82%D0%B8%D0%B5/ HTTP/2.0" 200 14116 "https://baneks.site/tag/%D0%BC%D0%B0%D1%82%D0%B5%D0%BC%D0%B0%D1%82%D0%B8%D0%BA/?p=14" "Mozilla/5.0 (Linux; Android 9; STK-LX1) AppleWebKit/537.36 (KHTML, like Gecko) Chrome/84.0.4147.89 Mobile Safari/537.36" "-"
178.151.94.4 - - [22/Jul/2020:23:38:44 +0000] "GET /%D1%84%D0%B8%D0%B7%D0%B8%D0%BA-%D0%B8%D0%BD%D0%B6%D0%B5%D0%BD%D0%B5%D1%80-%D0%B8-%D0%BC%D0%B0%D1%82%D0%B5%D0%BC%D0%B0%D1%82%D0%B8%D0%BA-%D0%BF%D1%80%D0%B8%D0%BD%D0%B8%D0%BC%D0%B0%D1%8E%D1%82-%D1%83%D1%87%D0%B0%D1%81%D1%82%D0%B8%D0%B5/ HTTP/2.0" 200 14116 "https://baneks.site/tag/%D0%BC%D0%B0%D1%82%D0%B5%D0%BC%D0%B0%D1%82%D0%B8%D0%BA/?p=14" "Mozilla/5.0 (Linux; Android 9; STK-LX1) AppleWebKit/537.36 (KHTML, like Gecko) Chrome/84.0.4147.89 Mobile Safari/537.36"
46.229.168.135 - - [22/Jul/2020:23:38:48 +0000] "GET /%D0%B1%D0%BE%D0%BC%D0%B6-%D0%95%D0%B3%D0%BE%D1%80-%D1%81%D1%87%D0%B8%D1%82%D0%B0%D0%B5%D1%82-%D0%B4%D0%B2%D0%BE%D1%80%D0%BD%D0%B8%D0%BA%D0%B0-%D0%A1%D0%B5%D0%BC%D0%B5%D0%BD%D0%B0-%D1%81%D0%B2%D0%BE%D0%B5%D0%B9/?p=1 HTTP/1.1" 200 12747 "-" "Mozilla/5.0 (compatible; SemrushBot/6~bl; +http://www.semrush.com/bot.html)" "-"
46.229.168.135 - - [22/Jul/2020:23:38:48 +0000] "GET /%D0%B1%D0%BE%D0%BC%D0%B6-%D0%95%D0%B3%D0%BE%D1%80-%D1%81%D1%87%D0%B8%D1%82%D0%B0%D0%B5%D1%82-%D0%B4%D0%B2%D0%BE%D1%80%D0%BD%D0%B8%D0%BA%D0%B0-%D0%A1%D0%B5%D0%BC%D0%B5%D0%BD%D0%B0-%D1%81%D0%B2%D0%BE%D0%B5%D0%B9/?p=1 HTTP/1.1" 200 12747 "-" "Mozilla/5.0 (compatible; SemrushBot/6~bl; +http://www.semrush.com/bot.html)"
178.154.200.81 - - [22/Jul/2020:23:38:51 +0000] "GET /-%D1%8F-%D0%B3%D0%B5%D0%B5%D0%BC-%D1%81%D1%82%D0%B0%D0%BB-%D1%82%D0%BE%D0%BB%D1%8C%D0%BA%D0%BE-%D0%BF%D0%BE%D1%82%D0%BE%D0%BC%D1%83-%D1%87%D1%82%D0%BE/ HTTP/1.1" 200 11684 "-" "Mozilla/5.0 (compatible; YandexBot/3.0; +http://yandex.com/bots)" "-"
178.154.200.81 - - [22/Jul/2020:23:38:51 +0000] "GET /-%D1%8F-%D0%B3%D0%B5%D0%B5%D0%BC-%D1%81%D1%82%D0%B0%D0%BB-%D1%82%D0%BE%D0%BB%D1%8C%D0%BA%D0%BE-%D0%BF%D0%BE%D1%82%D0%BE%D0%BC%D1%83-%D1%87%D1%82%D0%BE/ HTTP/1.1" 200 11684 "-" "Mozilla/5.0 (compatible; YandexBot/3.0; +http://yandex.com/bots)"
46.229.168.162 - - [22/Jul/2020:23:38:59 +0000] "GET /-%D1%83-%D1%82%D0%B5%D0%B1%D1%8F-%D0%B5%D1%81%D1%82%D1%8C-%D0%B7%D0%BD%D0%B0%D0%BA%D0%BE%D0%BC%D1%8B%D0%B5-%D0%BA%D1%82%D0%BE-%D0%B2%D0%B8%D1%80%D1%83%D1%81-%D0%BF%D0%BE%D0%B4%D1%85%D0%B2%D0%B0%D1%82%D0%B8%D0%BB-%D0%BD%D0%B5%D1%82/?p=2 HTTP/1.1" 200 8600 "-" "Mozilla/5.0 (compatible; SemrushBot/6~bl; +http://www.semrush.com/bot.html)" "-"
46.229.168.162 - - [22/Jul/2020:23:38:59 +0000] "GET /-%D1%83-%D1%82%D0%B5%D0%B1%D1%8F-%D0%B5%D1%81%D1%82%D1%8C-%D0%B7%D0%BD%D0%B0%D0%BA%D0%BE%D0%BC%D1%8B%D0%B5-%D0%BA%D1%82%D0%BE-%D0%B2%D0%B8%D1%80%D1%83%D1%81-%D0%BF%D0%BE%D0%B4%D1%85%D0%B2%D0%B0%D1%82%D0%B8%D0%BB-%D0%BD%D0%B5%D1%82/?p=2 HTTP/1.1" 200 8600 "-" "Mozilla/5.0 (compatible; SemrushBot/6~bl; +http://www.semrush.com/bot.html)"
66.249.68.33 - - [22/Jul/2020:23:39:00 +0000] "GET /%D0%B8%D1%80%D0%BB%D0%B0%D0%BD%D0%B4%D1%81%D0%BA%D0%B8%D0%B9-%D0%BF%D0%B0%D0%B1-%D0%BF%D1%8C%D1%8F%D0%BD%D1%8B%D0%B9-%D0%B2-%D0%B4%D1%80%D1%8B%D0%B7%D0%B3-%D0%B8%D1%80%D0%BB%D0%B0%D0%BD%D0%B4%D0%B5%D1%86-%D0%B2%D1%81%D1%82%D0%B0%D1%91%D1%82/ HTTP/1.1" 304 0 "-" "Mozilla/5.0 (Linux; Android 6.0.1; Nexus 5X Build/MMB29P) AppleWebKit/537.36 (KHTML, like Gecko) Chrome/80.0.3987.92 Mobile Safari/537.36 (compatible; Googlebot/2.1; +http://www.google.com/bot.html)" "-"
66.249.68.33 - - [22/Jul/2020:23:39:00 +0000] "GET /%D0%B8%D1%80%D0%BB%D0%B0%D0%BD%D0%B4%D1%81%D0%BA%D0%B8%D0%B9-%D0%BF%D0%B0%D0%B1-%D0%BF%D1%8C%D1%8F%D0%BD%D1%8B%D0%B9-%D0%B2-%D0%B4%D1%80%D1%8B%D0%B7%D0%B3-%D0%B8%D1%80%D0%BB%D0%B0%D0%BD%D0%B4%D0%B5%D1%86-%D0%B2%D1%81%D1%82%D0%B0%D1%91%D1%82/ HTTP/1.1" 304 0 "-" "Mozilla/5.0 (Linux; Android 6.0.1; Nexus 5X Build/MMB29P) AppleWebKit/537.36 (KHTML, like Gecko) Chrome/80.0.3987.92 Mobile Safari/537.36 (compatible; Googlebot/2.1; +http://www.google.com/bot.html)"
185.52.134.133 - - [22/Jul/2020:23:39:07 +0000] "GET /%D0%B2%D0%B5%D0%BB%D0%B8%D0%BA%D0%B8%D0%B9-%D1%84%D0%B8%D0%BB%D0%BE%D1%81%D0%BE%D1%84-%D1%84%D1%80%D0%B8%D0%B4%D1%80%D0%B8%D1%85-%D0%BD%D0%B8%D1%86%D1%88%D0%B5-%D0%B1%D1%8B%D0%BB-%D0%B4%D0%BE%D0%B1%D1%80%D1%8B%D0%B9-%D0%B8-%D0%B2%D0%B5%D1%81%D0%B5%D0%BB%D1%8B%D0%B9/?p=5 HTTP/2.0" 200 10269 "https://baneks.site/%D0%B2%D0%B5%D0%BB%D0%B8%D0%BA%D0%B8%D0%B9-%D1%84%D0%B8%D0%BB%D0%BE%D1%81%D0%BE%D1%84-%D1%84%D1%80%D0%B8%D0%B4%D1%80%D0%B8%D1%85-%D0%BD%D0%B8%D1%86%D1%88%D0%B5-%D0%B1%D1%8B%D0%BB-%D0%B4%D0%BE%D0%B1%D1%80%D1%8B%D0%B9-%D0%B8-%D0%B2%D0%B5%D1%81%D0%B5%D0%BB%D1%8B%D0%B9/?p=4" "Mozilla/5.0 (Linux; Android 8.1.0; Redmi 6A) AppleWebKit/537.36 (KHTML, like Gecko) Chrome/71.0.3578.99 Mobile Safari/537.36" "-"
185.52.134.133 - - [22/Jul/2020:23:39:07 +0000] "GET /%D0%B2%D0%B5%D0%BB%D0%B8%D0%BA%D0%B8%D0%B9-%D1%84%D0%B8%D0%BB%D0%BE%D1%81%D0%BE%D1%84-%D1%84%D1%80%D0%B8%D0%B4%D1%80%D0%B8%D1%85-%D0%BD%D0%B8%D1%86%D1%88%D0%B5-%D0%B1%D1%8B%D0%BB-%D0%B4%D0%BE%D0%B1%D1%80%D1%8B%D0%B9-%D0%B8-%D0%B2%D0%B5%D1%81%D0%B5%D0%BB%D1%8B%D0%B9/?p=5 HTTP/2.0" 200 10269 "https://baneks.site/%D0%B2%D0%B5%D0%BB%D0%B8%D0%BA%D0%B8%D0%B9-%D1%84%D0%B8%D0%BB%D0%BE%D1%81%D0%BE%D1%84-%D1%84%D1%80%D0%B8%D0%B4%D1%80%D0%B8%D1%85-%D0%BD%D0%B8%D1%86%D1%88%D0%B5-%D0%B1%D1%8B%D0%BB-%D0%B4%D0%BE%D0%B1%D1%80%D1%8B%D0%B9-%D0%B8-%D0%B2%D0%B5%D1%81%D0%B5%D0%BB%D1%8B%D0%B9/?p=4" "Mozilla/5.0 (Linux; Android 8.1.0; Redmi 6A) AppleWebKit/537.36 (KHTML, like Gecko) Chrome/71.0.3578.99 Mobile Safari/537.36"
185.52.134.133 - - [22/Jul/2020:23:39:08 +0000] "GET /%D0%B2%D0%B5%D0%BB%D0%B8%D0%BA%D0%B8%D0%B9-%D1%84%D0%B8%D0%BB%D0%BE%D1%81%D0%BE%D1%84-%D1%84%D1%80%D0%B8%D0%B4%D1%80%D0%B8%D1%85-%D0%BD%D0%B8%D1%86%D1%88%D0%B5-%D0%B1%D1%8B%D0%BB-%D0%B4%D0%BE%D0%B1%D1%80%D1%8B%D0%B9-%D0%B8-%D0%B2%D0%B5%D1%81%D0%B5%D0%BB%D1%8B%D0%B9/?p=5 HTTP/2.0" 200 10269 "https://baneks.site/%D0%B2%D0%B5%D0%BB%D0%B8%D0%BA%D0%B8%D0%B9-%D1%84%D0%B8%D0%BB%D0%BE%D1%81%D0%BE%D1%84-%D1%84%D1%80%D0%B8%D0%B4%D1%80%D0%B8%D1%85-%D0%BD%D0%B8%D1%86%D1%88%D0%B5-%D0%B1%D1%8B%D0%BB-%D0%B4%D0%BE%D0%B1%D1%80%D1%8B%D0%B9-%D0%B8-%D0%B2%D0%B5%D1%81%D0%B5%D0%BB%D1%8B%D0%B9/?p=5" "Mozilla/5.0 (Linux; Android 8.1.0; Redmi 6A) AppleWebKit/537.36 (KHTML, like Gecko) Chrome/71.0.3578.99 Mobile Safari/537.36" "-"
185.52.134.133 - - [22/Jul/2020:23:39:08 +0000] "GET /%D0%B2%D0%B5%D0%BB%D0%B8%D0%BA%D0%B8%D0%B9-%D1%84%D0%B8%D0%BB%D0%BE%D1%81%D0%BE%D1%84-%D1%84%D1%80%D0%B8%D0%B4%D1%80%D0%B8%D1%85-%D0%BD%D0%B8%D1%86%D1%88%D0%B5-%D0%B1%D1%8B%D0%BB-%D0%B4%D0%BE%D0%B1%D1%80%D1%8B%D0%B9-%D0%B8-%D0%B2%D0%B5%D1%81%D0%B5%D0%BB%D1%8B%D0%B9/?p=5 HTTP/2.0" 200 10269 "https://baneks.site/%D0%B2%D0%B5%D0%BB%D0%B8%D0%BA%D0%B8%D0%B9-%D1%84%D0%B8%D0%BB%D0%BE%D1%81%D0%BE%D1%84-%D1%84%D1%80%D0%B8%D0%B4%D1%80%D0%B8%D1%85-%D0%BD%D0%B8%D1%86%D1%88%D0%B5-%D0%B1%D1%8B%D0%BB-%D0%B4%D0%BE%D0%B1%D1%80%D1%8B%D0%B9-%D0%B8-%D0%B2%D0%B5%D1%81%D0%B5%D0%BB%D1%8B%D0%B9/?p=5" "Mozilla/5.0 (Linux; Android 8.1.0; Redmi 6A) AppleWebKit/537.36 (KHTML, like Gecko) Chrome/71.0.3578.99 Mobile Safari/537.36"
46.229.168.145 - - [22/Jul/2020:23:39:12 +0000] "GET /%D1%81%D1%80%D1%91%D1%82-%D0%BC%D1%83%D0%B6%D0%B8%D0%BA/?p=3 HTTP/1.1" 200 10431 "-" "Mozilla/5.0 (compatible; SemrushBot/6~bl; +http://www.semrush.com/bot.html)" "-"
46.229.168.145 - - [22/Jul/2020:23:39:12 +0000] "GET /%D1%81%D1%80%D1%91%D1%82-%D0%BC%D1%83%D0%B6%D0%B8%D0%BA/?p=3 HTTP/1.1" 200 10431 "-" "Mozilla/5.0 (compatible; SemrushBot/6~bl; +http://www.semrush.com/bot.html)"
185.52.134.133 - - [22/Jul/2020:23:39:13 +0000] "GET /%D0%B2%D0%B5%D0%BB%D0%B8%D0%BA%D0%B8%D0%B9-%D1%84%D0%B8%D0%BB%D0%BE%D1%81%D0%BE%D1%84-%D1%84%D1%80%D0%B8%D0%B4%D1%80%D0%B8%D1%85-%D0%BD%D0%B8%D1%86%D1%88%D0%B5-%D0%B1%D1%8B%D0%BB-%D0%B4%D0%BE%D0%B1%D1%80%D1%8B%D0%B9-%D0%B8-%D0%B2%D0%B5%D1%81%D0%B5%D0%BB%D1%8B%D0%B9/?p=4 HTTP/2.0" 200 17171 "https://baneks.site/%D0%B2%D0%B5%D0%BB%D0%B8%D0%BA%D0%B8%D0%B9-%D1%84%D0%B8%D0%BB%D0%BE%D1%81%D0%BE%D1%84-%D1%84%D1%80%D0%B8%D0%B4%D1%80%D0%B8%D1%85-%D0%BD%D0%B8%D1%86%D1%88%D0%B5-%D0%B1%D1%8B%D0%BB-%D0%B4%D0%BE%D0%B1%D1%80%D1%8B%D0%B9-%D0%B8-%D0%B2%D0%B5%D1%81%D0%B5%D0%BB%D1%8B%D0%B9/?p=3" "Mozilla/5.0 (Linux; Android 8.1.0; Redmi 6A) AppleWebKit/537.36 (KHTML, like Gecko) Chrome/71.0.3578.99 Mobile Safari/537.36" "-"
185.52.134.133 - - [22/Jul/2020:23:39:13 +0000] "GET /%D0%B2%D0%B5%D0%BB%D0%B8%D0%BA%D0%B8%D0%B9-%D1%84%D0%B8%D0%BB%D0%BE%D1%81%D0%BE%D1%84-%D1%84%D1%80%D0%B8%D0%B4%D1%80%D0%B8%D1%85-%D0%BD%D0%B8%D1%86%D1%88%D0%B5-%D0%B1%D1%8B%D0%BB-%D0%B4%D0%BE%D0%B1%D1%80%D1%8B%D0%B9-%D0%B8-%D0%B2%D0%B5%D1%81%D0%B5%D0%BB%D1%8B%D0%B9/?p=4 HTTP/2.0" 200 17171 "https://baneks.site/%D0%B2%D0%B5%D0%BB%D0%B8%D0%BA%D0%B8%D0%B9-%D1%84%D0%B8%D0%BB%D0%BE%D1%81%D0%BE%D1%84-%D1%84%D1%80%D0%B8%D0%B4%D1%80%D0%B8%D1%85-%D0%BD%D0%B8%D1%86%D1%88%D0%B5-%D0%B1%D1%8B%D0%BB-%D0%B4%D0%BE%D0%B1%D1%80%D1%8B%D0%B9-%D0%B8-%D0%B2%D0%B5%D1%81%D0%B5%D0%BB%D1%8B%D0%B9/?p=3" "Mozilla/5.0 (Linux; Android 8.1.0; Redmi 6A) AppleWebKit/537.36 (KHTML, like Gecko) Chrome/71.0.3578.99 Mobile Safari/537.36"
185.52.134.133 - - [22/Jul/2020:23:39:14 +0000] "GET /%D0%B2%D0%B5%D0%BB%D0%B8%D0%BA%D0%B8%D0%B9-%D1%84%D0%B8%D0%BB%D0%BE%D1%81%D0%BE%D1%84-%D1%84%D1%80%D0%B8%D0%B4%D1%80%D0%B8%D1%85-%D0%BD%D0%B8%D1%86%D1%88%D0%B5-%D0%B1%D1%8B%D0%BB-%D0%B4%D0%BE%D0%B1%D1%80%D1%8B%D0%B9-%D0%B8-%D0%B2%D0%B5%D1%81%D0%B5%D0%BB%D1%8B%D0%B9/?p=3 HTTP/2.0" 200 17589 "https://baneks.site/%D0%B2%D0%B5%D0%BB%D0%B8%D0%BA%D0%B8%D0%B9-%D1%84%D0%B8%D0%BB%D0%BE%D1%81%D0%BE%D1%84-%D1%84%D1%80%D0%B8%D0%B4%D1%80%D0%B8%D1%85-%D0%BD%D0%B8%D1%86%D1%88%D0%B5-%D0%B1%D1%8B%D0%BB-%D0%B4%D0%BE%D0%B1%D1%80%D1%8B%D0%B9-%D0%B8-%D0%B2%D0%B5%D1%81%D0%B5%D0%BB%D1%8B%D0%B9/?p=2" "Mozilla/5.0 (Linux; Android 8.1.0; Redmi 6A) AppleWebKit/537.36 (KHTML, like Gecko) Chrome/71.0.3578.99 Mobile Safari/537.36" "-"
185.52.134.133 - - [22/Jul/2020:23:39:14 +0000] "GET /%D0%B2%D0%B5%D0%BB%D0%B8%D0%BA%D0%B8%D0%B9-%D1%84%D0%B8%D0%BB%D0%BE%D1%81%D0%BE%D1%84-%D1%84%D1%80%D0%B8%D0%B4%D1%80%D0%B8%D1%85-%D0%BD%D0%B8%D1%86%D1%88%D0%B5-%D0%B1%D1%8B%D0%BB-%D0%B4%D0%BE%D0%B1%D1%80%D1%8B%D0%B9-%D0%B8-%D0%B2%D0%B5%D1%81%D0%B5%D0%BB%D1%8B%D0%B9/?p=3 HTTP/2.0" 200 17589 "https://baneks.site/%D0%B2%D0%B5%D0%BB%D0%B8%D0%BA%D0%B8%D0%B9-%D1%84%D0%B8%D0%BB%D0%BE%D1%81%D0%BE%D1%84-%D1%84%D1%80%D0%B8%D0%B4%D1%80%D0%B8%D1%85-%D0%BD%D0%B8%D1%86%D1%88%D0%B5-%D0%B1%D1%8B%D0%BB-%D0%B4%D0%BE%D0%B1%D1%80%D1%8B%D0%B9-%D0%B8-%D0%B2%D0%B5%D1%81%D0%B5%D0%BB%D1%8B%D0%B9/?p=2" "Mozilla/5.0 (Linux; Android 8.1.0; Redmi 6A) AppleWebKit/537.36 (KHTML, like Gecko) Chrome/71.0.3578.99 Mobile Safari/537.36"
185.52.134.133 - - [22/Jul/2020:23:39:15 +0000] "GET /%D0%B2%D0%B5%D0%BB%D0%B8%D0%BA%D0%B8%D0%B9-%D1%84%D0%B8%D0%BB%D0%BE%D1%81%D0%BE%D1%84-%D1%84%D1%80%D0%B8%D0%B4%D1%80%D0%B8%D1%85-%D0%BD%D0%B8%D1%86%D1%88%D0%B5-%D0%B1%D1%8B%D0%BB-%D0%B4%D0%BE%D0%B1%D1%80%D1%8B%D0%B9-%D0%B8-%D0%B2%D0%B5%D1%81%D0%B5%D0%BB%D1%8B%D0%B9/?p=4 HTTP/2.0" 200 17171 "https://baneks.site/%D0%B2%D0%B5%D0%BB%D0%B8%D0%BA%D0%B8%D0%B9-%D1%84%D0%B8%D0%BB%D0%BE%D1%81%D0%BE%D1%84-%D1%84%D1%80%D0%B8%D0%B4%D1%80%D0%B8%D1%85-%D0%BD%D0%B8%D1%86%D1%88%D0%B5-%D0%B1%D1%8B%D0%BB-%D0%B4%D0%BE%D0%B1%D1%80%D1%8B%D0%B9-%D0%B8-%D0%B2%D0%B5%D1%81%D0%B5%D0%BB%D1%8B%D0%B9/?p=4" "Mozilla/5.0 (Linux; Android 8.1.0; Redmi 6A) AppleWebKit/537.36 (KHTML, like Gecko) Chrome/71.0.3578.99 Mobile Safari/537.36" "-"
185.52.134.133 - - [22/Jul/2020:23:39:15 +0000] "GET /%D0%B2%D0%B5%D0%BB%D0%B8%D0%BA%D0%B8%D0%B9-%D1%84%D0%B8%D0%BB%D0%BE%D1%81%D0%BE%D1%84-%D1%84%D1%80%D0%B8%D0%B4%D1%80%D0%B8%D1%85-%D0%BD%D0%B8%D1%86%D1%88%D0%B5-%D0%B1%D1%8B%D0%BB-%D0%B4%D0%BE%D0%B1%D1%80%D1%8B%D0%B9-%D0%B8-%D0%B2%D0%B5%D1%81%D0%B5%D0%BB%D1%8B%D0%B9/?p=4 HTTP/2.0" 200 17171 "https://baneks.site/%D0%B2%D0%B5%D0%BB%D0%B8%D0%BA%D0%B8%D0%B9-%D1%84%D0%B8%D0%BB%D0%BE%D1%81%D0%BE%D1%84-%D1%84%D1%80%D0%B8%D0%B4%D1%80%D0%B8%D1%85-%D0%BD%D0%B8%D1%86%D1%88%D0%B5-%D0%B1%D1%8B%D0%BB-%D0%B4%D0%BE%D0%B1%D1%80%D1%8B%D0%B9-%D0%B8-%D0%B2%D0%B5%D1%81%D0%B5%D0%BB%D1%8B%D0%B9/?p=4" "Mozilla/5.0 (Linux; Android 8.1.0; Redmi 6A) AppleWebKit/537.36 (KHTML, like Gecko) Chrome/71.0.3578.99 Mobile Safari/537.36"
185.52.134.133 - - [22/Jul/2020:23:39:15 +0000] "GET /%D0%B2%D0%B5%D0%BB%D0%B8%D0%BA%D0%B8%D0%B9-%D1%84%D0%B8%D0%BB%D0%BE%D1%81%D0%BE%D1%84-%D1%84%D1%80%D0%B8%D0%B4%D1%80%D0%B8%D1%85-%D0%BD%D0%B8%D1%86%D1%88%D0%B5-%D0%B1%D1%8B%D0%BB-%D0%B4%D0%BE%D0%B1%D1%80%D1%8B%D0%B9-%D0%B8-%D0%B2%D0%B5%D1%81%D0%B5%D0%BB%D1%8B%D0%B9/?p=2 HTTP/2.0" 200 17163 "https://www.google.com/" "Mozilla/5.0 (Linux; Android 8.1.0; Redmi 6A) AppleWebKit/537.36 (KHTML, like Gecko) Chrome/71.0.3578.99 Mobile Safari/537.36" "-"
185.52.134.133 - - [22/Jul/2020:23:39:15 +0000] "GET /%D0%B2%D0%B5%D0%BB%D0%B8%D0%BA%D0%B8%D0%B9-%D1%84%D0%B8%D0%BB%D0%BE%D1%81%D0%BE%D1%84-%D1%84%D1%80%D0%B8%D0%B4%D1%80%D0%B8%D1%85-%D0%BD%D0%B8%D1%86%D1%88%D0%B5-%D0%B1%D1%8B%D0%BB-%D0%B4%D0%BE%D0%B1%D1%80%D1%8B%D0%B9-%D0%B8-%D0%B2%D0%B5%D1%81%D0%B5%D0%BB%D1%8B%D0%B9/?p=2 HTTP/2.0" 200 17163 "https://www.google.com/" "Mozilla/5.0 (Linux; Android 8.1.0; Redmi 6A) AppleWebKit/537.36 (KHTML, like Gecko) Chrome/71.0.3578.99 Mobile Safari/537.36"
178.151.94.4 - - [22/Jul/2020:23:39:16 +0000] "GET /%D0%B7%D0%B0%D0%BF%D1%83%D1%81%D0%BA%D0%B0%D1%8E%D1%82-%D0%BA%D0%B0%D0%BA-%D1%82%D0%BE-%D1%80%D0%B0%D0%B7-%D0%B8%D0%BD%D0%B6%D0%B5%D0%BD%D0%B5%D1%80%D0%B0-%D1%84%D0%B8%D0%B7%D0%B8%D0%BA%D0%B0-%D0%B8-%D0%BC%D0%B0%D1%82%D0%B5%D0%BC%D0%B0%D1%82%D0%B8%D0%BA%D0%B0/ HTTP/2.0" 200 14435 "https://baneks.site/tag/%D0%BC%D0%B0%D1%82%D0%B5%D0%BC%D0%B0%D1%82%D0%B8%D0%BA/?p=14" "Mozilla/5.0 (Linux; Android 9; STK-LX1) AppleWebKit/537.36 (KHTML, like Gecko) Chrome/84.0.4147.89 Mobile Safari/537.36" "-"
178.151.94.4 - - [22/Jul/2020:23:39:16 +0000] "GET /%D0%B7%D0%B0%D0%BF%D1%83%D1%81%D0%BA%D0%B0%D1%8E%D1%82-%D0%BA%D0%B0%D0%BA-%D1%82%D0%BE-%D1%80%D0%B0%D0%B7-%D0%B8%D0%BD%D0%B6%D0%B5%D0%BD%D0%B5%D1%80%D0%B0-%D1%84%D0%B8%D0%B7%D0%B8%D0%BA%D0%B0-%D0%B8-%D0%BC%D0%B0%D1%82%D0%B5%D0%BC%D0%B0%D1%82%D0%B8%D0%BA%D0%B0/ HTTP/2.0" 200 14435 "https://baneks.site/tag/%D0%BC%D0%B0%D1%82%D0%B5%D0%BC%D0%B0%D1%82%D0%B8%D0%BA/?p=14" "Mozilla/5.0 (Linux; Android 9; STK-LX1) AppleWebKit/537.36 (KHTML, like Gecko) Chrome/84.0.4147.89 Mobile Safari/537.36"
185.52.134.133 - - [22/Jul/2020:23:39:16 +0000] "GET /%D0%B2%D0%B5%D0%BB%D0%B8%D0%BA%D0%B8%D0%B9-%D1%84%D0%B8%D0%BB%D0%BE%D1%81%D0%BE%D1%84-%D1%84%D1%80%D0%B8%D0%B4%D1%80%D0%B8%D1%85-%D0%BD%D0%B8%D1%86%D1%88%D0%B5-%D0%B1%D1%8B%D0%BB-%D0%B4%D0%BE%D0%B1%D1%80%D1%8B%D0%B9-%D0%B8-%D0%B2%D0%B5%D1%81%D0%B5%D0%BB%D1%8B%D0%B9/?p=2 HTTP/2.0" 200 17163 "https://baneks.site/%D0%B2%D0%B5%D0%BB%D0%B8%D0%BA%D0%B8%D0%B9-%D1%84%D0%B8%D0%BB%D0%BE%D1%81%D0%BE%D1%84-%D1%84%D1%80%D0%B8%D0%B4%D1%80%D0%B8%D1%85-%D0%BD%D0%B8%D1%86%D1%88%D0%B5-%D0%B1%D1%8B%D0%BB-%D0%B4%D0%BE%D0%B1%D1%80%D1%8B%D0%B9-%D0%B8-%D0%B2%D0%B5%D1%81%D0%B5%D0%BB%D1%8B%D0%B9/?p=2" "Mozilla/5.0 (Linux; Android 8.1.0; Redmi 6A) AppleWebKit/537.36 (KHTML, like Gecko) Chrome/71.0.3578.99 Mobile Safari/537.36" "-"
185.52.134.133 - - [22/Jul/2020:23:39:16 +0000] "GET /%D0%B2%D0%B5%D0%BB%D0%B8%D0%BA%D0%B8%D0%B9-%D1%84%D0%B8%D0%BB%D0%BE%D1%81%D0%BE%D1%84-%D1%84%D1%80%D0%B8%D0%B4%D1%80%D0%B8%D1%85-%D0%BD%D0%B8%D1%86%D1%88%D0%B5-%D0%B1%D1%8B%D0%BB-%D0%B4%D0%BE%D0%B1%D1%80%D1%8B%D0%B9-%D0%B8-%D0%B2%D0%B5%D1%81%D0%B5%D0%BB%D1%8B%D0%B9/?p=2 HTTP/2.0" 200 17163 "https://baneks.site/%D0%B2%D0%B5%D0%BB%D0%B8%D0%BA%D0%B8%D0%B9-%D1%84%D0%B8%D0%BB%D0%BE%D1%81%D0%BE%D1%84-%D1%84%D1%80%D0%B8%D0%B4%D1%80%D0%B8%D1%85-%D0%BD%D0%B8%D1%86%D1%88%D0%B5-%D0%B1%D1%8B%D0%BB-%D0%B4%D0%BE%D0%B1%D1%80%D1%8B%D0%B9-%D0%B8-%D0%B2%D0%B5%D1%81%D0%B5%D0%BB%D1%8B%D0%B9/?p=2" "Mozilla/5.0 (Linux; Android 8.1.0; Redmi 6A) AppleWebKit/537.36 (KHTML, like Gecko) Chrome/71.0.3578.99 Mobile Safari/537.36"
46.229.168.130 - - [22/Jul/2020:23:39:26 +0000] "GET /%D0%B1%D1%8B%D0%BB%D0%BE-%D1%83-%D0%BE%D0%B4%D0%BD%D0%BE%D0%B3%D0%BE-%D1%87%D1%83%D0%B2%D0%B0%D0%BA%D0%B0-%D1%82%D1%80%D0%B8-%D1%8F%D0%B9%D1%86%D0%B0-%D0%BE%D1%87%D0%B5%D0%BD%D1%8C-%D0%BE%D0%BD-%D1%8D%D1%82%D0%BE%D0%BC%D1%83-%D0%B1%D1%8B%D0%BB/?p=1 HTTP/1.1" 200 13093 "-" "Mozilla/5.0 (compatible; SemrushBot/6~bl; +http://www.semrush.com/bot.html)" "-"
46.229.168.130 - - [22/Jul/2020:23:39:26 +0000] "GET /%D0%B1%D1%8B%D0%BB%D0%BE-%D1%83-%D0%BE%D0%B4%D0%BD%D0%BE%D0%B3%D0%BE-%D1%87%D1%83%D0%B2%D0%B0%D0%BA%D0%B0-%D1%82%D1%80%D0%B8-%D1%8F%D0%B9%D1%86%D0%B0-%D0%BE%D1%87%D0%B5%D0%BD%D1%8C-%D0%BE%D0%BD-%D1%8D%D1%82%D0%BE%D0%BC%D1%83-%D0%B1%D1%8B%D0%BB/?p=1 HTTP/1.1" 200 13093 "-" "Mozilla/5.0 (compatible; SemrushBot/6~bl; +http://www.semrush.com/bot.html)"
83.102.135.201 - - [22/Jul/2020:23:39:32 +0000] "GET /random HTTP/2.0" 302 0 "https://baneks.site/%D0%BF%D0%B0%D1%80%D0%B0-%D0%BC%D0%BE%D0%BB%D0%BE%D0%B4%D0%BE%D0%B6%D0%B5%D0%BD%D0%BE%D0%B2-%D0%BE%D0%B4%D0%BD%D0%B0%D0%B6%D0%B4%D1%8B-%D0%B2%D0%B5%D1%87%D0%B5%D1%80%D0%BE%D0%BC-%D0%BC%D1%83%D0%B6-%D1%80%D0%B5%D1%88%D0%B8%D0%BB/" "Mozilla/5.0 (Linux; Android 8.0.0; G3116) AppleWebKit/537.36 (KHTML, like Gecko) Chrome/84.0.4147.89 Mobile Safari/537.36" "-"
83.102.135.201 - - [22/Jul/2020:23:39:32 +0000] "GET /random HTTP/2.0" 302 0 "https://baneks.site/%D0%BF%D0%B0%D1%80%D0%B0-%D0%BC%D0%BE%D0%BB%D0%BE%D0%B4%D0%BE%D0%B6%D0%B5%D0%BD%D0%BE%D0%B2-%D0%BE%D0%B4%D0%BD%D0%B0%D0%B6%D0%B4%D1%8B-%D0%B2%D0%B5%D1%87%D0%B5%D1%80%D0%BE%D0%BC-%D0%BC%D1%83%D0%B6-%D1%80%D0%B5%D1%88%D0%B8%D0%BB/" "Mozilla/5.0 (Linux; Android 8.0.0; G3116) AppleWebKit/537.36 (KHTML, like Gecko) Chrome/84.0.4147.89 Mobile Safari/537.36"
83.102.135.201 - - [22/Jul/2020:23:39:32 +0000] "GET /%D0%BA%D1%80%D0%BE%D0%BA%D0%BE%D0%B4%D0%B8%D0%BB-%D1%85%D0%BE%D0%B4%D0%B8%D1%82/ HTTP/2.0" 200 11940 "https://baneks.site/%D0%BF%D0%B0%D1%80%D0%B0-%D0%BC%D0%BE%D0%BB%D0%BE%D0%B4%D0%BE%D0%B6%D0%B5%D0%BD%D0%BE%D0%B2-%D0%BE%D0%B4%D0%BD%D0%B0%D0%B6%D0%B4%D1%8B-%D0%B2%D0%B5%D1%87%D0%B5%D1%80%D0%BE%D0%BC-%D0%BC%D1%83%D0%B6-%D1%80%D0%B5%D1%88%D0%B8%D0%BB/" "Mozilla/5.0 (Linux; Android 8.0.0; G3116) AppleWebKit/537.36 (KHTML, like Gecko) Chrome/84.0.4147.89 Mobile Safari/537.36" "-"
83.102.135.201 - - [22/Jul/2020:23:39:32 +0000] "GET /%D0%BA%D1%80%D0%BE%D0%BA%D0%BE%D0%B4%D0%B8%D0%BB-%D1%85%D0%BE%D0%B4%D0%B8%D1%82/ HTTP/2.0" 200 11940 "https://baneks.site/%D0%BF%D0%B0%D1%80%D0%B0-%D0%BC%D0%BE%D0%BB%D0%BE%D0%B4%D0%BE%D0%B6%D0%B5%D0%BD%D0%BE%D0%B2-%D0%BE%D0%B4%D0%BD%D0%B0%D0%B6%D0%B4%D1%8B-%D0%B2%D0%B5%D1%87%D0%B5%D1%80%D0%BE%D0%BC-%D0%BC%D1%83%D0%B6-%D1%80%D0%B5%D1%88%D0%B8%D0%BB/" "Mozilla/5.0 (Linux; Android 8.0.0; G3116) AppleWebKit/537.36 (KHTML, like Gecko) Chrome/84.0.4147.89 Mobile Safari/537.36"
185.52.134.133 - - [22/Jul/2020:23:39:33 +0000] "GET /%D0%B2%D1%81%D1%82%D1%80%D0%B5%D1%82%D0%B8%D0%BB%D0%B8%D1%81%D1%8C-%D1%85%D0%BE%D0%B9-%D0%B3%D0%BE%D1%80%D1%88%D0%BE%D0%BA-%D0%B8-%D0%BB%D0%B5%D1%82%D0%BE%D0%B2/?p=3 HTTP/2.0" 200 14727 "https://www.google.com/" "Mozilla/5.0 (Linux; Android 8.1.0; Redmi 6A) AppleWebKit/537.36 (KHTML, like Gecko) Chrome/71.0.3578.99 Mobile Safari/537.36" "-"
185.52.134.133 - - [22/Jul/2020:23:39:33 +0000] "GET /%D0%B2%D1%81%D1%82%D1%80%D0%B5%D1%82%D0%B8%D0%BB%D0%B8%D1%81%D1%8C-%D1%85%D0%BE%D0%B9-%D0%B3%D0%BE%D1%80%D1%88%D0%BE%D0%BA-%D0%B8-%D0%BB%D0%B5%D1%82%D0%BE%D0%B2/?p=3 HTTP/2.0" 200 14727 "https://www.google.com/" "Mozilla/5.0 (Linux; Android 8.1.0; Redmi 6A) AppleWebKit/537.36 (KHTML, like Gecko) Chrome/71.0.3578.99 Mobile Safari/537.36"
83.102.135.201 - - [22/Jul/2020:23:39:33 +0000] "GET /%D0%BA%D1%80%D0%BE%D0%BA%D0%BE%D0%B4%D0%B8%D0%BB-%D1%85%D0%BE%D0%B4%D0%B8%D1%82/ HTTP/2.0" 200 11940 "https://baneks.site/%D0%BA%D1%80%D0%BE%D0%BA%D0%BE%D0%B4%D0%B8%D0%BB-%D1%85%D0%BE%D0%B4%D0%B8%D1%82/" "Mozilla/5.0 (Linux; Android 8.0.0; G3116) AppleWebKit/537.36 (KHTML, like Gecko) Chrome/84.0.4147.89 Mobile Safari/537.36" "-"
83.102.135.201 - - [22/Jul/2020:23:39:33 +0000] "GET /%D0%BA%D1%80%D0%BE%D0%BA%D0%BE%D0%B4%D0%B8%D0%BB-%D1%85%D0%BE%D0%B4%D0%B8%D1%82/ HTTP/2.0" 200 11940 "https://baneks.site/%D0%BA%D1%80%D0%BE%D0%BA%D0%BE%D0%B4%D0%B8%D0%BB-%D1%85%D0%BE%D0%B4%D0%B8%D1%82/" "Mozilla/5.0 (Linux; Android 8.0.0; G3116) AppleWebKit/537.36 (KHTML, like Gecko) Chrome/84.0.4147.89 Mobile Safari/537.36"
185.52.134.133 - - [22/Jul/2020:23:39:34 +0000] "GET /%D0%B2%D1%81%D1%82%D1%80%D0%B5%D1%82%D0%B8%D0%BB%D0%B8%D1%81%D1%8C-%D1%85%D0%BE%D0%B9-%D0%B3%D0%BE%D1%80%D1%88%D0%BE%D0%BA-%D0%B8-%D0%BB%D0%B5%D1%82%D0%BE%D0%B2/?p=3 HTTP/2.0" 200 14727 "https://baneks.site/%D0%B2%D1%81%D1%82%D1%80%D0%B5%D1%82%D0%B8%D0%BB%D0%B8%D1%81%D1%8C-%D1%85%D0%BE%D0%B9-%D0%B3%D0%BE%D1%80%D1%88%D0%BE%D0%BA-%D0%B8-%D0%BB%D0%B5%D1%82%D0%BE%D0%B2/?p=3" "Mozilla/5.0 (Linux; Android 8.1.0; Redmi 6A) AppleWebKit/537.36 (KHTML, like Gecko) Chrome/71.0.3578.99 Mobile Safari/537.36" "-"
185.52.134.133 - - [22/Jul/2020:23:39:34 +0000] "GET /%D0%B2%D1%81%D1%82%D1%80%D0%B5%D1%82%D0%B8%D0%BB%D0%B8%D1%81%D1%8C-%D1%85%D0%BE%D0%B9-%D0%B3%D0%BE%D1%80%D1%88%D0%BE%D0%BA-%D0%B8-%D0%BB%D0%B5%D1%82%D0%BE%D0%B2/?p=3 HTTP/2.0" 200 14727 "https://baneks.site/%D0%B2%D1%81%D1%82%D1%80%D0%B5%D1%82%D0%B8%D0%BB%D0%B8%D1%81%D1%8C-%D1%85%D0%BE%D0%B9-%D0%B3%D0%BE%D1%80%D1%88%D0%BE%D0%BA-%D0%B8-%D0%BB%D0%B5%D1%82%D0%BE%D0%B2/?p=3" "Mozilla/5.0 (Linux; Android 8.1.0; Redmi 6A) AppleWebKit/537.36 (KHTML, like Gecko) Chrome/71.0.3578.99 Mobile Safari/537.36"
46.229.168.151 - - [22/Jul/2020:23:39:43 +0000] "GET /%D0%B2-%D1%81%D0%BF%D0%BE%D1%80%D1%82%D0%B1%D0%B0%D1%80-%D0%B7%D0%B0%D1%85%D0%BE%D0%B4%D0%B8%D1%82-%D0%BC%D1%83%D0%B6%D0%B8%D0%BA-%D0%BD%D0%B0%D1%81%D1%82%D0%BE%D1%8F%D1%89%D0%B8%D0%B9-%D1%84%D0%B0%D0%BD%D0%B0%D1%82-%D0%A1%D0%BF%D0%B0%D1%80%D1%82%D0%B0%D0%BA%D0%B0/?p=1 HTTP/1.1" 200 15389 "-" "Mozilla/5.0 (compatible; SemrushBot/6~bl; +http://www.semrush.com/bot.html)" "-"
46.229.168.151 - - [22/Jul/2020:23:39:43 +0000] "GET /%D0%B2-%D1%81%D0%BF%D0%BE%D1%80%D1%82%D0%B1%D0%B0%D1%80-%D0%B7%D0%B0%D1%85%D0%BE%D0%B4%D0%B8%D1%82-%D0%BC%D1%83%D0%B6%D0%B8%D0%BA-%D0%BD%D0%B0%D1%81%D1%82%D0%BE%D1%8F%D1%89%D0%B8%D0%B9-%D1%84%D0%B0%D0%BD%D0%B0%D1%82-%D0%A1%D0%BF%D0%B0%D1%80%D1%82%D0%B0%D0%BA%D0%B0/?p=1 HTTP/1.1" 200 15389 "-" "Mozilla/5.0 (compatible; SemrushBot/6~bl; +http://www.semrush.com/bot.html)"
83.102.135.201 - - [22/Jul/2020:23:39:46 +0000] "GET /random HTTP/2.0" 302 0 "https://baneks.site/%D0%BA%D1%80%D0%BE%D0%BA%D0%BE%D0%B4%D0%B8%D0%BB-%D1%85%D0%BE%D0%B4%D0%B8%D1%82/" "Mozilla/5.0 (Linux; Android 8.0.0; G3116) AppleWebKit/537.36 (KHTML, like Gecko) Chrome/84.0.4147.89 Mobile Safari/537.36" "-"
83.102.135.201 - - [22/Jul/2020:23:39:46 +0000] "GET /random HTTP/2.0" 302 0 "https://baneks.site/%D0%BA%D1%80%D0%BE%D0%BA%D0%BE%D0%B4%D0%B8%D0%BB-%D1%85%D0%BE%D0%B4%D0%B8%D1%82/" "Mozilla/5.0 (Linux; Android 8.0.0; G3116) AppleWebKit/537.36 (KHTML, like Gecko) Chrome/84.0.4147.89 Mobile Safari/537.36"
83.102.135.201 - - [22/Jul/2020:23:39:46 +0000] "GET /%D0%B3%D1%80%D1%83%D0%B7%D0%B8%D0%BD-%D1%83%D0%BF%D0%B0%D0%BB-%D0%B2-%D0%BF%D1%80%D0%BE%D0%BF%D0%B0%D1%81%D1%82%D1%8C-%D0%B4%D1%80%D1%83%D0%B3%D0%BE%D0%B9-%D0%B5%D0%BC%D1%83-%D0%BA%D1%80%D0%B8%D1%87%D0%B8%D1%82-%D0%92%D0%B0%D1%85%D1%82%D0%B0%D0%BD%D0%B3/ HTTP/2.0" 200 13080 "https://baneks.site/%D0%BA%D1%80%D0%BE%D0%BA%D0%BE%D0%B4%D0%B8%D0%BB-%D1%85%D0%BE%D0%B4%D0%B8%D1%82/" "Mozilla/5.0 (Linux; Android 8.0.0; G3116) AppleWebKit/537.36 (KHTML, like Gecko) Chrome/84.0.4147.89 Mobile Safari/537.36" "-"
83.102.135.201 - - [22/Jul/2020:23:39:46 +0000] "GET /%D0%B3%D1%80%D1%83%D0%B7%D0%B8%D0%BD-%D1%83%D0%BF%D0%B0%D0%BB-%D0%B2-%D0%BF%D1%80%D0%BE%D0%BF%D0%B0%D1%81%D1%82%D1%8C-%D0%B4%D1%80%D1%83%D0%B3%D0%BE%D0%B9-%D0%B5%D0%BC%D1%83-%D0%BA%D1%80%D0%B8%D1%87%D0%B8%D1%82-%D0%92%D0%B0%D1%85%D1%82%D0%B0%D0%BD%D0%B3/ HTTP/2.0" 200 13080 "https://baneks.site/%D0%BA%D1%80%D0%BE%D0%BA%D0%BE%D0%B4%D0%B8%D0%BB-%D1%85%D0%BE%D0%B4%D0%B8%D1%82/" "Mozilla/5.0 (Linux; Android 8.0.0; G3116) AppleWebKit/537.36 (KHTML, like Gecko) Chrome/84.0.4147.89 Mobile Safari/537.36"
83.102.135.201 - - [22/Jul/2020:23:39:47 +0000] "GET /%D0%B3%D1%80%D1%83%D0%B7%D0%B8%D0%BD-%D1%83%D0%BF%D0%B0%D0%BB-%D0%B2-%D0%BF%D1%80%D0%BE%D0%BF%D0%B0%D1%81%D1%82%D1%8C-%D0%B4%D1%80%D1%83%D0%B3%D0%BE%D0%B9-%D0%B5%D0%BC%D1%83-%D0%BA%D1%80%D0%B8%D1%87%D0%B8%D1%82-%D0%92%D0%B0%D1%85%D1%82%D0%B0%D0%BD%D0%B3/ HTTP/2.0" 200 13080 "https://baneks.site/%D0%B3%D1%80%D1%83%D0%B7%D0%B8%D0%BD-%D1%83%D0%BF%D0%B0%D0%BB-%D0%B2-%D0%BF%D1%80%D0%BE%D0%BF%D0%B0%D1%81%D1%82%D1%8C-%D0%B4%D1%80%D1%83%D0%B3%D0%BE%D0%B9-%D0%B5%D0%BC%D1%83-%D0%BA%D1%80%D0%B8%D1%87%D0%B8%D1%82-%D0%92%D0%B0%D1%85%D1%82%D0%B0%D0%BD%D0%B3/" "Mozilla/5.0 (Linux; Android 8.0.0; G3116) AppleWebKit/537.36 (KHTML, like Gecko) Chrome/84.0.4147.89 Mobile Safari/537.36" "-"
83.102.135.201 - - [22/Jul/2020:23:39:47 +0000] "GET /%D0%B3%D1%80%D1%83%D0%B7%D0%B8%D0%BD-%D1%83%D0%BF%D0%B0%D0%BB-%D0%B2-%D0%BF%D1%80%D0%BE%D0%BF%D0%B0%D1%81%D1%82%D1%8C-%D0%B4%D1%80%D1%83%D0%B3%D0%BE%D0%B9-%D0%B5%D0%BC%D1%83-%D0%BA%D1%80%D0%B8%D1%87%D0%B8%D1%82-%D0%92%D0%B0%D1%85%D1%82%D0%B0%D0%BD%D0%B3/ HTTP/2.0" 200 13080 "https://baneks.site/%D0%B3%D1%80%D1%83%D0%B7%D0%B8%D0%BD-%D1%83%D0%BF%D0%B0%D0%BB-%D0%B2-%D0%BF%D1%80%D0%BE%D0%BF%D0%B0%D1%81%D1%82%D1%8C-%D0%B4%D1%80%D1%83%D0%B3%D0%BE%D0%B9-%D0%B5%D0%BC%D1%83-%D0%BA%D1%80%D0%B8%D1%87%D0%B8%D1%82-%D0%92%D0%B0%D1%85%D1%82%D0%B0%D0%BD%D0%B3/" "Mozilla/5.0 (Linux; Android 8.0.0; G3116) AppleWebKit/537.36 (KHTML, like Gecko) Chrome/84.0.4147.89 Mobile Safari/537.36"
178.151.94.4 - - [22/Jul/2020:23:39:51 +0000] "GET /%D1%80%D0%B0%D0%B1%D0%BE%D1%87%D0%B8%D0%B9-%D1%80%D0%BE%D0%B5%D1%82-%D0%BA%D0%BE%D1%82%D0%BB%D0%BE%D0%B2%D0%B0%D0%BD-%D0%B3%D0%BD%D1%91%D1%82-%D0%BE%D0%B1-%D0%BF%D0%BE%D1%80%D0%BE%D0%B4%D1%83-%D0%B8%D0%BD%D1%81%D1%82%D1%80%D1%83%D0%BC%D0%B5%D0%BD%D1%82/ HTTP/2.0" 200 14839 "https://baneks.site/tag/%D0%BC%D0%B0%D1%82%D0%B5%D0%BC%D0%B0%D1%82%D0%B8%D0%BA/?p=14" "Mozilla/5.0 (Linux; Android 9; STK-LX1) AppleWebKit/537.36 (KHTML, like Gecko) Chrome/84.0.4147.89 Mobile Safari/537.36" "-"
178.151.94.4 - - [22/Jul/2020:23:39:51 +0000] "GET /%D1%80%D0%B0%D0%B1%D0%BE%D1%87%D0%B8%D0%B9-%D1%80%D0%BE%D0%B5%D1%82-%D0%BA%D0%BE%D1%82%D0%BB%D0%BE%D0%B2%D0%B0%D0%BD-%D0%B3%D0%BD%D1%91%D1%82-%D0%BE%D0%B1-%D0%BF%D0%BE%D1%80%D0%BE%D0%B4%D1%83-%D0%B8%D0%BD%D1%81%D1%82%D1%80%D1%83%D0%BC%D0%B5%D0%BD%D1%82/ HTTP/2.0" 200 14839 "https://baneks.site/tag/%D0%BC%D0%B0%D1%82%D0%B5%D0%BC%D0%B0%D1%82%D0%B8%D0%BA/?p=14" "Mozilla/5.0 (Linux; Android 9; STK-LX1) AppleWebKit/537.36 (KHTML, like Gecko) Chrome/84.0.4147.89 Mobile Safari/537.36"
46.229.168.139 - - [22/Jul/2020:23:39:55 +0000] "GET /%D0%BC%D1%83%D0%B6%D0%B8%D0%BA%D0%B8-%D1%81%D0%BF%D0%B5%D1%86%D0%B8%D0%B0%D0%BB%D1%8C%D0%BD%D0%BE-%D0%BF%D1%80%D0%BE%D1%81%D1%8B%D0%BF%D0%B0%D1%8E%D1%82%D1%81%D1%8F-%D0%BF%D0%BE%D1%80%D0%B0%D0%BD%D1%8C%D1%88%D0%B5-%D1%87%D1%82%D0%BE%D0%B1%D1%8B/?p=2 HTTP/1.1" 200 9874 "-" "Mozilla/5.0 (compatible; SemrushBot/6~bl; +http://www.semrush.com/bot.html)" "-"
46.229.168.139 - - [22/Jul/2020:23:39:55 +0000] "GET /%D0%BC%D1%83%D0%B6%D0%B8%D0%BA%D0%B8-%D1%81%D0%BF%D0%B5%D1%86%D0%B8%D0%B0%D0%BB%D1%8C%D0%BD%D0%BE-%D0%BF%D1%80%D0%BE%D1%81%D1%8B%D0%BF%D0%B0%D1%8E%D1%82%D1%81%D1%8F-%D0%BF%D0%BE%D1%80%D0%B0%D0%BD%D1%8C%D1%88%D0%B5-%D1%87%D1%82%D0%BE%D0%B1%D1%8B/?p=2 HTTP/1.1" 200 9874 "-" "Mozilla/5.0 (compatible; SemrushBot/6~bl; +http://www.semrush.com/bot.html)"
66.249.68.33 - - [22/Jul/2020:23:40:02 +0000] "GET /%D0%B7%D0%B0%D1%85%D0%BE%D0%B4%D0%B8%D1%82-%D0%BE%D0%B4%D0%BD%D0%B0%D0%B6%D0%B4%D1%8B-%D0%B2-%D0%B1%D0%B0%D1%80-%D1%83%D0%BB%D0%B8%D1%82%D0%BA%D0%B0-%D0%B8-%D0%B3%D0%BE%D0%B2%D0%BE%D1%80%D0%B8%D1%82-%D0%BC%D0%BE%D0%B6%D0%BD%D0%BE-%D0%B2%D0%B8%D1%81%D0%BA%D0%B8/?p=2 HTTP/1.1" 304 0 "-" "Mozilla/5.0 (Linux; Android 6.0.1; Nexus 5X Build/MMB29P) AppleWebKit/537.36 (KHTML, like Gecko) Chrome/80.0.3987.92 Mobile Safari/537.36 (compatible; Googlebot/2.1; +http://www.google.com/bot.html)" "-"
66.249.68.33 - - [22/Jul/2020:23:40:02 +0000] "GET /%D0%B7%D0%B0%D1%85%D0%BE%D0%B4%D0%B8%D1%82-%D0%BE%D0%B4%D0%BD%D0%B0%D0%B6%D0%B4%D1%8B-%D0%B2-%D0%B1%D0%B0%D1%80-%D1%83%D0%BB%D0%B8%D1%82%D0%BA%D0%B0-%D0%B8-%D0%B3%D0%BE%D0%B2%D0%BE%D1%80%D0%B8%D1%82-%D0%BC%D0%BE%D0%B6%D0%BD%D0%BE-%D0%B2%D0%B8%D1%81%D0%BA%D0%B8/?p=2 HTTP/1.1" 304 0 "-" "Mozilla/5.0 (Linux; Android 6.0.1; Nexus 5X Build/MMB29P) AppleWebKit/537.36 (KHTML, like Gecko) Chrome/80.0.3987.92 Mobile Safari/537.36 (compatible; Googlebot/2.1; +http://www.google.com/bot.html)"
46.229.168.135 - - [22/Jul/2020:23:40:06 +0000] "GET /%D0%BF%D0%B8%D0%B2%D0%BE-%D0%B2%D0%B5%D0%BB%D0%B8%D1%87%D0%B0%D0%B9%D1%88%D0%B5%D0%B5-%D0%B8%D0%B7%D0%BE%D0%B1%D1%80%D0%B5%D1%82%D0%B5%D0%BD%D0%B8%D0%B5-%D0%BA%D0%BE%D0%BB%D0%B5%D1%81%D0%BE-%D0%BA%D0%BE%D0%BD%D0%B5%D1%87%D0%BD%D0%BE-%D1%82%D0%BE%D0%B6%D0%B5/ HTTP/1.1" 200 13160 "-" "Mozilla/5.0 (compatible; SemrushBot/6~bl; +http://www.semrush.com/bot.html)" "-"
46.229.168.135 - - [22/Jul/2020:23:40:06 +0000] "GET /%D0%BF%D0%B8%D0%B2%D0%BE-%D0%B2%D0%B5%D0%BB%D0%B8%D1%87%D0%B0%D0%B9%D1%88%D0%B5%D0%B5-%D0%B8%D0%B7%D0%BE%D0%B1%D1%80%D0%B5%D1%82%D0%B5%D0%BD%D0%B8%D0%B5-%D0%BA%D0%BE%D0%BB%D0%B5%D1%81%D0%BE-%D0%BA%D0%BE%D0%BD%D0%B5%D1%87%D0%BD%D0%BE-%D1%82%D0%BE%D0%B6%D0%B5/ HTTP/1.1" 200 13160 "-" "Mozilla/5.0 (compatible; SemrushBot/6~bl; +http://www.semrush.com/bot.html)"
83.102.135.201 - - [22/Jul/2020:23:40:11 +0000] "GET /random HTTP/2.0" 302 0 "https://baneks.site/%D0%B3%D1%80%D1%83%D0%B7%D0%B8%D0%BD-%D1%83%D0%BF%D0%B0%D0%BB-%D0%B2-%D0%BF%D1%80%D0%BE%D0%BF%D0%B0%D1%81%D1%82%D1%8C-%D0%B4%D1%80%D1%83%D0%B3%D0%BE%D0%B9-%D0%B5%D0%BC%D1%83-%D0%BA%D1%80%D0%B8%D1%87%D0%B8%D1%82-%D0%92%D0%B0%D1%85%D1%82%D0%B0%D0%BD%D0%B3/" "Mozilla/5.0 (Linux; Android 8.0.0; G3116) AppleWebKit/537.36 (KHTML, like Gecko) Chrome/84.0.4147.89 Mobile Safari/537.36" "-"
83.102.135.201 - - [22/Jul/2020:23:40:11 +0000] "GET /random HTTP/2.0" 302 0 "https://baneks.site/%D0%B3%D1%80%D1%83%D0%B7%D0%B8%D0%BD-%D1%83%D0%BF%D0%B0%D0%BB-%D0%B2-%D0%BF%D1%80%D0%BE%D0%BF%D0%B0%D1%81%D1%82%D1%8C-%D0%B4%D1%80%D1%83%D0%B3%D0%BE%D0%B9-%D0%B5%D0%BC%D1%83-%D0%BA%D1%80%D0%B8%D1%87%D0%B8%D1%82-%D0%92%D0%B0%D1%85%D1%82%D0%B0%D0%BD%D0%B3/" "Mozilla/5.0 (Linux; Android 8.0.0; G3116) AppleWebKit/537.36 (KHTML, like Gecko) Chrome/84.0.4147.89 Mobile Safari/537.36"
83.102.135.201 - - [22/Jul/2020:23:40:11 +0000] "GET /%D0%BD%D0%BE%D1%87%D0%B5%D0%B2%D0%B0%D0%BB-%D0%B2-%D0%B3%D0%BE%D1%81%D1%82%D1%8F%D1%85-%D1%83-%D1%81%D0%B2%D0%BE%D0%B5%D0%B3%D0%BE-%D0%BF%D0%B0%D1%80%D0%BD%D1%8F-%D0%BD%D0%BE%D1%87%D1%8C%D1%8E-%D0%BC%D1%8B-%D0%B7%D0%B0%D0%BB%D0%B5%D0%B7%D0%BB%D0%B8/ HTTP/2.0" 200 13515 "https://baneks.site/%D0%B3%D1%80%D1%83%D0%B7%D0%B8%D0%BD-%D1%83%D0%BF%D0%B0%D0%BB-%D0%B2-%D0%BF%D1%80%D0%BE%D0%BF%D0%B0%D1%81%D1%82%D1%8C-%D0%B4%D1%80%D1%83%D0%B3%D0%BE%D0%B9-%D0%B5%D0%BC%D1%83-%D0%BA%D1%80%D0%B8%D1%87%D0%B8%D1%82-%D0%92%D0%B0%D1%85%D1%82%D0%B0%D0%BD%D0%B3/" "Mozilla/5.0 (Linux; Android 8.0.0; G3116) AppleWebKit/537.36 (KHTML, like Gecko) Chrome/84.0.4147.89 Mobile Safari/537.36" "-"
83.102.135.201 - - [22/Jul/2020:23:40:11 +0000] "GET /%D0%BD%D0%BE%D1%87%D0%B5%D0%B2%D0%B0%D0%BB-%D0%B2-%D0%B3%D0%BE%D1%81%D1%82%D1%8F%D1%85-%D1%83-%D1%81%D0%B2%D0%BE%D0%B5%D0%B3%D0%BE-%D0%BF%D0%B0%D1%80%D0%BD%D1%8F-%D0%BD%D0%BE%D1%87%D1%8C%D1%8E-%D0%BC%D1%8B-%D0%B7%D0%B0%D0%BB%D0%B5%D0%B7%D0%BB%D0%B8/ HTTP/2.0" 200 13515 "https://baneks.site/%D0%B3%D1%80%D1%83%D0%B7%D0%B8%D0%BD-%D1%83%D0%BF%D0%B0%D0%BB-%D0%B2-%D0%BF%D1%80%D0%BE%D0%BF%D0%B0%D1%81%D1%82%D1%8C-%D0%B4%D1%80%D1%83%D0%B3%D0%BE%D0%B9-%D0%B5%D0%BC%D1%83-%D0%BA%D1%80%D0%B8%D1%87%D0%B8%D1%82-%D0%92%D0%B0%D1%85%D1%82%D0%B0%D0%BD%D0%B3/" "Mozilla/5.0 (Linux; Android 8.0.0; G3116) AppleWebKit/537.36 (KHTML, like Gecko) Chrome/84.0.4147.89 Mobile Safari/537.36"
83.102.135.201 - - [22/Jul/2020:23:40:12 +0000] "GET /%D0%BD%D0%BE%D1%87%D0%B5%D0%B2%D0%B0%D0%BB-%D0%B2-%D0%B3%D0%BE%D1%81%D1%82%D1%8F%D1%85-%D1%83-%D1%81%D0%B2%D0%BE%D0%B5%D0%B3%D0%BE-%D0%BF%D0%B0%D1%80%D0%BD%D1%8F-%D0%BD%D0%BE%D1%87%D1%8C%D1%8E-%D0%BC%D1%8B-%D0%B7%D0%B0%D0%BB%D0%B5%D0%B7%D0%BB%D0%B8/ HTTP/2.0" 200 13515 "https://baneks.site/%D0%BD%D0%BE%D1%87%D0%B5%D0%B2%D0%B0%D0%BB-%D0%B2-%D0%B3%D0%BE%D1%81%D1%82%D1%8F%D1%85-%D1%83-%D1%81%D0%B2%D0%BE%D0%B5%D0%B3%D0%BE-%D0%BF%D0%B0%D1%80%D0%BD%D1%8F-%D0%BD%D0%BE%D1%87%D1%8C%D1%8E-%D0%BC%D1%8B-%D0%B7%D0%B0%D0%BB%D0%B5%D0%B7%D0%BB%D0%B8/" "Mozilla/5.0 (Linux; Android 8.0.0; G3116) AppleWebKit/537.36 (KHTML, like Gecko) Chrome/84.0.4147.89 Mobile Safari/537.36" "-"
83.102.135.201 - - [22/Jul/2020:23:40:12 +0000] "GET /%D0%BD%D0%BE%D1%87%D0%B5%D0%B2%D0%B0%D0%BB-%D0%B2-%D0%B3%D0%BE%D1%81%D1%82%D1%8F%D1%85-%D1%83-%D1%81%D0%B2%D0%BE%D0%B5%D0%B3%D0%BE-%D0%BF%D0%B0%D1%80%D0%BD%D1%8F-%D0%BD%D0%BE%D1%87%D1%8C%D1%8E-%D0%BC%D1%8B-%D0%B7%D0%B0%D0%BB%D0%B5%D0%B7%D0%BB%D0%B8/ HTTP/2.0" 200 13515 "https://baneks.site/%D0%BD%D0%BE%D1%87%D0%B5%D0%B2%D0%B0%D0%BB-%D0%B2-%D0%B3%D0%BE%D1%81%D1%82%D1%8F%D1%85-%D1%83-%D1%81%D0%B2%D0%BE%D0%B5%D0%B3%D0%BE-%D0%BF%D0%B0%D1%80%D0%BD%D1%8F-%D0%BD%D0%BE%D1%87%D1%8C%D1%8E-%D0%BC%D1%8B-%D0%B7%D0%B0%D0%BB%D0%B5%D0%B7%D0%BB%D0%B8/" "Mozilla/5.0 (Linux; Android 8.0.0; G3116) AppleWebKit/537.36 (KHTML, like Gecko) Chrome/84.0.4147.89 Mobile Safari/537.36"
178.154.200.81 - - [22/Jul/2020:23:40:41 +0000] "GET /%D1%81%D0%B8%D0%B4%D0%B8%D1%82-%D0%B2%D0%B7%D1%80%D0%BE%D1%81%D0%BB%D1%8B%D0%B9-%D0%BC%D1%83%D0%B6%D0%B8%D0%BA-%D0%B2-%D1%80%D0%BE%D1%81%D1%81%D0%B8%D0%B9%D1%81%D0%BA%D0%BE%D0%BC-%D0%B1%D0%B0%D1%80%D0%B5/ HTTP/1.1" 200 14457 "-" "Mozilla/5.0 (compatible; YandexBot/3.0; +http://yandex.com/bots)" "-"
178.154.200.81 - - [22/Jul/2020:23:40:41 +0000] "GET /%D1%81%D0%B8%D0%B4%D0%B8%D1%82-%D0%B2%D0%B7%D1%80%D0%BE%D1%81%D0%BB%D1%8B%D0%B9-%D0%BC%D1%83%D0%B6%D0%B8%D0%BA-%D0%B2-%D1%80%D0%BE%D1%81%D1%81%D0%B8%D0%B9%D1%81%D0%BA%D0%BE%D0%BC-%D0%B1%D0%B0%D1%80%D0%B5/ HTTP/1.1" 200 14457 "-" "Mozilla/5.0 (compatible; YandexBot/3.0; +http://yandex.com/bots)"
46.229.168.150 - - [22/Jul/2020:23:40:45 +0000] "GET /%D1%82%D0%BE%D0%BD%D0%B5%D1%82-%D0%BA%D0%BE%D1%80%D0%B0%D0%B1%D0%BB%D1%8C-%D0%BD%D0%B5%D0%B2%D0%BE%D0%B7%D0%BC%D1%83%D1%82%D0%B8%D0%BC%D1%8B%D0%B9-%D0%B0%D0%BD%D0%B3%D0%BB%D0%B8%D1%87%D0%B0%D0%BD%D0%B8%D0%BD-%D1%81-%D1%82%D1%80%D1%83%D0%B1%D0%BA%D0%BE%D0%B9/?p=1 HTTP/1.1" 200 13906 "-" "Mozilla/5.0 (compatible; SemrushBot/6~bl; +http://www.semrush.com/bot.html)" "-"
46.229.168.150 - - [22/Jul/2020:23:40:45 +0000] "GET /%D1%82%D0%BE%D0%BD%D0%B5%D1%82-%D0%BA%D0%BE%D1%80%D0%B0%D0%B1%D0%BB%D1%8C-%D0%BD%D0%B5%D0%B2%D0%BE%D0%B7%D0%BC%D1%83%D1%82%D0%B8%D0%BC%D1%8B%D0%B9-%D0%B0%D0%BD%D0%B3%D0%BB%D0%B8%D1%87%D0%B0%D0%BD%D0%B8%D0%BD-%D1%81-%D1%82%D1%80%D1%83%D0%B1%D0%BA%D0%BE%D0%B9/?p=1 HTTP/1.1" 200 13906 "-" "Mozilla/5.0 (compatible; SemrushBot/6~bl; +http://www.semrush.com/bot.html)"
83.102.135.201 - - [22/Jul/2020:23:40:46 +0000] "GET /random HTTP/2.0" 302 0 "https://baneks.site/%D0%BD%D0%BE%D1%87%D0%B5%D0%B2%D0%B0%D0%BB-%D0%B2-%D0%B3%D0%BE%D1%81%D1%82%D1%8F%D1%85-%D1%83-%D1%81%D0%B2%D0%BE%D0%B5%D0%B3%D0%BE-%D0%BF%D0%B0%D1%80%D0%BD%D1%8F-%D0%BD%D0%BE%D1%87%D1%8C%D1%8E-%D0%BC%D1%8B-%D0%B7%D0%B0%D0%BB%D0%B5%D0%B7%D0%BB%D0%B8/" "Mozilla/5.0 (Linux; Android 8.0.0; G3116) AppleWebKit/537.36 (KHTML, like Gecko) Chrome/84.0.4147.89 Mobile Safari/537.36" "-"
83.102.135.201 - - [22/Jul/2020:23:40:46 +0000] "GET /random HTTP/2.0" 302 0 "https://baneks.site/%D0%BD%D0%BE%D1%87%D0%B5%D0%B2%D0%B0%D0%BB-%D0%B2-%D0%B3%D0%BE%D1%81%D1%82%D1%8F%D1%85-%D1%83-%D1%81%D0%B2%D0%BE%D0%B5%D0%B3%D0%BE-%D0%BF%D0%B0%D1%80%D0%BD%D1%8F-%D0%BD%D0%BE%D1%87%D1%8C%D1%8E-%D0%BC%D1%8B-%D0%B7%D0%B0%D0%BB%D0%B5%D0%B7%D0%BB%D0%B8/" "Mozilla/5.0 (Linux; Android 8.0.0; G3116) AppleWebKit/537.36 (KHTML, like Gecko) Chrome/84.0.4147.89 Mobile Safari/537.36"
83.102.135.201 - - [22/Jul/2020:23:40:46 +0000] "GET /%D0%BE%D1%81%D0%B5%D0%BD%D1%8C-%D0%B3%D1%80%D1%83%D0%B7%D0%B8%D0%BD-%D0%B7%D0%B2%D0%BE%D0%BD%D0%B8%D1%82-%D0%B8%D0%B7-%D1%80%D0%BE%D0%B4%D0%BD%D0%BE%D0%B3%D0%BE-%D0%B0%D1%83%D0%BB%D0%B0-%D0%B1%D1%80%D0%B0%D1%82%D1%83/ HTTP/2.0" 200 13982 "https://baneks.site/%D0%BD%D0%BE%D1%87%D0%B5%D0%B2%D0%B0%D0%BB-%D0%B2-%D0%B3%D0%BE%D1%81%D1%82%D1%8F%D1%85-%D1%83-%D1%81%D0%B2%D0%BE%D0%B5%D0%B3%D0%BE-%D0%BF%D0%B0%D1%80%D0%BD%D1%8F-%D0%BD%D0%BE%D1%87%D1%8C%D1%8E-%D0%BC%D1%8B-%D0%B7%D0%B0%D0%BB%D0%B5%D0%B7%D0%BB%D0%B8/" "Mozilla/5.0 (Linux; Android 8.0.0; G3116) AppleWebKit/537.36 (KHTML, like Gecko) Chrome/84.0.4147.89 Mobile Safari/537.36" "-"
83.102.135.201 - - [22/Jul/2020:23:40:46 +0000] "GET /%D0%BE%D1%81%D0%B5%D0%BD%D1%8C-%D0%B3%D1%80%D1%83%D0%B7%D0%B8%D0%BD-%D0%B7%D0%B2%D0%BE%D0%BD%D0%B8%D1%82-%D0%B8%D0%B7-%D1%80%D0%BE%D0%B4%D0%BD%D0%BE%D0%B3%D0%BE-%D0%B0%D1%83%D0%BB%D0%B0-%D0%B1%D1%80%D0%B0%D1%82%D1%83/ HTTP/2.0" 200 13982 "https://baneks.site/%D0%BD%D0%BE%D1%87%D0%B5%D0%B2%D0%B0%D0%BB-%D0%B2-%D0%B3%D0%BE%D1%81%D1%82%D1%8F%D1%85-%D1%83-%D1%81%D0%B2%D0%BE%D0%B5%D0%B3%D0%BE-%D0%BF%D0%B0%D1%80%D0%BD%D1%8F-%D0%BD%D0%BE%D1%87%D1%8C%D1%8E-%D0%BC%D1%8B-%D0%B7%D0%B0%D0%BB%D0%B5%D0%B7%D0%BB%D0%B8/" "Mozilla/5.0 (Linux; Android 8.0.0; G3116) AppleWebKit/537.36 (KHTML, like Gecko) Chrome/84.0.4147.89 Mobile Safari/537.36"
83.102.135.201 - - [22/Jul/2020:23:40:47 +0000] "GET /%D0%BE%D1%81%D0%B5%D0%BD%D1%8C-%D0%B3%D1%80%D1%83%D0%B7%D0%B8%D0%BD-%D0%B7%D0%B2%D0%BE%D0%BD%D0%B8%D1%82-%D0%B8%D0%B7-%D1%80%D0%BE%D0%B4%D0%BD%D0%BE%D0%B3%D0%BE-%D0%B0%D1%83%D0%BB%D0%B0-%D0%B1%D1%80%D0%B0%D1%82%D1%83/ HTTP/2.0" 200 13982 "https://baneks.site/%D0%BE%D1%81%D0%B5%D0%BD%D1%8C-%D0%B3%D1%80%D1%83%D0%B7%D0%B8%D0%BD-%D0%B7%D0%B2%D0%BE%D0%BD%D0%B8%D1%82-%D0%B8%D0%B7-%D1%80%D0%BE%D0%B4%D0%BD%D0%BE%D0%B3%D0%BE-%D0%B0%D1%83%D0%BB%D0%B0-%D0%B1%D1%80%D0%B0%D1%82%D1%83/" "Mozilla/5.0 (Linux; Android 8.0.0; G3116) AppleWebKit/537.36 (KHTML, like Gecko) Chrome/84.0.4147.89 Mobile Safari/537.36" "-"
83.102.135.201 - - [22/Jul/2020:23:40:47 +0000] "GET /%D0%BE%D1%81%D0%B5%D0%BD%D1%8C-%D0%B3%D1%80%D1%83%D0%B7%D0%B8%D0%BD-%D0%B7%D0%B2%D0%BE%D0%BD%D0%B8%D1%82-%D0%B8%D0%B7-%D1%80%D0%BE%D0%B4%D0%BD%D0%BE%D0%B3%D0%BE-%D0%B0%D1%83%D0%BB%D0%B0-%D0%B1%D1%80%D0%B0%D1%82%D1%83/ HTTP/2.0" 200 13982 "https://baneks.site/%D0%BE%D1%81%D0%B5%D0%BD%D1%8C-%D0%B3%D1%80%D1%83%D0%B7%D0%B8%D0%BD-%D0%B7%D0%B2%D0%BE%D0%BD%D0%B8%D1%82-%D0%B8%D0%B7-%D1%80%D0%BE%D0%B4%D0%BD%D0%BE%D0%B3%D0%BE-%D0%B0%D1%83%D0%BB%D0%B0-%D0%B1%D1%80%D0%B0%D1%82%D1%83/" "Mozilla/5.0 (Linux; Android 8.0.0; G3116) AppleWebKit/537.36 (KHTML, like Gecko) Chrome/84.0.4147.89 Mobile Safari/537.36"
178.62.109.7 - - [22/Jul/2020:23:40:53 +0000] "GET / HTTP/1.1" 200 4615 "-" "Mozilla/5.0 (Windows NT 6.2; WOW64) AppleWebKit/537.4 (KHTML, like Gecko) Chrome/98 Safari/537.4 (StatusCake)" "-"
178.62.109.7 - - [22/Jul/2020:23:40:53 +0000] "GET / HTTP/1.1" 200 4615 "-" "Mozilla/5.0 (Windows NT 6.2; WOW64) AppleWebKit/537.4 (KHTML, like Gecko) Chrome/98 Safari/537.4 (StatusCake)"
66.249.68.33 - - [22/Jul/2020:23:40:59 +0000] "GET /%D0%B6%D0%B8%D0%BB-%D0%B1%D1%8B%D0%BB-%D0%BC%D0%B0%D0%BB%D1%8C%D1%87%D0%B8%D0%BA-%D1%85%D0%BE%D0%B4%D0%B8%D0%BB-%D0%B2-%D0%B4%D0%B5%D1%82%D1%81%D0%BA%D0%B8%D0%B9-%D1%81%D0%B0%D0%B4-%D0%BC%D0%B0%D0%BC%D0%B0-%D1%83-%D0%BD%D0%B5%D0%B3%D0%BE/ HTTP/1.1" 200 18831 "-" "Mozilla/5.0 (compatible; Googlebot/2.1; +http://www.google.com/bot.html)" "-"
66.249.68.33 - - [22/Jul/2020:23:40:59 +0000] "GET /%D0%B6%D0%B8%D0%BB-%D0%B1%D1%8B%D0%BB-%D0%BC%D0%B0%D0%BB%D1%8C%D1%87%D0%B8%D0%BA-%D1%85%D0%BE%D0%B4%D0%B8%D0%BB-%D0%B2-%D0%B4%D0%B5%D1%82%D1%81%D0%BA%D0%B8%D0%B9-%D1%81%D0%B0%D0%B4-%D0%BC%D0%B0%D0%BC%D0%B0-%D1%83-%D0%BD%D0%B5%D0%B3%D0%BE/ HTTP/1.1" 200 18831 "-" "Mozilla/5.0 (compatible; Googlebot/2.1; +http://www.google.com/bot.html)"
31.173.24.125 - - [22/Jul/2020:23:40:59 +0000] "GET /%D0%BA%D1%80%D1%83%D1%82%D0%BE%D0%B9-%D0%B4%D0%B6%D0%B0%D0%B7%D0%BE%D0%B2%D1%8B%D0%B9-%D0%B1%D0%B0%D1%80-%D0%BF%D1%80%D0%BE%D0%B2%D0%BE%D0%B4%D0%B8%D1%82-%D0%BA%D0%BE%D0%BD%D0%BA%D1%83%D1%80%D1%81/ HTTP/2.0" 200 15131 "https://www.google.com/" "Mozilla/5.0 (iPhone; CPU iPhone OS 13_5 like Mac OS X) AppleWebKit/605.1.15 (KHTML, like Gecko) GSA/116.0.320332172 Mobile/15E148 Safari/604.1" "-"
31.173.24.125 - - [22/Jul/2020:23:40:59 +0000] "GET /%D0%BA%D1%80%D1%83%D1%82%D0%BE%D0%B9-%D0%B4%D0%B6%D0%B0%D0%B7%D0%BE%D0%B2%D1%8B%D0%B9-%D0%B1%D0%B0%D1%80-%D0%BF%D1%80%D0%BE%D0%B2%D0%BE%D0%B4%D0%B8%D1%82-%D0%BA%D0%BE%D0%BD%D0%BA%D1%83%D1%80%D1%81/ HTTP/2.0" 200 15131 "https://www.google.com/" "Mozilla/5.0 (iPhone; CPU iPhone OS 13_5 like Mac OS X) AppleWebKit/605.1.15 (KHTML, like Gecko) GSA/116.0.320332172 Mobile/15E148 Safari/604.1"
31.173.24.125 - - [22/Jul/2020:23:41:01 +0000] "GET /%D0%BA%D1%80%D1%83%D1%82%D0%BE%D0%B9-%D0%B4%D0%B6%D0%B0%D0%B7%D0%BE%D0%B2%D1%8B%D0%B9-%D0%B1%D0%B0%D1%80-%D0%BF%D1%80%D0%BE%D0%B2%D0%BE%D0%B4%D0%B8%D1%82-%D0%BA%D0%BE%D0%BD%D0%BA%D1%83%D1%80%D1%81/ HTTP/2.0" 200 15131 "https://baneks.site/%D0%BA%D1%80%D1%83%D1%82%D0%BE%D0%B9-%D0%B4%D0%B6%D0%B0%D0%B7%D0%BE%D0%B2%D1%8B%D0%B9-%D0%B1%D0%B0%D1%80-%D0%BF%D1%80%D0%BE%D0%B2%D0%BE%D0%B4%D0%B8%D1%82-%D0%BA%D0%BE%D0%BD%D0%BA%D1%83%D1%80%D1%81/" "Mozilla/5.0 (iPhone; CPU iPhone OS 13_5 like Mac OS X) AppleWebKit/605.1.15 (KHTML, like Gecko) GSA/116.0.320332172 Mobile/15E148 Safari/604.1" "-"
31.173.24.125 - - [22/Jul/2020:23:41:01 +0000] "GET /%D0%BA%D1%80%D1%83%D1%82%D0%BE%D0%B9-%D0%B4%D0%B6%D0%B0%D0%B7%D0%BE%D0%B2%D1%8B%D0%B9-%D0%B1%D0%B0%D1%80-%D0%BF%D1%80%D0%BE%D0%B2%D0%BE%D0%B4%D0%B8%D1%82-%D0%BA%D0%BE%D0%BD%D0%BA%D1%83%D1%80%D1%81/ HTTP/2.0" 200 15131 "https://baneks.site/%D0%BA%D1%80%D1%83%D1%82%D0%BE%D0%B9-%D0%B4%D0%B6%D0%B0%D0%B7%D0%BE%D0%B2%D1%8B%D0%B9-%D0%B1%D0%B0%D1%80-%D0%BF%D1%80%D0%BE%D0%B2%D0%BE%D0%B4%D0%B8%D1%82-%D0%BA%D0%BE%D0%BD%D0%BA%D1%83%D1%80%D1%81/" "Mozilla/5.0 (iPhone; CPU iPhone OS 13_5 like Mac OS X) AppleWebKit/605.1.15 (KHTML, like Gecko) GSA/116.0.320332172 Mobile/15E148 Safari/604.1"
66.249.68.62 - - [22/Jul/2020:23:41:04 +0000] "GET /%D0%B8%D0%B4%D1%91%D1%82-%D0%BF%D0%BE%D0%BB%D0%B8%D1%86%D0%B5%D0%B9%D1%81%D0%BA%D0%B8%D0%B9-%D0%B2%D0%B8%D0%B4%D0%B8%D1%82-%D0%BF%D1%8C%D1%8F%D0%BD%D0%B8%D1%86%D0%B0-%D0%BF%D0%BE%D0%B4-%D1%84%D0%BE%D0%BD%D0%B0%D1%80%D0%B5%D0%BC-%D1%87%D1%82%D0%BE-%D1%82%D0%BE/ HTTP/1.1" 304 0 "-" "Mozilla/5.0 (Linux; Android 6.0.1; Nexus 5X Build/MMB29P) AppleWebKit/537.36 (KHTML, like Gecko) Chrome/80.0.3987.92 Mobile Safari/537.36 (compatible; Googlebot/2.1; +http://www.google.com/bot.html)" "-"
66.249.68.62 - - [22/Jul/2020:23:41:04 +0000] "GET /%D0%B8%D0%B4%D1%91%D1%82-%D0%BF%D0%BE%D0%BB%D0%B8%D1%86%D0%B5%D0%B9%D1%81%D0%BA%D0%B8%D0%B9-%D0%B2%D0%B8%D0%B4%D0%B8%D1%82-%D0%BF%D1%8C%D1%8F%D0%BD%D0%B8%D1%86%D0%B0-%D0%BF%D0%BE%D0%B4-%D1%84%D0%BE%D0%BD%D0%B0%D1%80%D0%B5%D0%BC-%D1%87%D1%82%D0%BE-%D1%82%D0%BE/ HTTP/1.1" 304 0 "-" "Mozilla/5.0 (Linux; Android 6.0.1; Nexus 5X Build/MMB29P) AppleWebKit/537.36 (KHTML, like Gecko) Chrome/80.0.3987.92 Mobile Safari/537.36 (compatible; Googlebot/2.1; +http://www.google.com/bot.html)"
46.229.168.162 - - [22/Jul/2020:23:41:04 +0000] "GET /%D1%80%D0%B5%D1%88%D0%B8%D0%BB-%D0%BC%D1%83%D0%B6-%D0%B6%D0%B5%D0%BD%D1%83-%D0%BF%D1%80%D0%BE%D0%B2%D0%B5%D1%80%D0%B8%D1%82%D1%8C-%D1%81%D0%B4%D0%B5%D0%BB%D0%B0%D0%BB-%D0%B2%D0%B8%D0%B4-%D1%87%D1%82%D0%BE-%D1%8F%D0%BA%D0%BE%D0%B1%D1%8B-%D0%BD%D0%B0/?p=1 HTTP/1.1" 200 14952 "-" "Mozilla/5.0 (compatible; SemrushBot/6~bl; +http://www.semrush.com/bot.html)" "-"
46.229.168.162 - - [22/Jul/2020:23:41:04 +0000] "GET /%D1%80%D0%B5%D1%88%D0%B8%D0%BB-%D0%BC%D1%83%D0%B6-%D0%B6%D0%B5%D0%BD%D1%83-%D0%BF%D1%80%D0%BE%D0%B2%D0%B5%D1%80%D0%B8%D1%82%D1%8C-%D1%81%D0%B4%D0%B5%D0%BB%D0%B0%D0%BB-%D0%B2%D0%B8%D0%B4-%D1%87%D1%82%D0%BE-%D1%8F%D0%BA%D0%BE%D0%B1%D1%8B-%D0%BD%D0%B0/?p=1 HTTP/1.1" 200 14952 "-" "Mozilla/5.0 (compatible; SemrushBot/6~bl; +http://www.semrush.com/bot.html)"
178.154.200.81 - - [22/Jul/2020:23:41:12 +0000] "GET /%D1%81%D0%B8%D0%B4%D0%B8%D1%82-%D0%BC%D1%83%D0%B6%D0%B8%D0%BA-%D0%B4%D0%BE%D0%BC%D0%B0-%D0%B5%D0%BC%D1%83-%D0%B7%D0%B2%D0%BE%D0%BD%D1%8F%D1%82-%D0%B2-%D0%B4%D0%B2%D0%B5%D1%80%D1%8C-%D0%BE%D0%BD-%D0%BE%D1%82%D0%BA%D1%80%D1%8B%D0%B2%D0%B0%D0%B5%D1%82/ HTTP/1.1" 200 14250 "-" "Mozilla/5.0 (compatible; YandexBot/3.0; +http://yandex.com/bots)" "-"
178.154.200.81 - - [22/Jul/2020:23:41:12 +0000] "GET /%D1%81%D0%B8%D0%B4%D0%B8%D1%82-%D0%BC%D1%83%D0%B6%D0%B8%D0%BA-%D0%B4%D0%BE%D0%BC%D0%B0-%D0%B5%D0%BC%D1%83-%D0%B7%D0%B2%D0%BE%D0%BD%D1%8F%D1%82-%D0%B2-%D0%B4%D0%B2%D0%B5%D1%80%D1%8C-%D0%BE%D0%BD-%D0%BE%D1%82%D0%BA%D1%80%D1%8B%D0%B2%D0%B0%D0%B5%D1%82/ HTTP/1.1" 200 14250 "-" "Mozilla/5.0 (compatible; YandexBot/3.0; +http://yandex.com/bots)"
8.29.198.27 - - [22/Jul/2020:23:41:24 +0000] "GET /rss/ HTTP/1.1" 304 0 "-" "Feedly/1.0 (+http://www.feedly.com/fetcher.html; 2 subscribers; like FeedFetcher-Google)" "-"
8.29.198.27 - - [22/Jul/2020:23:41:24 +0000] "GET /rss/ HTTP/1.1" 304 0 "-" "Feedly/1.0 (+http://www.feedly.com/fetcher.html; 2 subscribers; like FeedFetcher-Google)"
178.154.200.81 - - [22/Jul/2020:23:41:49 +0000] "GET /%D1%8F-%D0%B3%D0%BE%D0%B2%D0%BE%D1%80%D0%B8%D0%BB-%D0%BF%D0%BE%D1%87%D0%B5%D0%BC%D1%83-%D0%BD%D0%B5-%D1%83%D1%81%D1%82%D1%83%D0%BF%D0%B0%D1%8E-%D1%81%D1%82%D0%B0%D1%80%D1%83%D1%88%D0%BA%D0%B0%D0%BC-%D0%BC%D0%B5%D1%81%D1%82%D0%BE/ HTTP/1.1" 200 13235 "-" "Mozilla/5.0 (compatible; YandexBot/3.0; +http://yandex.com/bots)" "-"
178.154.200.81 - - [22/Jul/2020:23:41:49 +0000] "GET /%D1%8F-%D0%B3%D0%BE%D0%B2%D0%BE%D1%80%D0%B8%D0%BB-%D0%BF%D0%BE%D1%87%D0%B5%D0%BC%D1%83-%D0%BD%D0%B5-%D1%83%D1%81%D1%82%D1%83%D0%BF%D0%B0%D1%8E-%D1%81%D1%82%D0%B0%D1%80%D1%83%D1%88%D0%BA%D0%B0%D0%BC-%D0%BC%D0%B5%D1%81%D1%82%D0%BE/ HTTP/1.1" 200 13235 "-" "Mozilla/5.0 (compatible; YandexBot/3.0; +http://yandex.com/bots)"
178.151.94.4 - - [22/Jul/2020:23:41:50 +0000] "GET /%D1%84%D0%B8%D0%B7%D0%B8%D0%BA-%D0%BC%D0%B0%D1%82%D0%B5%D0%BC%D0%B0%D1%82%D0%B8%D0%BA-%D0%B8-%D0%B8%D0%BD%D0%B6%D0%B5%D0%BD%D0%B5%D1%80-%D1%81%D1%82%D0%BE%D1%8F%D1%82-%D0%B2-%D0%BF%D0%BE%D0%BB%D0%B5-%D0%BA%D0%B0%D0%B6%D0%B4%D0%BE%D0%BC%D1%83/ HTTP/2.0" 200 12900 "https://baneks.site/tag/%D0%BC%D0%B0%D1%82%D0%B5%D0%BC%D0%B0%D1%82%D0%B8%D0%BA/?p=14" "Mozilla/5.0 (Linux; Android 9; STK-LX1) AppleWebKit/537.36 (KHTML, like Gecko) Chrome/84.0.4147.89 Mobile Safari/537.36" "-"
178.151.94.4 - - [22/Jul/2020:23:41:50 +0000] "GET /%D1%84%D0%B8%D0%B7%D0%B8%D0%BA-%D0%BC%D0%B0%D1%82%D0%B5%D0%BC%D0%B0%D1%82%D0%B8%D0%BA-%D0%B8-%D0%B8%D0%BD%D0%B6%D0%B5%D0%BD%D0%B5%D1%80-%D1%81%D1%82%D0%BE%D1%8F%D1%82-%D0%B2-%D0%BF%D0%BE%D0%BB%D0%B5-%D0%BA%D0%B0%D0%B6%D0%B4%D0%BE%D0%BC%D1%83/ HTTP/2.0" 200 12900 "https://baneks.site/tag/%D0%BC%D0%B0%D1%82%D0%B5%D0%BC%D0%B0%D1%82%D0%B8%D0%BA/?p=14" "Mozilla/5.0 (Linux; Android 9; STK-LX1) AppleWebKit/537.36 (KHTML, like Gecko) Chrome/84.0.4147.89 Mobile Safari/537.36"
83.102.135.201 - - [22/Jul/2020:23:41:51 +0000] "GET /random HTTP/2.0" 302 0 "https://baneks.site/%D0%BE%D1%81%D0%B5%D0%BD%D1%8C-%D0%B3%D1%80%D1%83%D0%B7%D0%B8%D0%BD-%D0%B7%D0%B2%D0%BE%D0%BD%D0%B8%D1%82-%D0%B8%D0%B7-%D1%80%D0%BE%D0%B4%D0%BD%D0%BE%D0%B3%D0%BE-%D0%B0%D1%83%D0%BB%D0%B0-%D0%B1%D1%80%D0%B0%D1%82%D1%83/" "Mozilla/5.0 (Linux; Android 8.0.0; G3116) AppleWebKit/537.36 (KHTML, like Gecko) Chrome/84.0.4147.89 Mobile Safari/537.36" "-"
83.102.135.201 - - [22/Jul/2020:23:41:51 +0000] "GET /random HTTP/2.0" 302 0 "https://baneks.site/%D0%BE%D1%81%D0%B5%D0%BD%D1%8C-%D0%B3%D1%80%D1%83%D0%B7%D0%B8%D0%BD-%D0%B7%D0%B2%D0%BE%D0%BD%D0%B8%D1%82-%D0%B8%D0%B7-%D1%80%D0%BE%D0%B4%D0%BD%D0%BE%D0%B3%D0%BE-%D0%B0%D1%83%D0%BB%D0%B0-%D0%B1%D1%80%D0%B0%D1%82%D1%83/" "Mozilla/5.0 (Linux; Android 8.0.0; G3116) AppleWebKit/537.36 (KHTML, like Gecko) Chrome/84.0.4147.89 Mobile Safari/537.36"
