46.229.168.161 - - [22/Jul/2020:23:34:06 +0000] "GET /%D0%BC%D0%B0%D0%BC-%D0%B3%D0%B4%D0%B5-%D0%BC%D0%BE%D0%B8-%D0%BD%D0%B0%D0%BA%D0%BE%D0%BB%D0%B5%D0%BD%D0%BD%D0%B8%D0%BA%D0%B8-%D1%8F-%D1%81-%D0%B4%D1%80%D1%83%D0%B7%D1%8C%D1%8F%D0%BC%D0%B8-%D0%BF%D0%BE%D0%B5%D1%85%D0%B0%D0%BB%D0%B0/ HTTP/1.1" 200 12755 "-" "Mozilla/5.0 (compatible; SemrushBot/6~bl; +http://www.semrush.com/bot.html)" "-"
46.229.168.161 - - [22/Jul/2020:23:34:06 +0000] "GET /%D0%BC%D0%B0%D0%BC-%D0%B3%D0%B4%D0%B5-%D0%BC%D0%BE%D0%B8-%D0%BD%D0%B0%D0%BA%D0%BE%D0%BB%D0%B5%D0%BD%D0%BD%D0%B8%D0%BA%D0%B8-%D1%8F-%D1%81-%D0%B4%D1%80%D1%83%D0%B7%D1%8C%D1%8F%D0%BC%D0%B8-%D0%BF%D0%BE%D0%B5%D1%85%D0%B0%D0%BB%D0%B0/ HTTP/1.1" 200 12755 "-" "Mozilla/5.0 (compatible; SemrushBot/6~bl; +http://www.semrush.com/bot.html)"
179.43.169.182 - - [22/Jul/2020:23:34:17 +0000] "GET / HTTP/2.0" 200 5030 "-" "Mozilla/5.0 (X11; Linux i686; rv:10.0) Gecko/20100101 Firefox/10.0" "-"
179.43.169.182 - - [22/Jul/2020:23:34:17 +0000] "GET / HTTP/2.0" 200 5030 "-" "Mozilla/5.0 (X11; Linux i686; rv:10.0) Gecko/20100101 Firefox/10.0"
179.43.169.182 - - [22/Jul/2020:23:34:27 +0000] "GET / HTTP/2.0" 200 5030 "-" "Mozilla/5.0 (X11; Linux i686; rv:10.0) Gecko/20100101 Firefox/10.0" "-"
179.43.169.182 - - [22/Jul/2020:23:34:27 +0000] "GET / HTTP/2.0" 200 5030 "-" "Mozilla/5.0 (X11; Linux i686; rv:10.0) Gecko/20100101 Firefox/10.0"
179.43.169.182 - - [22/Jul/2020:23:34:27 +0000] "GET / HTTP/2.0" 200 5030 "-" "Mozilla/5.0 (X11; Linux i686; rv:10.0) Gecko/20100101 Firefox/10.0" "-"
179.43.169.182 - - [22/Jul/2020:23:34:27 +0000] "GET / HTTP/2.0" 200 5030 "-" "Mozilla/5.0 (X11; Linux i686; rv:10.0) Gecko/20100101 Firefox/10.0"
91.200.203.19 - - [22/Jul/2020:23:34:28 +0000] "GET /%D0%BF%D1%80%D0%B8%D1%85%D0%BE%D0%B6%D0%B8%D1%82-%D0%BF%D1%8C%D1%8F%D0%BD%D1%8B%D0%B9-%D0%BC%D1%83%D0%B6%D0%B8%D0%BA-%D0%B4%D0%BE%D0%BC%D0%BE%D0%B9-%D0%B7%D0%B2%D0%BE%D0%BD%D0%B8%D1%82-%D0%B2-%D0%B4%D0%B2%D0%B5%D1%80%D1%8C/ HTTP/2.0" 200 13571 "https://www.google.com/" "Mozilla/5.0 (Windows NT 10.0; Win64; x64) AppleWebKit/537.36 (KHTML, like Gecko) Chrome/84.0.4147.89 Safari/537.36" "-"
91.200.203.19 - - [22/Jul/2020:23:34:28 +0000] "GET /%D0%BF%D1%80%D0%B8%D1%85%D0%BE%D0%B6%D0%B8%D1%82-%D0%BF%D1%8C%D1%8F%D0%BD%D1%8B%D0%B9-%D0%BC%D1%83%D0%B6%D0%B8%D0%BA-%D0%B4%D0%BE%D0%BC%D0%BE%D0%B9-%D0%B7%D0%B2%D0%BE%D0%BD%D0%B8%D1%82-%D0%B2-%D0%B4%D0%B2%D0%B5%D1%80%D1%8C/ HTTP/2.0" 200 13571 "https://www.google.com/" "Mozilla/5.0 (Windows NT 10.0; Win64; x64) AppleWebKit/537.36 (KHTML, like Gecko) Chrome/84.0.4147.89 Safari/537.36"
46.229.168.161 - - [22/Jul/2020:23:34:37 +0000] "GET /-%D0%BC%D0%B0%D0%BC-%D1%83-%D0%BC%D0%B5%D0%BD%D1%8F-%D0%B2-%D0%BE%D1%82%D0%BD%D0%BE%D1%88%D0%B5%D0%BD%D0%B8%D1%8F%D1%85-%D1%81-%D0%BC%D1%83%D0%B6%D0%B5%D0%BC-%D0%BA%D0%B0%D0%BA%D0%B0%D1%8F-%D1%82%D0%BE-%D0%B5%D1%80%D1%83%D0%BD%D0%B4%D0%B0/?p=1 HTTP/1.1" 200 14352 "-" "Mozilla/5.0 (compatible; SemrushBot/6~bl; +http://www.semrush.com/bot.html)" "-"
46.229.168.161 - - [22/Jul/2020:23:34:37 +0000] "GET /-%D0%BC%D0%B0%D0%BC-%D1%83-%D0%BC%D0%B5%D0%BD%D1%8F-%D0%B2-%D0%BE%D1%82%D0%BD%D0%BE%D1%88%D0%B5%D0%BD%D0%B8%D1%8F%D1%85-%D1%81-%D0%BC%D1%83%D0%B6%D0%B5%D0%BC-%D0%BA%D0%B0%D0%BA%D0%B0%D1%8F-%D1%82%D0%BE-%D0%B5%D1%80%D1%83%D0%BD%D0%B4%D0%B0/?p=1 HTTP/1.1" 200 14352 "-" "Mozilla/5.0 (compatible; SemrushBot/6~bl; +http://www.semrush.com/bot.html)"
66.249.68.33 - - [22/Jul/2020:23:34:51 +0000] "GET /%D0%BF%D1%80%D0%B0%D0%B2%D0%B4%D0%B0-%D0%BB%D0%B8-%D1%82%D0%BE-%D1%87%D1%82%D0%BE-%D0%A0%D0%BE%D0%B1%D0%B8%D0%BD%D0%B7%D0%BE%D0%BD-%D0%9A%D1%80%D1%83%D0%B7%D0%BE-%D0%BD%D0%B0%D1%87%D0%B0%D0%BB-%D1%81%D1%82%D1%80%D0%BE%D0%B8%D1%82%D1%8C/?p=2 HTTP/1.1" 200 8295 "-" "Mozilla/5.0 (Linux; Android 6.0.1; Nexus 5X Build/MMB29P) AppleWebKit/537.36 (KHTML, like Gecko) Chrome/80.0.3987.92 Mobile Safari/537.36 (compatible; Googlebot/2.1; +http://www.google.com/bot.html)" "-"
66.249.68.33 - - [22/Jul/2020:23:34:51 +0000] "GET /%D0%BF%D1%80%D0%B0%D0%B2%D0%B4%D0%B0-%D0%BB%D0%B8-%D1%82%D0%BE-%D1%87%D1%82%D0%BE-%D0%A0%D0%BE%D0%B1%D0%B8%D0%BD%D0%B7%D0%BE%D0%BD-%D0%9A%D1%80%D1%83%D0%B7%D0%BE-%D0%BD%D0%B0%D1%87%D0%B0%D0%BB-%D1%81%D1%82%D1%80%D0%BE%D0%B8%D1%82%D1%8C/?p=2 HTTP/1.1" 200 8295 "-" "Mozilla/5.0 (Linux; Android 6.0.1; Nexus 5X Build/MMB29P) AppleWebKit/537.36 (KHTML, like Gecko) Chrome/80.0.3987.92 Mobile Safari/537.36 (compatible; Googlebot/2.1; +http://www.google.com/bot.html)"
65.154.226.109 - - [22/Jul/2020:23:35:15 +0000] "GET / HTTP/1.1" 301 162 "http://www.bing.com/search?q=amazon" "Mozilla/5.0 (Windows NT 10.0; Win64; x64) AppleWebKit/537.36 (KHTML, like Gecko) Chrome/76.0.3809.71 Safari/537.36" "-"
65.154.226.109 - - [22/Jul/2020:23:35:15 +0000] "GET / HTTP/1.1" 301 162 "http://www.bing.com/search?q=amazon" "Mozilla/5.0 (Windows NT 10.0; Win64; x64) AppleWebKit/537.36 (KHTML, like Gecko) Chrome/76.0.3809.71 Safari/537.36"
65.154.226.109 - - [22/Jul/2020:23:35:15 +0000] "GET / HTTP/2.0" 200 4584 "http://www.bing.com/search?q=amazon" "Mozilla/5.0 (Windows NT 10.0; Win64; x64) AppleWebKit/537.36 (KHTML, like Gecko) Chrome/76.0.3809.71 Safari/537.36" "-"
65.154.226.109 - - [22/Jul/2020:23:35:15 +0000] "GET / HTTP/2.0" 200 4584 "http://www.bing.com/search?q=amazon" "Mozilla/5.0 (Windows NT 10.0; Win64; x64) AppleWebKit/537.36 (KHTML, like Gecko) Chrome/76.0.3809.71 Safari/537.36"
65.154.226.109 - - [22/Jul/2020:23:35:17 +0000] "GET / HTTP/2.0" 200 4584 "https://baneks.site/" "Mozilla/5.0 (Windows NT 10.0; Win64; x64) AppleWebKit/537.36 (KHTML, like Gecko) Chrome/76.0.3809.71 Safari/537.36" "-"
65.154.226.109 - - [22/Jul/2020:23:35:17 +0000] "GET / HTTP/2.0" 200 4584 "https://baneks.site/" "Mozilla/5.0 (Windows NT 10.0; Win64; x64) AppleWebKit/537.36 (KHTML, like Gecko) Chrome/76.0.3809.71 Safari/537.36"
185.52.134.133 - - [22/Jul/2020:23:35:18 +0000] "GET /%D0%B2%D0%B5%D0%BB%D0%B8%D0%BA%D0%B8%D0%B9-%D1%84%D0%B8%D0%BB%D0%BE%D1%81%D0%BE%D1%84-%D1%84%D1%80%D0%B8%D0%B4%D1%80%D0%B8%D1%85-%D0%BD%D0%B8%D1%86%D1%88%D0%B5-%D0%B1%D1%8B%D0%BB-%D0%B4%D0%BE%D0%B1%D1%80%D1%8B%D0%B9-%D0%B8-%D0%B2%D0%B5%D1%81%D0%B5%D0%BB%D1%8B%D0%B9/?p=3 HTTP/2.0" 200 17589 "https://baneks.site/%D0%B2%D0%B5%D0%BB%D0%B8%D0%BA%D0%B8%D0%B9-%D1%84%D0%B8%D0%BB%D0%BE%D1%81%D0%BE%D1%84-%D1%84%D1%80%D0%B8%D0%B4%D1%80%D0%B8%D1%85-%D0%BD%D0%B8%D1%86%D1%88%D0%B5-%D0%B1%D1%8B%D0%BB-%D0%B4%D0%BE%D0%B1%D1%80%D1%8B%D0%B9-%D0%B8-%D0%B2%D0%B5%D1%81%D0%B5%D0%BB%D1%8B%D0%B9/?p=2" "Mozilla/5.0 (Linux; Android 8.1.0; Redmi 6A) AppleWebKit/537.36 (KHTML, like Gecko) Chrome/71.0.3578.99 Mobile Safari/537.36" "-"
185.52.134.133 - - [22/Jul/2020:23:35:18 +0000] "GET /%D0%B2%D0%B5%D0%BB%D0%B8%D0%BA%D0%B8%D0%B9-%D1%84%D0%B8%D0%BB%D0%BE%D1%81%D0%BE%D1%84-%D1%84%D1%80%D0%B8%D0%B4%D1%80%D0%B8%D1%85-%D0%BD%D0%B8%D1%86%D1%88%D0%B5-%D0%B1%D1%8B%D0%BB-%D0%B4%D0%BE%D0%B1%D1%80%D1%8B%D0%B9-%D0%B8-%D0%B2%D0%B5%D1%81%D0%B5%D0%BB%D1%8B%D0%B9/?p=3 HTTP/2.0" 200 17589 "https://baneks.site/%D0%B2%D0%B5%D0%BB%D0%B8%D0%BA%D0%B8%D0%B9-%D1%84%D0%B8%D0%BB%D0%BE%D1%81%D0%BE%D1%84-%D1%84%D1%80%D0%B8%D0%B4%D1%80%D0%B8%D1%85-%D0%BD%D0%B8%D1%86%D1%88%D0%B5-%D0%B1%D1%8B%D0%BB-%D0%B4%D0%BE%D0%B1%D1%80%D1%8B%D0%B9-%D0%B8-%D0%B2%D0%B5%D1%81%D0%B5%D0%BB%D1%8B%D0%B9/?p=2" "Mozilla/5.0 (Linux; Android 8.1.0; Redmi 6A) AppleWebKit/537.36 (KHTML, like Gecko) Chrome/71.0.3578.99 Mobile Safari/537.36"
185.52.134.133 - - [22/Jul/2020:23:35:20 +0000] "GET /%D0%B2%D0%B5%D0%BB%D0%B8%D0%BA%D0%B8%D0%B9-%D1%84%D0%B8%D0%BB%D0%BE%D1%81%D0%BE%D1%84-%D1%84%D1%80%D0%B8%D0%B4%D1%80%D0%B8%D1%85-%D0%BD%D0%B8%D1%86%D1%88%D0%B5-%D0%B1%D1%8B%D0%BB-%D0%B4%D0%BE%D0%B1%D1%80%D1%8B%D0%B9-%D0%B8-%D0%B2%D0%B5%D1%81%D0%B5%D0%BB%D1%8B%D0%B9/?p=3 HTTP/2.0" 200 17589 "https://baneks.site/%D0%B2%D0%B5%D0%BB%D0%B8%D0%BA%D0%B8%D0%B9-%D1%84%D0%B8%D0%BB%D0%BE%D1%81%D0%BE%D1%84-%D1%84%D1%80%D0%B8%D0%B4%D1%80%D0%B8%D1%85-%D0%BD%D0%B8%D1%86%D1%88%D0%B5-%D0%B1%D1%8B%D0%BB-%D0%B4%D0%BE%D0%B1%D1%80%D1%8B%D0%B9-%D0%B8-%D0%B2%D0%B5%D1%81%D0%B5%D0%BB%D1%8B%D0%B9/?p=3" "Mozilla/5.0 (Linux; Android 8.1.0; Redmi 6A) AppleWebKit/537.36 (KHTML, like Gecko) Chrome/71.0.3578.99 Mobile Safari/537.36" "-"
185.52.134.133 - - [22/Jul/2020:23:35:20 +0000] "GET /%D0%B2%D0%B5%D0%BB%D0%B8%D0%BA%D0%B8%D0%B9-%D1%84%D0%B8%D0%BB%D0%BE%D1%81%D0%BE%D1%84-%D1%84%D1%80%D0%B8%D0%B4%D1%80%D0%B8%D1%85-%D0%BD%D0%B8%D1%86%D1%88%D0%B5-%D0%B1%D1%8B%D0%BB-%D0%B4%D0%BE%D0%B1%D1%80%D1%8B%D0%B9-%D0%B8-%D0%B2%D0%B5%D1%81%D0%B5%D0%BB%D1%8B%D0%B9/?p=3 HTTP/2.0" 200 17589 "https://baneks.site/%D0%B2%D0%B5%D0%BB%D0%B8%D0%BA%D0%B8%D0%B9-%D1%84%D0%B8%D0%BB%D0%BE%D1%81%D0%BE%D1%84-%D1%84%D1%80%D0%B8%D0%B4%D1%80%D0%B8%D1%85-%D0%BD%D0%B8%D1%86%D1%88%D0%B5-%D0%B1%D1%8B%D0%BB-%D0%B4%D0%BE%D0%B1%D1%80%D1%8B%D0%B9-%D0%B8-%D0%B2%D0%B5%D1%81%D0%B5%D0%BB%D1%8B%D0%B9/?p=3" "Mozilla/5.0 (Linux; Android 8.1.0; Redmi 6A) AppleWebKit/537.36 (KHTML, like Gecko) Chrome/71.0.3578.99 Mobile Safari/537.36"
46.229.168.140 - - [22/Jul/2020:23:35:27 +0000] "GET /%D0%BF%D1%80%D0%B8%D1%85%D0%BE%D0%B4%D0%B8%D1%82-%D0%BC%D1%83%D0%B6%D1%87%D0%B8%D0%BD%D0%B0-%D0%BA-%D0%B2%D1%80%D0%B0%D1%87%D1%83-%D0%B8-%D0%B3%D0%BE%D0%B2%D0%BE%D1%80%D0%B8%D1%82-%D0%B4%D0%BE%D0%BA%D1%82%D0%BE%D1%80/?p=2 HTTP/1.1" 200 14269 "-" "Mozilla/5.0 (compatible; SemrushBot/6~bl; +http://www.semrush.com/bot.html)" "-"
46.229.168.140 - - [22/Jul/2020:23:35:27 +0000] "GET /%D0%BF%D1%80%D0%B8%D1%85%D0%BE%D0%B4%D0%B8%D1%82-%D0%BC%D1%83%D0%B6%D1%87%D0%B8%D0%BD%D0%B0-%D0%BA-%D0%B2%D1%80%D0%B0%D1%87%D1%83-%D0%B8-%D0%B3%D0%BE%D0%B2%D0%BE%D1%80%D0%B8%D1%82-%D0%B4%D0%BE%D0%BA%D1%82%D0%BE%D1%80/?p=2 HTTP/1.1" 200 14269 "-" "Mozilla/5.0 (compatible; SemrushBot/6~bl; +http://www.semrush.com/bot.html)"
178.154.200.81 - - [22/Jul/2020:23:35:36 +0000] "GET /%D1%83-%D0%BE%D0%B4%D0%BD%D0%BE%D0%B3%D0%BE-%D0%BF%D0%B0%D1%80%D0%BD%D1%8F-%D0%B7%D0%B2%D0%BE%D0%BD%D0%B8%D1%82-%D0%BC%D0%BE%D0%B1%D0%B8%D0%BB%D1%8C%D0%BD%D0%B8%D0%BA-%D0%BE%D0%BD-%D0%BF%D0%BE%D0%B4%D0%BD%D0%B8%D0%BC%D0%B0%D0%B5%D1%82/?p=5 HTTP/1.1" 200 15578 "-" "Mozilla/5.0 (compatible; YandexBot/3.0; +http://yandex.com/bots)" "-"
178.154.200.81 - - [22/Jul/2020:23:35:36 +0000] "GET /%D1%83-%D0%BE%D0%B4%D0%BD%D0%BE%D0%B3%D0%BE-%D0%BF%D0%B0%D1%80%D0%BD%D1%8F-%D0%B7%D0%B2%D0%BE%D0%BD%D0%B8%D1%82-%D0%BC%D0%BE%D0%B1%D0%B8%D0%BB%D1%8C%D0%BD%D0%B8%D0%BA-%D0%BE%D0%BD-%D0%BF%D0%BE%D0%B4%D0%BD%D0%B8%D0%BC%D0%B0%D0%B5%D1%82/?p=5 HTTP/1.1" 200 15578 "-" "Mozilla/5.0 (compatible; YandexBot/3.0; +http://yandex.com/bots)"
179.43.169.182 - - [22/Jul/2020:23:35:40 +0000] "GET / HTTP/2.0" 200 5030 "-" "Mozilla/5.0 (X11; Linux i686; rv:10.0) Gecko/20100101 Firefox/10.0" "-"
179.43.169.182 - - [22/Jul/2020:23:35:40 +0000] "GET / HTTP/2.0" 200 5030 "-" "Mozilla/5.0 (X11; Linux i686; rv:10.0) Gecko/20100101 Firefox/10.0"
188.170.82.117 - - [22/Jul/2020:23:35:40 +0000] "GET /%D1%81%D1%82%D0%BE%D1%8F%D1%82-%D0%BF%D0%B0%D1%81%D1%81%D0%B0%D0%B6%D0%B8%D1%80%D1%8B-%D0%B2-%D0%B0%D1%8D%D1%80%D0%BE%D0%BF%D0%BE%D1%80%D1%82%D1%83-%D0%BF%D0%BE%D1%81%D0%B0%D0%B4%D0%BE%D1%87%D0%BD%D1%8B%D0%B9-%D0%B4%D0%BE%D1%81%D0%BC%D0%BE%D1%82%D1%80/?p=3 HTTP/2.0" 200 14068 "https://baneks.site/%D1%81%D1%82%D0%BE%D1%8F%D1%82-%D0%BF%D0%B0%D1%81%D1%81%D0%B0%D0%B6%D0%B8%D1%80%D1%8B-%D0%B2-%D0%B0%D1%8D%D1%80%D0%BE%D0%BF%D0%BE%D1%80%D1%82%D1%83-%D0%BF%D0%BE%D1%81%D0%B0%D0%B4%D0%BE%D1%87%D0%BD%D1%8B%D0%B9-%D0%B4%D0%BE%D1%81%D0%BC%D0%BE%D1%82%D1%80/?p=2" "Mozilla/5.0 (Android 9; Mobile; rv:68.0) Gecko/68.0 Firefox/68.0" "-"
188.170.82.117 - - [22/Jul/2020:23:35:40 +0000] "GET /%D1%81%D1%82%D0%BE%D1%8F%D1%82-%D0%BF%D0%B0%D1%81%D1%81%D0%B0%D0%B6%D0%B8%D1%80%D1%8B-%D0%B2-%D0%B0%D1%8D%D1%80%D0%BE%D0%BF%D0%BE%D1%80%D1%82%D1%83-%D0%BF%D0%BE%D1%81%D0%B0%D0%B4%D0%BE%D1%87%D0%BD%D1%8B%D0%B9-%D0%B4%D0%BE%D1%81%D0%BC%D0%BE%D1%82%D1%80/?p=3 HTTP/2.0" 200 14068 "https://baneks.site/%D1%81%D1%82%D0%BE%D1%8F%D1%82-%D0%BF%D0%B0%D1%81%D1%81%D0%B0%D0%B6%D0%B8%D1%80%D1%8B-%D0%B2-%D0%B0%D1%8D%D1%80%D0%BE%D0%BF%D0%BE%D1%80%D1%82%D1%83-%D0%BF%D0%BE%D1%81%D0%B0%D0%B4%D0%BE%D1%87%D0%BD%D1%8B%D0%B9-%D0%B4%D0%BE%D1%81%D0%BC%D0%BE%D1%82%D1%80/?p=2" "Mozilla/5.0 (Android 9; Mobile; rv:68.0) Gecko/68.0 Firefox/68.0"
188.170.82.117 - - [22/Jul/2020:23:35:42 +0000] "GET /%D1%81%D1%82%D0%BE%D1%8F%D1%82-%D0%BF%D0%B0%D1%81%D1%81%D0%B0%D0%B6%D0%B8%D1%80%D1%8B-%D0%B2-%D0%B0%D1%8D%D1%80%D0%BE%D0%BF%D0%BE%D1%80%D1%82%D1%83-%D0%BF%D0%BE%D1%81%D0%B0%D0%B4%D0%BE%D1%87%D0%BD%D1%8B%D0%B9-%D0%B4%D0%BE%D1%81%D0%BC%D0%BE%D1%82%D1%80/?p=3 HTTP/2.0" 200 14068 "https://baneks.site/%D1%81%D1%82%D0%BE%D1%8F%D1%82-%D0%BF%D0%B0%D1%81%D1%81%D0%B0%D0%B6%D0%B8%D1%80%D1%8B-%D0%B2-%D0%B0%D1%8D%D1%80%D0%BE%D0%BF%D0%BE%D1%80%D1%82%D1%83-%D0%BF%D0%BE%D1%81%D0%B0%D0%B4%D0%BE%D1%87%D0%BD%D1%8B%D0%B9-%D0%B4%D0%BE%D1%81%D0%BC%D0%BE%D1%82%D1%80/?p=3" "Mozilla/5.0 (Android 9; Mobile; rv:68.0) Gecko/68.0 Firefox/68.0" "-"
188.170.82.117 - - [22/Jul/2020:23:35:42 +0000] "GET /%D1%81%D1%82%D0%BE%D1%8F%D1%82-%D0%BF%D0%B0%D1%81%D1%81%D0%B0%D0%B6%D0%B8%D1%80%D1%8B-%D0%B2-%D0%B0%D1%8D%D1%80%D0%BE%D0%BF%D0%BE%D1%80%D1%82%D1%83-%D0%BF%D0%BE%D1%81%D0%B0%D0%B4%D0%BE%D1%87%D0%BD%D1%8B%D0%B9-%D0%B4%D0%BE%D1%81%D0%BC%D0%BE%D1%82%D1%80/?p=3 HTTP/2.0" 200 14068 "https://baneks.site/%D1%81%D1%82%D0%BE%D1%8F%D1%82-%D0%BF%D0%B0%D1%81%D1%81%D0%B0%D0%B6%D0%B8%D1%80%D1%8B-%D0%B2-%D0%B0%D1%8D%D1%80%D0%BE%D0%BF%D0%BE%D1%80%D1%82%D1%83-%D0%BF%D0%BE%D1%81%D0%B0%D0%B4%D0%BE%D1%87%D0%BD%D1%8B%D0%B9-%D0%B4%D0%BE%D1%81%D0%BC%D0%BE%D1%82%D1%80/?p=3" "Mozilla/5.0 (Android 9; Mobile; rv:68.0) Gecko/68.0 Firefox/68.0"
45.63.78.84 - - [22/Jul/2020:23:35:47 +0000] "GET / HTTP/1.1" 200 4615 "-" "Mozilla/5.0 (Windows NT 6.2; WOW64) AppleWebKit/537.4 (KHTML, like Gecko) Chrome/98 Safari/537.4 (StatusCake)" "-"
45.63.78.84 - - [22/Jul/2020:23:35:47 +0000] "GET / HTTP/1.1" 200 4615 "-" "Mozilla/5.0 (Windows NT 6.2; WOW64) AppleWebKit/537.4 (KHTML, like Gecko) Chrome/98 Safari/537.4 (StatusCake)"
46.229.168.145 - - [22/Jul/2020:23:35:47 +0000] "GET /%D0%BF%D1%80%D0%B8%D1%85%D0%BE%D0%B4%D0%B8%D1%82-%D0%B5%D0%B2%D1%80%D0%B5%D0%B9-%D0%BA-%D1%80%D0%B0%D0%B2%D0%B2%D0%B8%D0%BD%D1%83-%D1%80%D0%B5%D0%B1%D0%B5-%D1%83-%D0%BC%D0%B5%D0%BD%D1%8F-%D0%B4%D0%BE%D1%85%D0%BD%D1%83%D1%82-%D0%BA%D1%83%D1%80%D1%8B/ HTTP/1.1" 200 13875 "-" "Mozilla/5.0 (compatible; SemrushBot/6~bl; +http://www.semrush.com/bot.html)" "-"
46.229.168.145 - - [22/Jul/2020:23:35:47 +0000] "GET /%D0%BF%D1%80%D0%B8%D1%85%D0%BE%D0%B4%D0%B8%D1%82-%D0%B5%D0%B2%D1%80%D0%B5%D0%B9-%D0%BA-%D1%80%D0%B0%D0%B2%D0%B2%D0%B8%D0%BD%D1%83-%D1%80%D0%B5%D0%B1%D0%B5-%D1%83-%D0%BC%D0%B5%D0%BD%D1%8F-%D0%B4%D0%BE%D1%85%D0%BD%D1%83%D1%82-%D0%BA%D1%83%D1%80%D1%8B/ HTTP/1.1" 200 13875 "-" "Mozilla/5.0 (compatible; SemrushBot/6~bl; +http://www.semrush.com/bot.html)"
65.154.226.109 - - [22/Jul/2020:23:35:56 +0000] "GET / HTTP/1.1" 301 162 "http://www.bing.com/search?q=amazon" "Mozilla/5.0 (Windows NT 10.0; Win64; x64) AppleWebKit/537.36 (KHTML, like Gecko) Chrome/76.0.3809.71 Safari/537.36" "-"
65.154.226.109 - - [22/Jul/2020:23:35:56 +0000] "GET / HTTP/1.1" 301 162 "http://www.bing.com/search?q=amazon" "Mozilla/5.0 (Windows NT 10.0; Win64; x64) AppleWebKit/537.36 (KHTML, like Gecko) Chrome/76.0.3809.71 Safari/537.36"
65.154.226.109 - - [22/Jul/2020:23:35:56 +0000] "GET / HTTP/2.0" 200 4584 "http://www.bing.com/search?q=amazon" "Mozilla/5.0 (Windows NT 10.0; Win64; x64) AppleWebKit/537.36 (KHTML, like Gecko) Chrome/76.0.3809.71 Safari/537.36" "-"
65.154.226.109 - - [22/Jul/2020:23:35:56 +0000] "GET / HTTP/2.0" 200 4584 "http://www.bing.com/search?q=amazon" "Mozilla/5.0 (Windows NT 10.0; Win64; x64) AppleWebKit/537.36 (KHTML, like Gecko) Chrome/76.0.3809.71 Safari/537.36"
66.249.68.62 - - [22/Jul/2020:23:35:59 +0000] "GET /%D0%B0%D1%80%D1%85%D0%B5%D0%BE%D0%BB%D0%BE%D0%B3%D0%B0%D0%BC-%D1%83%D0%B4%D0%B0%D0%BB%D0%BE%D1%81%D1%8C-%D0%BF%D0%BE%D0%BB%D0%BD%D0%BE%D1%81%D1%82%D1%8C%D1%8E-%D1%80%D0%B0%D1%81%D1%88%D0%B8%D1%84%D1%80%D0%BE%D0%B2%D0%B0%D1%82%D1%8C-%D0%BD%D0%B0%D0%B4%D0%BF%D0%B8%D1%81%D1%8C/ HTTP/1.1" 304 0 "-" "Mozilla/5.0 (Linux; Android 6.0.1; Nexus 5X Build/MMB29P) AppleWebKit/537.36 (KHTML, like Gecko) Chrome/80.0.3987.92 Mobile Safari/537.36 (compatible; Googlebot/2.1; +http://www.google.com/bot.html)" "-"
66.249.68.62 - - [22/Jul/2020:23:35:59 +0000] "GET /%D0%B0%D1%80%D1%85%D0%B5%D0%BE%D0%BB%D0%BE%D0%B3%D0%B0%D0%BC-%D1%83%D0%B4%D0%B0%D0%BB%D0%BE%D1%81%D1%8C-%D0%BF%D0%BE%D0%BB%D0%BD%D0%BE%D1%81%D1%82%D1%8C%D1%8E-%D1%80%D0%B0%D1%81%D1%88%D0%B8%D1%84%D1%80%D0%BE%D0%B2%D0%B0%D1%82%D1%8C-%D0%BD%D0%B0%D0%B4%D0%BF%D0%B8%D1%81%D1%8C/ HTTP/1.1" 304 0 "-" "Mozilla/5.0 (Linux; Android 6.0.1; Nexus 5X Build/MMB29P) AppleWebKit/537.36 (KHTML, like Gecko) Chrome/80.0.3987.92 Mobile Safari/537.36 (compatible; Googlebot/2.1; +http://www.google.com/bot.html)"
65.154.226.109 - - [22/Jul/2020:23:35:59 +0000] "GET / HTTP/2.0" 200 4584 "https://baneks.site/" "Mozilla/5.0 (Windows NT 10.0; Win64; x64) AppleWebKit/537.36 (KHTML, like Gecko) Chrome/76.0.3809.71 Safari/537.36" "-"
65.154.226.109 - - [22/Jul/2020:23:35:59 +0000] "GET / HTTP/2.0" 200 4584 "https://baneks.site/" "Mozilla/5.0 (Windows NT 10.0; Win64; x64) AppleWebKit/537.36 (KHTML, like Gecko) Chrome/76.0.3809.71 Safari/537.36"
178.154.200.81 - - [22/Jul/2020:23:36:00 +0000] "GET /%D0%BF%D1%80%D0%B8%D0%B5%D0%B7%D0%B6%D0%B0%D0%B5%D1%82-%D0%9A%D0%B8%D1%80%D0%BA%D0%BE%D1%80%D0%BE%D0%B2-%D0%BD%D0%B0-%D0%B3%D0%B0%D1%81%D1%82%D1%80%D0%BE%D0%BB%D0%B8-%D0%B2-%D0%90%D1%84%D1%80%D0%B8%D0%BA%D1%83/ HTTP/1.1" 200 13766 "-" "Mozilla/5.0 (compatible; YandexBot/3.0; +http://yandex.com/bots)" "-"
178.154.200.81 - - [22/Jul/2020:23:36:00 +0000] "GET /%D0%BF%D1%80%D0%B8%D0%B5%D0%B7%D0%B6%D0%B0%D0%B5%D1%82-%D0%9A%D0%B8%D1%80%D0%BA%D0%BE%D1%80%D0%BE%D0%B2-%D0%BD%D0%B0-%D0%B3%D0%B0%D1%81%D1%82%D1%80%D0%BE%D0%BB%D0%B8-%D0%B2-%D0%90%D1%84%D1%80%D0%B8%D0%BA%D1%83/ HTTP/1.1" 200 13766 "-" "Mozilla/5.0 (compatible; YandexBot/3.0; +http://yandex.com/bots)"
178.154.200.81 - - [22/Jul/2020:23:36:12 +0000] "GET /tag/%D0%B5%D0%B2%D1%80%D0%B5%D0%B9/?p=32 HTTP/1.1" 200 11571 "-" "Mozilla/5.0 (compatible; YandexBot/3.0; +http://yandex.com/bots)" "-"
178.154.200.81 - - [22/Jul/2020:23:36:12 +0000] "GET /tag/%D0%B5%D0%B2%D1%80%D0%B5%D0%B9/?p=32 HTTP/1.1" 200 11571 "-" "Mozilla/5.0 (compatible; YandexBot/3.0; +http://yandex.com/bots)"
176.59.51.124 - - [22/Jul/2020:23:36:18 +0000] "GET /%D1%81%D1%83%D0%B4%D1%8F%D1%82-%D0%B7%D0%B0-%D0%B8%D0%B7%D0%BD%D0%B0%D1%81%D0%B8%D0%BB%D0%BE%D0%B2%D0%B0%D0%BD%D0%B8%D0%B5-80-%D0%BB%D0%B5%D1%82%D0%BD%D0%B5%D0%B3%D0%BE-%D0%B4%D0%B5%D0%B4%D0%B0/ HTTP/2.0" 200 13162 "https://yandex.ru/" "Mozilla/5.0 (Linux; arm_64; Android 9; Mi A1) AppleWebKit/537.36 (KHTML, like Gecko) Chrome/81.0.4044.96 YaBrowser/20.4.0.237.00 SA/1 Mobile Safari/537.36" "-"
176.59.51.124 - - [22/Jul/2020:23:36:18 +0000] "GET /%D1%81%D1%83%D0%B4%D1%8F%D1%82-%D0%B7%D0%B0-%D0%B8%D0%B7%D0%BD%D0%B0%D1%81%D0%B8%D0%BB%D0%BE%D0%B2%D0%B0%D0%BD%D0%B8%D0%B5-80-%D0%BB%D0%B5%D1%82%D0%BD%D0%B5%D0%B3%D0%BE-%D0%B4%D0%B5%D0%B4%D0%B0/ HTTP/2.0" 200 13162 "https://yandex.ru/" "Mozilla/5.0 (Linux; arm_64; Android 9; Mi A1) AppleWebKit/537.36 (KHTML, like Gecko) Chrome/81.0.4044.96 YaBrowser/20.4.0.237.00 SA/1 Mobile Safari/537.36"
46.229.168.148 - - [22/Jul/2020:23:36:19 +0000] "GET /%D0%B2%D0%BE%D1%81%D0%BF%D0%B8%D1%82%D0%B0%D0%BD%D0%BD%D1%8B%D0%B9-%D1%87%D0%B5%D0%BB%D0%BE%D0%B2%D0%B5%D0%BA-%D0%BA%D0%BE%D0%B3%D0%B4%D0%B0-%D1%81%D1%81%D1%8B%D1%82-%D0%B2-%D1%80%D0%B0%D0%BA%D0%BE%D0%B2%D0%B8%D0%BD%D1%83/?p=2 HTTP/1.1" 200 8666 "-" "Mozilla/5.0 (compatible; SemrushBot/6~bl; +http://www.semrush.com/bot.html)" "-"
46.229.168.148 - - [22/Jul/2020:23:36:19 +0000] "GET /%D0%B2%D0%BE%D1%81%D0%BF%D0%B8%D1%82%D0%B0%D0%BD%D0%BD%D1%8B%D0%B9-%D1%87%D0%B5%D0%BB%D0%BE%D0%B2%D0%B5%D0%BA-%D0%BA%D0%BE%D0%B3%D0%B4%D0%B0-%D1%81%D1%81%D1%8B%D1%82-%D0%B2-%D1%80%D0%B0%D0%BA%D0%BE%D0%B2%D0%B8%D0%BD%D1%83/?p=2 HTTP/1.1" 200 8666 "-" "Mozilla/5.0 (compatible; SemrushBot/6~bl; +http://www.semrush.com/bot.html)"
176.59.51.124 - - [22/Jul/2020:23:36:19 +0000] "GET /%D1%81%D1%83%D0%B4%D1%8F%D1%82-%D0%B7%D0%B0-%D0%B8%D0%B7%D0%BD%D0%B0%D1%81%D0%B8%D0%BB%D0%BE%D0%B2%D0%B0%D0%BD%D0%B8%D0%B5-80-%D0%BB%D0%B5%D1%82%D0%BD%D0%B5%D0%B3%D0%BE-%D0%B4%D0%B5%D0%B4%D0%B0/ HTTP/2.0" 200 13162 "https://baneks.site/%D1%81%D1%83%D0%B4%D1%8F%D1%82-%D0%B7%D0%B0-%D0%B8%D0%B7%D0%BD%D0%B0%D1%81%D0%B8%D0%BB%D0%BE%D0%B2%D0%B0%D0%BD%D0%B8%D0%B5-80-%D0%BB%D0%B5%D1%82%D0%BD%D0%B5%D0%B3%D0%BE-%D0%B4%D0%B5%D0%B4%D0%B0/" "Mozilla/5.0 (Linux; arm_64; Android 9; Mi A1) AppleWebKit/537.36 (KHTML, like Gecko) Chrome/81.0.4044.96 YaBrowser/20.4.0.237.00 SA/1 Mobile Safari/537.36" "-"
176.59.51.124 - - [22/Jul/2020:23:36:19 +0000] "GET /%D1%81%D1%83%D0%B4%D1%8F%D1%82-%D0%B7%D0%B0-%D0%B8%D0%B7%D0%BD%D0%B0%D1%81%D0%B8%D0%BB%D0%BE%D0%B2%D0%B0%D0%BD%D0%B8%D0%B5-80-%D0%BB%D0%B5%D1%82%D0%BD%D0%B5%D0%B3%D0%BE-%D0%B4%D0%B5%D0%B4%D0%B0/ HTTP/2.0" 200 13162 "https://baneks.site/%D1%81%D1%83%D0%B4%D1%8F%D1%82-%D0%B7%D0%B0-%D0%B8%D0%B7%D0%BD%D0%B0%D1%81%D0%B8%D0%BB%D0%BE%D0%B2%D0%B0%D0%BD%D0%B8%D0%B5-80-%D0%BB%D0%B5%D1%82%D0%BD%D0%B5%D0%B3%D0%BE-%D0%B4%D0%B5%D0%B4%D0%B0/" "Mozilla/5.0 (Linux; arm_64; Android 9; Mi A1) AppleWebKit/537.36 (KHTML, like Gecko) Chrome/81.0.4044.96 YaBrowser/20.4.0.237.00 SA/1 Mobile Safari/537.36"
83.102.135.201 - - [22/Jul/2020:23:36:20 +0000] "GET /random HTTP/2.0" 302 0 "https://baneks.site/%D0%94%D0%B0%D1%88%D0%B5%D0%BD%D1%8C%D0%BA%D0%B0-%D1%82%D1%8B-%D0%B3%D0%BE%D1%82%D0%BE%D0%B2%D0%B0-%D1%81%D0%B5%D0%B9%D1%87%D0%B0%D1%81-%D0%BC%D0%B0%D0%BC%D0%BE%D1%87%D0%BA%D0%B0/" "Mozilla/5.0 (Linux; Android 8.0.0; G3116) AppleWebKit/537.36 (KHTML, like Gecko) Chrome/84.0.4147.89 Mobile Safari/537.36" "-"
83.102.135.201 - - [22/Jul/2020:23:36:20 +0000] "GET /random HTTP/2.0" 302 0 "https://baneks.site/%D0%94%D0%B0%D1%88%D0%B5%D0%BD%D1%8C%D0%BA%D0%B0-%D1%82%D1%8B-%D0%B3%D0%BE%D1%82%D0%BE%D0%B2%D0%B0-%D1%81%D0%B5%D0%B9%D1%87%D0%B0%D1%81-%D0%BC%D0%B0%D0%BC%D0%BE%D1%87%D0%BA%D0%B0/" "Mozilla/5.0 (Linux; Android 8.0.0; G3116) AppleWebKit/537.36 (KHTML, like Gecko) Chrome/84.0.4147.89 Mobile Safari/537.36"
83.102.135.201 - - [22/Jul/2020:23:36:21 +0000] "GET /%D0%B4%D0%B5%D1%80%D0%B5%D0%B2%D0%BD%D1%8F-%D0%BD%D0%BE%D1%87%D1%8C-%D0%BF%D0%B0%D1%80%D0%BE%D1%87%D0%BA%D0%B0-%D1%83%D0%B5%D0%B4%D0%B8%D0%BD%D1%8F%D0%B5%D1%82%D1%81%D1%8F-%D0%B7%D0%B0-%D0%BA%D0%BE%D0%BB%D1%85%D0%BE%D0%B7%D0%BD%D1%8B%D0%BC-%D0%BF%D0%BE%D0%BB%D0%B5%D0%BC/ HTTP/2.0" 200 16550 "https://baneks.site/%D0%94%D0%B0%D1%88%D0%B5%D0%BD%D1%8C%D0%BA%D0%B0-%D1%82%D1%8B-%D0%B3%D0%BE%D1%82%D0%BE%D0%B2%D0%B0-%D1%81%D0%B5%D0%B9%D1%87%D0%B0%D1%81-%D0%BC%D0%B0%D0%BC%D0%BE%D1%87%D0%BA%D0%B0/" "Mozilla/5.0 (Linux; Android 8.0.0; G3116) AppleWebKit/537.36 (KHTML, like Gecko) Chrome/84.0.4147.89 Mobile Safari/537.36" "-"
83.102.135.201 - - [22/Jul/2020:23:36:21 +0000] "GET /%D0%B4%D0%B5%D1%80%D0%B5%D0%B2%D0%BD%D1%8F-%D0%BD%D0%BE%D1%87%D1%8C-%D0%BF%D0%B0%D1%80%D0%BE%D1%87%D0%BA%D0%B0-%D1%83%D0%B5%D0%B4%D0%B8%D0%BD%D1%8F%D0%B5%D1%82%D1%81%D1%8F-%D0%B7%D0%B0-%D0%BA%D0%BE%D0%BB%D1%85%D0%BE%D0%B7%D0%BD%D1%8B%D0%BC-%D0%BF%D0%BE%D0%BB%D0%B5%D0%BC/ HTTP/2.0" 200 16550 "https://baneks.site/%D0%94%D0%B0%D1%88%D0%B5%D0%BD%D1%8C%D0%BA%D0%B0-%D1%82%D1%8B-%D0%B3%D0%BE%D1%82%D0%BE%D0%B2%D0%B0-%D1%81%D0%B5%D0%B9%D1%87%D0%B0%D1%81-%D0%BC%D0%B0%D0%BC%D0%BE%D1%87%D0%BA%D0%B0/" "Mozilla/5.0 (Linux; Android 8.0.0; G3116) AppleWebKit/537.36 (KHTML, like Gecko) Chrome/84.0.4147.89 Mobile Safari/537.36"
83.102.135.201 - - [22/Jul/2020:23:36:22 +0000] "GET /%D0%B4%D0%B5%D1%80%D0%B5%D0%B2%D0%BD%D1%8F-%D0%BD%D0%BE%D1%87%D1%8C-%D0%BF%D0%B0%D1%80%D0%BE%D1%87%D0%BA%D0%B0-%D1%83%D0%B5%D0%B4%D0%B8%D0%BD%D1%8F%D0%B5%D1%82%D1%81%D1%8F-%D0%B7%D0%B0-%D0%BA%D0%BE%D0%BB%D1%85%D0%BE%D0%B7%D0%BD%D1%8B%D0%BC-%D0%BF%D0%BE%D0%BB%D0%B5%D0%BC/ HTTP/2.0" 200 16550 "https://baneks.site/%D0%B4%D0%B5%D1%80%D0%B5%D0%B2%D0%BD%D1%8F-%D0%BD%D0%BE%D1%87%D1%8C-%D0%BF%D0%B0%D1%80%D0%BE%D1%87%D0%BA%D0%B0-%D1%83%D0%B5%D0%B4%D0%B8%D0%BD%D1%8F%D0%B5%D1%82%D1%81%D1%8F-%D0%B7%D0%B0-%D0%BA%D0%BE%D0%BB%D1%85%D0%BE%D0%B7%D0%BD%D1%8B%D0%BC-%D0%BF%D0%BE%D0%BB%D0%B5%D0%BC/" "Mozilla/5.0 (Linux; Android 8.0.0; G3116) AppleWebKit/537.36 (KHTML, like Gecko) Chrome/84.0.4147.89 Mobile Safari/537.36" "-"
83.102.135.201 - - [22/Jul/2020:23:36:22 +0000] "GET /%D0%B4%D0%B5%D1%80%D0%B5%D0%B2%D0%BD%D1%8F-%D0%BD%D0%BE%D1%87%D1%8C-%D0%BF%D0%B0%D1%80%D0%BE%D1%87%D0%BA%D0%B0-%D1%83%D0%B5%D0%B4%D0%B8%D0%BD%D1%8F%D0%B5%D1%82%D1%81%D1%8F-%D0%B7%D0%B0-%D0%BA%D0%BE%D0%BB%D1%85%D0%BE%D0%B7%D0%BD%D1%8B%D0%BC-%D0%BF%D0%BE%D0%BB%D0%B5%D0%BC/ HTTP/2.0" 200 16550 "https://baneks.site/%D0%B4%D0%B5%D1%80%D0%B5%D0%B2%D0%BD%D1%8F-%D0%BD%D0%BE%D1%87%D1%8C-%D0%BF%D0%B0%D1%80%D0%BE%D1%87%D0%BA%D0%B0-%D1%83%D0%B5%D0%B4%D0%B8%D0%BD%D1%8F%D0%B5%D1%82%D1%81%D1%8F-%D0%B7%D0%B0-%D0%BA%D0%BE%D0%BB%D1%85%D0%BE%D0%B7%D0%BD%D1%8B%D0%BC-%D0%BF%D0%BE%D0%BB%D0%B5%D0%BC/" "Mozilla/5.0 (Linux; Android 8.0.0; G3116) AppleWebKit/537.36 (KHTML, like Gecko) Chrome/84.0.4147.89 Mobile Safari/537.36"
185.52.134.133 - - [22/Jul/2020:23:36:30 +0000] "GET /%D0%B2%D0%B5%D0%BB%D0%B8%D0%BA%D0%B8%D0%B9-%D1%84%D0%B8%D0%BB%D0%BE%D1%81%D0%BE%D1%84-%D1%84%D1%80%D0%B8%D0%B4%D1%80%D0%B8%D1%85-%D0%BD%D0%B8%D1%86%D1%88%D0%B5-%D0%B1%D1%8B%D0%BB-%D0%B4%D0%BE%D0%B1%D1%80%D1%8B%D0%B9-%D0%B8-%D0%B2%D0%B5%D1%81%D0%B5%D0%BB%D1%8B%D0%B9/?p=4 HTTP/2.0" 200 17171 "https://baneks.site/%D0%B2%D0%B5%D0%BB%D0%B8%D0%BA%D0%B8%D0%B9-%D1%84%D0%B8%D0%BB%D0%BE%D1%81%D0%BE%D1%84-%D1%84%D1%80%D0%B8%D0%B4%D1%80%D0%B8%D1%85-%D0%BD%D0%B8%D1%86%D1%88%D0%B5-%D0%B1%D1%8B%D0%BB-%D0%B4%D0%BE%D0%B1%D1%80%D1%8B%D0%B9-%D0%B8-%D0%B2%D0%B5%D1%81%D0%B5%D0%BB%D1%8B%D0%B9/?p=3" "Mozilla/5.0 (Linux; Android 8.1.0; Redmi 6A) AppleWebKit/537.36 (KHTML, like Gecko) Chrome/71.0.3578.99 Mobile Safari/537.36" "-"
185.52.134.133 - - [22/Jul/2020:23:36:30 +0000] "GET /%D0%B2%D0%B5%D0%BB%D0%B8%D0%BA%D0%B8%D0%B9-%D1%84%D0%B8%D0%BB%D0%BE%D1%81%D0%BE%D1%84-%D1%84%D1%80%D0%B8%D0%B4%D1%80%D0%B8%D1%85-%D0%BD%D0%B8%D1%86%D1%88%D0%B5-%D0%B1%D1%8B%D0%BB-%D0%B4%D0%BE%D0%B1%D1%80%D1%8B%D0%B9-%D0%B8-%D0%B2%D0%B5%D1%81%D0%B5%D0%BB%D1%8B%D0%B9/?p=4 HTTP/2.0" 200 17171 "https://baneks.site/%D0%B2%D0%B5%D0%BB%D0%B8%D0%BA%D0%B8%D0%B9-%D1%84%D0%B8%D0%BB%D0%BE%D1%81%D0%BE%D1%84-%D1%84%D1%80%D0%B8%D0%B4%D1%80%D0%B8%D1%85-%D0%BD%D0%B8%D1%86%D1%88%D0%B5-%D0%B1%D1%8B%D0%BB-%D0%B4%D0%BE%D0%B1%D1%80%D1%8B%D0%B9-%D0%B8-%D0%B2%D0%B5%D1%81%D0%B5%D0%BB%D1%8B%D0%B9/?p=3" "Mozilla/5.0 (Linux; Android 8.1.0; Redmi 6A) AppleWebKit/537.36 (KHTML, like Gecko) Chrome/71.0.3578.99 Mobile Safari/537.36"
185.52.134.133 - - [22/Jul/2020:23:36:31 +0000] "GET /%D0%B2%D0%B5%D0%BB%D0%B8%D0%BA%D0%B8%D0%B9-%D1%84%D0%B8%D0%BB%D0%BE%D1%81%D0%BE%D1%84-%D1%84%D1%80%D0%B8%D0%B4%D1%80%D0%B8%D1%85-%D0%BD%D0%B8%D1%86%D1%88%D0%B5-%D0%B1%D1%8B%D0%BB-%D0%B4%D0%BE%D0%B1%D1%80%D1%8B%D0%B9-%D0%B8-%D0%B2%D0%B5%D1%81%D0%B5%D0%BB%D1%8B%D0%B9/?p=4 HTTP/2.0" 200 17171 "https://baneks.site/%D0%B2%D0%B5%D0%BB%D0%B8%D0%BA%D0%B8%D0%B9-%D1%84%D0%B8%D0%BB%D0%BE%D1%81%D0%BE%D1%84-%D1%84%D1%80%D0%B8%D0%B4%D1%80%D0%B8%D1%85-%D0%BD%D0%B8%D1%86%D1%88%D0%B5-%D0%B1%D1%8B%D0%BB-%D0%B4%D0%BE%D0%B1%D1%80%D1%8B%D0%B9-%D0%B8-%D0%B2%D0%B5%D1%81%D0%B5%D0%BB%D1%8B%D0%B9/?p=4" "Mozilla/5.0 (Linux; Android 8.1.0; Redmi 6A) AppleWebKit/537.36 (KHTML, like Gecko) Chrome/71.0.3578.99 Mobile Safari/537.36" "-"
185.52.134.133 - - [22/Jul/2020:23:36:31 +0000] "GET /%D0%B2%D0%B5%D0%BB%D0%B8%D0%BA%D0%B8%D0%B9-%D1%84%D0%B8%D0%BB%D0%BE%D1%81%D0%BE%D1%84-%D1%84%D1%80%D0%B8%D0%B4%D1%80%D0%B8%D1%85-%D0%BD%D0%B8%D1%86%D1%88%D0%B5-%D0%B1%D1%8B%D0%BB-%D0%B4%D0%BE%D0%B1%D1%80%D1%8B%D0%B9-%D0%B8-%D0%B2%D0%B5%D1%81%D0%B5%D0%BB%D1%8B%D0%B9/?p=4 HTTP/2.0" 200 17171 "https://baneks.site/%D0%B2%D0%B5%D0%BB%D0%B8%D0%BA%D0%B8%D0%B9-%D1%84%D0%B8%D0%BB%D0%BE%D1%81%D0%BE%D1%84-%D1%84%D1%80%D0%B8%D0%B4%D1%80%D0%B8%D1%85-%D0%BD%D0%B8%D1%86%D1%88%D0%B5-%D0%B1%D1%8B%D0%BB-%D0%B4%D0%BE%D0%B1%D1%80%D1%8B%D0%B9-%D0%B8-%D0%B2%D0%B5%D1%81%D0%B5%D0%BB%D1%8B%D0%B9/?p=4" "Mozilla/5.0 (Linux; Android 8.1.0; Redmi 6A) AppleWebKit/537.36 (KHTML, like Gecko) Chrome/71.0.3578.99 Mobile Safari/537.36"
178.154.200.81 - - [22/Jul/2020:23:36:40 +0000] "GET /%D1%81%D1%83%D0%B4%D1%8F%D1%82-%D0%B7%D0%B0-%D0%B8%D0%B7%D0%BD%D0%B0%D1%81%D0%B8%D0%BB%D0%BE%D0%B2%D0%B0%D0%BD%D0%B8%D0%B5-80-%D0%BB%D0%B5%D1%82%D0%BD%D0%B5%D0%B3%D0%BE-%D0%B4%D0%B5%D0%B4%D0%B0/ HTTP/1.1" 200 13337 "-" "Mozilla/5.0 (compatible; YandexBot/3.0; +http://yandex.com/bots)" "-"
178.154.200.81 - - [22/Jul/2020:23:36:40 +0000] "GET /%D1%81%D1%83%D0%B4%D1%8F%D1%82-%D0%B7%D0%B0-%D0%B8%D0%B7%D0%BD%D0%B0%D1%81%D0%B8%D0%BB%D0%BE%D0%B2%D0%B0%D0%BD%D0%B8%D0%B5-80-%D0%BB%D0%B5%D1%82%D0%BD%D0%B5%D0%B3%D0%BE-%D0%B4%D0%B5%D0%B4%D0%B0/ HTTP/1.1" 200 13337 "-" "Mozilla/5.0 (compatible; YandexBot/3.0; +http://yandex.com/bots)"
178.154.200.81 - - [22/Jul/2020:23:36:45 +0000] "GET /%D0%B4%D0%B5%D1%80%D0%B5%D0%B2%D0%BD%D1%8F-%D0%BD%D0%BE%D1%87%D1%8C-%D0%BF%D0%B0%D1%80%D0%BE%D1%87%D0%BA%D0%B0-%D1%83%D0%B5%D0%B4%D0%B8%D0%BD%D1%8F%D0%B5%D1%82%D1%81%D1%8F-%D0%B7%D0%B0-%D0%BA%D0%BE%D0%BB%D1%85%D0%BE%D0%B7%D0%BD%D1%8B%D0%BC-%D0%BF%D0%BE%D0%BB%D0%B5%D0%BC/ HTTP/1.1" 200 16768 "-" "Mozilla/5.0 (compatible; YandexBot/3.0; +http://yandex.com/bots)" "-"
178.154.200.81 - - [22/Jul/2020:23:36:45 +0000] "GET /%D0%B4%D0%B5%D1%80%D0%B5%D0%B2%D0%BD%D1%8F-%D0%BD%D0%BE%D1%87%D1%8C-%D0%BF%D0%B0%D1%80%D0%BE%D1%87%D0%BA%D0%B0-%D1%83%D0%B5%D0%B4%D0%B8%D0%BD%D1%8F%D0%B5%D1%82%D1%81%D1%8F-%D0%B7%D0%B0-%D0%BA%D0%BE%D0%BB%D1%85%D0%BE%D0%B7%D0%BD%D1%8B%D0%BC-%D0%BF%D0%BE%D0%BB%D0%B5%D0%BC/ HTTP/1.1" 200 16768 "-" "Mozilla/5.0 (compatible; YandexBot/3.0; +http://yandex.com/bots)"
66.249.68.33 - - [22/Jul/2020:23:36:49 +0000] "GET /%D0%B8%D0%B4%D0%B5%D1%82-%D0%BC%D1%83%D0%B6%D0%B8%D0%BA-%D0%BF%D0%BE-%D0%BB%D0%B5%D1%81%D1%83-%D1%81%D0%BB%D1%8B%D1%88%D0%B8%D1%82-%D0%BA%D0%BE%D0%B3%D0%BE-%D1%82%D0%BE-%D0%B5%D0%B1%D1%83%D1%82/?p=2 HTTP/1.1" 200 12654 "-" "Mozilla/5.0 (compatible; Googlebot/2.1; +http://www.google.com/bot.html)" "-"
66.249.68.33 - - [22/Jul/2020:23:36:49 +0000] "GET /%D0%B8%D0%B4%D0%B5%D1%82-%D0%BC%D1%83%D0%B6%D0%B8%D0%BA-%D0%BF%D0%BE-%D0%BB%D0%B5%D1%81%D1%83-%D1%81%D0%BB%D1%8B%D1%88%D0%B8%D1%82-%D0%BA%D0%BE%D0%B3%D0%BE-%D1%82%D0%BE-%D0%B5%D0%B1%D1%83%D1%82/?p=2 HTTP/1.1" 200 12654 "-" "Mozilla/5.0 (compatible; Googlebot/2.1; +http://www.google.com/bot.html)"
46.229.168.135 - - [22/Jul/2020:23:36:52 +0000] "GET /%D1%81%D0%BF%D1%83%D1%81%D0%BA%D0%B0%D0%B5%D1%82%D1%81%D1%8F-%D0%BD%D0%B0%D1%80%D0%BA%D0%BE%D0%BC%D0%B0%D0%BD-%D0%B2-%D0%BC%D0%B5%D1%82%D1%80%D0%BE-%D0%B0-%D0%BE%D0%BD%D0%BE-%D0%B5%D0%BC%D1%83-%D0%BA%D0%B0%D0%BA-%D1%80%D0%B0%D0%B7/?p=1 HTTP/1.1" 200 12841 "-" "Mozilla/5.0 (compatible; SemrushBot/6~bl; +http://www.semrush.com/bot.html)" "-"
46.229.168.135 - - [22/Jul/2020:23:36:52 +0000] "GET /%D1%81%D0%BF%D1%83%D1%81%D0%BA%D0%B0%D0%B5%D1%82%D1%81%D1%8F-%D0%BD%D0%B0%D1%80%D0%BA%D0%BE%D0%BC%D0%B0%D0%BD-%D0%B2-%D0%BC%D0%B5%D1%82%D1%80%D0%BE-%D0%B0-%D0%BE%D0%BD%D0%BE-%D0%B5%D0%BC%D1%83-%D0%BA%D0%B0%D0%BA-%D1%80%D0%B0%D0%B7/?p=1 HTTP/1.1" 200 12841 "-" "Mozilla/5.0 (compatible; SemrushBot/6~bl; +http://www.semrush.com/bot.html)"
66.249.68.33 - - [22/Jul/2020:23:36:55 +0000] "GET /%D0%BE%D0%B1%D1%89%D0%B5%D1%81%D1%82%D0%B2%D0%BE-%D0%BA%D0%BE%D0%BD%D0%B5%D1%87%D0%BD%D0%BE-%D0%BA%D0%B0%D1%82%D0%B8%D1%82%D1%81%D1%8F-%D0%B2-%D0%BD%D0%B8%D0%BA%D1%83%D0%B4%D0%B0-%D1%81%D0%B5%D0%B3%D0%BE%D0%B4%D0%BD%D1%8F-%D0%B2/ HTTP/1.1" 304 0 "-" "Mozilla/5.0 (Linux; Android 6.0.1; Nexus 5X Build/MMB29P) AppleWebKit/537.36 (KHTML, like Gecko) Chrome/80.0.3987.92 Mobile Safari/537.36 (compatible; Googlebot/2.1; +http://www.google.com/bot.html)" "-"
66.249.68.33 - - [22/Jul/2020:23:36:55 +0000] "GET /%D0%BE%D0%B1%D1%89%D0%B5%D1%81%D1%82%D0%B2%D0%BE-%D0%BA%D0%BE%D0%BD%D0%B5%D1%87%D0%BD%D0%BE-%D0%BA%D0%B0%D1%82%D0%B8%D1%82%D1%81%D1%8F-%D0%B2-%D0%BD%D0%B8%D0%BA%D1%83%D0%B4%D0%B0-%D1%81%D0%B5%D0%B3%D0%BE%D0%B4%D0%BD%D1%8F-%D0%B2/ HTTP/1.1" 304 0 "-" "Mozilla/5.0 (Linux; Android 6.0.1; Nexus 5X Build/MMB29P) AppleWebKit/537.36 (KHTML, like Gecko) Chrome/80.0.3987.92 Mobile Safari/537.36 (compatible; Googlebot/2.1; +http://www.google.com/bot.html)"
46.229.168.134 - - [22/Jul/2020:23:37:15 +0000] "GET /%D0%B0%D1%80%D0%BC%D1%8F%D0%BD%D1%81%D0%BA%D0%B8%D0%B9-%D0%B0%D0%B4%D0%B2%D0%BE%D0%BA%D0%B0%D1%82-%D0%BF%D0%BE%D0%BD%D1%8F%D0%BB-%D1%87%D1%82%D0%BE-%D0%B4%D0%B5%D0%BB%D0%BE-%D0%BD%D0%B5-%D0%B8%D0%B7-%D0%BF%D1%80%D0%BE%D1%81%D1%82%D1%8B%D1%85/ HTTP/1.1" 200 13210 "-" "Mozilla/5.0 (compatible; SemrushBot/6~bl; +http://www.semrush.com/bot.html)" "-"
46.229.168.134 - - [22/Jul/2020:23:37:15 +0000] "GET /%D0%B0%D1%80%D0%BC%D1%8F%D0%BD%D1%81%D0%BA%D0%B8%D0%B9-%D0%B0%D0%B4%D0%B2%D0%BE%D0%BA%D0%B0%D1%82-%D0%BF%D0%BE%D0%BD%D1%8F%D0%BB-%D1%87%D1%82%D0%BE-%D0%B4%D0%B5%D0%BB%D0%BE-%D0%BD%D0%B5-%D0%B8%D0%B7-%D0%BF%D1%80%D0%BE%D1%81%D1%82%D1%8B%D1%85/ HTTP/1.1" 200 13210 "-" "Mozilla/5.0 (compatible; SemrushBot/6~bl; +http://www.semrush.com/bot.html)"
178.154.200.81 - - [22/Jul/2020:23:37:19 +0000] "GET /%D0%BF%D0%BE%D1%87%D0%B5%D0%BC%D1%83-%D0%B5%D1%81%D0%BB%D0%B8-%D0%B4%D0%B5%D0%B2%D1%83%D1%88%D0%BA%D0%B0-%D0%BF%D0%B5%D1%80%D0%B5%D1%81%D0%BF%D0%B0%D0%BB%D0%B0-%D1%81-%D0%BA%D1%83%D1%87%D0%B5%D0%B9-%D0%BF%D0%B0%D1%80%D0%BD%D0%B5%D0%B9/ HTTP/1.1" 200 13203 "-" "Mozilla/5.0 (compatible; YandexBot/3.0; +http://yandex.com/bots)" "-"
178.154.200.81 - - [22/Jul/2020:23:37:19 +0000] "GET /%D0%BF%D0%BE%D1%87%D0%B5%D0%BC%D1%83-%D0%B5%D1%81%D0%BB%D0%B8-%D0%B4%D0%B5%D0%B2%D1%83%D1%88%D0%BA%D0%B0-%D0%BF%D0%B5%D1%80%D0%B5%D1%81%D0%BF%D0%B0%D0%BB%D0%B0-%D1%81-%D0%BA%D1%83%D1%87%D0%B5%D0%B9-%D0%BF%D0%B0%D1%80%D0%BD%D0%B5%D0%B9/ HTTP/1.1" 200 13203 "-" "Mozilla/5.0 (compatible; YandexBot/3.0; +http://yandex.com/bots)"
198.251.89.80 - - [22/Jul/2020:23:37:25 +0000] "GET / HTTP/1.1" 301 162 "-" "curl/7.58.0" "-"
198.251.89.80 - - [22/Jul/2020:23:37:25 +0000] "GET / HTTP/1.1" 301 162 "-" "curl/7.58.0"
198.251.89.80 - - [22/Jul/2020:23:37:25 +0000] "GET / HTTP/1.1" 301 162 "-" "curl/7.58.0" "-"
198.251.89.80 - - [22/Jul/2020:23:37:25 +0000] "GET / HTTP/1.1" 301 162 "-" "curl/7.58.0"
178.154.200.81 - - [22/Jul/2020:23:37:26 +0000] "GET /-%D0%BA%D0%B0%D0%BA-%D0%BD%D0%B0%D0%B7%D1%8B%D0%B2%D0%B0%D0%B5%D1%82%D1%81%D1%8F-%D1%81%D1%82%D0%B0%D1%80%D1%8B%D0%B9-%D1%81%D0%B0%D0%BC%D0%B5%D1%86-%D0%BA%D1%83%D0%BA%D1%83%D1%88%D0%BA%D0%B8/ HTTP/1.1" 200 10265 "-" "Mozilla/5.0 (compatible; YandexBot/3.0; +http://yandex.com/bots)" "-"
178.154.200.81 - - [22/Jul/2020:23:37:26 +0000] "GET /-%D0%BA%D0%B0%D0%BA-%D0%BD%D0%B0%D0%B7%D1%8B%D0%B2%D0%B0%D0%B5%D1%82%D1%81%D1%8F-%D1%81%D1%82%D0%B0%D1%80%D1%8B%D0%B9-%D1%81%D0%B0%D0%BC%D0%B5%D1%86-%D0%BA%D1%83%D0%BA%D1%83%D1%88%D0%BA%D0%B8/ HTTP/1.1" 200 10265 "-" "Mozilla/5.0 (compatible; YandexBot/3.0; +http://yandex.com/bots)"
114.119.160.172 - - [22/Jul/2020:23:37:31 +0000] "GET /%D0%B7%D0%B0%D1%85%D0%BE%D0%B4%D0%B8%D1%82-%D0%B2-%D0%BC%D0%B0%D0%B3%D0%B0%D0%B7%D0%B8%D0%BD-%D0%B1%D0%B0%D0%B1%D1%83%D1%88%D0%BA%D0%B0?p=2 HTTP/1.1" 301 0 "-" "Mozilla/5.0 (Linux; Android 7.0;) AppleWebKit/537.36 (KHTML, like Gecko) Mobile Safari/537.36 (compatible; AspiegelBot)" "-"
114.119.160.172 - - [22/Jul/2020:23:37:31 +0000] "GET /%D0%B7%D0%B0%D1%85%D0%BE%D0%B4%D0%B8%D1%82-%D0%B2-%D0%BC%D0%B0%D0%B3%D0%B0%D0%B7%D0%B8%D0%BD-%D0%B1%D0%B0%D0%B1%D1%83%D1%88%D0%BA%D0%B0?p=2 HTTP/1.1" 301 0 "-" "Mozilla/5.0 (Linux; Android 7.0;) AppleWebKit/537.36 (KHTML, like Gecko) Mobile Safari/537.36 (compatible; AspiegelBot)"
114.119.160.172 - - [22/Jul/2020:23:37:33 +0000] "GET /%D0%B7%D0%B0%D1%85%D0%BE%D0%B4%D0%B8%D1%82-%D0%B2-%D0%BC%D0%B0%D0%B3%D0%B0%D0%B7%D0%B8%D0%BD-%D0%B1%D0%B0%D0%B1%D1%83%D1%88%D0%BA%D0%B0/?p=2 HTTP/1.1" 200 14250 "-" "Mozilla/5.0 (Linux; Android 7.0;) AppleWebKit/537.36 (KHTML, like Gecko) Mobile Safari/537.36 (compatible; AspiegelBot)" "-"
114.119.160.172 - - [22/Jul/2020:23:37:33 +0000] "GET /%D0%B7%D0%B0%D1%85%D0%BE%D0%B4%D0%B8%D1%82-%D0%B2-%D0%BC%D0%B0%D0%B3%D0%B0%D0%B7%D0%B8%D0%BD-%D0%B1%D0%B0%D0%B1%D1%83%D1%88%D0%BA%D0%B0/?p=2 HTTP/1.1" 200 14250 "-" "Mozilla/5.0 (Linux; Android 7.0;) AppleWebKit/537.36 (KHTML, like Gecko) Mobile Safari/537.36 (compatible; AspiegelBot)"
178.151.94.4 - - [22/Jul/2020:23:37:41 +0000] "GET /%D0%93%D0%B5%D0%B9%D0%B7%D0%B5%D0%BD%D0%B1%D0%B5%D1%80%D0%B3-%D0%93%D1%91%D0%B4%D0%B5%D0%BB%D1%8C-%D0%B8-%D0%A5%D0%BE%D0%BC%D1%81%D0%BA%D0%B8%D0%B9-%D0%B7%D0%B0%D1%85%D0%BE%D0%B4%D1%8F%D1%82-%D0%B2-%D0%B1%D0%B0%D1%80/ HTTP/2.0" 200 13609 "https://baneks.site/tag/%D0%BC%D0%B0%D1%82%D0%B5%D0%BC%D0%B0%D1%82%D0%B8%D0%BA/?p=12" "Mozilla/5.0 (Linux; Android 9; STK-LX1) AppleWebKit/537.36 (KHTML, like Gecko) Chrome/84.0.4147.89 Mobile Safari/537.36" "-"
178.151.94.4 - - [22/Jul/2020:23:37:41 +0000] "GET /%D0%93%D0%B5%D0%B9%D0%B7%D0%B5%D0%BD%D0%B1%D0%B5%D1%80%D0%B3-%D0%93%D1%91%D0%B4%D0%B5%D0%BB%D1%8C-%D0%B8-%D0%A5%D0%BE%D0%BC%D1%81%D0%BA%D0%B8%D0%B9-%D0%B7%D0%B0%D1%85%D0%BE%D0%B4%D1%8F%D1%82-%D0%B2-%D0%B1%D0%B0%D1%80/ HTTP/2.0" 200 13609 "https://baneks.site/tag/%D0%BC%D0%B0%D1%82%D0%B5%D0%BC%D0%B0%D1%82%D0%B8%D0%BA/?p=12" "Mozilla/5.0 (Linux; Android 9; STK-LX1) AppleWebKit/537.36 (KHTML, like Gecko) Chrome/84.0.4147.89 Mobile Safari/537.36"
178.154.200.81 - - [22/Jul/2020:23:37:44 +0000] "GET /%D0%B4%D0%B2%D0%B0-%D0%BE%D0%B4%D0%B5%D1%81%D1%81%D0%B8%D1%82%D0%B0-%D1%80%D0%B0%D1%81%D1%81%D0%BC%D0%B0%D1%82%D1%80%D0%B8%D0%B2%D0%B0%D1%8E%D1%82-%D0%A1%D1%82%D0%B0%D1%82%D1%83%D1%8E-%D0%A1%D0%B2%D0%BE%D0%B1%D0%BE%D0%B4%D1%8B/ HTTP/1.1" 200 10937 "-" "Mozilla/5.0 (compatible; YandexBot/3.0; +http://yandex.com/bots)" "-"
178.154.200.81 - - [22/Jul/2020:23:37:44 +0000] "GET /%D0%B4%D0%B2%D0%B0-%D0%BE%D0%B4%D0%B5%D1%81%D1%81%D0%B8%D1%82%D0%B0-%D1%80%D0%B0%D1%81%D1%81%D0%BC%D0%B0%D1%82%D1%80%D0%B8%D0%B2%D0%B0%D1%8E%D1%82-%D0%A1%D1%82%D0%B0%D1%82%D1%83%D1%8E-%D0%A1%D0%B2%D0%BE%D0%B1%D0%BE%D0%B4%D1%8B/ HTTP/1.1" 200 10937 "-" "Mozilla/5.0 (compatible; YandexBot/3.0; +http://yandex.com/bots)"
83.102.135.201 - - [22/Jul/2020:23:37:47 +0000] "GET /random HTTP/2.0" 302 0 "https://baneks.site/%D0%B4%D0%B5%D1%80%D0%B5%D0%B2%D0%BD%D1%8F-%D0%BD%D0%BE%D1%87%D1%8C-%D0%BF%D0%B0%D1%80%D0%BE%D1%87%D0%BA%D0%B0-%D1%83%D0%B5%D0%B4%D0%B8%D0%BD%D1%8F%D0%B5%D1%82%D1%81%D1%8F-%D0%B7%D0%B0-%D0%BA%D0%BE%D0%BB%D1%85%D0%BE%D0%B7%D0%BD%D1%8B%D0%BC-%D0%BF%D0%BE%D0%BB%D0%B5%D0%BC/" "Mozilla/5.0 (Linux; Android 8.0.0; G3116) AppleWebKit/537.36 (KHTML, like Gecko) Chrome/84.0.4147.89 Mobile Safari/537.36" "-"
83.102.135.201 - - [22/Jul/2020:23:37:47 +0000] "GET /random HTTP/2.0" 302 0 "https://baneks.site/%D0%B4%D0%B5%D1%80%D0%B5%D0%B2%D0%BD%D1%8F-%D0%BD%D0%BE%D1%87%D1%8C-%D0%BF%D0%B0%D1%80%D0%BE%D1%87%D0%BA%D0%B0-%D1%83%D0%B5%D0%B4%D0%B8%D0%BD%D1%8F%D0%B5%D1%82%D1%81%D1%8F-%D0%B7%D0%B0-%D0%BA%D0%BE%D0%BB%D1%85%D0%BE%D0%B7%D0%BD%D1%8B%D0%BC-%D0%BF%D0%BE%D0%BB%D0%B5%D0%BC/" "Mozilla/5.0 (Linux; Android 8.0.0; G3116) AppleWebKit/537.36 (KHTML, like Gecko) Chrome/84.0.4147.89 Mobile Safari/537.36"
83.102.135.201 - - [22/Jul/2020:23:37:47 +0000] "GET /%D0%BF%D0%B0%D1%80%D0%B0-%D0%BC%D0%BE%D0%BB%D0%BE%D0%B4%D0%BE%D0%B6%D0%B5%D0%BD%D0%BE%D0%B2-%D0%BE%D0%B4%D0%BD%D0%B0%D0%B6%D0%B4%D1%8B-%D0%B2%D0%B5%D1%87%D0%B5%D1%80%D0%BE%D0%BC-%D0%BC%D1%83%D0%B6-%D1%80%D0%B5%D1%88%D0%B8%D0%BB/ HTTP/2.0" 200 13837 "https://baneks.site/%D0%B4%D0%B5%D1%80%D0%B5%D0%B2%D0%BD%D1%8F-%D0%BD%D0%BE%D1%87%D1%8C-%D0%BF%D0%B0%D1%80%D0%BE%D1%87%D0%BA%D0%B0-%D1%83%D0%B5%D0%B4%D0%B8%D0%BD%D1%8F%D0%B5%D1%82%D1%81%D1%8F-%D0%B7%D0%B0-%D0%BA%D0%BE%D0%BB%D1%85%D0%BE%D0%B7%D0%BD%D1%8B%D0%BC-%D0%BF%D0%BE%D0%BB%D0%B5%D0%BC/" "Mozilla/5.0 (Linux; Android 8.0.0; G3116) AppleWebKit/537.36 (KHTML, like Gecko) Chrome/84.0.4147.89 Mobile Safari/537.36" "-"
83.102.135.201 - - [22/Jul/2020:23:37:47 +0000] "GET /%D0%BF%D0%B0%D1%80%D0%B0-%D0%BC%D0%BE%D0%BB%D0%BE%D0%B4%D0%BE%D0%B6%D0%B5%D0%BD%D0%BE%D0%B2-%D0%BE%D0%B4%D0%BD%D0%B0%D0%B6%D0%B4%D1%8B-%D0%B2%D0%B5%D1%87%D0%B5%D1%80%D0%BE%D0%BC-%D0%BC%D1%83%D0%B6-%D1%80%D0%B5%D1%88%D0%B8%D0%BB/ HTTP/2.0" 200 13837 "https://baneks.site/%D0%B4%D0%B5%D1%80%D0%B5%D0%B2%D0%BD%D1%8F-%D0%BD%D0%BE%D1%87%D1%8C-%D0%BF%D0%B0%D1%80%D0%BE%D1%87%D0%BA%D0%B0-%D1%83%D0%B5%D0%B4%D0%B8%D0%BD%D1%8F%D0%B5%D1%82%D1%81%D1%8F-%D0%B7%D0%B0-%D0%BA%D0%BE%D0%BB%D1%85%D0%BE%D0%B7%D0%BD%D1%8B%D0%BC-%D0%BF%D0%BE%D0%BB%D0%B5%D0%BC/" "Mozilla/5.0 (Linux; Android 8.0.0; G3116) AppleWebKit/537.36 (KHTML, like Gecko) Chrome/84.0.4147.89 Mobile Safari/537.36"
178.154.200.81 - - [22/Jul/2020:23:37:48 +0000] "GET /tag/%D1%81%D1%8B%D0%BD/?p=55 HTTP/1.1" 200 11095 "-" "Mozilla/5.0 (compatible; YandexBot/3.0; +http://yandex.com/bots)" "-"
178.154.200.81 - - [22/Jul/2020:23:37:48 +0000] "GET /tag/%D1%81%D1%8B%D0%BD/?p=55 HTTP/1.1" 200 11095 "-" "Mozilla/5.0 (compatible; YandexBot/3.0; +http://yandex.com/bots)"
83.102.135.201 - - [22/Jul/2020:23:37:48 +0000] "GET /%D0%BF%D0%B0%D1%80%D0%B0-%D0%BC%D0%BE%D0%BB%D0%BE%D0%B4%D0%BE%D0%B6%D0%B5%D0%BD%D0%BE%D0%B2-%D0%BE%D0%B4%D0%BD%D0%B0%D0%B6%D0%B4%D1%8B-%D0%B2%D0%B5%D1%87%D0%B5%D1%80%D0%BE%D0%BC-%D0%BC%D1%83%D0%B6-%D1%80%D0%B5%D1%88%D0%B8%D0%BB/ HTTP/2.0" 200 13837 "https://baneks.site/%D0%BF%D0%B0%D1%80%D0%B0-%D0%BC%D0%BE%D0%BB%D0%BE%D0%B4%D0%BE%D0%B6%D0%B5%D0%BD%D0%BE%D0%B2-%D0%BE%D0%B4%D0%BD%D0%B0%D0%B6%D0%B4%D1%8B-%D0%B2%D0%B5%D1%87%D0%B5%D1%80%D0%BE%D0%BC-%D0%BC%D1%83%D0%B6-%D1%80%D0%B5%D1%88%D0%B8%D0%BB/" "Mozilla/5.0 (Linux; Android 8.0.0; G3116) AppleWebKit/537.36 (KHTML, like Gecko) Chrome/84.0.4147.89 Mobile Safari/537.36" "-"
83.102.135.201 - - [22/Jul/2020:23:37:48 +0000] "GET /%D0%BF%D0%B0%D1%80%D0%B0-%D0%BC%D0%BE%D0%BB%D0%BE%D0%B4%D0%BE%D0%B6%D0%B5%D0%BD%D0%BE%D0%B2-%D0%BE%D0%B4%D0%BD%D0%B0%D0%B6%D0%B4%D1%8B-%D0%B2%D0%B5%D1%87%D0%B5%D1%80%D0%BE%D0%BC-%D0%BC%D1%83%D0%B6-%D1%80%D0%B5%D1%88%D0%B8%D0%BB/ HTTP/2.0" 200 13837 "https://baneks.site/%D0%BF%D0%B0%D1%80%D0%B0-%D0%BC%D0%BE%D0%BB%D0%BE%D0%B4%D0%BE%D0%B6%D0%B5%D0%BD%D0%BE%D0%B2-%D0%BE%D0%B4%D0%BD%D0%B0%D0%B6%D0%B4%D1%8B-%D0%B2%D0%B5%D1%87%D0%B5%D1%80%D0%BE%D0%BC-%D0%BC%D1%83%D0%B6-%D1%80%D0%B5%D1%88%D0%B8%D0%BB/" "Mozilla/5.0 (Linux; Android 8.0.0; G3116) AppleWebKit/537.36 (KHTML, like Gecko) Chrome/84.0.4147.89 Mobile Safari/537.36"
46.229.168.143 - - [22/Jul/2020:23:37:54 +0000] "GET /tag/%D1%83%D1%87%D0%B8%D1%82%D0%B5%D0%BB%D1%8C/?p=1 HTTP/1.1" 200 11403 "-" "Mozilla/5.0 (compatible; SemrushBot/6~bl; +http://www.semrush.com/bot.html)" "-"
46.229.168.143 - - [22/Jul/2020:23:37:54 +0000] "GET /tag/%D1%83%D1%87%D0%B8%D1%82%D0%B5%D0%BB%D1%8C/?p=1 HTTP/1.1" 200 11403 "-" "Mozilla/5.0 (compatible; SemrushBot/6~bl; +http://www.semrush.com/bot.html)"
66.249.68.62 - - [22/Jul/2020:23:37:59 +0000] "GET /%D0%B6%D0%B5%D0%BD%D0%B0-%D1%81-%D0%BC%D1%83%D0%B6%D0%B5%D0%BC-%D0%BA%D0%BE%D0%BF%D0%B8%D0%BB%D0%B8-%D0%B4%D0%B5%D0%BD%D1%8C%D0%B3%D0%B8-%D0%BD%D0%B0-%D0%BC%D0%B0%D1%88%D0%B8%D0%BD%D1%83-%D0%BD%D0%B0%D0%B7%D0%B0%D0%BD%D0%B8%D0%BC%D0%B0%D0%BB%D0%B8/?p=2 HTTP/1.1" 304 0 "-" "Mozilla/5.0 (Linux; Android 6.0.1; Nexus 5X Build/MMB29P) AppleWebKit/537.36 (KHTML, like Gecko) Chrome/80.0.3987.92 Mobile Safari/537.36 (compatible; Googlebot/2.1; +http://www.google.com/bot.html)" "-"
66.249.68.62 - - [22/Jul/2020:23:37:59 +0000] "GET /%D0%B6%D0%B5%D0%BD%D0%B0-%D1%81-%D0%BC%D1%83%D0%B6%D0%B5%D0%BC-%D0%BA%D0%BE%D0%BF%D0%B8%D0%BB%D0%B8-%D0%B4%D0%B5%D0%BD%D1%8C%D0%B3%D0%B8-%D0%BD%D0%B0-%D0%BC%D0%B0%D1%88%D0%B8%D0%BD%D1%83-%D0%BD%D0%B0%D0%B7%D0%B0%D0%BD%D0%B8%D0%BC%D0%B0%D0%BB%D0%B8/?p=2 HTTP/1.1" 304 0 "-" "Mozilla/5.0 (Linux; Android 6.0.1; Nexus 5X Build/MMB29P) AppleWebKit/537.36 (KHTML, like Gecko) Chrome/80.0.3987.92 Mobile Safari/537.36 (compatible; Googlebot/2.1; +http://www.google.com/bot.html)"
178.154.200.81 - - [22/Jul/2020:23:38:05 +0000] "GET /%D0%9F%D1%83%D1%82%D0%B8%D0%BD-%D1%81%D0%BF%D1%80%D0%B0%D1%88%D0%B8%D0%B2%D0%B0%D0%B5%D1%82-%D1%83-%D0%B2%D0%BD%D1%83%D0%BA%D0%B0-%D0%BA%D0%B5%D0%BC-%D1%85%D0%BE%D1%87%D0%B5%D1%88%D1%8C-%D1%81%D1%82%D0%B0%D1%82%D1%8C-%D0%BA%D0%BE%D0%B3%D0%B4%D0%B0/?p=2 HTTP/1.1" 200 11932 "-" "Mozilla/5.0 (compatible; YandexBot/3.0; +http://yandex.com/bots)" "-"
178.154.200.81 - - [22/Jul/2020:23:38:05 +0000] "GET /%D0%9F%D1%83%D1%82%D0%B8%D0%BD-%D1%81%D0%BF%D1%80%D0%B0%D1%88%D0%B8%D0%B2%D0%B0%D0%B5%D1%82-%D1%83-%D0%B2%D0%BD%D1%83%D0%BA%D0%B0-%D0%BA%D0%B5%D0%BC-%D1%85%D0%BE%D1%87%D0%B5%D1%88%D1%8C-%D1%81%D1%82%D0%B0%D1%82%D1%8C-%D0%BA%D0%BE%D0%B3%D0%B4%D0%B0/?p=2 HTTP/1.1" 200 11932 "-" "Mozilla/5.0 (compatible; YandexBot/3.0; +http://yandex.com/bots)"
178.151.94.4 - - [22/Jul/2020:23:38:06 +0000] "GET /tag/%D0%BC%D0%B0%D1%82%D0%B5%D0%BC%D0%B0%D1%82%D0%B8%D0%BA/?p=13 HTTP/2.0" 200 10572 "https://baneks.site/tag/%D0%BC%D0%B0%D1%82%D0%B5%D0%BC%D0%B0%D1%82%D0%B8%D0%BA/?p=12" "Mozilla/5.0 (Linux; Android 9; STK-LX1) AppleWebKit/537.36 (KHTML, like Gecko) Chrome/84.0.4147.89 Mobile Safari/537.36" "-"
178.151.94.4 - - [22/Jul/2020:23:38:06 +0000] "GET /tag/%D0%BC%D0%B0%D1%82%D0%B5%D0%BC%D0%B0%D1%82%D0%B8%D0%BA/?p=13 HTTP/2.0" 200 10572 "https://baneks.site/tag/%D0%BC%D0%B0%D1%82%D0%B5%D0%BC%D0%B0%D1%82%D0%B8%D0%BA/?p=12" "Mozilla/5.0 (Linux; Android 9; STK-LX1) AppleWebKit/537.36 (KHTML, like Gecko) Chrome/84.0.4147.89 Mobile Safari/537.36"
5.45.207.181 - - [22/Jul/2020:23:38:07 +0000] "GET /%D0%B8%D0%B4%D0%B5%D1%82-%D0%98%D0%B2%D0%B0%D0%BD-%D0%A6%D0%B0%D1%80%D0%B5%D0%B2%D0%B8%D1%87-%D0%BF%D0%BE-%D0%BB%D0%B5%D1%81%D1%83-%D0%B2%D0%B4%D1%80%D1%83%D0%B3-%D0%B2%D0%B8%D0%B4%D0%B8%D1%82-%D0%B2-%D1%82%D1%80%D0%B0%D0%B2%D0%B5/ HTTP/1.1" 200 13227 "-" "Mozilla/5.0 (compatible; YandexBot/3.0; +http://yandex.com/bots)" "-"
5.45.207.181 - - [22/Jul/2020:23:38:07 +0000] "GET /%D0%B8%D0%B4%D0%B5%D1%82-%D0%98%D0%B2%D0%B0%D0%BD-%D0%A6%D0%B0%D1%80%D0%B5%D0%B2%D0%B8%D1%87-%D0%BF%D0%BE-%D0%BB%D0%B5%D1%81%D1%83-%D0%B2%D0%B4%D1%80%D1%83%D0%B3-%D0%B2%D0%B8%D0%B4%D0%B8%D1%82-%D0%B2-%D1%82%D1%80%D0%B0%D0%B2%D0%B5/ HTTP/1.1" 200 13227 "-" "Mozilla/5.0 (compatible; YandexBot/3.0; +http://yandex.com/bots)"
46.229.168.133 - - [22/Jul/2020:23:38:14 +0000] "GET /%D0%9C%D0%B0%D1%82%D1%80%D0%BE%D1%81%D0%BA%D0%B8%D0%BD-%D1%83%D1%81%D1%8B-%D0%BB%D0%B0%D0%BF%D1%8B-%D1%85%D0%B2%D0%BE%D1%81%D1%82-%D0%B2%D0%BE%D1%82-%D0%BC%D0%BE%D0%B8-%D0%B4%D0%BE%D0%BA%D1%83%D0%BC%D0%B5%D0%BD%D1%82%D1%8B/?p=3 HTTP/1.1" 200 11123 "-" "Mozilla/5.0 (compatible; SemrushBot/6~bl; +http://www.semrush.com/bot.html)" "-"
46.229.168.133 - - [22/Jul/2020:23:38:14 +0000] "GET /%D0%9C%D0%B0%D1%82%D1%80%D0%BE%D1%81%D0%BA%D0%B8%D0%BD-%D1%83%D1%81%D1%8B-%D0%BB%D0%B0%D0%BF%D1%8B-%D1%85%D0%B2%D0%BE%D1%81%D1%82-%D0%B2%D0%BE%D1%82-%D0%BC%D0%BE%D0%B8-%D0%B4%D0%BE%D0%BA%D1%83%D0%BC%D0%B5%D0%BD%D1%82%D1%8B/?p=3 HTTP/1.1" 200 11123 "-" "Mozilla/5.0 (compatible; SemrushBot/6~bl; +http://www.semrush.com/bot.html)"
54.36.148.90 - - [22/Jul/2020:23:38:18 +0000] "GET /there-once-was-a-guy-named-Dave/?p=2 HTTP/2.0" 200 12904 "-" "Mozilla/5.0 (compatible; AhrefsBot/6.1; +http://ahrefs.com/robot/)" "-"
54.36.148.90 - - [22/Jul/2020:23:38:18 +0000] "GET /there-once-was-a-guy-named-Dave/?p=2 HTTP/2.0" 200 12904 "-" "Mozilla/5.0 (compatible; AhrefsBot/6.1; +http://ahrefs.com/robot/)"
46.229.168.161 - - [22/Jul/2020:23:38:25 +0000] "GET /%D0%BA%D0%BE%D0%BB%D1%85%D0%BE%D0%B7%D0%BD%D0%BE%D0%B5-%D1%81%D0%BE%D0%B1%D1%80%D0%B0%D0%BD%D0%B8%D0%B5-%D0%BD%D0%B0%D1%87%D0%B0%D1%82%D1%8C-%D0%B2%D1%81%D0%B5-%D0%BD%D0%B8%D0%BA%D0%B0%D0%BA-%D0%BD%D0%B5-%D0%BC%D0%BE%D0%B3%D1%83%D1%82/?p=2 HTTP/1.1" 200 8485 "-" "Mozilla/5.0 (compatible; SemrushBot/6~bl; +http://www.semrush.com/bot.html)" "-"
46.229.168.161 - - [22/Jul/2020:23:38:25 +0000] "GET /%D0%BA%D0%BE%D0%BB%D1%85%D0%BE%D0%B7%D0%BD%D0%BE%D0%B5-%D1%81%D0%BE%D0%B1%D1%80%D0%B0%D0%BD%D0%B8%D0%B5-%D0%BD%D0%B0%D1%87%D0%B0%D1%82%D1%8C-%D0%B2%D1%81%D0%B5-%D0%BD%D0%B8%D0%BA%D0%B0%D0%BA-%D0%BD%D0%B5-%D0%BC%D0%BE%D0%B3%D1%83%D1%82/?p=2 HTTP/1.1" 200 8485 "-" "Mozilla/5.0 (compatible; SemrushBot/6~bl; +http://www.semrush.com/bot.html)"
178.151.94.4 - - [22/Jul/2020:23:38:26 +0000] "GET /%D1%80%D0%B0%D0%B7%D0%B3%D0%BE%D0%B2%D0%B0%D1%80%D0%B8%D0%B2%D0%B0%D1%8E%D1%82-%D0%B4%D0%B2%D0%B5-%D0%BF%D0%BE%D0%B4%D1%80%D1%83%D0%B3%D0%B8/ HTTP/2.0" 200 12838 "https://baneks.site/tag/%D0%BC%D0%B0%D1%82%D0%B5%D0%BC%D0%B0%D1%82%D0%B8%D0%BA/?p=13" "Mozilla/5.0 (Linux; Android 9; STK-LX1) AppleWebKit/537.36 (KHTML, like Gecko) Chrome/84.0.4147.89 Mobile Safari/537.36" "-"
178.151.94.4 - - [22/Jul/2020:23:38:26 +0000] "GET /%D1%80%D0%B0%D0%B7%D0%B3%D0%BE%D0%B2%D0%B0%D1%80%D0%B8%D0%B2%D0%B0%D1%8E%D1%82-%D0%B4%D0%B2%D0%B5-%D0%BF%D0%BE%D0%B4%D1%80%D1%83%D0%B3%D0%B8/ HTTP/2.0" 200 12838 "https://baneks.site/tag/%D0%BC%D0%B0%D1%82%D0%B5%D0%BC%D0%B0%D1%82%D0%B8%D0%BA/?p=13" "Mozilla/5.0 (Linux; Android 9; STK-LX1) AppleWebKit/537.36 (KHTML, like Gecko) Chrome/84.0.4147.89 Mobile Safari/537.36"
178.154.200.81 - - [22/Jul/2020:23:38:35 +0000] "GET /atom/ HTTP/1.1" 200 20080 "-" "Mozilla/5.0 (compatible; YandexBot/3.0; +http://yandex.com/bots)" "-"
178.154.200.81 - - [22/Jul/2020:23:38:35 +0000] "GET /atom/ HTTP/1.1" 200 20080 "-" "Mozilla/5.0 (compatible; YandexBot/3.0; +http://yandex.com/bots)"
178.151.94.4 - - [22/Jul/2020:23:38:35 +0000] "GET /tag/%D0%BC%D0%B0%D1%82%D0%B5%D0%BC%D0%B0%D1%82%D0%B8%D0%BA/?p=14 HTTP/2.0" 200 10891 "https://baneks.site/tag/%D0%BC%D0%B0%D1%82%D0%B5%D0%BC%D0%B0%D1%82%D0%B8%D0%BA/?p=13" "Mozilla/5.0 (Linux; Android 9; STK-LX1) AppleWebKit/537.36 (KHTML, like Gecko) Chrome/84.0.4147.89 Mobile Safari/537.36" "-"
178.151.94.4 - - [22/Jul/2020:23:38:35 +0000] "GET /tag/%D0%BC%D0%B0%D1%82%D0%B5%D0%BC%D0%B0%D1%82%D0%B8%D0%BA/?p=14 HTTP/2.0" 200 10891 "https://baneks.site/tag/%D0%BC%D0%B0%D1%82%D0%B5%D0%BC%D0%B0%D1%82%D0%B8%D0%BA/?p=13" "Mozilla/5.0 (Linux; Android 9; STK-LX1) AppleWebKit/537.36 (KHTML, like Gecko) Chrome/84.0.4147.89 Mobile Safari/537.36"
46.229.168.146 - - [22/Jul/2020:23:38:36 +0000] "GET /%D0%B2-%D1%87%D1%91%D0%BC-%D1%80%D0%B0%D0%B7%D0%BD%D0%B8%D1%86%D0%B0-%D0%BC%D0%B5%D0%B6%D0%B4%D1%83-%D0%B6%D0%B8%D0%B7%D0%BD%D1%8C%D1%8E-%D0%B8-%D1%85%D1%83%D0%B5%D0%BC/ HTTP/1.1" 200 12083 "-" "Mozilla/5.0 (compatible; SemrushBot/6~bl; +http://www.semrush.com/bot.html)" "-"
46.229.168.146 - - [22/Jul/2020:23:38:36 +0000] "GET /%D0%B2-%D1%87%D1%91%D0%BC-%D1%80%D0%B0%D0%B7%D0%BD%D0%B8%D1%86%D0%B0-%D0%BC%D0%B5%D0%B6%D0%B4%D1%83-%D0%B6%D0%B8%D0%B7%D0%BD%D1%8C%D1%8E-%D0%B8-%D1%85%D1%83%D0%B5%D0%BC/ HTTP/1.1" 200 12083 "-" "Mozilla/5.0 (compatible; SemrushBot/6~bl; +http://www.semrush.com/bot.html)"
