66.249.68.12 - - [20/Sep/2020:22:11:20 +0000] "GET /%D0%BC%D0%B0%D0%BB%D0%B5%D0%BD%D1%8C%D0%BA%D0%B8%D0%B9-%D0%BC%D0%B0%D0%BB%D1%8C%D1%87%D0%B8%D0%BA-%D0%BF%D0%BE-%D0%B8%D0%BC%D0%B5%D0%BD%D0%B8-%D0%9D%D1%83%D1%80%D0%B1%D0%B5%D0%BA-%D0%B6%D0%B8%D0%BB-%D0%B2-%D0%BD%D0%B5%D0%B1%D0%BE%D0%BB%D1%8C%D1%88%D0%BE%D0%B9/?p=2 HTTP/1.1" 304 0 "-" "Mozilla/5.0 (Linux; Android 6.0.1; Nexus 5X Build/MMB29P) AppleWebKit/537.36 (KHTML, like Gecko) Chrome/85.0.4183.110 Mobile Safari/537.36 (compatible; Googlebot/2.1; +http://www.google.com/bot.html)" "-"
66.249.68.12 - - [20/Sep/2020:22:11:20 +0000] "GET /%D0%BC%D0%B0%D0%BB%D0%B5%D0%BD%D1%8C%D0%BA%D0%B8%D0%B9-%D0%BC%D0%B0%D0%BB%D1%8C%D1%87%D0%B8%D0%BA-%D0%BF%D0%BE-%D0%B8%D0%BC%D0%B5%D0%BD%D0%B8-%D0%9D%D1%83%D1%80%D0%B1%D0%B5%D0%BA-%D0%B6%D0%B8%D0%BB-%D0%B2-%D0%BD%D0%B5%D0%B1%D0%BE%D0%BB%D1%8C%D1%88%D0%BE%D0%B9/?p=2 HTTP/1.1" 304 0 "-" "Mozilla/5.0 (Linux; Android 6.0.1; Nexus 5X Build/MMB29P) AppleWebKit/537.36 (KHTML, like Gecko) Chrome/85.0.4183.110 Mobile Safari/537.36 (compatible; Googlebot/2.1; +http://www.google.com/bot.html)"
141.8.142.75 - - [20/Sep/2020:22:11:26 +0000] "GET /%D1%81%D1%80%D1%83%D0%B1%D0%B8%D0%BB-%D0%94%D0%BE%D0%B1%D1%80%D1%8B%D0%BD%D1%8F-%D0%B3%D0%BE%D0%BB%D0%BE%D0%B2%D1%83-%D0%97%D0%BC%D0%B5%D1%8E-%D0%93%D0%BE%D1%80%D1%8B%D0%BD%D1%8B%D1%87%D1%83-%D0%B0-%D1%83-%D1%82%D0%BE%D0%B3%D0%BE/ HTTP/1.1" 200 13969 "-" "Mozilla/5.0 (compatible; YandexBot/3.0; +http://yandex.com/bots)" "-"
141.8.142.75 - - [20/Sep/2020:22:11:26 +0000] "GET /%D1%81%D1%80%D1%83%D0%B1%D0%B8%D0%BB-%D0%94%D0%BE%D0%B1%D1%80%D1%8B%D0%BD%D1%8F-%D0%B3%D0%BE%D0%BB%D0%BE%D0%B2%D1%83-%D0%97%D0%BC%D0%B5%D1%8E-%D0%93%D0%BE%D1%80%D1%8B%D0%BD%D1%8B%D1%87%D1%83-%D0%B0-%D1%83-%D1%82%D0%BE%D0%B3%D0%BE/ HTTP/1.1" 200 13969 "-" "Mozilla/5.0 (compatible; YandexBot/3.0; +http://yandex.com/bots)"
185.191.171.25 - - [20/Sep/2020:22:11:32 +0000] "GET /tag/%D1%81%D0%B5%D0%BA%D1%81/?p=92 HTTP/1.1" 200 11445 "-" "Mozilla/5.0 (compatible; SemrushBot/6~bl; +http://www.semrush.com/bot.html)" "-"
185.191.171.25 - - [20/Sep/2020:22:11:32 +0000] "GET /tag/%D1%81%D0%B5%D0%BA%D1%81/?p=92 HTTP/1.1" 200 11445 "-" "Mozilla/5.0 (compatible; SemrushBot/6~bl; +http://www.semrush.com/bot.html)"
157.55.39.238 - - [20/Sep/2020:22:11:36 +0000] "GET /%D0%B7%D0%B0%D1%85%D0%BE%D0%B4%D0%B8%D1%82-%D0%9A%D0%B8%D0%BF%D0%B5%D0%BB%D0%BE%D0%B2-%D0%B2-%D0%BE%D0%B1%D1%89%D0%B5%D1%81%D1%82%D0%B2%D0%B5%D0%BD%D0%BD%D1%8B%D0%B9-%D1%82%D1%83%D0%B0%D0%BB%D0%B5%D1%82-%D0%B0-%D0%BE%D0%BD/ HTTP/1.1" 200 16713 "-" "Mozilla/5.0 (compatible; bingbot/2.0; +http://www.bing.com/bingbot.htm)" "-"
157.55.39.238 - - [20/Sep/2020:22:11:36 +0000] "GET /%D0%B7%D0%B0%D1%85%D0%BE%D0%B4%D0%B8%D1%82-%D0%9A%D0%B8%D0%BF%D0%B5%D0%BB%D0%BE%D0%B2-%D0%B2-%D0%BE%D0%B1%D1%89%D0%B5%D1%81%D1%82%D0%B2%D0%B5%D0%BD%D0%BD%D1%8B%D0%B9-%D1%82%D1%83%D0%B0%D0%BB%D0%B5%D1%82-%D0%B0-%D0%BE%D0%BD/ HTTP/1.1" 200 16713 "-" "Mozilla/5.0 (compatible; bingbot/2.0; +http://www.bing.com/bingbot.htm)"
216.244.66.248 - - [20/Sep/2020:22:11:46 +0000] "GET /tag/%D0%BC%D1%83%D0%B6%D0%B8%D0%BA/?p=91 HTTP/1.1" 200 64658 "-" "Mozilla/5.0 (compatible; DotBot/1.1; http://www.opensiteexplorer.org/dotbot, help@moz.com)" "-"
216.244.66.248 - - [20/Sep/2020:22:11:46 +0000] "GET /tag/%D0%BC%D1%83%D0%B6%D0%B8%D0%BA/?p=91 HTTP/1.1" 200 64658 "-" "Mozilla/5.0 (compatible; DotBot/1.1; http://www.opensiteexplorer.org/dotbot, help@moz.com)"
141.8.142.75 - - [20/Sep/2020:22:11:47 +0000] "GET /%D0%B2-%D0%A7%D0%B5%D0%BB%D1%8F%D0%B1%D0%B8%D0%BD%D1%81%D0%BA%D0%B5-%D0%BF%D0%B0%D1%80%D0%B5%D0%BD%D1%8C-%D0%BF%D1%80%D0%B8%D0%B7%D0%BD%D0%B0%D0%BB%D1%81%D1%8F-%D0%BE%D1%82%D1%86%D1%83-%D1%87%D1%82%D0%BE-%D0%BE%D0%BD-%D0%B3%D0%B5%D0%B9/ HTTP/1.1" 200 12920 "-" "Mozilla/5.0 (compatible; YandexBot/3.0; +http://yandex.com/bots)" "-"
141.8.142.75 - - [20/Sep/2020:22:11:47 +0000] "GET /%D0%B2-%D0%A7%D0%B5%D0%BB%D1%8F%D0%B1%D0%B8%D0%BD%D1%81%D0%BA%D0%B5-%D0%BF%D0%B0%D1%80%D0%B5%D0%BD%D1%8C-%D0%BF%D1%80%D0%B8%D0%B7%D0%BD%D0%B0%D0%BB%D1%81%D1%8F-%D0%BE%D1%82%D1%86%D1%83-%D1%87%D1%82%D0%BE-%D0%BE%D0%BD-%D0%B3%D0%B5%D0%B9/ HTTP/1.1" 200 12920 "-" "Mozilla/5.0 (compatible; YandexBot/3.0; +http://yandex.com/bots)"
185.191.171.15 - - [20/Sep/2020:22:11:48 +0000] "GET /%D0%BF%D0%BE%D1%81%D0%BB%D0%B5-%D1%83%D0%B4%D0%B0%D1%87%D0%BD%D0%BE%D0%B3%D0%BE-%D0%B4%D0%BD%D1%8F-%D0%B2p%D0%B0%D1%87-%D0%B2%D0%BE%D0%B7%D0%B2p%D0%B0%D1%89%D0%B0%D0%B5%D1%82%D1%81%D1%8F-%D0%B4%D0%BE%D0%BC%D0%BE%D0%B9-%D0%B2/?p=3 HTTP/1.1" 200 10526 "-" "Mozilla/5.0 (compatible; SemrushBot/6~bl; +http://www.semrush.com/bot.html)" "-"
185.191.171.15 - - [20/Sep/2020:22:11:48 +0000] "GET /%D0%BF%D0%BE%D1%81%D0%BB%D0%B5-%D1%83%D0%B4%D0%B0%D1%87%D0%BD%D0%BE%D0%B3%D0%BE-%D0%B4%D0%BD%D1%8F-%D0%B2p%D0%B0%D1%87-%D0%B2%D0%BE%D0%B7%D0%B2p%D0%B0%D1%89%D0%B0%D0%B5%D1%82%D1%81%D1%8F-%D0%B4%D0%BE%D0%BC%D0%BE%D0%B9-%D0%B2/?p=3 HTTP/1.1" 200 10526 "-" "Mozilla/5.0 (compatible; SemrushBot/6~bl; +http://www.semrush.com/bot.html)"
141.8.142.75 - - [20/Sep/2020:22:11:52 +0000] "GET /%D1%81%D1%80%D1%83%D0%B1%D0%B8%D0%BB-%D0%94%D0%BE%D0%B1%D1%80%D1%8B%D0%BD%D1%8F-%D0%B3%D0%BE%D0%BB%D0%BE%D0%B2%D1%83-%D0%97%D0%BC%D0%B5%D1%8E-%D0%93%D0%BE%D1%80%D1%8B%D0%BD%D1%8B%D1%87%D1%83-%D0%B0-%D1%83-%D1%82%D0%BE%D0%B3%D0%BE/?p=2 HTTP/1.1" 200 12323 "-" "Mozilla/5.0 (compatible; YandexBot/3.0; +http://yandex.com/bots)" "-"
141.8.142.75 - - [20/Sep/2020:22:11:52 +0000] "GET /%D1%81%D1%80%D1%83%D0%B1%D0%B8%D0%BB-%D0%94%D0%BE%D0%B1%D1%80%D1%8B%D0%BD%D1%8F-%D0%B3%D0%BE%D0%BB%D0%BE%D0%B2%D1%83-%D0%97%D0%BC%D0%B5%D1%8E-%D0%93%D0%BE%D1%80%D1%8B%D0%BD%D1%8B%D1%87%D1%83-%D0%B0-%D1%83-%D1%82%D0%BE%D0%B3%D0%BE/?p=2 HTTP/1.1" 200 12323 "-" "Mozilla/5.0 (compatible; YandexBot/3.0; +http://yandex.com/bots)"
213.180.203.16 - - [20/Sep/2020:22:11:54 +0000] "GET /best/ HTTP/1.1" 200 16828 "-" "Mozilla/5.0 (compatible; YandexBot/3.0; +http://yandex.com/bots)" "-"
213.180.203.16 - - [20/Sep/2020:22:11:54 +0000] "GET /best/ HTTP/1.1" 200 16828 "-" "Mozilla/5.0 (compatible; YandexBot/3.0; +http://yandex.com/bots)"
66.249.68.10 - - [20/Sep/2020:22:11:59 +0000] "GET /%D0%B7%D0%B0%D1%85%D0%BE%D0%B4%D0%B8%D1%82-%D0%BA%D0%B0%D0%BA-%D1%82%D0%BE-%D1%81%D0%BA%D0%B5%D0%BB%D0%B5%D1%82-%D0%B2-%D0%B1%D0%B0%D1%80-%D0%B8-%D0%B7%D0%B0%D0%BA%D0%B0%D0%B7%D1%8B%D0%B2%D0%B0%D0%B5%D1%82/ HTTP/1.1" 304 0 "-" "Mozilla/5.0 (Linux; Android 6.0.1; Nexus 5X Build/MMB29P) AppleWebKit/537.36 (KHTML, like Gecko) Chrome/85.0.4183.110 Mobile Safari/537.36 (compatible; Googlebot/2.1; +http://www.google.com/bot.html)" "-"
66.249.68.10 - - [20/Sep/2020:22:11:59 +0000] "GET /%D0%B7%D0%B0%D1%85%D0%BE%D0%B4%D0%B8%D1%82-%D0%BA%D0%B0%D0%BA-%D1%82%D0%BE-%D1%81%D0%BA%D0%B5%D0%BB%D0%B5%D1%82-%D0%B2-%D0%B1%D0%B0%D1%80-%D0%B8-%D0%B7%D0%B0%D0%BA%D0%B0%D0%B7%D1%8B%D0%B2%D0%B0%D0%B5%D1%82/ HTTP/1.1" 304 0 "-" "Mozilla/5.0 (Linux; Android 6.0.1; Nexus 5X Build/MMB29P) AppleWebKit/537.36 (KHTML, like Gecko) Chrome/85.0.4183.110 Mobile Safari/537.36 (compatible; Googlebot/2.1; +http://www.google.com/bot.html)"
93.185.19.49 - - [20/Sep/2020:22:12:01 +0000] "GET /random HTTP/2.0" 302 0 "https://baneks.site/%D0%B4%D0%B2%D0%B0-%D0%BC%D1%83%D0%B6%D0%B8%D0%BA%D0%B0-%D0%B2%D1%81%D1%82%D1%80%D0%B5%D1%87%D0%B0%D1%8E%D1%82%D1%81%D1%8F-%D0%B2-%D0%B1%D0%B0%D0%BD%D0%B5-%D0%BF%D1%80%D0%B8%D1%87%D0%B5%D0%BC-%D1%83-%D0%BE%D0%B4%D0%BD%D0%BE%D0%B3%D0%BE-%D1%87%D0%BB%D0%B5%D0%BD/" "Mozilla/5.0 (Windows NT 6.1) AppleWebKit/537.36 (KHTML, like Gecko) Chrome/84.0.4147.135 Safari/537.36" "-"
93.185.19.49 - - [20/Sep/2020:22:12:01 +0000] "GET /random HTTP/2.0" 302 0 "https://baneks.site/%D0%B4%D0%B2%D0%B0-%D0%BC%D1%83%D0%B6%D0%B8%D0%BA%D0%B0-%D0%B2%D1%81%D1%82%D1%80%D0%B5%D1%87%D0%B0%D1%8E%D1%82%D1%81%D1%8F-%D0%B2-%D0%B1%D0%B0%D0%BD%D0%B5-%D0%BF%D1%80%D0%B8%D1%87%D0%B5%D0%BC-%D1%83-%D0%BE%D0%B4%D0%BD%D0%BE%D0%B3%D0%BE-%D1%87%D0%BB%D0%B5%D0%BD/" "Mozilla/5.0 (Windows NT 6.1) AppleWebKit/537.36 (KHTML, like Gecko) Chrome/84.0.4147.135 Safari/537.36"
93.185.19.49 - - [20/Sep/2020:22:12:01 +0000] "GET /%D1%83%D1%87%D0%B8%D1%82%D0%B5%D0%BB%D1%8C-%D1%84%D0%B8%D0%B7%D0%BA%D1%83%D0%BB%D1%8C%D1%82%D1%83%D1%80%D1%8B-%D0%92%D0%BB%D0%B0%D0%B4%D0%B8%D0%BC%D0%B8%D1%80-%D0%9C%D0%B8%D1%80%D0%BE%D1%81%D0%BB%D0%B0%D0%B2%D0%BE%D0%B2%D0%B8%D1%87-%D1%80%D0%B0%D0%B7%D1%80%D0%B5%D1%88%D0%B8%D0%BB/ HTTP/2.0" 200 13623 "https://baneks.site/%D0%B4%D0%B2%D0%B0-%D0%BC%D1%83%D0%B6%D0%B8%D0%BA%D0%B0-%D0%B2%D1%81%D1%82%D1%80%D0%B5%D1%87%D0%B0%D1%8E%D1%82%D1%81%D1%8F-%D0%B2-%D0%B1%D0%B0%D0%BD%D0%B5-%D0%BF%D1%80%D0%B8%D1%87%D0%B5%D0%BC-%D1%83-%D0%BE%D0%B4%D0%BD%D0%BE%D0%B3%D0%BE-%D1%87%D0%BB%D0%B5%D0%BD/" "Mozilla/5.0 (Windows NT 6.1) AppleWebKit/537.36 (KHTML, like Gecko) Chrome/84.0.4147.135 Safari/537.36" "-"
93.185.19.49 - - [20/Sep/2020:22:12:01 +0000] "GET /%D1%83%D1%87%D0%B8%D1%82%D0%B5%D0%BB%D1%8C-%D1%84%D0%B8%D0%B7%D0%BA%D1%83%D0%BB%D1%8C%D1%82%D1%83%D1%80%D1%8B-%D0%92%D0%BB%D0%B0%D0%B4%D0%B8%D0%BC%D0%B8%D1%80-%D0%9C%D0%B8%D1%80%D0%BE%D1%81%D0%BB%D0%B0%D0%B2%D0%BE%D0%B2%D0%B8%D1%87-%D1%80%D0%B0%D0%B7%D1%80%D0%B5%D1%88%D0%B8%D0%BB/ HTTP/2.0" 200 13623 "https://baneks.site/%D0%B4%D0%B2%D0%B0-%D0%BC%D1%83%D0%B6%D0%B8%D0%BA%D0%B0-%D0%B2%D1%81%D1%82%D1%80%D0%B5%D1%87%D0%B0%D1%8E%D1%82%D1%81%D1%8F-%D0%B2-%D0%B1%D0%B0%D0%BD%D0%B5-%D0%BF%D1%80%D0%B8%D1%87%D0%B5%D0%BC-%D1%83-%D0%BE%D0%B4%D0%BD%D0%BE%D0%B3%D0%BE-%D1%87%D0%BB%D0%B5%D0%BD/" "Mozilla/5.0 (Windows NT 6.1) AppleWebKit/537.36 (KHTML, like Gecko) Chrome/84.0.4147.135 Safari/537.36"
185.191.171.5 - - [20/Sep/2020:22:12:02 +0000] "GET /%D0%BF%D1%80%D0%BE%D0%B4%D0%BE%D0%BB%D0%B6%D0%B8-%D0%B0%D0%BD%D0%B5%D0%BA-%D0%B7%D0%B0%D1%85%D0%BE%D0%B4%D0%B8%D1%82-%D0%90%D0%BB%D0%B5%D0%BA%D1%81%D0%B5%D0%B9-%D0%92%D0%B8%D0%BB%D1%8C%D0%BD%D1%8E%D1%81%D0%BE%D0%B2-%D0%B2-%D1%81%D0%B2%D0%BE%D0%B9/?p=4 HTTP/1.1" 200 14262 "-" "Mozilla/5.0 (compatible; SemrushBot/6~bl; +http://www.semrush.com/bot.html)" "-"
185.191.171.5 - - [20/Sep/2020:22:12:02 +0000] "GET /%D0%BF%D1%80%D0%BE%D0%B4%D0%BE%D0%BB%D0%B6%D0%B8-%D0%B0%D0%BD%D0%B5%D0%BA-%D0%B7%D0%B0%D1%85%D0%BE%D0%B4%D0%B8%D1%82-%D0%90%D0%BB%D0%B5%D0%BA%D1%81%D0%B5%D0%B9-%D0%92%D0%B8%D0%BB%D1%8C%D0%BD%D1%8E%D1%81%D0%BE%D0%B2-%D0%B2-%D1%81%D0%B2%D0%BE%D0%B9/?p=4 HTTP/1.1" 200 14262 "-" "Mozilla/5.0 (compatible; SemrushBot/6~bl; +http://www.semrush.com/bot.html)"
109.252.80.16 - - [20/Sep/2020:22:12:03 +0000] "GET /%D0%BF%D1%80%D0%B8%D1%88%D0%B5%D0%BB-%D0%BC%D1%83%D0%B6%D0%B8%D0%BA-%D0%BA%D0%B0%D0%BA-%D1%82%D0%BE-%D0%BD%D0%B0-%D0%BF%D0%BB%D1%8F%D0%B6-%D0%BF%D0%BE%D0%B7%D0%B0%D0%B3%D0%BE%D1%80%D0%B0%D1%82%D1%8C-%D1%80%D0%B5%D1%88%D0%B8%D0%BB-%D0%BB%D0%B5%D0%B3/ HTTP/2.0" 200 13729 "https://www.google.com/" "Mozilla/5.0 (Linux; Android 8.1.0; Redmi 5 Plus) AppleWebKit/537.36 (KHTML, like Gecko) Chrome/85.0.4183.101 Mobile Safari/537.36" "-"
109.252.80.16 - - [20/Sep/2020:22:12:03 +0000] "GET /%D0%BF%D1%80%D0%B8%D1%88%D0%B5%D0%BB-%D0%BC%D1%83%D0%B6%D0%B8%D0%BA-%D0%BA%D0%B0%D0%BA-%D1%82%D0%BE-%D0%BD%D0%B0-%D0%BF%D0%BB%D1%8F%D0%B6-%D0%BF%D0%BE%D0%B7%D0%B0%D0%B3%D0%BE%D1%80%D0%B0%D1%82%D1%8C-%D1%80%D0%B5%D1%88%D0%B8%D0%BB-%D0%BB%D0%B5%D0%B3/ HTTP/2.0" 200 13729 "https://www.google.com/" "Mozilla/5.0 (Linux; Android 8.1.0; Redmi 5 Plus) AppleWebKit/537.36 (KHTML, like Gecko) Chrome/85.0.4183.101 Mobile Safari/537.36"
45.32.151.21 - - [20/Sep/2020:22:12:04 +0000] "GET / HTTP/1.1" 200 4615 "-" "Mozilla/5.0 (Windows NT 6.2; WOW64) AppleWebKit/537.4 (KHTML, like Gecko) Chrome/98 Safari/537.4 (StatusCake)" "-"
45.32.151.21 - - [20/Sep/2020:22:12:04 +0000] "GET / HTTP/1.1" 200 4615 "-" "Mozilla/5.0 (Windows NT 6.2; WOW64) AppleWebKit/537.4 (KHTML, like Gecko) Chrome/98 Safari/537.4 (StatusCake)"
157.55.39.241 - - [20/Sep/2020:22:12:05 +0000] "GET /%D0%BC%D0%BE%D1%85-%D0%BF%D0%BE%D0%BC%D0%BE%D0%B3-%D0%B3%D1%80%D1%83%D0%BF%D0%BF%D0%B5-%D0%B3%D1%80%D0%B8%D0%B1%D0%BD%D0%B8%D0%BA%D0%BE%D0%B2-%D0%BD%D0%B5-%D0%BF%D0%BE%D1%82%D0%B5%D1%80%D1%8F%D1%82%D1%8C%D1%81%D1%8F-%D0%B2-%D0%BB%D0%B5%D1%81%D1%83-%D0%B0/ HTTP/1.1" 200 12579 "-" "Mozilla/5.0 (compatible; bingbot/2.0; +http://www.bing.com/bingbot.htm)" "-"
157.55.39.241 - - [20/Sep/2020:22:12:05 +0000] "GET /%D0%BC%D0%BE%D1%85-%D0%BF%D0%BE%D0%BC%D0%BE%D0%B3-%D0%B3%D1%80%D1%83%D0%BF%D0%BF%D0%B5-%D0%B3%D1%80%D0%B8%D0%B1%D0%BD%D0%B8%D0%BA%D0%BE%D0%B2-%D0%BD%D0%B5-%D0%BF%D0%BE%D1%82%D0%B5%D1%80%D1%8F%D1%82%D1%8C%D1%81%D1%8F-%D0%B2-%D0%BB%D0%B5%D1%81%D1%83-%D0%B0/ HTTP/1.1" 200 12579 "-" "Mozilla/5.0 (compatible; bingbot/2.0; +http://www.bing.com/bingbot.htm)"
46.98.135.97 - - [20/Sep/2020:22:12:08 +0000] "GET /%D0%BE%D1%82-%D0%BC%D1%83%D0%B6%D0%B8%D0%BA%D0%B0-%D1%83%D1%88%D0%BB%D0%B0-%D0%B6%D0%B5%D0%BD%D0%B0-%D0%B5%D0%B4%D0%B5%D1%82-%D0%BE%D0%BD-%D0%B2-%D0%BC%D0%B0%D1%88%D0%B8%D0%BD%D0%B5-%D1%80%D0%B0%D1%81%D1%81%D1%82%D1%80%D0%BE%D0%B5%D0%BD%D0%BD%D1%8B%D0%B9/ HTTP/2.0" 200 14881 "https://www.google.com/" "Mozilla/5.0 (Linux; Android 8.0.0; SM-A320F) AppleWebKit/537.36 (KHTML, like Gecko) Chrome/84.0.4147.125 Mobile Safari/537.36" "-"
46.98.135.97 - - [20/Sep/2020:22:12:08 +0000] "GET /%D0%BE%D1%82-%D0%BC%D1%83%D0%B6%D0%B8%D0%BA%D0%B0-%D1%83%D1%88%D0%BB%D0%B0-%D0%B6%D0%B5%D0%BD%D0%B0-%D0%B5%D0%B4%D0%B5%D1%82-%D0%BE%D0%BD-%D0%B2-%D0%BC%D0%B0%D1%88%D0%B8%D0%BD%D0%B5-%D1%80%D0%B0%D1%81%D1%81%D1%82%D1%80%D0%BE%D0%B5%D0%BD%D0%BD%D1%8B%D0%B9/ HTTP/2.0" 200 14881 "https://www.google.com/" "Mozilla/5.0 (Linux; Android 8.0.0; SM-A320F) AppleWebKit/537.36 (KHTML, like Gecko) Chrome/84.0.4147.125 Mobile Safari/537.36"
93.185.19.49 - - [20/Sep/2020:22:12:09 +0000] "GET /random HTTP/2.0" 302 0 "https://baneks.site/%D1%83%D1%87%D0%B8%D1%82%D0%B5%D0%BB%D1%8C-%D1%84%D0%B8%D0%B7%D0%BA%D1%83%D0%BB%D1%8C%D1%82%D1%83%D1%80%D1%8B-%D0%92%D0%BB%D0%B0%D0%B4%D0%B8%D0%BC%D0%B8%D1%80-%D0%9C%D0%B8%D1%80%D0%BE%D1%81%D0%BB%D0%B0%D0%B2%D0%BE%D0%B2%D0%B8%D1%87-%D1%80%D0%B0%D0%B7%D1%80%D0%B5%D1%88%D0%B8%D0%BB/" "Mozilla/5.0 (Windows NT 6.1) AppleWebKit/537.36 (KHTML, like Gecko) Chrome/84.0.4147.135 Safari/537.36" "-"
93.185.19.49 - - [20/Sep/2020:22:12:09 +0000] "GET /random HTTP/2.0" 302 0 "https://baneks.site/%D1%83%D1%87%D0%B8%D1%82%D0%B5%D0%BB%D1%8C-%D1%84%D0%B8%D0%B7%D0%BA%D1%83%D0%BB%D1%8C%D1%82%D1%83%D1%80%D1%8B-%D0%92%D0%BB%D0%B0%D0%B4%D0%B8%D0%BC%D0%B8%D1%80-%D0%9C%D0%B8%D1%80%D0%BE%D1%81%D0%BB%D0%B0%D0%B2%D0%BE%D0%B2%D0%B8%D1%87-%D1%80%D0%B0%D0%B7%D1%80%D0%B5%D1%88%D0%B8%D0%BB/" "Mozilla/5.0 (Windows NT 6.1) AppleWebKit/537.36 (KHTML, like Gecko) Chrome/84.0.4147.135 Safari/537.36"
93.185.19.49 - - [20/Sep/2020:22:12:09 +0000] "GET /%D0%BE%D0%B4%D0%BD%D0%BE%D0%BD%D0%BE%D0%B3%D0%B0%D1%8F-%D1%81%D0%BE%D0%B1%D0%B0%D1%87%D0%BA%D0%B0-%D0%BF%D0%BE%D0%B4%D0%BD%D1%8F%D0%BB%D0%B0-%D0%BD%D0%BE%D0%B6%D0%BA%D1%83-%D1%87%D1%82%D0%BE%D0%B1%D1%8B-%D0%BF%D0%BE%D0%BF%D0%B8%D1%81%D0%B8%D1%82%D1%8C-%D0%B8/ HTTP/2.0" 200 13136 "https://baneks.site/%D1%83%D1%87%D0%B8%D1%82%D0%B5%D0%BB%D1%8C-%D1%84%D0%B8%D0%B7%D0%BA%D1%83%D0%BB%D1%8C%D1%82%D1%83%D1%80%D1%8B-%D0%92%D0%BB%D0%B0%D0%B4%D0%B8%D0%BC%D0%B8%D1%80-%D0%9C%D0%B8%D1%80%D0%BE%D1%81%D0%BB%D0%B0%D0%B2%D0%BE%D0%B2%D0%B8%D1%87-%D1%80%D0%B0%D0%B7%D1%80%D0%B5%D1%88%D0%B8%D0%BB/" "Mozilla/5.0 (Windows NT 6.1) AppleWebKit/537.36 (KHTML, like Gecko) Chrome/84.0.4147.135 Safari/537.36" "-"
93.185.19.49 - - [20/Sep/2020:22:12:09 +0000] "GET /%D0%BE%D0%B4%D0%BD%D0%BE%D0%BD%D0%BE%D0%B3%D0%B0%D1%8F-%D1%81%D0%BE%D0%B1%D0%B0%D1%87%D0%BA%D0%B0-%D0%BF%D0%BE%D0%B4%D0%BD%D1%8F%D0%BB%D0%B0-%D0%BD%D0%BE%D0%B6%D0%BA%D1%83-%D1%87%D1%82%D0%BE%D0%B1%D1%8B-%D0%BF%D0%BE%D0%BF%D0%B8%D1%81%D0%B8%D1%82%D1%8C-%D0%B8/ HTTP/2.0" 200 13136 "https://baneks.site/%D1%83%D1%87%D0%B8%D1%82%D0%B5%D0%BB%D1%8C-%D1%84%D0%B8%D0%B7%D0%BA%D1%83%D0%BB%D1%8C%D1%82%D1%83%D1%80%D1%8B-%D0%92%D0%BB%D0%B0%D0%B4%D0%B8%D0%BC%D0%B8%D1%80-%D0%9C%D0%B8%D1%80%D0%BE%D1%81%D0%BB%D0%B0%D0%B2%D0%BE%D0%B2%D0%B8%D1%87-%D1%80%D0%B0%D0%B7%D1%80%D0%B5%D1%88%D0%B8%D0%BB/" "Mozilla/5.0 (Windows NT 6.1) AppleWebKit/537.36 (KHTML, like Gecko) Chrome/84.0.4147.135 Safari/537.36"
65.154.226.109 - - [20/Sep/2020:22:12:13 +0000] "GET / HTTP/1.1" 301 162 "-" "Mozilla/5.0 (Windows NT 10.0; Win64; x64) AppleWebKit/537.36 (KHTML, like Gecko) Chrome/76.0.3809.71 Safari/537.36" "-"
65.154.226.109 - - [20/Sep/2020:22:12:13 +0000] "GET / HTTP/1.1" 301 162 "-" "Mozilla/5.0 (Windows NT 10.0; Win64; x64) AppleWebKit/537.36 (KHTML, like Gecko) Chrome/76.0.3809.71 Safari/537.36"
65.154.226.109 - - [20/Sep/2020:22:12:14 +0000] "GET / HTTP/2.0" 200 4584 "-" "Mozilla/5.0 (Windows NT 10.0; Win64; x64) AppleWebKit/537.36 (KHTML, like Gecko) Chrome/76.0.3809.71 Safari/537.36" "-"
65.154.226.109 - - [20/Sep/2020:22:12:14 +0000] "GET / HTTP/2.0" 200 4584 "-" "Mozilla/5.0 (Windows NT 10.0; Win64; x64) AppleWebKit/537.36 (KHTML, like Gecko) Chrome/76.0.3809.71 Safari/537.36"
141.8.142.75 - - [20/Sep/2020:22:12:15 +0000] "GET /-%D0%BF%D1%80%D0%B8%D0%B2%D0%B5%D1%82-%D1%81%D1%83%D1%87%D0%B0%D1%80%D0%B0-%D0%BA%D0%B0%D0%BA-%D0%B2%D0%B0%D0%BC-%D0%BD%D0%B5-%D1%81%D1%82%D1%8B%D0%B4%D0%BD%D0%BE-%D0%BC%D0%B8%D0%BB%D0%BE%D1%81%D1%82%D0%B8%D0%B2%D1%8B%D0%B9-%D1%81%D1%83%D0%B4%D0%B0%D1%80%D1%8C/?p=2 HTTP/1.1" 200 8286 "-" "Mozilla/5.0 (compatible; YandexBot/3.0; +http://yandex.com/bots)" "-"
141.8.142.75 - - [20/Sep/2020:22:12:15 +0000] "GET /-%D0%BF%D1%80%D0%B8%D0%B2%D0%B5%D1%82-%D1%81%D1%83%D1%87%D0%B0%D1%80%D0%B0-%D0%BA%D0%B0%D0%BA-%D0%B2%D0%B0%D0%BC-%D0%BD%D0%B5-%D1%81%D1%82%D1%8B%D0%B4%D0%BD%D0%BE-%D0%BC%D0%B8%D0%BB%D0%BE%D1%81%D1%82%D0%B8%D0%B2%D1%8B%D0%B9-%D1%81%D1%83%D0%B4%D0%B0%D1%80%D1%8C/?p=2 HTTP/1.1" 200 8286 "-" "Mozilla/5.0 (compatible; YandexBot/3.0; +http://yandex.com/bots)"
178.176.216.174 - - [20/Sep/2020:22:12:23 +0000] "GET /%D0%BC%D1%83%D0%B6%D1%87%D0%B8%D0%BD%D1%83-%D1%81%D0%BF%D1%80%D0%B0%D1%88%D0%B8%D0%B2%D0%B0%D1%8E%D1%82-%D1%87%D1%82%D0%BE-%D0%B2%D1%8B-%D0%BB%D1%8E%D0%B1%D0%B8%D1%82%D0%B5-%D0%BA%D1%83%D1%80%D0%B8%D1%82%D1%8C-%D0%BB%D1%8E%D0%B1%D0%BB%D1%8E/ HTTP/2.0" 200 13623 "-" "Mozilla/5.0 (Linux; Android 10; SM-A505FM) AppleWebKit/537.36 (KHTML, like Gecko) Chrome/84.0.4147.125 Mobile Safari/537.36" "-"
178.176.216.174 - - [20/Sep/2020:22:12:23 +0000] "GET /%D0%BC%D1%83%D0%B6%D1%87%D0%B8%D0%BD%D1%83-%D1%81%D0%BF%D1%80%D0%B0%D1%88%D0%B8%D0%B2%D0%B0%D1%8E%D1%82-%D1%87%D1%82%D0%BE-%D0%B2%D1%8B-%D0%BB%D1%8E%D0%B1%D0%B8%D1%82%D0%B5-%D0%BA%D1%83%D1%80%D0%B8%D1%82%D1%8C-%D0%BB%D1%8E%D0%B1%D0%BB%D1%8E/ HTTP/2.0" 200 13623 "-" "Mozilla/5.0 (Linux; Android 10; SM-A505FM) AppleWebKit/537.36 (KHTML, like Gecko) Chrome/84.0.4147.125 Mobile Safari/537.36"
93.185.19.49 - - [20/Sep/2020:22:12:26 +0000] "GET /random HTTP/2.0" 302 0 "https://baneks.site/%D0%BE%D0%B4%D0%BD%D0%BE%D0%BD%D0%BE%D0%B3%D0%B0%D1%8F-%D1%81%D0%BE%D0%B1%D0%B0%D1%87%D0%BA%D0%B0-%D0%BF%D0%BE%D0%B4%D0%BD%D1%8F%D0%BB%D0%B0-%D0%BD%D0%BE%D0%B6%D0%BA%D1%83-%D1%87%D1%82%D0%BE%D0%B1%D1%8B-%D0%BF%D0%BE%D0%BF%D0%B8%D1%81%D0%B8%D1%82%D1%8C-%D0%B8/" "Mozilla/5.0 (Windows NT 6.1) AppleWebKit/537.36 (KHTML, like Gecko) Chrome/84.0.4147.135 Safari/537.36" "-"
93.185.19.49 - - [20/Sep/2020:22:12:26 +0000] "GET /random HTTP/2.0" 302 0 "https://baneks.site/%D0%BE%D0%B4%D0%BD%D0%BE%D0%BD%D0%BE%D0%B3%D0%B0%D1%8F-%D1%81%D0%BE%D0%B1%D0%B0%D1%87%D0%BA%D0%B0-%D0%BF%D0%BE%D0%B4%D0%BD%D1%8F%D0%BB%D0%B0-%D0%BD%D0%BE%D0%B6%D0%BA%D1%83-%D1%87%D1%82%D0%BE%D0%B1%D1%8B-%D0%BF%D0%BE%D0%BF%D0%B8%D1%81%D0%B8%D1%82%D1%8C-%D0%B8/" "Mozilla/5.0 (Windows NT 6.1) AppleWebKit/537.36 (KHTML, like Gecko) Chrome/84.0.4147.135 Safari/537.36"
93.185.19.49 - - [20/Sep/2020:22:12:26 +0000] "GET /%D0%BC%D0%B0%D0%BC%D0%B0-%D1%81-%D0%BC%D0%B0%D0%BB%D0%B5%D0%BD%D1%8C%D0%BA%D0%B8%D0%BC-%D1%81%D1%8B%D0%BD%D0%BE%D0%BC-%D1%81%D1%82%D0%BE%D0%B8%D1%82-%D0%BD%D0%B0-%D0%BE%D1%81%D1%82%D0%B0%D0%BD%D0%BE%D0%B2%D0%BA%D0%B5/ HTTP/2.0" 200 12851 "https://baneks.site/%D0%BE%D0%B4%D0%BD%D0%BE%D0%BD%D0%BE%D0%B3%D0%B0%D1%8F-%D1%81%D0%BE%D0%B1%D0%B0%D1%87%D0%BA%D0%B0-%D0%BF%D0%BE%D0%B4%D0%BD%D1%8F%D0%BB%D0%B0-%D0%BD%D0%BE%D0%B6%D0%BA%D1%83-%D1%87%D1%82%D0%BE%D0%B1%D1%8B-%D0%BF%D0%BE%D0%BF%D0%B8%D1%81%D0%B8%D1%82%D1%8C-%D0%B8/" "Mozilla/5.0 (Windows NT 6.1) AppleWebKit/537.36 (KHTML, like Gecko) Chrome/84.0.4147.135 Safari/537.36" "-"
93.185.19.49 - - [20/Sep/2020:22:12:26 +0000] "GET /%D0%BC%D0%B0%D0%BC%D0%B0-%D1%81-%D0%BC%D0%B0%D0%BB%D0%B5%D0%BD%D1%8C%D0%BA%D0%B8%D0%BC-%D1%81%D1%8B%D0%BD%D0%BE%D0%BC-%D1%81%D1%82%D0%BE%D0%B8%D1%82-%D0%BD%D0%B0-%D0%BE%D1%81%D1%82%D0%B0%D0%BD%D0%BE%D0%B2%D0%BA%D0%B5/ HTTP/2.0" 200 12851 "https://baneks.site/%D0%BE%D0%B4%D0%BD%D0%BE%D0%BD%D0%BE%D0%B3%D0%B0%D1%8F-%D1%81%D0%BE%D0%B1%D0%B0%D1%87%D0%BA%D0%B0-%D0%BF%D0%BE%D0%B4%D0%BD%D1%8F%D0%BB%D0%B0-%D0%BD%D0%BE%D0%B6%D0%BA%D1%83-%D1%87%D1%82%D0%BE%D0%B1%D1%8B-%D0%BF%D0%BE%D0%BF%D0%B8%D1%81%D0%B8%D1%82%D1%8C-%D0%B8/" "Mozilla/5.0 (Windows NT 6.1) AppleWebKit/537.36 (KHTML, like Gecko) Chrome/84.0.4147.135 Safari/537.36"
93.185.19.49 - - [20/Sep/2020:22:12:35 +0000] "GET /random HTTP/2.0" 302 0 "https://baneks.site/%D0%BC%D0%B0%D0%BC%D0%B0-%D1%81-%D0%BC%D0%B0%D0%BB%D0%B5%D0%BD%D1%8C%D0%BA%D0%B8%D0%BC-%D1%81%D1%8B%D0%BD%D0%BE%D0%BC-%D1%81%D1%82%D0%BE%D0%B8%D1%82-%D0%BD%D0%B0-%D0%BE%D1%81%D1%82%D0%B0%D0%BD%D0%BE%D0%B2%D0%BA%D0%B5/" "Mozilla/5.0 (Windows NT 6.1) AppleWebKit/537.36 (KHTML, like Gecko) Chrome/84.0.4147.135 Safari/537.36" "-"
93.185.19.49 - - [20/Sep/2020:22:12:35 +0000] "GET /random HTTP/2.0" 302 0 "https://baneks.site/%D0%BC%D0%B0%D0%BC%D0%B0-%D1%81-%D0%BC%D0%B0%D0%BB%D0%B5%D0%BD%D1%8C%D0%BA%D0%B8%D0%BC-%D1%81%D1%8B%D0%BD%D0%BE%D0%BC-%D1%81%D1%82%D0%BE%D0%B8%D1%82-%D0%BD%D0%B0-%D0%BE%D1%81%D1%82%D0%B0%D0%BD%D0%BE%D0%B2%D0%BA%D0%B5/" "Mozilla/5.0 (Windows NT 6.1) AppleWebKit/537.36 (KHTML, like Gecko) Chrome/84.0.4147.135 Safari/537.36"
93.185.19.49 - - [20/Sep/2020:22:12:36 +0000] "GET /%D0%BF%D0%BE%D0%B7%D0%BD%D0%B0%D0%BA%D0%BE%D0%BC%D0%B8%D0%BB%D1%81%D1%8F-%D0%BC%D1%83%D0%B6%D0%B8%D0%BA-%D1%81-%D0%B4%D0%B5%D0%B2%D1%83%D1%88%D0%BA%D0%B0%D0%BC%D0%B8/ HTTP/2.0" 200 13247 "https://baneks.site/%D0%BC%D0%B0%D0%BC%D0%B0-%D1%81-%D0%BC%D0%B0%D0%BB%D0%B5%D0%BD%D1%8C%D0%BA%D0%B8%D0%BC-%D1%81%D1%8B%D0%BD%D0%BE%D0%BC-%D1%81%D1%82%D0%BE%D0%B8%D1%82-%D0%BD%D0%B0-%D0%BE%D1%81%D1%82%D0%B0%D0%BD%D0%BE%D0%B2%D0%BA%D0%B5/" "Mozilla/5.0 (Windows NT 6.1) AppleWebKit/537.36 (KHTML, like Gecko) Chrome/84.0.4147.135 Safari/537.36" "-"
93.185.19.49 - - [20/Sep/2020:22:12:36 +0000] "GET /%D0%BF%D0%BE%D0%B7%D0%BD%D0%B0%D0%BA%D0%BE%D0%BC%D0%B8%D0%BB%D1%81%D1%8F-%D0%BC%D1%83%D0%B6%D0%B8%D0%BA-%D1%81-%D0%B4%D0%B5%D0%B2%D1%83%D1%88%D0%BA%D0%B0%D0%BC%D0%B8/ HTTP/2.0" 200 13247 "https://baneks.site/%D0%BC%D0%B0%D0%BC%D0%B0-%D1%81-%D0%BC%D0%B0%D0%BB%D0%B5%D0%BD%D1%8C%D0%BA%D0%B8%D0%BC-%D1%81%D1%8B%D0%BD%D0%BE%D0%BC-%D1%81%D1%82%D0%BE%D0%B8%D1%82-%D0%BD%D0%B0-%D0%BE%D1%81%D1%82%D0%B0%D0%BD%D0%BE%D0%B2%D0%BA%D0%B5/" "Mozilla/5.0 (Windows NT 6.1) AppleWebKit/537.36 (KHTML, like Gecko) Chrome/84.0.4147.135 Safari/537.36"
185.191.171.35 - - [20/Sep/2020:22:12:37 +0000] "GET /%D0%BF%D1%80%D0%B8%D1%85%D0%BE%D0%B4%D0%B8%D1%82-%D0%BC%D1%83%D0%B6%D0%B8%D0%BA-%D0%B2-%D0%BC%D0%B0%D0%B3%D0%B0%D0%B7%D0%B8%D0%BD-%D0%B8-%D0%B3%D0%BE%D0%B2%D0%BE%D1%80%D0%B8%D1%82-%D1%87%D1%82%D0%BE-%D0%BE%D0%BD-%D0%B8%D0%B4%D0%B5%D1%82-%D0%BD%D0%B0/?p=2 HTTP/1.1" 200 10922 "-" "Mozilla/5.0 (compatible; SemrushBot/6~bl; +http://www.semrush.com/bot.html)" "-"
185.191.171.35 - - [20/Sep/2020:22:12:37 +0000] "GET /%D0%BF%D1%80%D0%B8%D1%85%D0%BE%D0%B4%D0%B8%D1%82-%D0%BC%D1%83%D0%B6%D0%B8%D0%BA-%D0%B2-%D0%BC%D0%B0%D0%B3%D0%B0%D0%B7%D0%B8%D0%BD-%D0%B8-%D0%B3%D0%BE%D0%B2%D0%BE%D1%80%D0%B8%D1%82-%D1%87%D1%82%D0%BE-%D0%BE%D0%BD-%D0%B8%D0%B4%D0%B5%D1%82-%D0%BD%D0%B0/?p=2 HTTP/1.1" 200 10922 "-" "Mozilla/5.0 (compatible; SemrushBot/6~bl; +http://www.semrush.com/bot.html)"
65.154.226.109 - - [20/Sep/2020:22:12:38 +0000] "GET / HTTP/1.1" 301 162 "-" "Mozilla/5.0 (Windows NT 10.0; Win64; x64) AppleWebKit/537.36 (KHTML, like Gecko) Chrome/76.0.3809.71 Safari/537.36" "-"
65.154.226.109 - - [20/Sep/2020:22:12:38 +0000] "GET / HTTP/1.1" 301 162 "-" "Mozilla/5.0 (Windows NT 10.0; Win64; x64) AppleWebKit/537.36 (KHTML, like Gecko) Chrome/76.0.3809.71 Safari/537.36"
66.249.68.14 - - [20/Sep/2020:22:12:38 +0000] "GET /-%D1%81%D0%BB%D1%83%D1%88%D0%B0%D0%B9-%D1%82%D1%8B-%D1%80%D0%B0%D0%B7%D1%80%D0%B0%D0%B1%D0%BE%D1%82%D1%87%D0%B8%D0%BA-%D0%BE%D1%82%D0%B2%D0%B5%D1%82%D1%8C-%D0%BF%D0%BE%D1%87%D0%B5%D0%BC%D1%83-%D1%80%D0%B0%D0%B7%D1%80%D0%B0%D0%B1%D0%BE%D1%82%D1%87%D0%B8%D0%BA%D0%B8/ HTTP/1.1" 304 0 "-" "Mozilla/5.0 (Linux; Android 6.0.1; Nexus 5X Build/MMB29P) AppleWebKit/537.36 (KHTML, like Gecko) Chrome/85.0.4183.110 Mobile Safari/537.36 (compatible; Googlebot/2.1; +http://www.google.com/bot.html)" "-"
66.249.68.14 - - [20/Sep/2020:22:12:38 +0000] "GET /-%D1%81%D0%BB%D1%83%D1%88%D0%B0%D0%B9-%D1%82%D1%8B-%D1%80%D0%B0%D0%B7%D1%80%D0%B0%D0%B1%D0%BE%D1%82%D1%87%D0%B8%D0%BA-%D0%BE%D1%82%D0%B2%D0%B5%D1%82%D1%8C-%D0%BF%D0%BE%D1%87%D0%B5%D0%BC%D1%83-%D1%80%D0%B0%D0%B7%D1%80%D0%B0%D0%B1%D0%BE%D1%82%D1%87%D0%B8%D0%BA%D0%B8/ HTTP/1.1" 304 0 "-" "Mozilla/5.0 (Linux; Android 6.0.1; Nexus 5X Build/MMB29P) AppleWebKit/537.36 (KHTML, like Gecko) Chrome/85.0.4183.110 Mobile Safari/537.36 (compatible; Googlebot/2.1; +http://www.google.com/bot.html)"
65.154.226.109 - - [20/Sep/2020:22:12:38 +0000] "GET / HTTP/2.0" 200 4584 "-" "Mozilla/5.0 (Windows NT 10.0; Win64; x64) AppleWebKit/537.36 (KHTML, like Gecko) Chrome/76.0.3809.71 Safari/537.36" "-"
65.154.226.109 - - [20/Sep/2020:22:12:38 +0000] "GET / HTTP/2.0" 200 4584 "-" "Mozilla/5.0 (Windows NT 10.0; Win64; x64) AppleWebKit/537.36 (KHTML, like Gecko) Chrome/76.0.3809.71 Safari/537.36"
141.8.142.75 - - [20/Sep/2020:22:12:41 +0000] "GET /%D0%91%D1%8D%D1%80%D1%80%D0%B8%D0%BC%D0%BE%D1%80-%D0%BA%D1%82%D0%BE-%D1%8D%D1%82%D0%BE-%D0%B2%D0%BE%D0%B5%D1%82-%D1%82%D0%B0%D0%BC-%D0%BD%D0%B0-%D0%B1%D0%BE%D0%BB%D0%BE%D1%82%D0%B5/ HTTP/1.1" 200 12354 "-" "Mozilla/5.0 (compatible; YandexBot/3.0; +http://yandex.com/bots)" "-"
141.8.142.75 - - [20/Sep/2020:22:12:41 +0000] "GET /%D0%91%D1%8D%D1%80%D1%80%D0%B8%D0%BC%D0%BE%D1%80-%D0%BA%D1%82%D0%BE-%D1%8D%D1%82%D0%BE-%D0%B2%D0%BE%D0%B5%D1%82-%D1%82%D0%B0%D0%BC-%D0%BD%D0%B0-%D0%B1%D0%BE%D0%BB%D0%BE%D1%82%D0%B5/ HTTP/1.1" 200 12354 "-" "Mozilla/5.0 (compatible; YandexBot/3.0; +http://yandex.com/bots)"
93.185.19.49 - - [20/Sep/2020:22:12:47 +0000] "GET /random HTTP/2.0" 302 0 "https://baneks.site/%D0%BF%D0%BE%D0%B7%D0%BD%D0%B0%D0%BA%D0%BE%D0%BC%D0%B8%D0%BB%D1%81%D1%8F-%D0%BC%D1%83%D0%B6%D0%B8%D0%BA-%D1%81-%D0%B4%D0%B5%D0%B2%D1%83%D1%88%D0%BA%D0%B0%D0%BC%D0%B8/" "Mozilla/5.0 (Windows NT 6.1) AppleWebKit/537.36 (KHTML, like Gecko) Chrome/84.0.4147.135 Safari/537.36" "-"
93.185.19.49 - - [20/Sep/2020:22:12:47 +0000] "GET /random HTTP/2.0" 302 0 "https://baneks.site/%D0%BF%D0%BE%D0%B7%D0%BD%D0%B0%D0%BA%D0%BE%D0%BC%D0%B8%D0%BB%D1%81%D1%8F-%D0%BC%D1%83%D0%B6%D0%B8%D0%BA-%D1%81-%D0%B4%D0%B5%D0%B2%D1%83%D1%88%D0%BA%D0%B0%D0%BC%D0%B8/" "Mozilla/5.0 (Windows NT 6.1) AppleWebKit/537.36 (KHTML, like Gecko) Chrome/84.0.4147.135 Safari/537.36"
93.185.19.49 - - [20/Sep/2020:22:12:47 +0000] "GET /%D1%8D%D1%82%D0%BE-%D1%82%D0%B5%D0%B1%D0%B5-%D0%BF%D0%BE%D1%81%D1%82%D0%B0%D0%B2%D1%8C-%D0%B8%D1%85-%D0%B2-%D0%B2%D0%BE%D0%B4%D1%83-%D1%87%D1%82%D0%BE%D0%B1%D1%8B-%D0%BE%D0%BD%D0%B8-%D0%BD%D0%B5-%D0%BF%D0%BE%D0%B3%D0%B8%D0%B1%D0%BB%D0%B8/ HTTP/2.0" 200 11110 "https://baneks.site/%D0%BF%D0%BE%D0%B7%D0%BD%D0%B0%D0%BA%D0%BE%D0%BC%D0%B8%D0%BB%D1%81%D1%8F-%D0%BC%D1%83%D0%B6%D0%B8%D0%BA-%D1%81-%D0%B4%D0%B5%D0%B2%D1%83%D1%88%D0%BA%D0%B0%D0%BC%D0%B8/" "Mozilla/5.0 (Windows NT 6.1) AppleWebKit/537.36 (KHTML, like Gecko) Chrome/84.0.4147.135 Safari/537.36" "-"
93.185.19.49 - - [20/Sep/2020:22:12:47 +0000] "GET /%D1%8D%D1%82%D0%BE-%D1%82%D0%B5%D0%B1%D0%B5-%D0%BF%D0%BE%D1%81%D1%82%D0%B0%D0%B2%D1%8C-%D0%B8%D1%85-%D0%B2-%D0%B2%D0%BE%D0%B4%D1%83-%D1%87%D1%82%D0%BE%D0%B1%D1%8B-%D0%BE%D0%BD%D0%B8-%D0%BD%D0%B5-%D0%BF%D0%BE%D0%B3%D0%B8%D0%B1%D0%BB%D0%B8/ HTTP/2.0" 200 11110 "https://baneks.site/%D0%BF%D0%BE%D0%B7%D0%BD%D0%B0%D0%BA%D0%BE%D0%BC%D0%B8%D0%BB%D1%81%D1%8F-%D0%BC%D1%83%D0%B6%D0%B8%D0%BA-%D1%81-%D0%B4%D0%B5%D0%B2%D1%83%D1%88%D0%BA%D0%B0%D0%BC%D0%B8/" "Mozilla/5.0 (Windows NT 6.1) AppleWebKit/537.36 (KHTML, like Gecko) Chrome/84.0.4147.135 Safari/537.36"
216.244.66.248 - - [20/Sep/2020:22:12:50 +0000] "GET /tag/%D1%81%D0%B5%D0%BA%D1%81/?p=40 HTTP/1.1" 200 63433 "-" "Mozilla/5.0 (compatible; DotBot/1.1; http://www.opensiteexplorer.org/dotbot, help@moz.com)" "-"
216.244.66.248 - - [20/Sep/2020:22:12:50 +0000] "GET /tag/%D1%81%D0%B5%D0%BA%D1%81/?p=40 HTTP/1.1" 200 63433 "-" "Mozilla/5.0 (compatible; DotBot/1.1; http://www.opensiteexplorer.org/dotbot, help@moz.com)"
109.94.208.236 - - [20/Sep/2020:22:12:51 +0000] "GET /rss/ HTTP/1.1" 200 4678 "-" "Mozilla/5.0 (Windows; U; Windows NT 5.1; sl; rv:1.9.2.17) Gecko/20110420 Firefox/3.6.17 ( .NET CLR 3.5.30729)" "-"
109.94.208.236 - - [20/Sep/2020:22:12:51 +0000] "GET /rss/ HTTP/1.1" 200 4678 "-" "Mozilla/5.0 (Windows; U; Windows NT 5.1; sl; rv:1.9.2.17) Gecko/20110420 Firefox/3.6.17 ( .NET CLR 3.5.30729)"
141.8.142.75 - - [20/Sep/2020:22:12:52 +0000] "GET /%D0%BC%D0%B0%D0%BC%D0%B0-%D1%81-%D0%BC%D0%B0%D0%BB%D0%B5%D0%BD%D1%8C%D0%BA%D0%B8%D0%BC-%D1%81%D1%8B%D0%BD%D0%BE%D0%BC-%D1%81%D1%82%D0%BE%D0%B8%D1%82-%D0%BD%D0%B0-%D0%BE%D1%81%D1%82%D0%B0%D0%BD%D0%BE%D0%B2%D0%BA%D0%B5/ HTTP/1.1" 200 13030 "-" "Mozilla/5.0 (compatible; YandexBot/3.0; +http://yandex.com/bots)" "-"
141.8.142.75 - - [20/Sep/2020:22:12:52 +0000] "GET /%D0%BC%D0%B0%D0%BC%D0%B0-%D1%81-%D0%BC%D0%B0%D0%BB%D0%B5%D0%BD%D1%8C%D0%BA%D0%B8%D0%BC-%D1%81%D1%8B%D0%BD%D0%BE%D0%BC-%D1%81%D1%82%D0%BE%D0%B8%D1%82-%D0%BD%D0%B0-%D0%BE%D1%81%D1%82%D0%B0%D0%BD%D0%BE%D0%B2%D0%BA%D0%B5/ HTTP/1.1" 200 13030 "-" "Mozilla/5.0 (compatible; YandexBot/3.0; +http://yandex.com/bots)"
141.8.142.75 - - [20/Sep/2020:22:13:00 +0000] "GET /%D0%BF%D0%BE%D0%B7%D0%BD%D0%B0%D0%BA%D0%BE%D0%BC%D0%B8%D0%BB%D1%81%D1%8F-%D0%BC%D1%83%D0%B6%D0%B8%D0%BA-%D1%81-%D0%B4%D0%B5%D0%B2%D1%83%D1%88%D0%BA%D0%B0%D0%BC%D0%B8/ HTTP/1.1" 200 13418 "-" "Mozilla/5.0 (compatible; YandexBot/3.0; +http://yandex.com/bots)" "-"
141.8.142.75 - - [20/Sep/2020:22:13:00 +0000] "GET /%D0%BF%D0%BE%D0%B7%D0%BD%D0%B0%D0%BA%D0%BE%D0%BC%D0%B8%D0%BB%D1%81%D1%8F-%D0%BC%D1%83%D0%B6%D0%B8%D0%BA-%D1%81-%D0%B4%D0%B5%D0%B2%D1%83%D1%88%D0%BA%D0%B0%D0%BC%D0%B8/ HTTP/1.1" 200 13418 "-" "Mozilla/5.0 (compatible; YandexBot/3.0; +http://yandex.com/bots)"
93.185.19.49 - - [20/Sep/2020:22:13:01 +0000] "GET /random HTTP/2.0" 302 0 "https://baneks.site/%D1%8D%D1%82%D0%BE-%D1%82%D0%B5%D0%B1%D0%B5-%D0%BF%D0%BE%D1%81%D1%82%D0%B0%D0%B2%D1%8C-%D0%B8%D1%85-%D0%B2-%D0%B2%D0%BE%D0%B4%D1%83-%D1%87%D1%82%D0%BE%D0%B1%D1%8B-%D0%BE%D0%BD%D0%B8-%D0%BD%D0%B5-%D0%BF%D0%BE%D0%B3%D0%B8%D0%B1%D0%BB%D0%B8/" "Mozilla/5.0 (Windows NT 6.1) AppleWebKit/537.36 (KHTML, like Gecko) Chrome/84.0.4147.135 Safari/537.36" "-"
93.185.19.49 - - [20/Sep/2020:22:13:01 +0000] "GET /random HTTP/2.0" 302 0 "https://baneks.site/%D1%8D%D1%82%D0%BE-%D1%82%D0%B5%D0%B1%D0%B5-%D0%BF%D0%BE%D1%81%D1%82%D0%B0%D0%B2%D1%8C-%D0%B8%D1%85-%D0%B2-%D0%B2%D0%BE%D0%B4%D1%83-%D1%87%D1%82%D0%BE%D0%B1%D1%8B-%D0%BE%D0%BD%D0%B8-%D0%BD%D0%B5-%D0%BF%D0%BE%D0%B3%D0%B8%D0%B1%D0%BB%D0%B8/" "Mozilla/5.0 (Windows NT 6.1) AppleWebKit/537.36 (KHTML, like Gecko) Chrome/84.0.4147.135 Safari/537.36"
93.185.19.49 - - [20/Sep/2020:22:13:02 +0000] "GET /%D0%B7%D0%B8%D0%BC%D0%B0-%D1%87%D0%B0%D1%81%D1%82%D0%BD%D1%8B%D0%B9-%D0%B4%D0%BE%D0%BC-%D0%BF%D1%80%D0%B8%D1%85%D0%BE%D0%B4%D0%B8%D1%82-%D0%BC%D1%83%D0%B6%D0%B8%D0%BA-%D1%81-%D0%B4%D0%B5%D0%B6%D1%83%D1%80%D1%81%D1%82%D0%B2%D0%B0-%D0%B4%D0%BE%D0%BC%D0%BE%D0%B9-/ HTTP/2.0" 200 13252 "https://baneks.site/%D1%8D%D1%82%D0%BE-%D1%82%D0%B5%D0%B1%D0%B5-%D0%BF%D0%BE%D1%81%D1%82%D0%B0%D0%B2%D1%8C-%D0%B8%D1%85-%D0%B2-%D0%B2%D0%BE%D0%B4%D1%83-%D1%87%D1%82%D0%BE%D0%B1%D1%8B-%D0%BE%D0%BD%D0%B8-%D0%BD%D0%B5-%D0%BF%D0%BE%D0%B3%D0%B8%D0%B1%D0%BB%D0%B8/" "Mozilla/5.0 (Windows NT 6.1) AppleWebKit/537.36 (KHTML, like Gecko) Chrome/84.0.4147.135 Safari/537.36" "-"
93.185.19.49 - - [20/Sep/2020:22:13:02 +0000] "GET /%D0%B7%D0%B8%D0%BC%D0%B0-%D1%87%D0%B0%D1%81%D1%82%D0%BD%D1%8B%D0%B9-%D0%B4%D0%BE%D0%BC-%D0%BF%D1%80%D0%B8%D1%85%D0%BE%D0%B4%D0%B8%D1%82-%D0%BC%D1%83%D0%B6%D0%B8%D0%BA-%D1%81-%D0%B4%D0%B5%D0%B6%D1%83%D1%80%D1%81%D1%82%D0%B2%D0%B0-%D0%B4%D0%BE%D0%BC%D0%BE%D0%B9-/ HTTP/2.0" 200 13252 "https://baneks.site/%D1%8D%D1%82%D0%BE-%D1%82%D0%B5%D0%B1%D0%B5-%D0%BF%D0%BE%D1%81%D1%82%D0%B0%D0%B2%D1%8C-%D0%B8%D1%85-%D0%B2-%D0%B2%D0%BE%D0%B4%D1%83-%D1%87%D1%82%D0%BE%D0%B1%D1%8B-%D0%BE%D0%BD%D0%B8-%D0%BD%D0%B5-%D0%BF%D0%BE%D0%B3%D0%B8%D0%B1%D0%BB%D0%B8/" "Mozilla/5.0 (Windows NT 6.1) AppleWebKit/537.36 (KHTML, like Gecko) Chrome/84.0.4147.135 Safari/537.36"
185.191.171.23 - - [20/Sep/2020:22:13:05 +0000] "GET /%D0%BC%D1%83%D0%B6%D0%B8%D0%BA-%D0%B3%D0%BE%D0%B2%D0%BE%D1%80%D0%B8%D1%82-%D0%B4%D1%80%D1%83%D0%B3%D0%BE%D0%BC%D1%83-%D1%83-%D0%BD%D0%B0%D1%81-%D0%B2-%D0%B3%D0%BE%D1%80%D0%BE%D0%B4%D0%B5-%D1%80%D0%B5%D1%81%D1%82%D0%BE%D1%80%D0%B0%D0%BD-%D0%B5%D1%81%D1%82%D1%8C/?p=1 HTTP/1.1" 200 14900 "-" "Mozilla/5.0 (compatible; SemrushBot/6~bl; +http://www.semrush.com/bot.html)" "-"
185.191.171.23 - - [20/Sep/2020:22:13:05 +0000] "GET /%D0%BC%D1%83%D0%B6%D0%B8%D0%BA-%D0%B3%D0%BE%D0%B2%D0%BE%D1%80%D0%B8%D1%82-%D0%B4%D1%80%D1%83%D0%B3%D0%BE%D0%BC%D1%83-%D1%83-%D0%BD%D0%B0%D1%81-%D0%B2-%D0%B3%D0%BE%D1%80%D0%BE%D0%B4%D0%B5-%D1%80%D0%B5%D1%81%D1%82%D0%BE%D1%80%D0%B0%D0%BD-%D0%B5%D1%81%D1%82%D1%8C/?p=1 HTTP/1.1" 200 14900 "-" "Mozilla/5.0 (compatible; SemrushBot/6~bl; +http://www.semrush.com/bot.html)"
141.8.142.75 - - [20/Sep/2020:22:13:11 +0000] "GET /%D0%B0%D0%BD%D0%B5%D0%BA-%D0%BF%D1%80%D0%BE-%D0%BE%D1%81%D1%82%D1%80%D0%BE%D1%83%D0%BC%D0%BD%D0%BE%D0%B3%D0%BE-%D1%87%D0%B5%D0%BB%D0%BE%D0%B2%D0%B5%D0%BA%D0%B0/ HTTP/1.1" 200 13404 "-" "Mozilla/5.0 (compatible; YandexBot/3.0; +http://yandex.com/bots)" "-"
141.8.142.75 - - [20/Sep/2020:22:13:11 +0000] "GET /%D0%B0%D0%BD%D0%B5%D0%BA-%D0%BF%D1%80%D0%BE-%D0%BE%D1%81%D1%82%D1%80%D0%BE%D1%83%D0%BC%D0%BD%D0%BE%D0%B3%D0%BE-%D1%87%D0%B5%D0%BB%D0%BE%D0%B2%D0%B5%D0%BA%D0%B0/ HTTP/1.1" 200 13404 "-" "Mozilla/5.0 (compatible; YandexBot/3.0; +http://yandex.com/bots)"
185.191.171.11 - - [20/Sep/2020:22:13:16 +0000] "GET /%D0%BC%D1%83%D0%B6%D0%B8%D0%BA-%D0%B3%D0%BE%D0%B2%D0%BE%D1%80%D0%B8%D1%82-%D0%B4%D1%80%D1%83%D0%B3%D0%BE%D0%BC%D1%83-%D1%83-%D0%BD%D0%B0%D1%81-%D0%B2-%D0%B3%D0%BE%D1%80%D0%BE%D0%B4%D0%B5-%D1%80%D0%B5%D1%81%D1%82%D0%BE%D1%80%D0%B0%D0%BD-%D0%B5%D1%81%D1%82%D1%8C/ HTTP/1.1" 200 14766 "-" "Mozilla/5.0 (compatible; SemrushBot/6~bl; +http://www.semrush.com/bot.html)" "-"
185.191.171.11 - - [20/Sep/2020:22:13:16 +0000] "GET /%D0%BC%D1%83%D0%B6%D0%B8%D0%BA-%D0%B3%D0%BE%D0%B2%D0%BE%D1%80%D0%B8%D1%82-%D0%B4%D1%80%D1%83%D0%B3%D0%BE%D0%BC%D1%83-%D1%83-%D0%BD%D0%B0%D1%81-%D0%B2-%D0%B3%D0%BE%D1%80%D0%BE%D0%B4%D0%B5-%D1%80%D0%B5%D1%81%D1%82%D0%BE%D1%80%D0%B0%D0%BD-%D0%B5%D1%81%D1%82%D1%8C/ HTTP/1.1" 200 14766 "-" "Mozilla/5.0 (compatible; SemrushBot/6~bl; +http://www.semrush.com/bot.html)"
66.249.68.12 - - [20/Sep/2020:22:13:19 +0000] "GET /%D0%BC%D1%83%D0%B6%D1%87%D0%B8%D0%BD%D0%B0-%D0%BF%D1%80%D0%BE%D1%81%D0%B8%D1%82-%D0%BF%D1%80%D0%BE%D0%B4%D0%B0%D0%B2%D1%89%D0%B8%D1%86%D1%83-%D0%B4%D0%B0%D0%B9%D1%82%D0%B5-%D0%BC%D0%BD%D0%B5/ HTTP/1.1" 304 0 "-" "Mozilla/5.0 (Linux; Android 6.0.1; Nexus 5X Build/MMB29P) AppleWebKit/537.36 (KHTML, like Gecko) Chrome/85.0.4183.110 Mobile Safari/537.36 (compatible; Googlebot/2.1; +http://www.google.com/bot.html)" "-"
66.249.68.12 - - [20/Sep/2020:22:13:19 +0000] "GET /%D0%BC%D1%83%D0%B6%D1%87%D0%B8%D0%BD%D0%B0-%D0%BF%D1%80%D0%BE%D1%81%D0%B8%D1%82-%D0%BF%D1%80%D0%BE%D0%B4%D0%B0%D0%B2%D1%89%D0%B8%D1%86%D1%83-%D0%B4%D0%B0%D0%B9%D1%82%D0%B5-%D0%BC%D0%BD%D0%B5/ HTTP/1.1" 304 0 "-" "Mozilla/5.0 (Linux; Android 6.0.1; Nexus 5X Build/MMB29P) AppleWebKit/537.36 (KHTML, like Gecko) Chrome/85.0.4183.110 Mobile Safari/537.36 (compatible; Googlebot/2.1; +http://www.google.com/bot.html)"
93.185.19.49 - - [20/Sep/2020:22:13:21 +0000] "GET /random HTTP/2.0" 302 0 "https://baneks.site/%D0%B7%D0%B8%D0%BC%D0%B0-%D1%87%D0%B0%D1%81%D1%82%D0%BD%D1%8B%D0%B9-%D0%B4%D0%BE%D0%BC-%D0%BF%D1%80%D0%B8%D1%85%D0%BE%D0%B4%D0%B8%D1%82-%D0%BC%D1%83%D0%B6%D0%B8%D0%BA-%D1%81-%D0%B4%D0%B5%D0%B6%D1%83%D1%80%D1%81%D1%82%D0%B2%D0%B0-%D0%B4%D0%BE%D0%BC%D0%BE%D0%B9-/" "Mozilla/5.0 (Windows NT 6.1) AppleWebKit/537.36 (KHTML, like Gecko) Chrome/84.0.4147.135 Safari/537.36" "-"
93.185.19.49 - - [20/Sep/2020:22:13:21 +0000] "GET /random HTTP/2.0" 302 0 "https://baneks.site/%D0%B7%D0%B8%D0%BC%D0%B0-%D1%87%D0%B0%D1%81%D1%82%D0%BD%D1%8B%D0%B9-%D0%B4%D0%BE%D0%BC-%D0%BF%D1%80%D0%B8%D1%85%D0%BE%D0%B4%D0%B8%D1%82-%D0%BC%D1%83%D0%B6%D0%B8%D0%BA-%D1%81-%D0%B4%D0%B5%D0%B6%D1%83%D1%80%D1%81%D1%82%D0%B2%D0%B0-%D0%B4%D0%BE%D0%BC%D0%BE%D0%B9-/" "Mozilla/5.0 (Windows NT 6.1) AppleWebKit/537.36 (KHTML, like Gecko) Chrome/84.0.4147.135 Safari/537.36"
93.185.19.49 - - [20/Sep/2020:22:13:22 +0000] "GET /%D0%B7%D0%B0%D1%85%D0%BE%D0%B4%D1%8F%D1%82-%D0%B4%D0%B2%D0%B0-%D0%BC%D1%83%D0%B6%D0%B8%D0%BA%D0%B0-%D0%B2-%D0%B1%D0%B0%D1%80-%D0%B1%D0%B0%D1%80%D0%BC%D0%B5%D0%BD-%D0%BD%D0%B0-%D0%BD%D0%B8%D1%85-%D1%81%D0%BC%D0%BE%D1%82%D1%80%D0%B8%D1%82-%D0%B8/ HTTP/2.0" 200 13207 "https://baneks.site/%D0%B7%D0%B8%D0%BC%D0%B0-%D1%87%D0%B0%D1%81%D1%82%D0%BD%D1%8B%D0%B9-%D0%B4%D0%BE%D0%BC-%D0%BF%D1%80%D0%B8%D1%85%D0%BE%D0%B4%D0%B8%D1%82-%D0%BC%D1%83%D0%B6%D0%B8%D0%BA-%D1%81-%D0%B4%D0%B5%D0%B6%D1%83%D1%80%D1%81%D1%82%D0%B2%D0%B0-%D0%B4%D0%BE%D0%BC%D0%BE%D0%B9-/" "Mozilla/5.0 (Windows NT 6.1) AppleWebKit/537.36 (KHTML, like Gecko) Chrome/84.0.4147.135 Safari/537.36" "-"
93.185.19.49 - - [20/Sep/2020:22:13:22 +0000] "GET /%D0%B7%D0%B0%D1%85%D0%BE%D0%B4%D1%8F%D1%82-%D0%B4%D0%B2%D0%B0-%D0%BC%D1%83%D0%B6%D0%B8%D0%BA%D0%B0-%D0%B2-%D0%B1%D0%B0%D1%80-%D0%B1%D0%B0%D1%80%D0%BC%D0%B5%D0%BD-%D0%BD%D0%B0-%D0%BD%D0%B8%D1%85-%D1%81%D0%BC%D0%BE%D1%82%D1%80%D0%B8%D1%82-%D0%B8/ HTTP/2.0" 200 13207 "https://baneks.site/%D0%B7%D0%B8%D0%BC%D0%B0-%D1%87%D0%B0%D1%81%D1%82%D0%BD%D1%8B%D0%B9-%D0%B4%D0%BE%D0%BC-%D0%BF%D1%80%D0%B8%D1%85%D0%BE%D0%B4%D0%B8%D1%82-%D0%BC%D1%83%D0%B6%D0%B8%D0%BA-%D1%81-%D0%B4%D0%B5%D0%B6%D1%83%D1%80%D1%81%D1%82%D0%B2%D0%B0-%D0%B4%D0%BE%D0%BC%D0%BE%D0%B9-/" "Mozilla/5.0 (Windows NT 6.1) AppleWebKit/537.36 (KHTML, like Gecko) Chrome/84.0.4147.135 Safari/537.36"
141.8.142.75 - - [20/Sep/2020:22:13:30 +0000] "GET /%D0%BC%D0%B0%D0%BC%D0%B0-%D1%81%D1%8B%D0%BD%D0%BE%D0%BA-%D0%BF%D0%BE%D0%B7%D0%B4%D0%BE%D1%80%D0%BE%D0%B2%D0%B0%D0%B9%D1%81%D1%8F-%D1%81-%D0%B4%D1%8F%D0%B4%D0%B5%D0%B9-%D1%81%D1%8B%D0%BD%D0%BE%D0%BA-%D0%B7%D0%B4%D1%80%D0%B0%D0%B2%D1%81%D1%82%D0%B2%D1%83%D0%B9%D1%82%D0%B5/?p=2 HTTP/1.1" 200 13728 "-" "Mozilla/5.0 (compatible; YandexBot/3.0; +http://yandex.com/bots)" "-"
141.8.142.75 - - [20/Sep/2020:22:13:30 +0000] "GET /%D0%BC%D0%B0%D0%BC%D0%B0-%D1%81%D1%8B%D0%BD%D0%BE%D0%BA-%D0%BF%D0%BE%D0%B7%D0%B4%D0%BE%D1%80%D0%BE%D0%B2%D0%B0%D0%B9%D1%81%D1%8F-%D1%81-%D0%B4%D1%8F%D0%B4%D0%B5%D0%B9-%D1%81%D1%8B%D0%BD%D0%BE%D0%BA-%D0%B7%D0%B4%D1%80%D0%B0%D0%B2%D1%81%D1%82%D0%B2%D1%83%D0%B9%D1%82%D0%B5/?p=2 HTTP/1.1" 200 13728 "-" "Mozilla/5.0 (compatible; YandexBot/3.0; +http://yandex.com/bots)"
141.8.142.75 - - [20/Sep/2020:22:13:32 +0000] "GET /%D1%83%D1%80%D0%BE%D0%BA-%D0%BB%D0%B8%D1%82%D0%B5%D1%80%D0%B0%D1%82%D1%83%D1%80%D1%8B-%D0%AF%D1%88%D0%B0-%D0%9C%D0%BE%D1%80%D0%B4%D1%83%D1%85%D0%BE%D0%B2%D0%B8%D1%87-%D0%9C%D0%B0%D1%80%D1%8C-%D0%98%D0%B2%D0%B0%D0%BD%D0%BD%D0%B0-%D0%B0-%D1%87%D1%82%D0%BE/ HTTP/1.1" 200 14122 "-" "Mozilla/5.0 (compatible; YandexBot/3.0; +http://yandex.com/bots)" "-"
141.8.142.75 - - [20/Sep/2020:22:13:32 +0000] "GET /%D1%83%D1%80%D0%BE%D0%BA-%D0%BB%D0%B8%D1%82%D0%B5%D1%80%D0%B0%D1%82%D1%83%D1%80%D1%8B-%D0%AF%D1%88%D0%B0-%D0%9C%D0%BE%D1%80%D0%B4%D1%83%D1%85%D0%BE%D0%B2%D0%B8%D1%87-%D0%9C%D0%B0%D1%80%D1%8C-%D0%98%D0%B2%D0%B0%D0%BD%D0%BD%D0%B0-%D0%B0-%D1%87%D1%82%D0%BE/ HTTP/1.1" 200 14122 "-" "Mozilla/5.0 (compatible; YandexBot/3.0; +http://yandex.com/bots)"
216.244.66.248 - - [20/Sep/2020:22:13:51 +0000] "GET /%D0%BC%D1%83%D0%B6%D1%87%D0%B8%D0%BD%D0%B0-%D1%82%D0%B8%D1%88%D0%B5-%D0%B7%D0%B4%D0%B5%D1%81%D1%8C-%D0%B2%D0%BE%D0%BE%D0%B1%D1%89%D0%B5-%D1%82%D0%BE-%D0%B1%D0%B8%D0%B1%D0%BB%D0%B8%D0%BE%D1%82%D0%B5%D0%BA%D0%B0-%D0%BE%D0%B9/?p=2 HTTP/1.1" 200 67895 "-" "Mozilla/5.0 (compatible; DotBot/1.1; http://www.opensiteexplorer.org/dotbot, help@moz.com)" "-"
216.244.66.248 - - [20/Sep/2020:22:13:51 +0000] "GET /%D0%BC%D1%83%D0%B6%D1%87%D0%B8%D0%BD%D0%B0-%D1%82%D0%B8%D1%88%D0%B5-%D0%B7%D0%B4%D0%B5%D1%81%D1%8C-%D0%B2%D0%BE%D0%BE%D0%B1%D1%89%D0%B5-%D1%82%D0%BE-%D0%B1%D0%B8%D0%B1%D0%BB%D0%B8%D0%BE%D1%82%D0%B5%D0%BA%D0%B0-%D0%BE%D0%B9/?p=2 HTTP/1.1" 200 67895 "-" "Mozilla/5.0 (compatible; DotBot/1.1; http://www.opensiteexplorer.org/dotbot, help@moz.com)"
93.185.19.49 - - [20/Sep/2020:22:13:53 +0000] "GET /random HTTP/2.0" 302 0 "https://baneks.site/%D0%B7%D0%B0%D1%85%D0%BE%D0%B4%D1%8F%D1%82-%D0%B4%D0%B2%D0%B0-%D0%BC%D1%83%D0%B6%D0%B8%D0%BA%D0%B0-%D0%B2-%D0%B1%D0%B0%D1%80-%D0%B1%D0%B0%D1%80%D0%BC%D0%B5%D0%BD-%D0%BD%D0%B0-%D0%BD%D0%B8%D1%85-%D1%81%D0%BC%D0%BE%D1%82%D1%80%D0%B8%D1%82-%D0%B8/" "Mozilla/5.0 (Windows NT 6.1) AppleWebKit/537.36 (KHTML, like Gecko) Chrome/84.0.4147.135 Safari/537.36" "-"
93.185.19.49 - - [20/Sep/2020:22:13:53 +0000] "GET /random HTTP/2.0" 302 0 "https://baneks.site/%D0%B7%D0%B0%D1%85%D0%BE%D0%B4%D1%8F%D1%82-%D0%B4%D0%B2%D0%B0-%D0%BC%D1%83%D0%B6%D0%B8%D0%BA%D0%B0-%D0%B2-%D0%B1%D0%B0%D1%80-%D0%B1%D0%B0%D1%80%D0%BC%D0%B5%D0%BD-%D0%BD%D0%B0-%D0%BD%D0%B8%D1%85-%D1%81%D0%BC%D0%BE%D1%82%D1%80%D0%B8%D1%82-%D0%B8/" "Mozilla/5.0 (Windows NT 6.1) AppleWebKit/537.36 (KHTML, like Gecko) Chrome/84.0.4147.135 Safari/537.36"
