213.87.160.217 - - [19/Jul/2020:07:46:00 +0000] "GET /%D0%B7%D0%B0%D1%85%D0%BE%D0%B4%D0%B8%D1%82-%D0%BC%D1%83%D0%B6%D0%B8%D0%BA-%D0%B2-%D0%B3%D1%80%D1%83%D0%B7%D0%B8%D0%BD%D1%81%D0%BA%D0%B8%D0%B9-%D1%80%D0%B5%D1%81%D1%82%D0%BE%D1%80%D0%B0%D0%BD-%D0%BF%D1%80%D0%BE%D1%81%D0%BC%D0%BE%D1%82%D1%80%D0%B5%D0%BB/ HTTP/2.0" 200 13242 "https://www.google.ru/" "Mozilla/5.0 (iPhone; CPU iPhone OS 13_5_1 like Mac OS X) AppleWebKit/605.1.15 (KHTML, like Gecko) Version/13.1.1 Mobile/15E148 Safari/604.1"
213.87.160.217 - - [19/Jul/2020:07:46:02 +0000] "GET /%D0%B7%D0%B0%D1%85%D0%BE%D0%B4%D0%B8%D1%82-%D0%BC%D1%83%D0%B6%D0%B8%D0%BA-%D0%B2-%D0%B3%D1%80%D1%83%D0%B7%D0%B8%D0%BD%D1%81%D0%BA%D0%B8%D0%B9-%D1%80%D0%B5%D1%81%D1%82%D0%BE%D1%80%D0%B0%D0%BD-%D0%BF%D1%80%D0%BE%D1%81%D0%BC%D0%BE%D1%82%D1%80%D0%B5%D0%BB/ HTTP/2.0" 200 13242 "https://baneks.site/%D0%B7%D0%B0%D1%85%D0%BE%D0%B4%D0%B8%D1%82-%D0%BC%D1%83%D0%B6%D0%B8%D0%BA-%D0%B2-%D0%B3%D1%80%D1%83%D0%B7%D0%B8%D0%BD%D1%81%D0%BA%D0%B8%D0%B9-%D1%80%D0%B5%D1%81%D1%82%D0%BE%D1%80%D0%B0%D0%BD-%D0%BF%D1%80%D0%BE%D1%81%D0%BC%D0%BE%D1%82%D1%80%D0%B5%D0%BB/" "Mozilla/5.0 (iPhone; CPU iPhone OS 13_5_1 like Mac OS X) AppleWebKit/605.1.15 (KHTML, like Gecko) Version/13.1.1 Mobile/15E148 Safari/604.1" "-"
213.87.160.217 - - [19/Jul/2020:07:46:02 +0000] "GET /%D0%B7%D0%B0%D1%85%D0%BE%D0%B4%D0%B8%D1%82-%D0%BC%D1%83%D0%B6%D0%B8%D0%BA-%D0%B2-%D0%B3%D1%80%D1%83%D0%B7%D0%B8%D0%BD%D1%81%D0%BA%D0%B8%D0%B9-%D1%80%D0%B5%D1%81%D1%82%D0%BE%D1%80%D0%B0%D0%BD-%D0%BF%D1%80%D0%BE%D1%81%D0%BC%D0%BE%D1%82%D1%80%D0%B5%D0%BB/ HTTP/2.0" 200 13242 "https://baneks.site/%D0%B7%D0%B0%D1%85%D0%BE%D0%B4%D0%B8%D1%82-%D0%BC%D1%83%D0%B6%D0%B8%D0%BA-%D0%B2-%D0%B3%D1%80%D1%83%D0%B7%D0%B8%D0%BD%D1%81%D0%BA%D0%B8%D0%B9-%D1%80%D0%B5%D1%81%D1%82%D0%BE%D1%80%D0%B0%D0%BD-%D0%BF%D1%80%D0%BE%D1%81%D0%BC%D0%BE%D1%82%D1%80%D0%B5%D0%BB/" "Mozilla/5.0 (iPhone; CPU iPhone OS 13_5_1 like Mac OS X) AppleWebKit/605.1.15 (KHTML, like Gecko) Version/13.1.1 Mobile/15E148 Safari/604.1"
46.229.168.147 - - [19/Jul/2020:07:46:03 +0000] "GET /tag/%D1%86%D0%B8%D1%80%D0%BA/?p=2 HTTP/1.1" 200 11431 "-" "Mozilla/5.0 (compatible; SemrushBot/6~bl; +http://www.semrush.com/bot.html)" "-"
46.229.168.147 - - [19/Jul/2020:07:46:03 +0000] "GET /tag/%D1%86%D0%B8%D1%80%D0%BA/?p=2 HTTP/1.1" 200 11431 "-" "Mozilla/5.0 (compatible; SemrushBot/6~bl; +http://www.semrush.com/bot.html)"
62.210.188.218 - - [19/Jul/2020:07:46:25 +0000] "GET /tag/%D0%BA%D0%BE%D1%82/?p=8 HTTP/1.1" 200 11073 "-" "Mozilla/5.0 (compatible; Barkrowler/0.9; +https://babbar.tech/crawler)" "-"
62.210.188.218 - - [19/Jul/2020:07:46:25 +0000] "GET /tag/%D0%BA%D0%BE%D1%82/?p=8 HTTP/1.1" 200 11073 "-" "Mozilla/5.0 (compatible; Barkrowler/0.9; +https://babbar.tech/crawler)"
46.229.168.154 - - [19/Jul/2020:07:46:33 +0000] "GET /%D0%B6%D0%B5%D0%BD%D0%B8%D0%BB%D1%81%D1%8F-%D0%98%D0%B2%D0%B0%D0%BD-%D0%B4%D1%83%D1%80%D0%B0%D0%BA-%D0%BD%D0%B0-%D0%92%D0%B0%D1%81%D0%B8%D0%BB%D0%B8%D1%81%D0%B5-%D0%9F%D1%80%D0%B5%D0%BC%D1%83%D0%B4%D1%80%D0%BE%D0%B9-%D0%B0-%D1%82%D0%B0/?p=2 HTTP/1.1" 200 17057 "-" "Mozilla/5.0 (compatible; SemrushBot/6~bl; +http://www.semrush.com/bot.html)" "-"
46.229.168.154 - - [19/Jul/2020:07:46:33 +0000] "GET /%D0%B6%D0%B5%D0%BD%D0%B8%D0%BB%D1%81%D1%8F-%D0%98%D0%B2%D0%B0%D0%BD-%D0%B4%D1%83%D1%80%D0%B0%D0%BA-%D0%BD%D0%B0-%D0%92%D0%B0%D1%81%D0%B8%D0%BB%D0%B8%D1%81%D0%B5-%D0%9F%D1%80%D0%B5%D0%BC%D1%83%D0%B4%D1%80%D0%BE%D0%B9-%D0%B0-%D1%82%D0%B0/?p=2 HTTP/1.1" 200 17057 "-" "Mozilla/5.0 (compatible; SemrushBot/6~bl; +http://www.semrush.com/bot.html)"
91.67.216.40 - - [19/Jul/2020:07:46:37 +0000] "GET /%D1%82%D1%80%D0%B8-%D0%B1%D1%80%D0%B0%D1%82%D0%B0-%D0%B8%D1%80%D0%BB%D0%B0%D0%BD%D0%B4%D1%86%D0%B0-%D0%B8%D0%BC%D0%B5%D0%BB%D0%B8-%D1%82%D1%80%D0%B0%D0%B4%D0%B8%D1%86%D0%B8%D1%8E-%D1%80%D0%B0%D0%B7-%D0%B2-%D0%BD%D0%B5%D0%B4%D0%B5%D0%BB%D1%8E/ HTTP/2.0" 200 12989 "https://www.google.de/" "Mozilla/5.0 (iPhone; CPU iPhone OS 12_4_7 like Mac OS X) AppleWebKit/605.1.15 (KHTML, like Gecko) Version/12.1.2 Mobile/15E148 Safari/604.1" "-"
91.67.216.40 - - [19/Jul/2020:07:46:37 +0000] "GET /%D1%82%D1%80%D0%B8-%D0%B1%D1%80%D0%B0%D1%82%D0%B0-%D0%B8%D1%80%D0%BB%D0%B0%D0%BD%D0%B4%D1%86%D0%B0-%D0%B8%D0%BC%D0%B5%D0%BB%D0%B8-%D1%82%D1%80%D0%B0%D0%B4%D0%B8%D1%86%D0%B8%D1%8E-%D1%80%D0%B0%D0%B7-%D0%B2-%D0%BD%D0%B5%D0%B4%D0%B5%D0%BB%D1%8E/ HTTP/2.0" 200 12989 "https://www.google.de/" "Mozilla/5.0 (iPhone; CPU iPhone OS 12_4_7 like Mac OS X) AppleWebKit/605.1.15 (KHTML, like Gecko) Version/12.1.2 Mobile/15E148 Safari/604.1"
91.67.216.40 - - [19/Jul/2020:07:46:39 +0000] "GET /%D1%82%D1%80%D0%B8-%D0%B1%D1%80%D0%B0%D1%82%D0%B0-%D0%B8%D1%80%D0%BB%D0%B0%D0%BD%D0%B4%D1%86%D0%B0-%D0%B8%D0%BC%D0%B5%D0%BB%D0%B8-%D1%82%D1%80%D0%B0%D0%B4%D0%B8%D1%86%D0%B8%D1%8E-%D1%80%D0%B0%D0%B7-%D0%B2-%D0%BD%D0%B5%D0%B4%D0%B5%D0%BB%D1%8E/ HTTP/2.0" 200 12989 "https://baneks.site/%D1%82%D1%80%D0%B8-%D0%B1%D1%80%D0%B0%D1%82%D0%B0-%D0%B8%D1%80%D0%BB%D0%B0%D0%BD%D0%B4%D1%86%D0%B0-%D0%B8%D0%BC%D0%B5%D0%BB%D0%B8-%D1%82%D1%80%D0%B0%D0%B4%D0%B8%D1%86%D0%B8%D1%8E-%D1%80%D0%B0%D0%B7-%D0%B2-%D0%BD%D0%B5%D0%B4%D0%B5%D0%BB%D1%8E/" "Mozilla/5.0 (iPhone; CPU iPhone OS 12_4_7 like Mac OS X) AppleWebKit/605.1.15 (KHTML, like Gecko) Version/12.1.2 Mobile/15E148 Safari/604.1" "-"
91.67.216.40 - - [19/Jul/2020:07:46:39 +0000] "GET /%D1%82%D1%80%D0%B8-%D0%B1%D1%80%D0%B0%D1%82%D0%B0-%D0%B8%D1%80%D0%BB%D0%B0%D0%BD%D0%B4%D1%86%D0%B0-%D0%B8%D0%BC%D0%B5%D0%BB%D0%B8-%D1%82%D1%80%D0%B0%D0%B4%D0%B8%D1%86%D0%B8%D1%8E-%D1%80%D0%B0%D0%B7-%D0%B2-%D0%BD%D0%B5%D0%B4%D0%B5%D0%BB%D1%8E/ HTTP/2.0" 200 12989 "https://baneks.site/%D1%82%D1%80%D0%B8-%D0%B1%D1%80%D0%B0%D1%82%D0%B0-%D0%B8%D1%80%D0%BB%D0%B0%D0%BD%D0%B4%D1%86%D0%B0-%D0%B8%D0%BC%D0%B5%D0%BB%D0%B8-%D1%82%D1%80%D0%B0%D0%B4%D0%B8%D1%86%D0%B8%D1%8E-%D1%80%D0%B0%D0%B7-%D0%B2-%D0%BD%D0%B5%D0%B4%D0%B5%D0%BB%D1%8E/" "Mozilla/5.0 (iPhone; CPU iPhone OS 12_4_7 like Mac OS X) AppleWebKit/605.1.15 (KHTML, like Gecko) Version/12.1.2 Mobile/15E148 Safari/604.1"
176.193.24.191 - - [19/Jul/2020:07:46:57 +0000] "POST /admin/jokes/joke/25781/change/ HTTP/2.0" 302 0 "https://baneks.site/admin/jokes/joke/25781/change/" "Mozilla/5.0 (X11; Linux x86_64) AppleWebKit/537.36 (KHTML, like Gecko) Chrome/81.0.4044.138 Safari/537.36" "-"
176.193.24.191 - - [19/Jul/2020:07:46:57 +0000] "POST /admin/jokes/joke/25781/change/ HTTP/2.0" 302 0 "https://baneks.site/admin/jokes/joke/25781/change/" "Mozilla/5.0 (X11; Linux x86_64) AppleWebKit/537.36 (KHTML, like Gecko) Chrome/81.0.4044.138 Safari/537.36"
176.193.24.191 - - [19/Jul/2020:07:46:57 +0000] "GET /admin/jokes/joke/25782/change/ HTTP/2.0" 200 9869 "https://baneks.site/admin/jokes/joke/25781/change/" "Mozilla/5.0 (X11; Linux x86_64) AppleWebKit/537.36 (KHTML, like Gecko) Chrome/81.0.4044.138 Safari/537.36" "-"
176.193.24.191 - - [19/Jul/2020:07:46:57 +0000] "GET /admin/jokes/joke/25782/change/ HTTP/2.0" 200 9869 "https://baneks.site/admin/jokes/joke/25781/change/" "Mozilla/5.0 (X11; Linux x86_64) AppleWebKit/537.36 (KHTML, like Gecko) Chrome/81.0.4044.138 Safari/537.36"
46.229.168.141 - - [19/Jul/2020:07:46:58 +0000] "GET /%D0%B4%D0%BE%D0%BA%D1%82%D0%BE%D1%80-%D0%92%D0%B0%D1%82%D1%81%D0%BE%D0%BD-%D1%81%D0%B8%D0%B4%D0%B5%D0%BB-%D0%B2-%D1%80%D0%B5%D1%81%D1%82%D0%BE%D1%80%D0%B0%D0%BD%D0%B5-%D0%BD%D0%B0%D1%81%D0%BB%D0%B0%D0%B6%D0%B4%D0%B0%D1%8F%D1%81%D1%8C-%D0%BE%D0%B1%D0%B5%D0%B4%D0%BE%D0%BC/ HTTP/1.1" 200 15222 "-" "Mozilla/5.0 (compatible; SemrushBot/6~bl; +http://www.semrush.com/bot.html)" "-"
46.229.168.141 - - [19/Jul/2020:07:46:58 +0000] "GET /%D0%B4%D0%BE%D0%BA%D1%82%D0%BE%D1%80-%D0%92%D0%B0%D1%82%D1%81%D0%BE%D0%BD-%D1%81%D0%B8%D0%B4%D0%B5%D0%BB-%D0%B2-%D1%80%D0%B5%D1%81%D1%82%D0%BE%D1%80%D0%B0%D0%BD%D0%B5-%D0%BD%D0%B0%D1%81%D0%BB%D0%B0%D0%B6%D0%B4%D0%B0%D1%8F%D1%81%D1%8C-%D0%BE%D0%B1%D0%B5%D0%B4%D0%BE%D0%BC/ HTTP/1.1" 200 15222 "-" "Mozilla/5.0 (compatible; SemrushBot/6~bl; +http://www.semrush.com/bot.html)"
46.229.168.150 - - [19/Jul/2020:07:47:10 +0000] "GET /-%D0%BF%D0%B0%D0%BF%D0%B0-%D1%87%D1%82%D0%BE-%D1%82%D0%B0%D0%BA%D0%BE%D0%B5-%D0%BD%D0%B5%D0%BA%D0%BE%D0%BC%D0%BF%D0%B5%D1%82%D0%B5%D0%BD%D1%82%D0%BD%D0%BE%D1%81%D1%82%D1%8C-%D0%B8-%D0%B1%D0%B5%D0%B7%D1%80%D0%B0%D0%B7%D0%BB%D0%B8%D1%87%D0%B8%D0%B5/?p=1 HTTP/1.1" 200 13533 "-" "Mozilla/5.0 (compatible; SemrushBot/6~bl; +http://www.semrush.com/bot.html)" "-"
46.229.168.150 - - [19/Jul/2020:07:47:10 +0000] "GET /-%D0%BF%D0%B0%D0%BF%D0%B0-%D1%87%D1%82%D0%BE-%D1%82%D0%B0%D0%BA%D0%BE%D0%B5-%D0%BD%D0%B5%D0%BA%D0%BE%D0%BC%D0%BF%D0%B5%D1%82%D0%B5%D0%BD%D1%82%D0%BD%D0%BE%D1%81%D1%82%D1%8C-%D0%B8-%D0%B1%D0%B5%D0%B7%D1%80%D0%B0%D0%B7%D0%BB%D0%B8%D1%87%D0%B8%D0%B5/?p=1 HTTP/1.1" 200 13533 "-" "Mozilla/5.0 (compatible; SemrushBot/6~bl; +http://www.semrush.com/bot.html)"
62.210.188.218 - - [19/Jul/2020:07:47:31 +0000] "GET /tag/%D0%BD%D0%B5%D0%B3%D1%80/ HTTP/1.1" 200 11680 "-" "Mozilla/5.0 (compatible; Barkrowler/0.9; +https://babbar.tech/crawler)" "-"
62.210.188.218 - - [19/Jul/2020:07:47:31 +0000] "GET /tag/%D0%BD%D0%B5%D0%B3%D1%80/ HTTP/1.1" 200 11680 "-" "Mozilla/5.0 (compatible; Barkrowler/0.9; +https://babbar.tech/crawler)"
45.32.7.22 - - [19/Jul/2020:07:47:32 +0000] "GET / HTTP/1.1" 200 4615 "-" "Mozilla/5.0 (Windows NT 6.2; WOW64) AppleWebKit/537.4 (KHTML, like Gecko) Chrome/98 Safari/537.4 (StatusCake)" "-"
45.32.7.22 - - [19/Jul/2020:07:47:32 +0000] "GET / HTTP/1.1" 200 4615 "-" "Mozilla/5.0 (Windows NT 6.2; WOW64) AppleWebKit/537.4 (KHTML, like Gecko) Chrome/98 Safari/537.4 (StatusCake)"
46.229.168.137 - - [19/Jul/2020:07:47:50 +0000] "GET /%D0%BD%D0%BE%D1%87%D1%8C-%D0%BC%D0%B0%D0%BB%D0%B5%D0%BD%D1%8C%D0%BA%D0%B8%D0%B9-%D0%BC%D0%B0%D0%BB%D1%8C%D1%87%D0%B8%D0%BA-%D0%BF%D1%80%D0%BE%D1%81%D0%BD%D1%83%D0%BB%D1%81%D1%8F-%D0%B8-%D0%B7%D0%B0%D1%85%D0%BE%D1%82%D0%B5%D0%BB-%D0%BF%D0%BE%D0%BF%D0%B8%D1%82%D1%8C/?p=2 HTTP/1.1" 200 9962 "-" "Mozilla/5.0 (compatible; SemrushBot/6~bl; +http://www.semrush.com/bot.html)" "-"
46.229.168.137 - - [19/Jul/2020:07:47:50 +0000] "GET /%D0%BD%D0%BE%D1%87%D1%8C-%D0%BC%D0%B0%D0%BB%D0%B5%D0%BD%D1%8C%D0%BA%D0%B8%D0%B9-%D0%BC%D0%B0%D0%BB%D1%8C%D1%87%D0%B8%D0%BA-%D0%BF%D1%80%D0%BE%D1%81%D0%BD%D1%83%D0%BB%D1%81%D1%8F-%D0%B8-%D0%B7%D0%B0%D1%85%D0%BE%D1%82%D0%B5%D0%BB-%D0%BF%D0%BE%D0%BF%D0%B8%D1%82%D1%8C/?p=2 HTTP/1.1" 200 9962 "-" "Mozilla/5.0 (compatible; SemrushBot/6~bl; +http://www.semrush.com/bot.html)"
114.119.165.126 - - [19/Jul/2020:07:48:17 +0000] "GET /%D0%BD%D0%B0-%D1%8D%D0%BA%D0%B7%D0%B0%D0%BC%D0%B5%D0%BD%D0%B5-%D0%BF%D0%BE-%D0%B0%D0%BD%D0%B0%D1%82%D0%BE%D0%BC%D0%B8%D0%B8-%D0%BF%D1%80%D0%BE%D1%84%D0%B5%D1%81%D1%81%D0%BE%D1%80-%D0%B7%D0%B0%D0%B4%D0%B0%D0%B5%D1%82-%D1%81%D1%82%D1%83%D0%B4%D0%B5%D0%BD%D1%82%D0%BA%D0%B5?p=4 HTTP/1.1" 301 0 "-" "Mozilla/5.0 (Linux; Android 7.0;) AppleWebKit/537.36 (KHTML, like Gecko) Mobile Safari/537.36 (compatible; PetalBot;+https://aspiegel.com/petalbot)" "-"
114.119.165.126 - - [19/Jul/2020:07:48:17 +0000] "GET /%D0%BD%D0%B0-%D1%8D%D0%BA%D0%B7%D0%B0%D0%BC%D0%B5%D0%BD%D0%B5-%D0%BF%D0%BE-%D0%B0%D0%BD%D0%B0%D1%82%D0%BE%D0%BC%D0%B8%D0%B8-%D0%BF%D1%80%D0%BE%D1%84%D0%B5%D1%81%D1%81%D0%BE%D1%80-%D0%B7%D0%B0%D0%B4%D0%B0%D0%B5%D1%82-%D1%81%D1%82%D1%83%D0%B4%D0%B5%D0%BD%D1%82%D0%BA%D0%B5?p=4 HTTP/1.1" 301 0 "-" "Mozilla/5.0 (Linux; Android 7.0;) AppleWebKit/537.36 (KHTML, like Gecko) Mobile Safari/537.36 (compatible; PetalBot;+https://aspiegel.com/petalbot)"
176.213.122.247 - - [19/Jul/2020:07:48:17 +0000] "GET /%D0%B2%D0%BE%D0%B9%D0%BD%D0%B0-%D0%BC%D0%B5%D0%B6%D0%B4%D1%83-%D0%B0%D1%80%D0%BC%D0%B5%D0%BD%D0%B8%D0%B5%D0%B9-%D0%B8-%D0%B0%D0%B7%D0%B5%D1%80%D0%B1%D0%B0%D0%B9%D0%B4%D0%B6%D0%B0%D0%BD%D0%BE%D0%BC-%D0%BF%D0%BE%D0%B9%D0%BC%D0%B0%D0%BB%D0%B8/ HTTP/2.0" 200 14180 "https://baneks.site/%D1%83%D1%82%D1%80%D0%BE-%D0%B2%D0%BE%D1%81%D1%8C%D0%BC%D0%BE%D0%B3%D0%BE-%D0%BC%D0%B0%D1%80%D1%82%D0%B0-%D0%BF%D1%80%D0%B8%D0%BD%D0%B8%D0%BC%D0%B0%D0%B5%D1%82-%D0%B4%D0%B5%D0%B6%D1%83%D1%80%D1%81%D1%82%D0%B2%D0%BE-2-%D0%BA%D0%B0%D1%80%D0%B0%D1%83%D0%BB/" "Mozilla/5.0 (Windows NT 10.0; Win64; x64) AppleWebKit/537.36 (KHTML, like Gecko) Chrome/83.0.4103.106 YaBrowser/20.7.1.70 Yowser/2.5 Safari/537.36" "-"
176.213.122.247 - - [19/Jul/2020:07:48:17 +0000] "GET /%D0%B2%D0%BE%D0%B9%D0%BD%D0%B0-%D0%BC%D0%B5%D0%B6%D0%B4%D1%83-%D0%B0%D1%80%D0%BC%D0%B5%D0%BD%D0%B8%D0%B5%D0%B9-%D0%B8-%D0%B0%D0%B7%D0%B5%D1%80%D0%B1%D0%B0%D0%B9%D0%B4%D0%B6%D0%B0%D0%BD%D0%BE%D0%BC-%D0%BF%D0%BE%D0%B9%D0%BC%D0%B0%D0%BB%D0%B8/ HTTP/2.0" 200 14180 "https://baneks.site/%D1%83%D1%82%D1%80%D0%BE-%D0%B2%D0%BE%D1%81%D1%8C%D0%BC%D0%BE%D0%B3%D0%BE-%D0%BC%D0%B0%D1%80%D1%82%D0%B0-%D0%BF%D1%80%D0%B8%D0%BD%D0%B8%D0%BC%D0%B0%D0%B5%D1%82-%D0%B4%D0%B5%D0%B6%D1%83%D1%80%D1%81%D1%82%D0%B2%D0%BE-2-%D0%BA%D0%B0%D1%80%D0%B0%D1%83%D0%BB/" "Mozilla/5.0 (Windows NT 10.0; Win64; x64) AppleWebKit/537.36 (KHTML, like Gecko) Chrome/83.0.4103.106 YaBrowser/20.7.1.70 Yowser/2.5 Safari/537.36"
31.173.84.186 - - [19/Jul/2020:07:48:18 +0000] "GET /%D0%B7%D0%B0%D1%81%D0%BD%D1%83%D0%BB-%D0%91%D1%80%D0%B5%D0%B6%D0%BD%D0%B5%D0%B2-%D0%BD%D0%B0-%D0%BF%D0%BB%D1%8F%D0%B6%D0%B5-%D0%B8%D0%B7-%D0%BF%D0%BB%D0%B0%D0%B2%D0%BE%D0%BA-%D0%B2%D1%8B%D0%B2%D0%B0%D0%BB%D0%B8%D0%BB%D0%B8%D1%81%D1%8C-%D1%8F%D0%B9%D1%86%D0%B0/ HTTP/2.0" 200 13792 "https://yandex.ru/clck/jsredir?bu=iwkf71&from=yandex.ru%3Bsearch%2F%3Bweb%3B%3B&text=&etext=2202.0ug1RuO-kz6a_Splwn4XInjJi2Ep4MkI0pN6nOX13q0H3cBtzHa_LLRmO3aTf-2R5TMAhrLQeHvsYq-FbgBMrWNmb3VrY3pnb2JpaGtqamo.72606f65fdc9b21f718be8d94d69cf7083d663bd&uuid=&state=jLT9ScZ_wbo,&&cst=AiuY0DBWFJ5fN_r-AEszkzCnbNt4BZdIx9PycBDlo9gFKkGAfwvm8jN_se_2sy_5h_nSTq1FrDi3B6LJI6m-CN3pVdjqaLsn6y73yoCJInFCHiT0YfQ_pPUwy1qI3YUsyr67lyxH1XzmkczJjmRvBM3we8dR7nSqc1wZxHd8ASB93bkv8N46zvu9tCz5J9L2N806fHsYLPU3WRk55dUZChHPZ1MVvclxocHXZ8NySLZpve12haV0MNnVku4Q7g8NliKO7I_7_bwuLLy4lKq1rhzrwtN6L8kXmi4TOU8IvdvSKtpjnAhIEmS2-qvNdM3nUxqqtZKgsvveVMc6giEElc28GOxBsnMqEXUbgvj9bJBC6rI8VmfRBbijyxVpo_ptVXzesRk8EE6PqAycXp6c7OY527h-_lUmB73t45mJiUtu_QT-7XtJ0PRNFm0n8haVwPQr47FbJcRGyCXOckah-ddk0qMZoUMSh-OJjoiN2_OIFRyAZ49YbxVceHd0k5-7uzmGqg25EpoBaZufT6e33wVfJKOzAYk5mCyM5CY9WVYM87prJwpRXOkVF_Mr_oeSnf15514sQ5zdTMFG5PtlzsXuJ5awbt5EGzphI71jyswCPN_47zxfJ-Vp7MK9PfMi_H3PBOnyJB0VgxSLF_sfBlkoysxs6t5fFRdNYy5VTqwMuCB6UkzLgNHi5llaJoqFeKwrIntv_6OJuQfEenKNu870AMrUi2WvhZhE1rROe9XQqwgAE32g72BQIet6Z5wfBbPbCeuGqqasEiMhX2_90gpMgzBfecfBdFr-MHMv9erMZmRAv2J4EXcxg769Kil48Hq7dV64EpMUW_dyjrBTWPqgxmLIN_vo9odwyTChC-RiXWoMGvFEE87iMowO2e2NlAbvoYDmuJINvfd8oh8K5JytB98UWwCtVg8v9Uzoa116mQ2QHEkVJRhRiHiKLfobkE8q9UoCt9FeWrEda-zXN1ft4y2ShMO90iMmrZq-XdIKBRe6nced6c7wpWUDl305KuZzAzsifKBX7T07WXN9Z_y_CbSK_6CpHp08mllW9OmVk-liba6W2jsFPxATpr29YXZ-UPh42luGlAyS1iGWNX0_I27Yh_PYH1CJxCgx2DzjXgDm-7anhjZGZWE0YZl2eupMFTHdPKg,&data=UlNrNmk5WktYejY4cHFySjRXSWhXQzk2dmlJRDFTV0hkTTdoaFNVaXhnRERxVzZGc016S3BSbG5ENllIVnctUW5pZ0ZfUmo0bW1YMWJFZl9XdFdwOFNYLS01RlJBeTlHWk5lRXdpNnQ3MDVqUFhENWZpdDlXLXVvUURyTkpzLVZJdWI5b0NyWlVzNDhwNU5ldzBDMDRGS1ZRSzdWdlI3YTdVSk5xMy1nQVFPdTJWU1BBV05KYmM1ZFBpZEZrakxncXMyVUxidElyMWpGTU9QU1dRbHlfbVZUdXZaY25MeF8yZkVnYWhMN3N4RG9RVFFYdWZodmRSTmNkcG5Td29NeDVwSVB0dGhVekZEX09sR2FQUDlEME0tRzEzbW9ObGM1SUVmUk9Vb0tlU2F3aVRYUHdScjFYb05vVFc3WEVtMmhfcW9fWjhabDFRaE9aV0ZYNW5Gdy1PVVNJZS1panI2bk14NUVSQnRRb2hCdmFYUTJteFlIMkdscFphbFVKdml5RWNCVDlIYmVDTllOVjItU0dWblc0LVVKY0VpZWdNTENWN1BheXlLdXEtMklaN0JDUG9Ic1hQYzhUeW00TTJZWnIzNHRiTnZJbTU3MWpuWnFjR0VSZ1A0RnVJUEg4aEFjNlJvVmc1WHNRb2VSYWdPVTZNNTdLWlpaSDM4Tm9tVTNJT2pIVXJ4MHpUTFBWSEUzUXVfUEpTdXk3OEZnWlRhY19KQUQ4VlF1Y3UxT1lRUjZFQWwwVkNNZ0dNME5SYUctYl8zRUZIeDF3b0xxN1JjdXRQX29OZlBTUUVMakRvU0RoNmRoeEZ4UzU0U3JOc2pJLTVDNDlOTEs0Vi1JQTBFbkVDV0hCZk16bWV0Wmdnd05TajNqa1hDUXpyem9Iekpa&sign=bdc8a73bb2dbd72efae7d1d2a7e07b82&keyno=0&b64e=2&ref=orjY4mGPRjk5boDnW0uvlrrd71vZw9kpVBUyA8nmgRH5pjAsQ9jushKg2JHiyPJK49AM-QwQLb7ZWdULE5D5zELK40FFb25aUznu7QRt3OzUaArhtbIEdJL9WCpepQ33f4ZuZ_CuecyCF2qTINsGetdatjkifSmk5RLybnR5upS4hQl-aZQT_uz7RbDTLPEnVeKc04ni1sVBdjZTEJTFfJt7QVpu25ggCw3rkiecf4oQUL8RcKFu1rUcvWeEQHBX&l10n=ru&cts=1595144896167%40%40events%3D%5B%7B%22event%22%3A%22click%22%2C%22id%22%3A%22iwkf71%22%2C%22cts%22%3A1595144896167%2C%22fast%22%3A%7B%22organic%22%3A1%7D%2C%22service%22%3A%22web%22%2C%22event-id%22%3A%22kcss3353ka%22%7D%5D&mc=3.405822250285692&hdtime=117772.465" "Mozilla/5.0 (Windows NT 6.1; Win64; x64) AppleWebKit/537.36 (KHTML, like Gecko) Chrome/83.0.4103.116 Safari/537.36" "-"
31.173.84.186 - - [19/Jul/2020:07:48:18 +0000] "GET /%D0%B7%D0%B0%D1%81%D0%BD%D1%83%D0%BB-%D0%91%D1%80%D0%B5%D0%B6%D0%BD%D0%B5%D0%B2-%D0%BD%D0%B0-%D0%BF%D0%BB%D1%8F%D0%B6%D0%B5-%D0%B8%D0%B7-%D0%BF%D0%BB%D0%B0%D0%B2%D0%BE%D0%BA-%D0%B2%D1%8B%D0%B2%D0%B0%D0%BB%D0%B8%D0%BB%D0%B8%D1%81%D1%8C-%D1%8F%D0%B9%D1%86%D0%B0/ HTTP/2.0" 200 13792 "https://yandex.ru/clck/jsredir?bu=iwkf71&from=yandex.ru%3Bsearch%2F%3Bweb%3B%3B&text=&etext=2202.0ug1RuO-kz6a_Splwn4XInjJi2Ep4MkI0pN6nOX13q0H3cBtzHa_LLRmO3aTf-2R5TMAhrLQeHvsYq-FbgBMrWNmb3VrY3pnb2JpaGtqamo.72606f65fdc9b21f718be8d94d69cf7083d663bd&uuid=&state=jLT9ScZ_wbo,&&cst=AiuY0DBWFJ5fN_r-AEszkzCnbNt4BZdIx9PycBDlo9gFKkGAfwvm8jN_se_2sy_5h_nSTq1FrDi3B6LJI6m-CN3pVdjqaLsn6y73yoCJInFCHiT0YfQ_pPUwy1qI3YUsyr67lyxH1XzmkczJjmRvBM3we8dR7nSqc1wZxHd8ASB93bkv8N46zvu9tCz5J9L2N806fHsYLPU3WRk55dUZChHPZ1MVvclxocHXZ8NySLZpve12haV0MNnVku4Q7g8NliKO7I_7_bwuLLy4lKq1rhzrwtN6L8kXmi4TOU8IvdvSKtpjnAhIEmS2-qvNdM3nUxqqtZKgsvveVMc6giEElc28GOxBsnMqEXUbgvj9bJBC6rI8VmfRBbijyxVpo_ptVXzesRk8EE6PqAycXp6c7OY527h-_lUmB73t45mJiUtu_QT-7XtJ0PRNFm0n8haVwPQr47FbJcRGyCXOckah-ddk0qMZoUMSh-OJjoiN2_OIFRyAZ49YbxVceHd0k5-7uzmGqg25EpoBaZufT6e33wVfJKOzAYk5mCyM5CY9WVYM87prJwpRXOkVF_Mr_oeSnf15514sQ5zdTMFG5PtlzsXuJ5awbt5EGzphI71jyswCPN_47zxfJ-Vp7MK9PfMi_H3PBOnyJB0VgxSLF_sfBlkoysxs6t5fFRdNYy5VTqwMuCB6UkzLgNHi5llaJoqFeKwrIntv_6OJuQfEenKNu870AMrUi2WvhZhE1rROe9XQqwgAE32g72BQIet6Z5wfBbPbCeuGqqasEiMhX2_90gpMgzBfecfBdFr-MHMv9erMZmRAv2J4EXcxg769Kil48Hq7dV64EpMUW_dyjrBTWPqgxmLIN_vo9odwyTChC-RiXWoMGvFEE87iMowO2e2NlAbvoYDmuJINvfd8oh8K5JytB98UWwCtVg8v9Uzoa116mQ2QHEkVJRhRiHiKLfobkE8q9UoCt9FeWrEda-zXN1ft4y2ShMO90iMmrZq-XdIKBRe6nced6c7wpWUDl305KuZzAzsifKBX7T07WXN9Z_y_CbSK_6CpHp08mllW9OmVk-liba6W2jsFPxATpr29YXZ-UPh42luGlAyS1iGWNX0_I27Yh_PYH1CJxCgx2DzjXgDm-7anhjZGZWE0YZl2eupMFTHdPKg,&data=UlNrNmk5WktYejY4cHFySjRXSWhXQzk2dmlJRDFTV0hkTTdoaFNVaXhnRERxVzZGc016S3BSbG5ENllIVnctUW5pZ0ZfUmo0bW1YMWJFZl9XdFdwOFNYLS01RlJBeTlHWk5lRXdpNnQ3MDVqUFhENWZpdDlXLXVvUURyTkpzLVZJdWI5b0NyWlVzNDhwNU5ldzBDMDRGS1ZRSzdWdlI3YTdVSk5xMy1nQVFPdTJWU1BBV05KYmM1ZFBpZEZrakxncXMyVUxidElyMWpGTU9QU1dRbHlfbVZUdXZaY25MeF8yZkVnYWhMN3N4RG9RVFFYdWZodmRSTmNkcG5Td29NeDVwSVB0dGhVekZEX09sR2FQUDlEME0tRzEzbW9ObGM1SUVmUk9Vb0tlU2F3aVRYUHdScjFYb05vVFc3WEVtMmhfcW9fWjhabDFRaE9aV0ZYNW5Gdy1PVVNJZS1panI2bk14NUVSQnRRb2hCdmFYUTJteFlIMkdscFphbFVKdml5RWNCVDlIYmVDTllOVjItU0dWblc0LVVKY0VpZWdNTENWN1BheXlLdXEtMklaN0JDUG9Ic1hQYzhUeW00TTJZWnIzNHRiTnZJbTU3MWpuWnFjR0VSZ1A0RnVJUEg4aEFjNlJvVmc1WHNRb2VSYWdPVTZNNTdLWlpaSDM4Tm9tVTNJT2pIVXJ4MHpUTFBWSEUzUXVfUEpTdXk3OEZnWlRhY19KQUQ4VlF1Y3UxT1lRUjZFQWwwVkNNZ0dNME5SYUctYl8zRUZIeDF3b0xxN1JjdXRQX29OZlBTUUVMakRvU0RoNmRoeEZ4UzU0U3JOc2pJLTVDNDlOTEs0Vi1JQTBFbkVDV0hCZk16bWV0Wmdnd05TajNqa1hDUXpyem9Iekpa&sign=bdc8a73bb2dbd72efae7d1d2a7e07b82&keyno=0&b64e=2&ref=orjY4mGPRjk5boDnW0uvlrrd71vZw9kpVBUyA8nmgRH5pjAsQ9jushKg2JHiyPJK49AM-QwQLb7ZWdULE5D5zELK40FFb25aUznu7QRt3OzUaArhtbIEdJL9WCpepQ33f4ZuZ_CuecyCF2qTINsGetdatjkifSmk5RLybnR5upS4hQl-aZQT_uz7RbDTLPEnVeKc04ni1sVBdjZTEJTFfJt7QVpu25ggCw3rkiecf4oQUL8RcKFu1rUcvWeEQHBX&l10n=ru&cts=1595144896167%40%40events%3D%5B%7B%22event%22%3A%22click%22%2C%22id%22%3A%22iwkf71%22%2C%22cts%22%3A1595144896167%2C%22fast%22%3A%7B%22organic%22%3A1%7D%2C%22service%22%3A%22web%22%2C%22event-id%22%3A%22kcss3353ka%22%7D%5D&mc=3.405822250285692&hdtime=117772.465" "Mozilla/5.0 (Windows NT 6.1; Win64; x64) AppleWebKit/537.36 (KHTML, like Gecko) Chrome/83.0.4103.116 Safari/537.36"
114.119.165.126 - - [19/Jul/2020:07:48:18 +0000] "GET /%D0%BD%D0%B0-%D1%8D%D0%BA%D0%B7%D0%B0%D0%BC%D0%B5%D0%BD%D0%B5-%D0%BF%D0%BE-%D0%B0%D0%BD%D0%B0%D1%82%D0%BE%D0%BC%D0%B8%D0%B8-%D0%BF%D1%80%D0%BE%D1%84%D0%B5%D1%81%D1%81%D0%BE%D1%80-%D0%B7%D0%B0%D0%B4%D0%B0%D0%B5%D1%82-%D1%81%D1%82%D1%83%D0%B4%D0%B5%D0%BD%D1%82%D0%BA%D0%B5/?p=4 HTTP/1.1" 200 9259 "-" "Mozilla/5.0 (Linux; Android 7.0;) AppleWebKit/537.36 (KHTML, like Gecko) Mobile Safari/537.36 (compatible; PetalBot;+https://aspiegel.com/petalbot)" "-"
114.119.165.126 - - [19/Jul/2020:07:48:18 +0000] "GET /%D0%BD%D0%B0-%D1%8D%D0%BA%D0%B7%D0%B0%D0%BC%D0%B5%D0%BD%D0%B5-%D0%BF%D0%BE-%D0%B0%D0%BD%D0%B0%D1%82%D0%BE%D0%BC%D0%B8%D0%B8-%D0%BF%D1%80%D0%BE%D1%84%D0%B5%D1%81%D1%81%D0%BE%D1%80-%D0%B7%D0%B0%D0%B4%D0%B0%D0%B5%D1%82-%D1%81%D1%82%D1%83%D0%B4%D0%B5%D0%BD%D1%82%D0%BA%D0%B5/?p=4 HTTP/1.1" 200 9259 "-" "Mozilla/5.0 (Linux; Android 7.0;) AppleWebKit/537.36 (KHTML, like Gecko) Mobile Safari/537.36 (compatible; PetalBot;+https://aspiegel.com/petalbot)"
176.213.122.247 - - [19/Jul/2020:07:48:19 +0000] "GET /%D0%B2%D0%BE%D0%B9%D0%BD%D0%B0-%D0%BC%D0%B5%D0%B6%D0%B4%D1%83-%D0%B0%D1%80%D0%BC%D0%B5%D0%BD%D0%B8%D0%B5%D0%B9-%D0%B8-%D0%B0%D0%B7%D0%B5%D1%80%D0%B1%D0%B0%D0%B9%D0%B4%D0%B6%D0%B0%D0%BD%D0%BE%D0%BC-%D0%BF%D0%BE%D0%B9%D0%BC%D0%B0%D0%BB%D0%B8/ HTTP/2.0" 200 14180 "https://baneks.site/%D0%B2%D0%BE%D0%B9%D0%BD%D0%B0-%D0%BC%D0%B5%D0%B6%D0%B4%D1%83-%D0%B0%D1%80%D0%BC%D0%B5%D0%BD%D0%B8%D0%B5%D0%B9-%D0%B8-%D0%B0%D0%B7%D0%B5%D1%80%D0%B1%D0%B0%D0%B9%D0%B4%D0%B6%D0%B0%D0%BD%D0%BE%D0%BC-%D0%BF%D0%BE%D0%B9%D0%BC%D0%B0%D0%BB%D0%B8/" "Mozilla/5.0 (Windows NT 10.0; Win64; x64) AppleWebKit/537.36 (KHTML, like Gecko) Chrome/83.0.4103.106 YaBrowser/20.7.1.70 Yowser/2.5 Safari/537.36" "-"
176.213.122.247 - - [19/Jul/2020:07:48:19 +0000] "GET /%D0%B2%D0%BE%D0%B9%D0%BD%D0%B0-%D0%BC%D0%B5%D0%B6%D0%B4%D1%83-%D0%B0%D1%80%D0%BC%D0%B5%D0%BD%D0%B8%D0%B5%D0%B9-%D0%B8-%D0%B0%D0%B7%D0%B5%D1%80%D0%B1%D0%B0%D0%B9%D0%B4%D0%B6%D0%B0%D0%BD%D0%BE%D0%BC-%D0%BF%D0%BE%D0%B9%D0%BC%D0%B0%D0%BB%D0%B8/ HTTP/2.0" 200 14180 "https://baneks.site/%D0%B2%D0%BE%D0%B9%D0%BD%D0%B0-%D0%BC%D0%B5%D0%B6%D0%B4%D1%83-%D0%B0%D1%80%D0%BC%D0%B5%D0%BD%D0%B8%D0%B5%D0%B9-%D0%B8-%D0%B0%D0%B7%D0%B5%D1%80%D0%B1%D0%B0%D0%B9%D0%B4%D0%B6%D0%B0%D0%BD%D0%BE%D0%BC-%D0%BF%D0%BE%D0%B9%D0%BC%D0%B0%D0%BB%D0%B8/" "Mozilla/5.0 (Windows NT 10.0; Win64; x64) AppleWebKit/537.36 (KHTML, like Gecko) Chrome/83.0.4103.106 YaBrowser/20.7.1.70 Yowser/2.5 Safari/537.36"
31.173.84.186 - - [19/Jul/2020:07:48:21 +0000] "GET /%D0%B7%D0%B0%D1%81%D0%BD%D1%83%D0%BB-%D0%91%D1%80%D0%B5%D0%B6%D0%BD%D0%B5%D0%B2-%D0%BD%D0%B0-%D0%BF%D0%BB%D1%8F%D0%B6%D0%B5-%D0%B8%D0%B7-%D0%BF%D0%BB%D0%B0%D0%B2%D0%BE%D0%BA-%D0%B2%D1%8B%D0%B2%D0%B0%D0%BB%D0%B8%D0%BB%D0%B8%D1%81%D1%8C-%D1%8F%D0%B9%D1%86%D0%B0/ HTTP/2.0" 200 13792 "https://baneks.site/%D0%B7%D0%B0%D1%81%D0%BD%D1%83%D0%BB-%D0%91%D1%80%D0%B5%D0%B6%D0%BD%D0%B5%D0%B2-%D0%BD%D0%B0-%D0%BF%D0%BB%D1%8F%D0%B6%D0%B5-%D0%B8%D0%B7-%D0%BF%D0%BB%D0%B0%D0%B2%D0%BE%D0%BA-%D0%B2%D1%8B%D0%B2%D0%B0%D0%BB%D0%B8%D0%BB%D0%B8%D1%81%D1%8C-%D1%8F%D0%B9%D1%86%D0%B0/" "Mozilla/5.0 (Windows NT 6.1; Win64; x64) AppleWebKit/537.36 (KHTML, like Gecko) Chrome/83.0.4103.116 Safari/537.36" "-"
31.173.84.186 - - [19/Jul/2020:07:48:21 +0000] "GET /%D0%B7%D0%B0%D1%81%D0%BD%D1%83%D0%BB-%D0%91%D1%80%D0%B5%D0%B6%D0%BD%D0%B5%D0%B2-%D0%BD%D0%B0-%D0%BF%D0%BB%D1%8F%D0%B6%D0%B5-%D0%B8%D0%B7-%D0%BF%D0%BB%D0%B0%D0%B2%D0%BE%D0%BA-%D0%B2%D1%8B%D0%B2%D0%B0%D0%BB%D0%B8%D0%BB%D0%B8%D1%81%D1%8C-%D1%8F%D0%B9%D1%86%D0%B0/ HTTP/2.0" 200 13792 "https://baneks.site/%D0%B7%D0%B0%D1%81%D0%BD%D1%83%D0%BB-%D0%91%D1%80%D0%B5%D0%B6%D0%BD%D0%B5%D0%B2-%D0%BD%D0%B0-%D0%BF%D0%BB%D1%8F%D0%B6%D0%B5-%D0%B8%D0%B7-%D0%BF%D0%BB%D0%B0%D0%B2%D0%BE%D0%BA-%D0%B2%D1%8B%D0%B2%D0%B0%D0%BB%D0%B8%D0%BB%D0%B8%D1%81%D1%8C-%D1%8F%D0%B9%D1%86%D0%B0/" "Mozilla/5.0 (Windows NT 6.1; Win64; x64) AppleWebKit/537.36 (KHTML, like Gecko) Chrome/83.0.4103.116 Safari/537.36"
46.229.168.140 - - [19/Jul/2020:07:48:22 +0000] "GET /-%D0%B3%D1%80%D0%B0%D0%B6%D0%B4%D0%B0%D0%BD%D0%B5-%D0%BD%D0%B0%D1%81%D1%82%D0%B0%D0%BB-%D0%BC%D0%BE%D0%BC%D0%B5%D0%BD%D1%82-%D0%B7%D0%B0%D1%82%D1%8F%D0%BD%D1%83%D1%82%D1%8C-%D0%BF%D0%BE%D1%8F%D1%81%D0%B0-%D0%BF%D0%BE%D1%82%D1%83%D0%B6%D0%B5/ HTTP/1.1" 200 13416 "-" "Mozilla/5.0 (compatible; SemrushBot/6~bl; +http://www.semrush.com/bot.html)" "-"
46.229.168.140 - - [19/Jul/2020:07:48:22 +0000] "GET /-%D0%B3%D1%80%D0%B0%D0%B6%D0%B4%D0%B0%D0%BD%D0%B5-%D0%BD%D0%B0%D1%81%D1%82%D0%B0%D0%BB-%D0%BC%D0%BE%D0%BC%D0%B5%D0%BD%D1%82-%D0%B7%D0%B0%D1%82%D1%8F%D0%BD%D1%83%D1%82%D1%8C-%D0%BF%D0%BE%D1%8F%D1%81%D0%B0-%D0%BF%D0%BE%D1%82%D1%83%D0%B6%D0%B5/ HTTP/1.1" 200 13416 "-" "Mozilla/5.0 (compatible; SemrushBot/6~bl; +http://www.semrush.com/bot.html)"
95.161.246.249 - - [19/Jul/2020:07:48:36 +0000] "GET /%D0%BD%D0%BE%D0%B2%D1%8B%D0%B9-%D0%B3%D0%BE%D0%B4-%D0%B2-%D0%AD%D1%84%D0%B8%D0%BE%D0%BF%D0%B8%D0%B8-%D0%B8%D0%B7%D0%B3%D0%BE%D0%BB%D0%BE%D0%B4%D0%B0%D0%B2%D1%88%D0%B8%D0%B5%D1%81%D1%8F-%D0%B4%D0%B5%D1%82%D0%B8-%D1%81%D0%BE%D0%B1%D1%80%D0%B0%D0%BB%D0%B8%D1%81%D1%8C/ HTTP/2.0" 200 12601 "https://www.google.com/" "Mozilla/5.0 (Windows NT 10.0; Win64; x64) AppleWebKit/537.36 (KHTML, like Gecko) Chrome/84.0.4147.89 Safari/537.36" "-"
95.161.246.249 - - [19/Jul/2020:07:48:36 +0000] "GET /%D0%BD%D0%BE%D0%B2%D1%8B%D0%B9-%D0%B3%D0%BE%D0%B4-%D0%B2-%D0%AD%D1%84%D0%B8%D0%BE%D0%BF%D0%B8%D0%B8-%D0%B8%D0%B7%D0%B3%D0%BE%D0%BB%D0%BE%D0%B4%D0%B0%D0%B2%D1%88%D0%B8%D0%B5%D1%81%D1%8F-%D0%B4%D0%B5%D1%82%D0%B8-%D1%81%D0%BE%D0%B1%D1%80%D0%B0%D0%BB%D0%B8%D1%81%D1%8C/ HTTP/2.0" 200 12601 "https://www.google.com/" "Mozilla/5.0 (Windows NT 10.0; Win64; x64) AppleWebKit/537.36 (KHTML, like Gecko) Chrome/84.0.4147.89 Safari/537.36"
62.210.188.218 - - [19/Jul/2020:07:48:41 +0000] "GET /tag/%D1%81%D0%B5%D0%BA%D1%81/?p=1 HTTP/1.1" 200 11337 "-" "Mozilla/5.0 (compatible; Barkrowler/0.9; +https://babbar.tech/crawler)" "-"
62.210.188.218 - - [19/Jul/2020:07:48:41 +0000] "GET /tag/%D1%81%D0%B5%D0%BA%D1%81/?p=1 HTTP/1.1" 200 11337 "-" "Mozilla/5.0 (compatible; Barkrowler/0.9; +https://babbar.tech/crawler)"
91.230.25.118 - - [19/Jul/2020:07:48:41 +0000] "GET /%D0%B4%D0%B5%D0%BF%D1%83%D1%82%D0%B0%D1%82%D1%81%D0%BA%D0%B8%D0%B9-%D0%B2%D1%8B%D1%80%D0%BE%D0%B4%D0%BE%D0%BA-%D0%BF%D1%80%D0%B8%D1%85%D0%BE%D0%B4%D0%B8%D1%82-%D0%B4%D0%BE%D0%BC%D0%BE%D0%B9-%D1%81-%D1%81%D0%B5%D1%80%D1%8C%D0%B3%D0%BE%D0%B9-%D0%B2-%D1%83%D1%85%D0%B5/ HTTP/2.0" 200 12505 "https://www.google.com/" "Mozilla/5.0 (Linux; Android 9; Redmi Note 7) AppleWebKit/537.36 (KHTML, like Gecko) Chrome/83.0.4103.106 Mobile Safari/537.36" "-"
91.230.25.118 - - [19/Jul/2020:07:48:41 +0000] "GET /%D0%B4%D0%B5%D0%BF%D1%83%D1%82%D0%B0%D1%82%D1%81%D0%BA%D0%B8%D0%B9-%D0%B2%D1%8B%D1%80%D0%BE%D0%B4%D0%BE%D0%BA-%D0%BF%D1%80%D0%B8%D1%85%D0%BE%D0%B4%D0%B8%D1%82-%D0%B4%D0%BE%D0%BC%D0%BE%D0%B9-%D1%81-%D1%81%D0%B5%D1%80%D1%8C%D0%B3%D0%BE%D0%B9-%D0%B2-%D1%83%D1%85%D0%B5/ HTTP/2.0" 200 12505 "https://www.google.com/" "Mozilla/5.0 (Linux; Android 9; Redmi Note 7) AppleWebKit/537.36 (KHTML, like Gecko) Chrome/83.0.4103.106 Mobile Safari/537.36"
31.146.175.34 - - [19/Jul/2020:07:48:49 +0000] "GET /%D0%B7%D0%B0%D1%81%D1%82%D1%80%D1%8F%D0%BB-%D0%BB%D0%B5%D0%B2-%D1%8F%D0%B9%D1%86%D0%B0%D0%BC%D0%B8-%D0%B2-%D0%BA%D0%BE%D1%80%D1%8F%D0%B3%D0%B5-%D0%B2%D1%8B%D0%B1%D1%80%D0%B0%D1%82%D1%8C%D1%81%D1%8F-%D0%BD%D0%B8%D0%BA%D0%B0%D0%BA/?p=2 HTTP/2.0" 200 15308 "https://www.google.com/" "Mozilla/5.0 (iPhone; CPU iPhone OS 12_4_5 like Mac OS X) AppleWebKit/605.1.15 (KHTML, like Gecko) Version/12.1.2 Mobile/15E148 Safari/604.1" "-"
31.146.175.34 - - [19/Jul/2020:07:48:49 +0000] "GET /%D0%B7%D0%B0%D1%81%D1%82%D1%80%D1%8F%D0%BB-%D0%BB%D0%B5%D0%B2-%D1%8F%D0%B9%D1%86%D0%B0%D0%BC%D0%B8-%D0%B2-%D0%BA%D0%BE%D1%80%D1%8F%D0%B3%D0%B5-%D0%B2%D1%8B%D0%B1%D1%80%D0%B0%D1%82%D1%8C%D1%81%D1%8F-%D0%BD%D0%B8%D0%BA%D0%B0%D0%BA/?p=2 HTTP/2.0" 200 15308 "https://www.google.com/" "Mozilla/5.0 (iPhone; CPU iPhone OS 12_4_5 like Mac OS X) AppleWebKit/605.1.15 (KHTML, like Gecko) Version/12.1.2 Mobile/15E148 Safari/604.1"
31.146.175.34 - - [19/Jul/2020:07:48:56 +0000] "GET /%D0%B7%D0%B0%D1%81%D1%82%D1%80%D1%8F%D0%BB-%D0%BB%D0%B5%D0%B2-%D1%8F%D0%B9%D1%86%D0%B0%D0%BC%D0%B8-%D0%B2-%D0%BA%D0%BE%D1%80%D1%8F%D0%B3%D0%B5-%D0%B2%D1%8B%D0%B1%D1%80%D0%B0%D1%82%D1%8C%D1%81%D1%8F-%D0%BD%D0%B8%D0%BA%D0%B0%D0%BA/?p=2 HTTP/2.0" 200 15308 "https://baneks.site/%D0%B7%D0%B0%D1%81%D1%82%D1%80%D1%8F%D0%BB-%D0%BB%D0%B5%D0%B2-%D1%8F%D0%B9%D1%86%D0%B0%D0%BC%D0%B8-%D0%B2-%D0%BA%D0%BE%D1%80%D1%8F%D0%B3%D0%B5-%D0%B2%D1%8B%D0%B1%D1%80%D0%B0%D1%82%D1%8C%D1%81%D1%8F-%D0%BD%D0%B8%D0%BA%D0%B0%D0%BA/?p=2" "Mozilla/5.0 (iPhone; CPU iPhone OS 12_4_5 like Mac OS X) AppleWebKit/605.1.15 (KHTML, like Gecko) Version/12.1.2 Mobile/15E148 Safari/604.1" "-"
31.146.175.34 - - [19/Jul/2020:07:48:56 +0000] "GET /%D0%B7%D0%B0%D1%81%D1%82%D1%80%D1%8F%D0%BB-%D0%BB%D0%B5%D0%B2-%D1%8F%D0%B9%D1%86%D0%B0%D0%BC%D0%B8-%D0%B2-%D0%BA%D0%BE%D1%80%D1%8F%D0%B3%D0%B5-%D0%B2%D1%8B%D0%B1%D1%80%D0%B0%D1%82%D1%8C%D1%81%D1%8F-%D0%BD%D0%B8%D0%BA%D0%B0%D0%BA/?p=2 HTTP/2.0" 200 15308 "https://baneks.site/%D0%B7%D0%B0%D1%81%D1%82%D1%80%D1%8F%D0%BB-%D0%BB%D0%B5%D0%B2-%D1%8F%D0%B9%D1%86%D0%B0%D0%BC%D0%B8-%D0%B2-%D0%BA%D0%BE%D1%80%D1%8F%D0%B3%D0%B5-%D0%B2%D1%8B%D0%B1%D1%80%D0%B0%D1%82%D1%8C%D1%81%D1%8F-%D0%BD%D0%B8%D0%BA%D0%B0%D0%BA/?p=2" "Mozilla/5.0 (iPhone; CPU iPhone OS 12_4_5 like Mac OS X) AppleWebKit/605.1.15 (KHTML, like Gecko) Version/12.1.2 Mobile/15E148 Safari/604.1"
46.229.168.153 - - [19/Jul/2020:07:48:57 +0000] "GET /%D0%90%D1%80%D0%B8%D1%81%D1%82%D0%BE%D1%82%D0%B5%D0%BB%D1%8C-%D0%BD%D0%B0%D1%87%D0%B0%D0%BB-%D0%B7%D0%B0%D0%BC%D0%B5%D1%87%D0%B0%D1%82%D1%8C-%D1%87%D1%82%D0%BE-%D1%83-%D0%9F%D0%BB%D0%B0%D1%82%D0%BE%D0%BD%D0%B0-%D0%B6%D0%B8%D0%B2%D1%88%D0%B5%D0%B3%D0%BE-%D0%BD%D0%B0/ HTTP/1.1" 200 15157 "-" "Mozilla/5.0 (compatible; SemrushBot/6~bl; +http://www.semrush.com/bot.html)" "-"
46.229.168.153 - - [19/Jul/2020:07:48:57 +0000] "GET /%D0%90%D1%80%D0%B8%D1%81%D1%82%D0%BE%D1%82%D0%B5%D0%BB%D1%8C-%D0%BD%D0%B0%D1%87%D0%B0%D0%BB-%D0%B7%D0%B0%D0%BC%D0%B5%D1%87%D0%B0%D1%82%D1%8C-%D1%87%D1%82%D0%BE-%D1%83-%D0%9F%D0%BB%D0%B0%D1%82%D0%BE%D0%BD%D0%B0-%D0%B6%D0%B8%D0%B2%D1%88%D0%B5%D0%B3%D0%BE-%D0%BD%D0%B0/ HTTP/1.1" 200 15157 "-" "Mozilla/5.0 (compatible; SemrushBot/6~bl; +http://www.semrush.com/bot.html)"
91.230.25.118 - - [19/Jul/2020:07:49:04 +0000] "GET /tag/%D0%BF%D0%B8%D1%80%D0%B0%D1%82 HTTP/2.0" 301 0 "https://baneks.site/%D0%B4%D0%B5%D0%BF%D1%83%D1%82%D0%B0%D1%82%D1%81%D0%BA%D0%B8%D0%B9-%D0%B2%D1%8B%D1%80%D0%BE%D0%B4%D0%BE%D0%BA-%D0%BF%D1%80%D0%B8%D1%85%D0%BE%D0%B4%D0%B8%D1%82-%D0%B4%D0%BE%D0%BC%D0%BE%D0%B9-%D1%81-%D1%81%D0%B5%D1%80%D1%8C%D0%B3%D0%BE%D0%B9-%D0%B2-%D1%83%D1%85%D0%B5/" "Mozilla/5.0 (Linux; Android 9; Redmi Note 7) AppleWebKit/537.36 (KHTML, like Gecko) Chrome/83.0.4103.106 Mobile Safari/537.36" "-"
91.230.25.118 - - [19/Jul/2020:07:49:04 +0000] "GET /tag/%D0%BF%D0%B8%D1%80%D0%B0%D1%82 HTTP/2.0" 301 0 "https://baneks.site/%D0%B4%D0%B5%D0%BF%D1%83%D1%82%D0%B0%D1%82%D1%81%D0%BA%D0%B8%D0%B9-%D0%B2%D1%8B%D1%80%D0%BE%D0%B4%D0%BE%D0%BA-%D0%BF%D1%80%D0%B8%D1%85%D0%BE%D0%B4%D0%B8%D1%82-%D0%B4%D0%BE%D0%BC%D0%BE%D0%B9-%D1%81-%D1%81%D0%B5%D1%80%D1%8C%D0%B3%D0%BE%D0%B9-%D0%B2-%D1%83%D1%85%D0%B5/" "Mozilla/5.0 (Linux; Android 9; Redmi Note 7) AppleWebKit/537.36 (KHTML, like Gecko) Chrome/83.0.4103.106 Mobile Safari/537.36"
91.230.25.118 - - [19/Jul/2020:07:49:04 +0000] "GET /tag/%D0%BF%D0%B8%D1%80%D0%B0%D1%82/ HTTP/2.0" 200 10573 "https://baneks.site/%D0%B4%D0%B5%D0%BF%D1%83%D1%82%D0%B0%D1%82%D1%81%D0%BA%D0%B8%D0%B9-%D0%B2%D1%8B%D1%80%D0%BE%D0%B4%D0%BE%D0%BA-%D0%BF%D1%80%D0%B8%D1%85%D0%BE%D0%B4%D0%B8%D1%82-%D0%B4%D0%BE%D0%BC%D0%BE%D0%B9-%D1%81-%D1%81%D0%B5%D1%80%D1%8C%D0%B3%D0%BE%D0%B9-%D0%B2-%D1%83%D1%85%D0%B5/" "Mozilla/5.0 (Linux; Android 9; Redmi Note 7) AppleWebKit/537.36 (KHTML, like Gecko) Chrome/83.0.4103.106 Mobile Safari/537.36" "-"
91.230.25.118 - - [19/Jul/2020:07:49:04 +0000] "GET /tag/%D0%BF%D0%B8%D1%80%D0%B0%D1%82/ HTTP/2.0" 200 10573 "https://baneks.site/%D0%B4%D0%B5%D0%BF%D1%83%D1%82%D0%B0%D1%82%D1%81%D0%BA%D0%B8%D0%B9-%D0%B2%D1%8B%D1%80%D0%BE%D0%B4%D0%BE%D0%BA-%D0%BF%D1%80%D0%B8%D1%85%D0%BE%D0%B4%D0%B8%D1%82-%D0%B4%D0%BE%D0%BC%D0%BE%D0%B9-%D1%81-%D1%81%D0%B5%D1%80%D1%8C%D0%B3%D0%BE%D0%B9-%D0%B2-%D1%83%D1%85%D0%B5/" "Mozilla/5.0 (Linux; Android 9; Redmi Note 7) AppleWebKit/537.36 (KHTML, like Gecko) Chrome/83.0.4103.106 Mobile Safari/537.36"
178.154.200.81 - - [19/Jul/2020:07:49:06 +0000] "GET /%D0%BF%D1%80%D0%B8%D1%85%D0%BE%D0%B4%D0%B8%D1%82-%D0%BA-%D0%BF%D1%81%D0%B8%D1%85%D0%BE%D0%BB%D0%BE%D0%B3%D1%83-%D0%BE%D0%BA%D1%83%D0%BD%D1%8C-%D0%BA%D0%B0%D0%B6%D0%B5%D1%82%D1%81%D1%8F-%D0%B3%D0%BE%D0%B2%D0%BE%D1%80%D0%B8%D1%82-%D1%83-%D0%BC%D0%B5%D0%BD%D1%8F/ HTTP/1.1" 200 14020 "-" "Mozilla/5.0 (compatible; YandexBot/3.0; +http://yandex.com/bots)" "-"
178.154.200.81 - - [19/Jul/2020:07:49:06 +0000] "GET /%D0%BF%D1%80%D0%B8%D1%85%D0%BE%D0%B4%D0%B8%D1%82-%D0%BA-%D0%BF%D1%81%D0%B8%D1%85%D0%BE%D0%BB%D0%BE%D0%B3%D1%83-%D0%BE%D0%BA%D1%83%D0%BD%D1%8C-%D0%BA%D0%B0%D0%B6%D0%B5%D1%82%D1%81%D1%8F-%D0%B3%D0%BE%D0%B2%D0%BE%D1%80%D0%B8%D1%82-%D1%83-%D0%BC%D0%B5%D0%BD%D1%8F/ HTTP/1.1" 200 14020 "-" "Mozilla/5.0 (compatible; YandexBot/3.0; +http://yandex.com/bots)"
5.45.207.181 - - [19/Jul/2020:07:49:07 +0000] "GET /%D0%B2%D1%8C%D0%B5%D1%82%D0%BD%D0%B0%D0%BC-%D0%B0%D0%BC%D0%B5%D1%80%D0%B8%D0%BA%D0%B0%D0%BD%D1%81%D0%BA%D0%B8%D0%B9-%D1%80%D0%B5%D0%B9%D0%B4/?p=2 HTTP/1.1" 200 13675 "-" "Mozilla/5.0 (compatible; YandexBot/3.0; +http://yandex.com/bots)" "-"
5.45.207.181 - - [19/Jul/2020:07:49:07 +0000] "GET /%D0%B2%D1%8C%D0%B5%D1%82%D0%BD%D0%B0%D0%BC-%D0%B0%D0%BC%D0%B5%D1%80%D0%B8%D0%BA%D0%B0%D0%BD%D1%81%D0%BA%D0%B8%D0%B9-%D1%80%D0%B5%D0%B9%D0%B4/?p=2 HTTP/1.1" 200 13675 "-" "Mozilla/5.0 (compatible; YandexBot/3.0; +http://yandex.com/bots)"
178.154.200.151 - - [19/Jul/2020:07:49:07 +0000] "GET /%D0%B8%D0%B4%D1%91%D1%82-%D0%BF%D0%BE-%D0%B4%D0%BE%D1%80%D0%BE%D0%B3%D0%B5-%D0%BC%D1%83%D0%B6%D0%B8%D0%BA-%D0%BE%D1%82%D1%82%D0%BE%D0%BF%D1%8B%D1%80%D0%B8%D0%B2-%D1%81%D0%B2%D0%BE%D1%8E-%D0%B7%D0%B0%D0%B4%D0%BD%D0%B8%D1%86%D1%83/ HTTP/1.1" 200 14480 "-" "Mozilla/5.0 (compatible; YandexBot/3.0; +http://yandex.com/bots)" "-"
178.154.200.151 - - [19/Jul/2020:07:49:07 +0000] "GET /%D0%B8%D0%B4%D1%91%D1%82-%D0%BF%D0%BE-%D0%B4%D0%BE%D1%80%D0%BE%D0%B3%D0%B5-%D0%BC%D1%83%D0%B6%D0%B8%D0%BA-%D0%BE%D1%82%D1%82%D0%BE%D0%BF%D1%8B%D1%80%D0%B8%D0%B2-%D1%81%D0%B2%D0%BE%D1%8E-%D0%B7%D0%B0%D0%B4%D0%BD%D0%B8%D1%86%D1%83/ HTTP/1.1" 200 14480 "-" "Mozilla/5.0 (compatible; YandexBot/3.0; +http://yandex.com/bots)"
178.154.200.81 - - [19/Jul/2020:07:49:07 +0000] "GET /%D0%B7%D0%B0%D1%81%D0%BD%D1%83%D0%BB-%D0%91%D1%80%D0%B5%D0%B6%D0%BD%D0%B5%D0%B2-%D0%BD%D0%B0-%D0%BF%D0%BB%D1%8F%D0%B6%D0%B5-%D0%B8%D0%B7-%D0%BF%D0%BB%D0%B0%D0%B2%D0%BE%D0%BA-%D0%B2%D1%8B%D0%B2%D0%B0%D0%BB%D0%B8%D0%BB%D0%B8%D1%81%D1%8C-%D1%8F%D0%B9%D1%86%D0%B0/ HTTP/1.1" 200 13975 "-" "Mozilla/5.0 (compatible; YandexBot/3.0; +http://yandex.com/bots)" "-"
178.154.200.81 - - [19/Jul/2020:07:49:07 +0000] "GET /%D0%B7%D0%B0%D1%81%D0%BD%D1%83%D0%BB-%D0%91%D1%80%D0%B5%D0%B6%D0%BD%D0%B5%D0%B2-%D0%BD%D0%B0-%D0%BF%D0%BB%D1%8F%D0%B6%D0%B5-%D0%B8%D0%B7-%D0%BF%D0%BB%D0%B0%D0%B2%D0%BE%D0%BA-%D0%B2%D1%8B%D0%B2%D0%B0%D0%BB%D0%B8%D0%BB%D0%B8%D1%81%D1%8C-%D1%8F%D0%B9%D1%86%D0%B0/ HTTP/1.1" 200 13975 "-" "Mozilla/5.0 (compatible; YandexBot/3.0; +http://yandex.com/bots)"
178.154.200.81 - - [19/Jul/2020:07:49:07 +0000] "GET /%D1%83%D1%82%D1%80%D0%BE-%D0%B2%D0%BE%D1%81%D1%8C%D0%BC%D0%BE%D0%B3%D0%BE-%D0%BC%D0%B0%D1%80%D1%82%D0%B0-%D0%BF%D1%80%D0%B8%D0%BD%D0%B8%D0%BC%D0%B0%D0%B5%D1%82-%D0%B4%D0%B5%D0%B6%D1%83%D1%80%D1%81%D1%82%D0%B2%D0%BE-2-%D0%BA%D0%B0%D1%80%D0%B0%D1%83%D0%BB/ HTTP/1.1" 200 13431 "-" "Mozilla/5.0 (compatible; YandexBot/3.0; +http://yandex.com/bots)" "-"
178.154.200.81 - - [19/Jul/2020:07:49:07 +0000] "GET /%D1%83%D1%82%D1%80%D0%BE-%D0%B2%D0%BE%D1%81%D1%8C%D0%BC%D0%BE%D0%B3%D0%BE-%D0%BC%D0%B0%D1%80%D1%82%D0%B0-%D0%BF%D1%80%D0%B8%D0%BD%D0%B8%D0%BC%D0%B0%D0%B5%D1%82-%D0%B4%D0%B5%D0%B6%D1%83%D1%80%D1%81%D1%82%D0%B2%D0%BE-2-%D0%BA%D0%B0%D1%80%D0%B0%D1%83%D0%BB/ HTTP/1.1" 200 13431 "-" "Mozilla/5.0 (compatible; YandexBot/3.0; +http://yandex.com/bots)"
5.45.207.181 - - [19/Jul/2020:07:49:08 +0000] "GET /%D0%BF%D1%80%D0%B8%D1%85%D0%BE%D0%B4%D0%B8%D1%82-%D0%BA-%D0%BF%D1%81%D0%B8%D1%85%D0%BE%D0%BB%D0%BE%D0%B3%D1%83-%D0%BE%D0%BA%D1%83%D0%BD%D1%8C-%D0%BA%D0%B0%D0%B6%D0%B5%D1%82%D1%81%D1%8F-%D0%B3%D0%BE%D0%B2%D0%BE%D1%80%D0%B8%D1%82-%D1%83-%D0%BC%D0%B5%D0%BD%D1%8F/ HTTP/1.1" 200 14020 "-" "Mozilla/5.0 (compatible; YandexBot/3.0; +http://yandex.com/bots)" "-"
5.45.207.181 - - [19/Jul/2020:07:49:08 +0000] "GET /%D0%BF%D1%80%D0%B8%D1%85%D0%BE%D0%B4%D0%B8%D1%82-%D0%BA-%D0%BF%D1%81%D0%B8%D1%85%D0%BE%D0%BB%D0%BE%D0%B3%D1%83-%D0%BE%D0%BA%D1%83%D0%BD%D1%8C-%D0%BA%D0%B0%D0%B6%D0%B5%D1%82%D1%81%D1%8F-%D0%B3%D0%BE%D0%B2%D0%BE%D1%80%D0%B8%D1%82-%D1%83-%D0%BC%D0%B5%D0%BD%D1%8F/ HTTP/1.1" 200 14020 "-" "Mozilla/5.0 (compatible; YandexBot/3.0; +http://yandex.com/bots)"
178.154.200.151 - - [19/Jul/2020:07:49:08 +0000] "GET /%D0%B4%D0%B8%D1%80%D0%B5%D0%BA%D1%82%D0%BE%D1%80-%D0%B7%D0%B0%D0%B6%D0%B8%D0%BC%D0%B0%D0%B5%D1%82-%D1%81%D0%B2%D0%BE%D1%8E-%D1%81%D0%B5%D0%BA%D1%80%D0%B5%D1%82%D0%B0%D1%80%D1%88%D1%83-%D0%BE%D0%BD%D0%B0-%D0%BD%D1%83-%D1%81%D1%82%D0%B5%D0%BF%D0%B0%D0%BD/ HTTP/1.1" 200 12405 "-" "Mozilla/5.0 (compatible; YandexBot/3.0; +http://yandex.com/bots)" "-"
178.154.200.151 - - [19/Jul/2020:07:49:08 +0000] "GET /%D0%B4%D0%B8%D1%80%D0%B5%D0%BA%D1%82%D0%BE%D1%80-%D0%B7%D0%B0%D0%B6%D0%B8%D0%BC%D0%B0%D0%B5%D1%82-%D1%81%D0%B2%D0%BE%D1%8E-%D1%81%D0%B5%D0%BA%D1%80%D0%B5%D1%82%D0%B0%D1%80%D1%88%D1%83-%D0%BE%D0%BD%D0%B0-%D0%BD%D1%83-%D1%81%D1%82%D0%B5%D0%BF%D0%B0%D0%BD/ HTTP/1.1" 200 12405 "-" "Mozilla/5.0 (compatible; YandexBot/3.0; +http://yandex.com/bots)"
178.154.200.206 - - [19/Jul/2020:07:49:09 +0000] "GET /%D0%B4%D0%B2%D0%B5-%D0%BF%D0%BE%D0%B4%D1%80%D1%83%D0%B3%D0%B8-%D0%B7%D0%B0%D1%88%D0%BB%D0%B8-%D0%B2-ce%D0%BAc-%D1%88%D0%BE%D0%BF-%D0%B8-%D0%BF%D1%80%D0%BE%D0%BF%D0%B0%D0%BB%D0%B8/ HTTP/1.1" 200 12246 "-" "Mozilla/5.0 (compatible; YandexBot/3.0; +http://yandex.com/bots)" "-"
178.154.200.206 - - [19/Jul/2020:07:49:09 +0000] "GET /%D0%B4%D0%B2%D0%B5-%D0%BF%D0%BE%D0%B4%D1%80%D1%83%D0%B3%D0%B8-%D0%B7%D0%B0%D1%88%D0%BB%D0%B8-%D0%B2-ce%D0%BAc-%D1%88%D0%BE%D0%BF-%D0%B8-%D0%BF%D1%80%D0%BE%D0%BF%D0%B0%D0%BB%D0%B8/ HTTP/1.1" 200 12246 "-" "Mozilla/5.0 (compatible; YandexBot/3.0; +http://yandex.com/bots)"
178.154.200.81 - - [19/Jul/2020:07:49:09 +0000] "GET /%D0%B2%D0%B5%D0%BB%D0%B8%D0%BA%D0%B8%D0%B9-%D1%84%D0%B8%D0%BB%D0%BE%D1%81%D0%BE%D1%84-%D1%84%D1%80%D0%B8%D0%B4%D1%80%D0%B8%D1%85-%D0%BD%D0%B8%D1%86%D1%88%D0%B5-%D0%B1%D1%8B%D0%BB-%D0%B4%D0%BE%D0%B1%D1%80%D1%8B%D0%B9-%D0%B8-%D0%B2%D0%B5%D1%81%D0%B5%D0%BB%D1%8B%D0%B9/?p=4 HTTP/1.1" 200 17367 "-" "Mozilla/5.0 (compatible; YandexBot/3.0; +http://yandex.com/bots)" "-"
178.154.200.81 - - [19/Jul/2020:07:49:09 +0000] "GET /%D0%B2%D0%B5%D0%BB%D0%B8%D0%BA%D0%B8%D0%B9-%D1%84%D0%B8%D0%BB%D0%BE%D1%81%D0%BE%D1%84-%D1%84%D1%80%D0%B8%D0%B4%D1%80%D0%B8%D1%85-%D0%BD%D0%B8%D1%86%D1%88%D0%B5-%D0%B1%D1%8B%D0%BB-%D0%B4%D0%BE%D0%B1%D1%80%D1%8B%D0%B9-%D0%B8-%D0%B2%D0%B5%D1%81%D0%B5%D0%BB%D1%8B%D0%B9/?p=4 HTTP/1.1" 200 17367 "-" "Mozilla/5.0 (compatible; YandexBot/3.0; +http://yandex.com/bots)"
5.45.207.181 - - [19/Jul/2020:07:49:09 +0000] "GET /tag/%D0%B0%D1%80%D0%BC%D0%B8%D1%8F/?p=15 HTTP/1.1" 200 11225 "-" "Mozilla/5.0 (compatible; YandexBot/3.0; +http://yandex.com/bots)" "-"
5.45.207.181 - - [19/Jul/2020:07:49:09 +0000] "GET /tag/%D0%B0%D1%80%D0%BC%D0%B8%D1%8F/?p=15 HTTP/1.1" 200 11225 "-" "Mozilla/5.0 (compatible; YandexBot/3.0; +http://yandex.com/bots)"
178.154.200.151 - - [19/Jul/2020:07:49:10 +0000] "GET /%D0%B6%D0%B8%D0%BB-%D0%B1%D1%8B%D0%BB-%D0%BB%D1%8E%D0%B1%D0%B8%D1%82%D0%B5%D0%BB%D1%8C-%D0%BF%D1%80%D0%B5%D0%BE%D0%B4%D0%BE%D0%BB%D0%B5%D0%B2%D0%B0%D1%82%D1%8C-%D1%82%D1%80%D1%83%D0%B4%D0%BD%D0%BE%D1%81%D1%82%D0%B8/ HTTP/1.1" 200 13030 "-" "Mozilla/5.0 (compatible; YandexBot/3.0; +http://yandex.com/bots)" "-"
178.154.200.151 - - [19/Jul/2020:07:49:10 +0000] "GET /%D0%B6%D0%B8%D0%BB-%D0%B1%D1%8B%D0%BB-%D0%BB%D1%8E%D0%B1%D0%B8%D1%82%D0%B5%D0%BB%D1%8C-%D0%BF%D1%80%D0%B5%D0%BE%D0%B4%D0%BE%D0%BB%D0%B5%D0%B2%D0%B0%D1%82%D1%8C-%D1%82%D1%80%D1%83%D0%B4%D0%BD%D0%BE%D1%81%D1%82%D0%B8/ HTTP/1.1" 200 13030 "-" "Mozilla/5.0 (compatible; YandexBot/3.0; +http://yandex.com/bots)"
178.154.200.151 - - [19/Jul/2020:07:49:10 +0000] "GET /%D1%84%D1%80%D0%BE%D0%BD%D1%82%D0%BC%D0%B5%D0%BD-%D1%8D%D1%81%D1%82%D0%BE%D0%BD%D1%81%D0%BA%D0%BE%D0%B9-power-speed-metal-%D0%B3%D1%80%D1%83%D0%BF%D0%BF%D1%8B/ HTTP/1.1" 200 12558 "-" "Mozilla/5.0 (compatible; YandexBot/3.0; +http://yandex.com/bots)" "-"
178.154.200.151 - - [19/Jul/2020:07:49:10 +0000] "GET /%D1%84%D1%80%D0%BE%D0%BD%D1%82%D0%BC%D0%B5%D0%BD-%D1%8D%D1%81%D1%82%D0%BE%D0%BD%D1%81%D0%BA%D0%BE%D0%B9-power-speed-metal-%D0%B3%D1%80%D1%83%D0%BF%D0%BF%D1%8B/ HTTP/1.1" 200 12558 "-" "Mozilla/5.0 (compatible; YandexBot/3.0; +http://yandex.com/bots)"
178.154.200.81 - - [19/Jul/2020:07:49:10 +0000] "GET /%D1%81-%D0%BD%D0%BE%D0%B2%D1%8B%D0%BC-%D0%B3%D0%BE%D0%B4%D0%BE%D0%BC-%D0%9A%D0%BE%D0%BB%D1%8F-%D1%81%D0%BF%D0%B0%D1%81%D0%B8%D0%B1%D0%BE-%D0%B0-%D1%8D%D1%82%D0%BE-%D0%BA%D1%82%D0%BE/?p=1 HTTP/1.1" 200 13095 "-" "Mozilla/5.0 (compatible; YandexBot/3.0; +http://yandex.com/bots)" "-"
178.154.200.81 - - [19/Jul/2020:07:49:10 +0000] "GET /%D1%81-%D0%BD%D0%BE%D0%B2%D1%8B%D0%BC-%D0%B3%D0%BE%D0%B4%D0%BE%D0%BC-%D0%9A%D0%BE%D0%BB%D1%8F-%D1%81%D0%BF%D0%B0%D1%81%D0%B8%D0%B1%D0%BE-%D0%B0-%D1%8D%D1%82%D0%BE-%D0%BA%D1%82%D0%BE/?p=1 HTTP/1.1" 200 13095 "-" "Mozilla/5.0 (compatible; YandexBot/3.0; +http://yandex.com/bots)"
5.45.207.181 - - [19/Jul/2020:07:49:11 +0000] "GET /%D0%A0%D0%B0%D0%B1%D0%B8%D0%BD%D0%BE%D0%B2%D0%B8%D1%87-%D0%BA%D0%BE%D0%B3%D0%B4%D0%B0-%D1%81%D0%BC%D0%BE%D1%82%D1%80%D0%B8%D1%82-%D0%B3%D0%BE%D0%BD%D0%BA%D1%83-%D1%84%D0%BE%D1%80%D0%BC%D1%83%D0%BB%D1%8B-1-%D0%BE%D1%87%D0%B5%D0%BD%D1%8C-%D0%B6%D0%B4%D1%91%D1%82/ HTTP/1.1" 200 13075 "-" "Mozilla/5.0 (compatible; YandexBot/3.0; +http://yandex.com/bots)" "-"
5.45.207.181 - - [19/Jul/2020:07:49:11 +0000] "GET /%D0%A0%D0%B0%D0%B1%D0%B8%D0%BD%D0%BE%D0%B2%D0%B8%D1%87-%D0%BA%D0%BE%D0%B3%D0%B4%D0%B0-%D1%81%D0%BC%D0%BE%D1%82%D1%80%D0%B8%D1%82-%D0%B3%D0%BE%D0%BD%D0%BA%D1%83-%D1%84%D0%BE%D1%80%D0%BC%D1%83%D0%BB%D1%8B-1-%D0%BE%D1%87%D0%B5%D0%BD%D1%8C-%D0%B6%D0%B4%D1%91%D1%82/ HTTP/1.1" 200 13075 "-" "Mozilla/5.0 (compatible; YandexBot/3.0; +http://yandex.com/bots)"
178.154.200.151 - - [19/Jul/2020:07:49:11 +0000] "GET /%D0%B1%D0%B8%D0%BE%D0%BB%D0%BE%D0%B3-%D0%B8%D0%BD%D0%B6%D0%B5%D0%BD%D0%B5%D1%80-%D0%B8-%D0%BC%D0%B0%D1%82%D0%B5%D0%BC%D0%B0%D1%82%D0%B8%D0%BA-%D0%BF%D0%BE%D0%BF%D0%B8%D0%B2%D0%B0%D1%8E%D1%82-%D0%BA%D0%BE%D1%84%D0%B5-%D0%B2-%D0%BF%D0%B0%D1%82%D0%B8%D0%BE-%D0%B8/ HTTP/1.1" 200 14790 "-" "Mozilla/5.0 (compatible; YandexBot/3.0; +http://yandex.com/bots)" "-"
178.154.200.151 - - [19/Jul/2020:07:49:11 +0000] "GET /%D0%B1%D0%B8%D0%BE%D0%BB%D0%BE%D0%B3-%D0%B8%D0%BD%D0%B6%D0%B5%D0%BD%D0%B5%D1%80-%D0%B8-%D0%BC%D0%B0%D1%82%D0%B5%D0%BC%D0%B0%D1%82%D0%B8%D0%BA-%D0%BF%D0%BE%D0%BF%D0%B8%D0%B2%D0%B0%D1%8E%D1%82-%D0%BA%D0%BE%D1%84%D0%B5-%D0%B2-%D0%BF%D0%B0%D1%82%D0%B8%D0%BE-%D0%B8/ HTTP/1.1" 200 14790 "-" "Mozilla/5.0 (compatible; YandexBot/3.0; +http://yandex.com/bots)"
178.154.200.206 - - [19/Jul/2020:07:49:12 +0000] "GET /tag/%D1%83%D1%87%D0%B8%D1%82%D0%B5%D0%BB%D1%8C/?p=3 HTTP/1.1" 200 11224 "-" "Mozilla/5.0 (compatible; YandexBot/3.0; +http://yandex.com/bots)" "-"
178.154.200.206 - - [19/Jul/2020:07:49:12 +0000] "GET /tag/%D1%83%D1%87%D0%B8%D1%82%D0%B5%D0%BB%D1%8C/?p=3 HTTP/1.1" 200 11224 "-" "Mozilla/5.0 (compatible; YandexBot/3.0; +http://yandex.com/bots)"
178.154.200.81 - - [19/Jul/2020:07:49:12 +0000] "GET /%D1%8D%D0%BF%D0%B8%D0%B4%D0%B5%D0%BC%D0%B8%D1%8F-%D0%BA%D0%BE%D1%80%D0%BE%D0%BD%D0%B0-%D0%B2%D0%B8%D1%80%D1%83%D1%81%D0%B0-%D0%B4%D0%BE%D0%BB%D0%B3%D0%BE-%D0%BD%D0%B5-%D0%BF%D1%80%D0%BE%D1%82%D1%8F%D0%BD%D0%B5%D1%82%D1%81%D1%8F/?p=2 HTTP/1.1" 200 8803 "-" "Mozilla/5.0 (compatible; YandexBot/3.0; +http://yandex.com/bots)" "-"
178.154.200.81 - - [19/Jul/2020:07:49:12 +0000] "GET /%D1%8D%D0%BF%D0%B8%D0%B4%D0%B5%D0%BC%D0%B8%D1%8F-%D0%BA%D0%BE%D1%80%D0%BE%D0%BD%D0%B0-%D0%B2%D0%B8%D1%80%D1%83%D1%81%D0%B0-%D0%B4%D0%BE%D0%BB%D0%B3%D0%BE-%D0%BD%D0%B5-%D0%BF%D1%80%D0%BE%D1%82%D1%8F%D0%BD%D0%B5%D1%82%D1%81%D1%8F/?p=2 HTTP/1.1" 200 8803 "-" "Mozilla/5.0 (compatible; YandexBot/3.0; +http://yandex.com/bots)"
46.229.168.131 - - [19/Jul/2020:07:49:12 +0000] "GET /%D0%B2-%D1%81%D1%83%D0%B4%D0%B5-%D0%B2%D0%BE%D0%BF%D1%80%D0%BE%D1%81%D1%8B-%D0%B5%D1%81%D1%82%D1%8C-%D0%B5%D1%81%D0%BB%D0%B8-%D0%BA%D0%B5%D0%BD%D1%82%D0%B0%D0%B2%D1%80-%D1%81%D0%BE%D0%B2%D0%BE%D0%BA%D1%83%D0%BF%D0%B8%D1%82%D1%81%D1%8F-%D1%81/ HTTP/1.1" 200 13882 "-" "Mozilla/5.0 (compatible; SemrushBot/6~bl; +http://www.semrush.com/bot.html)" "-"
46.229.168.131 - - [19/Jul/2020:07:49:12 +0000] "GET /%D0%B2-%D1%81%D1%83%D0%B4%D0%B5-%D0%B2%D0%BE%D0%BF%D1%80%D0%BE%D1%81%D1%8B-%D0%B5%D1%81%D1%82%D1%8C-%D0%B5%D1%81%D0%BB%D0%B8-%D0%BA%D0%B5%D0%BD%D1%82%D0%B0%D0%B2%D1%80-%D1%81%D0%BE%D0%B2%D0%BE%D0%BA%D1%83%D0%BF%D0%B8%D1%82%D1%81%D1%8F-%D1%81/ HTTP/1.1" 200 13882 "-" "Mozilla/5.0 (compatible; SemrushBot/6~bl; +http://www.semrush.com/bot.html)"
5.45.207.181 - - [19/Jul/2020:07:49:12 +0000] "GET /tag/%D0%B5%D0%B2%D1%80%D0%B5%D0%B9/?p=44 HTTP/1.1" 200 11468 "-" "Mozilla/5.0 (compatible; YandexBot/3.0; +http://yandex.com/bots)" "-"
5.45.207.181 - - [19/Jul/2020:07:49:12 +0000] "GET /tag/%D0%B5%D0%B2%D1%80%D0%B5%D0%B9/?p=44 HTTP/1.1" 200 11468 "-" "Mozilla/5.0 (compatible; YandexBot/3.0; +http://yandex.com/bots)"
178.154.200.81 - - [19/Jul/2020:07:49:13 +0000] "GET /%D1%81%D0%BD%D0%B8%D0%BC%D0%B0%D0%B5%D1%82%D1%81%D1%8F-%D0%BA%D0%B8%D0%BD%D0%BE-%D0%B3%D0%BE%D1%82%D0%BE%D0%B2%D0%B8%D1%82%D1%81%D1%8F-%D1%81%D1%8A%D0%B5%D0%BC%D0%BA%D0%B0-%D0%BE%D0%BF%D0%B0%D1%81%D0%BD%D0%BE%D0%B3%D0%BE-%D1%8D%D0%BF%D0%B8%D0%B7%D0%BE%D0%B4%D0%B0/ HTTP/1.1" 200 12938 "-" "Mozilla/5.0 (compatible; YandexBot/3.0; +http://yandex.com/bots)" "-"
178.154.200.81 - - [19/Jul/2020:07:49:13 +0000] "GET /%D1%81%D0%BD%D0%B8%D0%BC%D0%B0%D0%B5%D1%82%D1%81%D1%8F-%D0%BA%D0%B8%D0%BD%D0%BE-%D0%B3%D0%BE%D1%82%D0%BE%D0%B2%D0%B8%D1%82%D1%81%D1%8F-%D1%81%D1%8A%D0%B5%D0%BC%D0%BA%D0%B0-%D0%BE%D0%BF%D0%B0%D1%81%D0%BD%D0%BE%D0%B3%D0%BE-%D1%8D%D0%BF%D0%B8%D0%B7%D0%BE%D0%B4%D0%B0/ HTTP/1.1" 200 12938 "-" "Mozilla/5.0 (compatible; YandexBot/3.0; +http://yandex.com/bots)"
5.45.207.181 - - [19/Jul/2020:07:49:13 +0000] "GET /%D1%80%D0%B5%D0%B6%D0%B8%D1%81%D1%81%D1%91%D1%80-%D1%84%D0%B8%D0%BB%D1%8C%D0%BC%D0%B0-%D0%BE-%D0%BF%D0%BB%D0%BE%D1%81%D0%BA%D0%BE%D0%B9-%D0%B7%D0%B5%D0%BC%D0%BB%D0%B5-%D0%BF%D0%BE%D0%BB%D1%83%D1%87%D0%B8%D0%BB/ HTTP/1.1" 200 12932 "-" "Mozilla/5.0 (compatible; YandexBot/3.0; +http://yandex.com/bots)" "-"
5.45.207.181 - - [19/Jul/2020:07:49:13 +0000] "GET /%D1%80%D0%B5%D0%B6%D0%B8%D1%81%D1%81%D1%91%D1%80-%D1%84%D0%B8%D0%BB%D1%8C%D0%BC%D0%B0-%D0%BE-%D0%BF%D0%BB%D0%BE%D1%81%D0%BA%D0%BE%D0%B9-%D0%B7%D0%B5%D0%BC%D0%BB%D0%B5-%D0%BF%D0%BE%D0%BB%D1%83%D1%87%D0%B8%D0%BB/ HTTP/1.1" 200 12932 "-" "Mozilla/5.0 (compatible; YandexBot/3.0; +http://yandex.com/bots)"
178.154.200.151 - - [19/Jul/2020:07:49:14 +0000] "GET /%D0%A8%D1%82%D0%B8%D1%80%D0%BB%D0%B8%D1%86-%D1%82%D0%BE%D0%BB%D0%BA%D0%BD%D1%83%D0%BB-%D0%B4%D0%B2%D0%B5%D1%80%D1%8C-%D0%B4%D0%B2%D0%B5%D1%80%D1%8C-%D0%BD%D0%B5-%D0%BE%D1%82%D0%BA%D1%80%D1%8B%D0%BB%D0%B0%D1%81%D1%8C/?p=3 HTTP/1.1" 200 14167 "-" "Mozilla/5.0 (compatible; YandexBot/3.0; +http://yandex.com/bots)" "-"
178.154.200.151 - - [19/Jul/2020:07:49:14 +0000] "GET /%D0%A8%D1%82%D0%B8%D1%80%D0%BB%D0%B8%D1%86-%D1%82%D0%BE%D0%BB%D0%BA%D0%BD%D1%83%D0%BB-%D0%B4%D0%B2%D0%B5%D1%80%D1%8C-%D0%B4%D0%B2%D0%B5%D1%80%D1%8C-%D0%BD%D0%B5-%D0%BE%D1%82%D0%BA%D1%80%D1%8B%D0%BB%D0%B0%D1%81%D1%8C/?p=3 HTTP/1.1" 200 14167 "-" "Mozilla/5.0 (compatible; YandexBot/3.0; +http://yandex.com/bots)"
176.193.24.191 - - [19/Jul/2020:07:49:14 +0000] "POST /admin/jokes/joke/25782/change/ HTTP/2.0" 302 0 "https://baneks.site/admin/jokes/joke/25782/change/" "Mozilla/5.0 (X11; Linux x86_64) AppleWebKit/537.36 (KHTML, like Gecko) Chrome/81.0.4044.138 Safari/537.36" "-"
176.193.24.191 - - [19/Jul/2020:07:49:14 +0000] "POST /admin/jokes/joke/25782/change/ HTTP/2.0" 302 0 "https://baneks.site/admin/jokes/joke/25782/change/" "Mozilla/5.0 (X11; Linux x86_64) AppleWebKit/537.36 (KHTML, like Gecko) Chrome/81.0.4044.138 Safari/537.36"
178.154.200.81 - - [19/Jul/2020:07:49:14 +0000] "GET /-%D0%B0%D0%BB%D1%91-%D1%81%D0%BA%D0%BE%D1%80%D0%B0%D1%8F-%D1%82%D1%83%D1%82-%D1%87%D0%B5%D0%BB%D0%BE%D0%B2%D0%B5%D0%BA%D0%B0-%D0%BA%D0%B0%D1%82%D0%BE%D0%BA-%D0%BF%D0%B5%D1%80%D0%B5%D0%B5%D1%85%D0%B0%D0%BB/ HTTP/1.1" 200 13854 "-" "Mozilla/5.0 (compatible; YandexBot/3.0; +http://yandex.com/bots)" "-"
178.154.200.81 - - [19/Jul/2020:07:49:14 +0000] "GET /-%D0%B0%D0%BB%D1%91-%D1%81%D0%BA%D0%BE%D1%80%D0%B0%D1%8F-%D1%82%D1%83%D1%82-%D1%87%D0%B5%D0%BB%D0%BE%D0%B2%D0%B5%D0%BA%D0%B0-%D0%BA%D0%B0%D1%82%D0%BE%D0%BA-%D0%BF%D0%B5%D1%80%D0%B5%D0%B5%D1%85%D0%B0%D0%BB/ HTTP/1.1" 200 13854 "-" "Mozilla/5.0 (compatible; YandexBot/3.0; +http://yandex.com/bots)"
176.193.24.191 - - [19/Jul/2020:07:49:14 +0000] "GET /admin/jokes/joke/25783/change/ HTTP/2.0" 200 6685 "https://baneks.site/admin/jokes/joke/25782/change/" "Mozilla/5.0 (X11; Linux x86_64) AppleWebKit/537.36 (KHTML, like Gecko) Chrome/81.0.4044.138 Safari/537.36" "-"
176.193.24.191 - - [19/Jul/2020:07:49:14 +0000] "GET /admin/jokes/joke/25783/change/ HTTP/2.0" 200 6685 "https://baneks.site/admin/jokes/joke/25782/change/" "Mozilla/5.0 (X11; Linux x86_64) AppleWebKit/537.36 (KHTML, like Gecko) Chrome/81.0.4044.138 Safari/537.36"
5.45.207.181 - - [19/Jul/2020:07:49:14 +0000] "GET /%D0%BE%D0%B4%D0%B8%D0%BD-%D1%87%D0%B5%D0%BB%D0%BE%D0%B2%D0%B5%D0%BA-%D0%B2%D0%B5%D0%B3%D0%B5%D1%82%D0%B0%D1%80%D0%B8%D0%B0%D0%BD%D0%B5%D1%86-%D0%B4%D0%BE%D0%BB%D0%B6%D0%B5%D0%BD-%D0%BB%D0%B5%D1%82%D0%B5%D1%82%D1%8C-%D0%B2/?p=3 HTTP/1.1" 200 10518 "-" "Mozilla/5.0 (compatible; YandexBot/3.0; +http://yandex.com/bots)" "-"
5.45.207.181 - - [19/Jul/2020:07:49:14 +0000] "GET /%D0%BE%D0%B4%D0%B8%D0%BD-%D1%87%D0%B5%D0%BB%D0%BE%D0%B2%D0%B5%D0%BA-%D0%B2%D0%B5%D0%B3%D0%B5%D1%82%D0%B0%D1%80%D0%B8%D0%B0%D0%BD%D0%B5%D1%86-%D0%B4%D0%BE%D0%BB%D0%B6%D0%B5%D0%BD-%D0%BB%D0%B5%D1%82%D0%B5%D1%82%D1%8C-%D0%B2/?p=3 HTTP/1.1" 200 10518 "-" "Mozilla/5.0 (compatible; YandexBot/3.0; +http://yandex.com/bots)"
