95.53.11.143 - - [25/Mar/2020:01:16:17 +0000] "GET /best/?p=8 HTTP/2.0" 200 15807 "https://baneks.site/best/?p=7" "Mozilla/5.0 (iPhone; CPU iPhone OS 13_3_1 like Mac OS X) AppleWebKit/605.1.15 (KHTML, like Gecko) Version/13.0.5 Mobile/15E148 Safari/604.1"
95.53.11.143 - - [25/Mar/2020:01:16:17 +0000] "GET /best/?p=8 HTTP/2.0" 200 15807 "https://baneks.site/best/?p=8" "Mozilla/5.0 (iPhone; CPU iPhone OS 13_3_1 like Mac OS X) AppleWebKit/605.1.15 (KHTML, like Gecko) Version/13.0.5 Mobile/15E148 Safari/604.1" "-"
95.53.11.143 - - [25/Mar/2020:01:16:17 +0000] "GET /best/?p=8 HTTP/2.0" 200 15807 "https://baneks.site/best/?p=8" "Mozilla/5.0 (iPhone; CPU iPhone OS 13_3_1 like Mac OS X) AppleWebKit/605.1.15 (KHTML, like Gecko) Version/13.0.5 Mobile/15E148 Safari/604.1"
95.53.11.143 - - [25/Mar/2020:01:16:21 +0000] "GET /best/?p=9 HTTP/2.0" 200 16282 "https://baneks.site/best/?p=8" "Mozilla/5.0 (iPhone; CPU iPhone OS 13_3_1 like Mac OS X) AppleWebKit/605.1.15 (KHTML, like Gecko) Version/13.0.5 Mobile/15E148 Safari/604.1" "-"
95.53.11.143 - - [25/Mar/2020:01:16:21 +0000] "GET /best/?p=9 HTTP/2.0" 200 16282 "https://baneks.site/best/?p=8" "Mozilla/5.0 (iPhone; CPU iPhone OS 13_3_1 like Mac OS X) AppleWebKit/605.1.15 (KHTML, like Gecko) Version/13.0.5 Mobile/15E148 Safari/604.1"
95.53.11.143 - - [25/Mar/2020:01:16:21 +0000] "GET /best/?p=9 HTTP/2.0" 200 16282 "https://baneks.site/best/?p=9" "Mozilla/5.0 (iPhone; CPU iPhone OS 13_3_1 like Mac OS X) AppleWebKit/605.1.15 (KHTML, like Gecko) Version/13.0.5 Mobile/15E148 Safari/604.1" "-"
95.53.11.143 - - [25/Mar/2020:01:16:21 +0000] "GET /best/?p=9 HTTP/2.0" 200 16282 "https://baneks.site/best/?p=9" "Mozilla/5.0 (iPhone; CPU iPhone OS 13_3_1 like Mac OS X) AppleWebKit/605.1.15 (KHTML, like Gecko) Version/13.0.5 Mobile/15E148 Safari/604.1"
46.229.168.132 - - [25/Mar/2020:01:16:24 +0000] "GET /two-lictors-walk-into-a-bar-and-the-bartender-says/?p=3 HTTP/1.1" 200 8606 "-" "Mozilla/5.0 (compatible; SemrushBot/6~bl; +http://www.semrush.com/bot.html)" "-"
46.229.168.132 - - [25/Mar/2020:01:16:24 +0000] "GET /two-lictors-walk-into-a-bar-and-the-bartender-says/?p=3 HTTP/1.1" 200 8606 "-" "Mozilla/5.0 (compatible; SemrushBot/6~bl; +http://www.semrush.com/bot.html)"
95.53.11.143 - - [25/Mar/2020:01:16:29 +0000] "GET /best/?p=10 HTTP/2.0" 200 16281 "https://baneks.site/best/?p=9" "Mozilla/5.0 (iPhone; CPU iPhone OS 13_3_1 like Mac OS X) AppleWebKit/605.1.15 (KHTML, like Gecko) Version/13.0.5 Mobile/15E148 Safari/604.1" "-"
95.53.11.143 - - [25/Mar/2020:01:16:29 +0000] "GET /best/?p=10 HTTP/2.0" 200 16281 "https://baneks.site/best/?p=9" "Mozilla/5.0 (iPhone; CPU iPhone OS 13_3_1 like Mac OS X) AppleWebKit/605.1.15 (KHTML, like Gecko) Version/13.0.5 Mobile/15E148 Safari/604.1"
40.77.167.85 - - [25/Mar/2020:01:16:30 +0000] "GET /%D0%B8%D0%B4%D0%B5%D1%82-%D0%B7%D0%B0%D1%8F%D1%86-%D0%B8-%D1%87%D0%B8%D1%82%D0%B0%D0%B5%D1%82-%D0%BA%D0%BD%D0%B8%D0%B3%D1%83-%D0%BF%D0%BE-%D0%BB%D0%BE%D0%B3%D0%B8%D0%BA%D0%B5/ HTTP/1.1" 200 13998 "-" "Mozilla/5.0 (compatible; bingbot/2.0; +http://www.bing.com/bingbot.htm)" "-"
40.77.167.85 - - [25/Mar/2020:01:16:30 +0000] "GET /%D0%B8%D0%B4%D0%B5%D1%82-%D0%B7%D0%B0%D1%8F%D1%86-%D0%B8-%D1%87%D0%B8%D1%82%D0%B0%D0%B5%D1%82-%D0%BA%D0%BD%D0%B8%D0%B3%D1%83-%D0%BF%D0%BE-%D0%BB%D0%BE%D0%B3%D0%B8%D0%BA%D0%B5/ HTTP/1.1" 200 13998 "-" "Mozilla/5.0 (compatible; bingbot/2.0; +http://www.bing.com/bingbot.htm)"
95.53.11.143 - - [25/Mar/2020:01:16:30 +0000] "GET /best/?p=10 HTTP/2.0" 200 16281 "https://baneks.site/best/?p=10" "Mozilla/5.0 (iPhone; CPU iPhone OS 13_3_1 like Mac OS X) AppleWebKit/605.1.15 (KHTML, like Gecko) Version/13.0.5 Mobile/15E148 Safari/604.1" "-"
95.53.11.143 - - [25/Mar/2020:01:16:30 +0000] "GET /best/?p=10 HTTP/2.0" 200 16281 "https://baneks.site/best/?p=10" "Mozilla/5.0 (iPhone; CPU iPhone OS 13_3_1 like Mac OS X) AppleWebKit/605.1.15 (KHTML, like Gecko) Version/13.0.5 Mobile/15E148 Safari/604.1"
95.53.11.143 - - [25/Mar/2020:01:16:33 +0000] "GET /best/?p=11 HTTP/2.0" 200 15903 "https://baneks.site/best/?p=10" "Mozilla/5.0 (iPhone; CPU iPhone OS 13_3_1 like Mac OS X) AppleWebKit/605.1.15 (KHTML, like Gecko) Version/13.0.5 Mobile/15E148 Safari/604.1" "-"
95.53.11.143 - - [25/Mar/2020:01:16:33 +0000] "GET /best/?p=11 HTTP/2.0" 200 15903 "https://baneks.site/best/?p=10" "Mozilla/5.0 (iPhone; CPU iPhone OS 13_3_1 like Mac OS X) AppleWebKit/605.1.15 (KHTML, like Gecko) Version/13.0.5 Mobile/15E148 Safari/604.1"
95.53.11.143 - - [25/Mar/2020:01:16:33 +0000] "GET /best/?p=11 HTTP/2.0" 200 15903 "https://baneks.site/best/?p=11" "Mozilla/5.0 (iPhone; CPU iPhone OS 13_3_1 like Mac OS X) AppleWebKit/605.1.15 (KHTML, like Gecko) Version/13.0.5 Mobile/15E148 Safari/604.1" "-"
95.53.11.143 - - [25/Mar/2020:01:16:33 +0000] "GET /best/?p=11 HTTP/2.0" 200 15903 "https://baneks.site/best/?p=11" "Mozilla/5.0 (iPhone; CPU iPhone OS 13_3_1 like Mac OS X) AppleWebKit/605.1.15 (KHTML, like Gecko) Version/13.0.5 Mobile/15E148 Safari/604.1"
95.53.11.143 - - [25/Mar/2020:01:16:37 +0000] "GET /best/?p=12 HTTP/2.0" 200 16657 "https://baneks.site/best/?p=11" "Mozilla/5.0 (iPhone; CPU iPhone OS 13_3_1 like Mac OS X) AppleWebKit/605.1.15 (KHTML, like Gecko) Version/13.0.5 Mobile/15E148 Safari/604.1" "-"
95.53.11.143 - - [25/Mar/2020:01:16:37 +0000] "GET /best/?p=12 HTTP/2.0" 200 16657 "https://baneks.site/best/?p=11" "Mozilla/5.0 (iPhone; CPU iPhone OS 13_3_1 like Mac OS X) AppleWebKit/605.1.15 (KHTML, like Gecko) Version/13.0.5 Mobile/15E148 Safari/604.1"
95.53.11.143 - - [25/Mar/2020:01:16:38 +0000] "GET /best/?p=12 HTTP/2.0" 200 16657 "https://baneks.site/best/?p=12" "Mozilla/5.0 (iPhone; CPU iPhone OS 13_3_1 like Mac OS X) AppleWebKit/605.1.15 (KHTML, like Gecko) Version/13.0.5 Mobile/15E148 Safari/604.1" "-"
95.53.11.143 - - [25/Mar/2020:01:16:38 +0000] "GET /best/?p=12 HTTP/2.0" 200 16657 "https://baneks.site/best/?p=12" "Mozilla/5.0 (iPhone; CPU iPhone OS 13_3_1 like Mac OS X) AppleWebKit/605.1.15 (KHTML, like Gecko) Version/13.0.5 Mobile/15E148 Safari/604.1"
5.255.253.33 - - [25/Mar/2020:01:16:39 +0000] "GET /%D1%81%D0%B8%D0%B4%D0%B8%D1%82-%D0%BA%D0%BE%D1%80%D0%BE%D0%BB%D1%8C-%D1%81%D0%BE-%D1%81%D0%B2%D0%BE%D0%B8%D0%BC%D0%B8-%D0%B4%D1%80%D1%83%D0%B7%D1%8C%D1%8F%D0%BC%D0%B8-%D0%B8%D0%B7-%D0%B4%D1%80%D1%83%D0%B3%D0%B8%D1%85-%D1%81%D1%82%D1%80%D0%B0%D0%BD-%D0%B8/ HTTP/1.1" 200 13585 "-" "Mozilla/5.0 (compatible; YandexBot/3.0; +http://yandex.com/bots)" "-"
5.255.253.33 - - [25/Mar/2020:01:16:39 +0000] "GET /%D1%81%D0%B8%D0%B4%D0%B8%D1%82-%D0%BA%D0%BE%D1%80%D0%BE%D0%BB%D1%8C-%D1%81%D0%BE-%D1%81%D0%B2%D0%BE%D0%B8%D0%BC%D0%B8-%D0%B4%D1%80%D1%83%D0%B7%D1%8C%D1%8F%D0%BC%D0%B8-%D0%B8%D0%B7-%D0%B4%D1%80%D1%83%D0%B3%D0%B8%D1%85-%D1%81%D1%82%D1%80%D0%B0%D0%BD-%D0%B8/ HTTP/1.1" 200 13585 "-" "Mozilla/5.0 (compatible; YandexBot/3.0; +http://yandex.com/bots)"
95.53.11.143 - - [25/Mar/2020:01:16:42 +0000] "GET /best/?p=13 HTTP/2.0" 200 16305 "https://baneks.site/best/?p=12" "Mozilla/5.0 (iPhone; CPU iPhone OS 13_3_1 like Mac OS X) AppleWebKit/605.1.15 (KHTML, like Gecko) Version/13.0.5 Mobile/15E148 Safari/604.1" "-"
95.53.11.143 - - [25/Mar/2020:01:16:42 +0000] "GET /best/?p=13 HTTP/2.0" 200 16305 "https://baneks.site/best/?p=12" "Mozilla/5.0 (iPhone; CPU iPhone OS 13_3_1 like Mac OS X) AppleWebKit/605.1.15 (KHTML, like Gecko) Version/13.0.5 Mobile/15E148 Safari/604.1"
95.53.11.143 - - [25/Mar/2020:01:16:42 +0000] "GET /best/?p=13 HTTP/2.0" 200 16315 "https://baneks.site/best/?p=13" "Mozilla/5.0 (iPhone; CPU iPhone OS 13_3_1 like Mac OS X) AppleWebKit/605.1.15 (KHTML, like Gecko) Version/13.0.5 Mobile/15E148 Safari/604.1" "-"
95.53.11.143 - - [25/Mar/2020:01:16:42 +0000] "GET /best/?p=13 HTTP/2.0" 200 16315 "https://baneks.site/best/?p=13" "Mozilla/5.0 (iPhone; CPU iPhone OS 13_3_1 like Mac OS X) AppleWebKit/605.1.15 (KHTML, like Gecko) Version/13.0.5 Mobile/15E148 Safari/604.1"
95.53.11.143 - - [25/Mar/2020:01:16:45 +0000] "GET /best/?p=14 HTTP/2.0" 200 16702 "https://baneks.site/best/?p=13" "Mozilla/5.0 (iPhone; CPU iPhone OS 13_3_1 like Mac OS X) AppleWebKit/605.1.15 (KHTML, like Gecko) Version/13.0.5 Mobile/15E148 Safari/604.1" "-"
95.53.11.143 - - [25/Mar/2020:01:16:45 +0000] "GET /best/?p=14 HTTP/2.0" 200 16702 "https://baneks.site/best/?p=13" "Mozilla/5.0 (iPhone; CPU iPhone OS 13_3_1 like Mac OS X) AppleWebKit/605.1.15 (KHTML, like Gecko) Version/13.0.5 Mobile/15E148 Safari/604.1"
95.53.11.143 - - [25/Mar/2020:01:16:46 +0000] "GET /best/?p=14 HTTP/2.0" 200 16688 "https://baneks.site/best/?p=14" "Mozilla/5.0 (iPhone; CPU iPhone OS 13_3_1 like Mac OS X) AppleWebKit/605.1.15 (KHTML, like Gecko) Version/13.0.5 Mobile/15E148 Safari/604.1" "-"
95.53.11.143 - - [25/Mar/2020:01:16:46 +0000] "GET /best/?p=14 HTTP/2.0" 200 16688 "https://baneks.site/best/?p=14" "Mozilla/5.0 (iPhone; CPU iPhone OS 13_3_1 like Mac OS X) AppleWebKit/605.1.15 (KHTML, like Gecko) Version/13.0.5 Mobile/15E148 Safari/604.1"
95.53.11.143 - - [25/Mar/2020:01:16:49 +0000] "GET /best/?p=15 HTTP/2.0" 200 16151 "https://baneks.site/best/?p=14" "Mozilla/5.0 (iPhone; CPU iPhone OS 13_3_1 like Mac OS X) AppleWebKit/605.1.15 (KHTML, like Gecko) Version/13.0.5 Mobile/15E148 Safari/604.1" "-"
95.53.11.143 - - [25/Mar/2020:01:16:49 +0000] "GET /best/?p=15 HTTP/2.0" 200 16151 "https://baneks.site/best/?p=14" "Mozilla/5.0 (iPhone; CPU iPhone OS 13_3_1 like Mac OS X) AppleWebKit/605.1.15 (KHTML, like Gecko) Version/13.0.5 Mobile/15E148 Safari/604.1"
95.53.11.143 - - [25/Mar/2020:01:16:49 +0000] "GET /best/?p=15 HTTP/2.0" 200 16151 "https://baneks.site/best/?p=15" "Mozilla/5.0 (iPhone; CPU iPhone OS 13_3_1 like Mac OS X) AppleWebKit/605.1.15 (KHTML, like Gecko) Version/13.0.5 Mobile/15E148 Safari/604.1" "-"
95.53.11.143 - - [25/Mar/2020:01:16:49 +0000] "GET /best/?p=15 HTTP/2.0" 200 16151 "https://baneks.site/best/?p=15" "Mozilla/5.0 (iPhone; CPU iPhone OS 13_3_1 like Mac OS X) AppleWebKit/605.1.15 (KHTML, like Gecko) Version/13.0.5 Mobile/15E148 Safari/604.1"
66.249.76.94 - - [25/Mar/2020:01:16:50 +0000] "GET /%D0%B2%D0%B7%D1%8F%D0%BB%D0%B8-%D0%BF%D0%B8%D1%80%D0%B0%D1%82%D1%8B-%D1%81%D1%83%D0%B4%D0%BD%D0%BE-%D0%BD%D0%B0-%D0%B0%D0%B1%D0%BE%D1%80%D0%B4%D0%B0%D0%B6/ HTTP/1.1" 200 14385 "-" "Mozilla/5.0 (Linux; Android 6.0.1; Nexus 5X Build/MMB29P) AppleWebKit/537.36 (KHTML, like Gecko) Chrome/41.0.2272.96 Mobile Safari/537.36 (compatible; Googlebot/2.1; +http://www.google.com/bot.html)" "-"
66.249.76.94 - - [25/Mar/2020:01:16:50 +0000] "GET /%D0%B2%D0%B7%D1%8F%D0%BB%D0%B8-%D0%BF%D0%B8%D1%80%D0%B0%D1%82%D1%8B-%D1%81%D1%83%D0%B4%D0%BD%D0%BE-%D0%BD%D0%B0-%D0%B0%D0%B1%D0%BE%D1%80%D0%B4%D0%B0%D0%B6/ HTTP/1.1" 200 14385 "-" "Mozilla/5.0 (Linux; Android 6.0.1; Nexus 5X Build/MMB29P) AppleWebKit/537.36 (KHTML, like Gecko) Chrome/41.0.2272.96 Mobile Safari/537.36 (compatible; Googlebot/2.1; +http://www.google.com/bot.html)"
46.229.168.130 - - [25/Mar/2020:01:16:51 +0000] "GET /%D0%9B%D0%B5%D0%BD%D0%B8%D0%BD-%D0%A2%D1%80%D0%BE%D1%86%D0%BA%D0%BE%D0%BC%D1%83-%D1%81%D0%BA%D0%B0%D0%B7%D0%B0%D0%BB-%D0%9B%D1%91%D0%B2%D0%B0-%D1%8F-%D0%BC%D1%83%D0%BA%D0%B8-%D0%B4%D0%BE%D1%81%D1%82%D0%B0%D0%BB-%D0%BC%D0%BD%D0%B5-%D0%BA%D1%83%D0%BB%D0%B8%D1%87/?p=2 HTTP/1.1" 200 8533 "-" "Mozilla/5.0 (compatible; SemrushBot/6~bl; +http://www.semrush.com/bot.html)" "-"
46.229.168.130 - - [25/Mar/2020:01:16:51 +0000] "GET /%D0%9B%D0%B5%D0%BD%D0%B8%D0%BD-%D0%A2%D1%80%D0%BE%D1%86%D0%BA%D0%BE%D0%BC%D1%83-%D1%81%D0%BA%D0%B0%D0%B7%D0%B0%D0%BB-%D0%9B%D1%91%D0%B2%D0%B0-%D1%8F-%D0%BC%D1%83%D0%BA%D0%B8-%D0%B4%D0%BE%D1%81%D1%82%D0%B0%D0%BB-%D0%BC%D0%BD%D0%B5-%D0%BA%D1%83%D0%BB%D0%B8%D1%87/?p=2 HTTP/1.1" 200 8533 "-" "Mozilla/5.0 (compatible; SemrushBot/6~bl; +http://www.semrush.com/bot.html)"
95.163.255.184 - - [25/Mar/2020:01:16:54 +0000] "GET /%D0%A1%D0%B0%D1%80%D0%B4%D0%B0%D1%80-%D0%BF%D1%80%D0%BE%D1%87%D0%B8%D1%82%D0%B0%D0%BB-%D0%B2-%D0%B3%D0%B0%D0%B7%D0%B5%D1%82%D0%B5-%D1%87%D1%82%D0%BE-%D0%BA%D0%B0%D0%B6%D0%B4%D1%8B%D0%B9-%D1%87%D0%B5%D1%82%D0%B2%D1%91%D1%80%D1%82%D1%8B%D0%B9/?p=2 HTTP/1.1" 304 0 "-" "Mozilla/5.0 (compatible; Linux x86_64; Mail.RU_Bot/2.0; +http://go.mail.ru/help/robots)" "-"
95.163.255.184 - - [25/Mar/2020:01:16:54 +0000] "GET /%D0%A1%D0%B0%D1%80%D0%B4%D0%B0%D1%80-%D0%BF%D1%80%D0%BE%D1%87%D0%B8%D1%82%D0%B0%D0%BB-%D0%B2-%D0%B3%D0%B0%D0%B7%D0%B5%D1%82%D0%B5-%D1%87%D1%82%D0%BE-%D0%BA%D0%B0%D0%B6%D0%B4%D1%8B%D0%B9-%D1%87%D0%B5%D1%82%D0%B2%D1%91%D1%80%D1%82%D1%8B%D0%B9/?p=2 HTTP/1.1" 304 0 "-" "Mozilla/5.0 (compatible; Linux x86_64; Mail.RU_Bot/2.0; +http://go.mail.ru/help/robots)"
139.59.155.26 - - [25/Mar/2020:01:16:54 +0000] "GET / HTTP/1.1" 200 4613 "-" "Mozilla/5.0 (Windows NT 6.2; WOW64) AppleWebKit/537.4 (KHTML, like Gecko) Chrome/98 Safari/537.4 (StatusCake)" "-"
139.59.155.26 - - [25/Mar/2020:01:16:54 +0000] "GET / HTTP/1.1" 200 4613 "-" "Mozilla/5.0 (Windows NT 6.2; WOW64) AppleWebKit/537.4 (KHTML, like Gecko) Chrome/98 Safari/537.4 (StatusCake)"
95.53.11.143 - - [25/Mar/2020:01:16:59 +0000] "GET /best/?p=16 HTTP/2.0" 200 16567 "https://baneks.site/best/?p=15" "Mozilla/5.0 (iPhone; CPU iPhone OS 13_3_1 like Mac OS X) AppleWebKit/605.1.15 (KHTML, like Gecko) Version/13.0.5 Mobile/15E148 Safari/604.1" "-"
95.53.11.143 - - [25/Mar/2020:01:16:59 +0000] "GET /best/?p=16 HTTP/2.0" 200 16567 "https://baneks.site/best/?p=15" "Mozilla/5.0 (iPhone; CPU iPhone OS 13_3_1 like Mac OS X) AppleWebKit/605.1.15 (KHTML, like Gecko) Version/13.0.5 Mobile/15E148 Safari/604.1"
95.53.11.143 - - [25/Mar/2020:01:16:59 +0000] "GET /best/?p=16 HTTP/2.0" 200 16567 "https://baneks.site/best/?p=16" "Mozilla/5.0 (iPhone; CPU iPhone OS 13_3_1 like Mac OS X) AppleWebKit/605.1.15 (KHTML, like Gecko) Version/13.0.5 Mobile/15E148 Safari/604.1" "-"
95.53.11.143 - - [25/Mar/2020:01:16:59 +0000] "GET /best/?p=16 HTTP/2.0" 200 16567 "https://baneks.site/best/?p=16" "Mozilla/5.0 (iPhone; CPU iPhone OS 13_3_1 like Mac OS X) AppleWebKit/605.1.15 (KHTML, like Gecko) Version/13.0.5 Mobile/15E148 Safari/604.1"
46.229.168.153 - - [25/Mar/2020:01:17:02 +0000] "GET /teacher-johnny-can-you-tell-me-the-name-of-3-great/?p=3 HTTP/1.1" 200 10218 "-" "Mozilla/5.0 (compatible; SemrushBot/6~bl; +http://www.semrush.com/bot.html)" "-"
46.229.168.153 - - [25/Mar/2020:01:17:02 +0000] "GET /teacher-johnny-can-you-tell-me-the-name-of-3-great/?p=3 HTTP/1.1" 200 10218 "-" "Mozilla/5.0 (compatible; SemrushBot/6~bl; +http://www.semrush.com/bot.html)"
95.53.11.143 - - [25/Mar/2020:01:17:02 +0000] "GET /best/?p=17 HTTP/2.0" 200 15741 "https://baneks.site/best/?p=16" "Mozilla/5.0 (iPhone; CPU iPhone OS 13_3_1 like Mac OS X) AppleWebKit/605.1.15 (KHTML, like Gecko) Version/13.0.5 Mobile/15E148 Safari/604.1" "-"
95.53.11.143 - - [25/Mar/2020:01:17:02 +0000] "GET /best/?p=17 HTTP/2.0" 200 15741 "https://baneks.site/best/?p=16" "Mozilla/5.0 (iPhone; CPU iPhone OS 13_3_1 like Mac OS X) AppleWebKit/605.1.15 (KHTML, like Gecko) Version/13.0.5 Mobile/15E148 Safari/604.1"
95.53.11.143 - - [25/Mar/2020:01:17:03 +0000] "GET /best/?p=17 HTTP/2.0" 200 15741 "https://baneks.site/best/?p=17" "Mozilla/5.0 (iPhone; CPU iPhone OS 13_3_1 like Mac OS X) AppleWebKit/605.1.15 (KHTML, like Gecko) Version/13.0.5 Mobile/15E148 Safari/604.1" "-"
95.53.11.143 - - [25/Mar/2020:01:17:03 +0000] "GET /best/?p=17 HTTP/2.0" 200 15741 "https://baneks.site/best/?p=17" "Mozilla/5.0 (iPhone; CPU iPhone OS 13_3_1 like Mac OS X) AppleWebKit/605.1.15 (KHTML, like Gecko) Version/13.0.5 Mobile/15E148 Safari/604.1"
95.53.11.143 - - [25/Mar/2020:01:17:10 +0000] "GET /best/?p=18 HTTP/2.0" 200 16817 "https://baneks.site/best/?p=17" "Mozilla/5.0 (iPhone; CPU iPhone OS 13_3_1 like Mac OS X) AppleWebKit/605.1.15 (KHTML, like Gecko) Version/13.0.5 Mobile/15E148 Safari/604.1" "-"
95.53.11.143 - - [25/Mar/2020:01:17:10 +0000] "GET /best/?p=18 HTTP/2.0" 200 16817 "https://baneks.site/best/?p=17" "Mozilla/5.0 (iPhone; CPU iPhone OS 13_3_1 like Mac OS X) AppleWebKit/605.1.15 (KHTML, like Gecko) Version/13.0.5 Mobile/15E148 Safari/604.1"
95.53.11.143 - - [25/Mar/2020:01:17:10 +0000] "GET /best/?p=18 HTTP/2.0" 200 16817 "https://baneks.site/best/?p=18" "Mozilla/5.0 (iPhone; CPU iPhone OS 13_3_1 like Mac OS X) AppleWebKit/605.1.15 (KHTML, like Gecko) Version/13.0.5 Mobile/15E148 Safari/604.1" "-"
95.53.11.143 - - [25/Mar/2020:01:17:10 +0000] "GET /best/?p=18 HTTP/2.0" 200 16817 "https://baneks.site/best/?p=18" "Mozilla/5.0 (iPhone; CPU iPhone OS 13_3_1 like Mac OS X) AppleWebKit/605.1.15 (KHTML, like Gecko) Version/13.0.5 Mobile/15E148 Safari/604.1"
46.229.168.154 - - [25/Mar/2020:01:17:13 +0000] "GET /%D0%B7%D0%B0%D0%BF%D0%BE%D0%BB%D0%BD%D1%8F%D0%B5%D1%82-%D0%BC%D1%83%D0%B6%D0%B8%D0%BA-%D0%B7%D0%B0%D1%8F%D0%B2%D0%BA%D1%83-%D0%BD%D0%B0-%D1%80%D0%B0%D0%B1%D0%BE%D1%82%D1%83/ HTTP/1.1" 200 13202 "-" "Mozilla/5.0 (compatible; SemrushBot/6~bl; +http://www.semrush.com/bot.html)" "-"
46.229.168.154 - - [25/Mar/2020:01:17:13 +0000] "GET /%D0%B7%D0%B0%D0%BF%D0%BE%D0%BB%D0%BD%D1%8F%D0%B5%D1%82-%D0%BC%D1%83%D0%B6%D0%B8%D0%BA-%D0%B7%D0%B0%D1%8F%D0%B2%D0%BA%D1%83-%D0%BD%D0%B0-%D1%80%D0%B0%D0%B1%D0%BE%D1%82%D1%83/ HTTP/1.1" 200 13202 "-" "Mozilla/5.0 (compatible; SemrushBot/6~bl; +http://www.semrush.com/bot.html)"
95.53.11.143 - - [25/Mar/2020:01:17:30 +0000] "GET /%D0%B2-%D0%B4%D0%B5%D1%82%D1%81%D0%BA%D0%BE%D0%BC-%D1%81%D0%B0%D0%B4%D1%83-%D0%A7%D0%9F-%D0%B4%D0%B5%D1%82%D0%B8-%D1%81%D1%82%D0%B0%D0%BB%D0%B8-%D0%BD%D0%B5%D1%86%D0%B5%D0%BD%D0%B7%D1%83%D1%80%D0%BD%D0%BE-%D0%B2%D1%8B%D1%80%D0%B0%D0%B6%D0%B0%D1%82%D1%8C%D1%81%D1%8F/ HTTP/2.0" 200 14336 "-" "Mozilla/5.0 (iPhone; CPU iPhone OS 13_3_1 like Mac OS X) AppleWebKit/605.1.15 (KHTML, like Gecko) Version/13.0.5 Mobile/15E148 Safari/604.1" "-"
95.53.11.143 - - [25/Mar/2020:01:17:30 +0000] "GET /%D0%B2-%D0%B4%D0%B5%D1%82%D1%81%D0%BA%D0%BE%D0%BC-%D1%81%D0%B0%D0%B4%D1%83-%D0%A7%D0%9F-%D0%B4%D0%B5%D1%82%D0%B8-%D1%81%D1%82%D0%B0%D0%BB%D0%B8-%D0%BD%D0%B5%D1%86%D0%B5%D0%BD%D0%B7%D1%83%D1%80%D0%BD%D0%BE-%D0%B2%D1%8B%D1%80%D0%B0%D0%B6%D0%B0%D1%82%D1%8C%D1%81%D1%8F/ HTTP/2.0" 200 14336 "-" "Mozilla/5.0 (iPhone; CPU iPhone OS 13_3_1 like Mac OS X) AppleWebKit/605.1.15 (KHTML, like Gecko) Version/13.0.5 Mobile/15E148 Safari/604.1"
95.53.11.143 - - [25/Mar/2020:01:17:31 +0000] "GET /%D0%B2-%D0%B4%D0%B5%D1%82%D1%81%D0%BA%D0%BE%D0%BC-%D1%81%D0%B0%D0%B4%D1%83-%D0%A7%D0%9F-%D0%B4%D0%B5%D1%82%D0%B8-%D1%81%D1%82%D0%B0%D0%BB%D0%B8-%D0%BD%D0%B5%D1%86%D0%B5%D0%BD%D0%B7%D1%83%D1%80%D0%BD%D0%BE-%D0%B2%D1%8B%D1%80%D0%B0%D0%B6%D0%B0%D1%82%D1%8C%D1%81%D1%8F/ HTTP/2.0" 200 14336 "https://baneks.site/%D0%B2-%D0%B4%D0%B5%D1%82%D1%81%D0%BA%D0%BE%D0%BC-%D1%81%D0%B0%D0%B4%D1%83-%D0%A7%D0%9F-%D0%B4%D0%B5%D1%82%D0%B8-%D1%81%D1%82%D0%B0%D0%BB%D0%B8-%D0%BD%D0%B5%D1%86%D0%B5%D0%BD%D0%B7%D1%83%D1%80%D0%BD%D0%BE-%D0%B2%D1%8B%D1%80%D0%B0%D0%B6%D0%B0%D1%82%D1%8C%D1%81%D1%8F/" "Mozilla/5.0 (iPhone; CPU iPhone OS 13_3_1 like Mac OS X) AppleWebKit/605.1.15 (KHTML, like Gecko) Version/13.0.5 Mobile/15E148 Safari/604.1" "-"
95.53.11.143 - - [25/Mar/2020:01:17:31 +0000] "GET /%D0%B2-%D0%B4%D0%B5%D1%82%D1%81%D0%BA%D0%BE%D0%BC-%D1%81%D0%B0%D0%B4%D1%83-%D0%A7%D0%9F-%D0%B4%D0%B5%D1%82%D0%B8-%D1%81%D1%82%D0%B0%D0%BB%D0%B8-%D0%BD%D0%B5%D1%86%D0%B5%D0%BD%D0%B7%D1%83%D1%80%D0%BD%D0%BE-%D0%B2%D1%8B%D1%80%D0%B0%D0%B6%D0%B0%D1%82%D1%8C%D1%81%D1%8F/ HTTP/2.0" 200 14336 "https://baneks.site/%D0%B2-%D0%B4%D0%B5%D1%82%D1%81%D0%BA%D0%BE%D0%BC-%D1%81%D0%B0%D0%B4%D1%83-%D0%A7%D0%9F-%D0%B4%D0%B5%D1%82%D0%B8-%D1%81%D1%82%D0%B0%D0%BB%D0%B8-%D0%BD%D0%B5%D1%86%D0%B5%D0%BD%D0%B7%D1%83%D1%80%D0%BD%D0%BE-%D0%B2%D1%8B%D1%80%D0%B0%D0%B6%D0%B0%D1%82%D1%8C%D1%81%D1%8F/" "Mozilla/5.0 (iPhone; CPU iPhone OS 13_3_1 like Mac OS X) AppleWebKit/605.1.15 (KHTML, like Gecko) Version/13.0.5 Mobile/15E148 Safari/604.1"
46.229.168.144 - - [25/Mar/2020:01:17:51 +0000] "GET /son-daddy-I-fell-in-love-and-want-to-date-this/ HTTP/1.1" 200 13183 "-" "Mozilla/5.0 (compatible; SemrushBot/6~bl; +http://www.semrush.com/bot.html)" "-"
46.229.168.144 - - [25/Mar/2020:01:17:51 +0000] "GET /son-daddy-I-fell-in-love-and-want-to-date-this/ HTTP/1.1" 200 13183 "-" "Mozilla/5.0 (compatible; SemrushBot/6~bl; +http://www.semrush.com/bot.html)"
95.163.255.175 - - [25/Mar/2020:01:17:53 +0000] "GET /%D1%83-%D0%BE%D0%B4%D0%BD%D0%BE%D0%B3%D0%BE-%D1%81%D1%82%D1%83%D0%B4%D0%B5%D0%BD%D1%82%D0%B0-%D0%B1%D1%8B%D0%BB%D0%BE-%D1%82%D0%B0%D0%BA-%D0%BC%D0%BD%D0%BE%D0%B3%D0%BE-%D1%85%D0%B2%D0%BE%D1%81%D1%82%D0%BE%D0%B2-/ HTTP/1.1" 200 13531 "-" "Mozilla/5.0 (compatible; Linux x86_64; Mail.RU_Bot/2.0; +http://go.mail.ru/help/robots)" "-"
95.163.255.175 - - [25/Mar/2020:01:17:53 +0000] "GET /%D1%83-%D0%BE%D0%B4%D0%BD%D0%BE%D0%B3%D0%BE-%D1%81%D1%82%D1%83%D0%B4%D0%B5%D0%BD%D1%82%D0%B0-%D0%B1%D1%8B%D0%BB%D0%BE-%D1%82%D0%B0%D0%BA-%D0%BC%D0%BD%D0%BE%D0%B3%D0%BE-%D1%85%D0%B2%D0%BE%D1%81%D1%82%D0%BE%D0%B2-/ HTTP/1.1" 200 13531 "-" "Mozilla/5.0 (compatible; Linux x86_64; Mail.RU_Bot/2.0; +http://go.mail.ru/help/robots)"
95.53.11.143 - - [25/Mar/2020:01:17:57 +0000] "GET /best/?p=18 HTTP/2.0" 200 16817 "https://baneks.site/best/?p=17" "Mozilla/5.0 (iPhone; CPU iPhone OS 13_3_1 like Mac OS X) AppleWebKit/605.1.15 (KHTML, like Gecko) Version/13.0.5 Mobile/15E148 Safari/604.1" "-"
95.53.11.143 - - [25/Mar/2020:01:17:57 +0000] "GET /best/?p=18 HTTP/2.0" 200 16817 "https://baneks.site/best/?p=17" "Mozilla/5.0 (iPhone; CPU iPhone OS 13_3_1 like Mac OS X) AppleWebKit/605.1.15 (KHTML, like Gecko) Version/13.0.5 Mobile/15E148 Safari/604.1"
95.53.11.143 - - [25/Mar/2020:01:17:57 +0000] "GET /best/?p=18 HTTP/2.0" 200 16817 "https://baneks.site/best/?p=18" "Mozilla/5.0 (iPhone; CPU iPhone OS 13_3_1 like Mac OS X) AppleWebKit/605.1.15 (KHTML, like Gecko) Version/13.0.5 Mobile/15E148 Safari/604.1" "-"
95.53.11.143 - - [25/Mar/2020:01:17:57 +0000] "GET /best/?p=18 HTTP/2.0" 200 16817 "https://baneks.site/best/?p=18" "Mozilla/5.0 (iPhone; CPU iPhone OS 13_3_1 like Mac OS X) AppleWebKit/605.1.15 (KHTML, like Gecko) Version/13.0.5 Mobile/15E148 Safari/604.1"
66.249.76.68 - - [25/Mar/2020:01:18:02 +0000] "GET /%D0%B8%D0%B4%D0%B5%D1%82-%D1%81%D0%BE%D0%B1%D1%80%D0%B0%D0%BD%D0%B8%D0%B5-%D0%BE%D0%B1%D1%89%D0%B5%D1%81%D1%82%D0%B2%D0%B0-%D1%80%D1%8B%D0%B1%D0%BE%D0%BB%D0%BE%D0%B2%D0%BE%D0%B2-%D0%BB%D1%8E%D0%B1%D0%B8%D1%82%D0%B5%D0%BB%D0%B5%D0%B9/ HTTP/1.1" 200 12421 "-" "Mozilla/5.0 (Linux; Android 6.0.1; Nexus 5X Build/MMB29P) AppleWebKit/537.36 (KHTML, like Gecko) Chrome/41.0.2272.96 Mobile Safari/537.36 (compatible; Googlebot/2.1; +http://www.google.com/bot.html)" "-"
66.249.76.68 - - [25/Mar/2020:01:18:02 +0000] "GET /%D0%B8%D0%B4%D0%B5%D1%82-%D1%81%D0%BE%D0%B1%D1%80%D0%B0%D0%BD%D0%B8%D0%B5-%D0%BE%D0%B1%D1%89%D0%B5%D1%81%D1%82%D0%B2%D0%B0-%D1%80%D1%8B%D0%B1%D0%BE%D0%BB%D0%BE%D0%B2%D0%BE%D0%B2-%D0%BB%D1%8E%D0%B1%D0%B8%D1%82%D0%B5%D0%BB%D0%B5%D0%B9/ HTTP/1.1" 200 12421 "-" "Mozilla/5.0 (Linux; Android 6.0.1; Nexus 5X Build/MMB29P) AppleWebKit/537.36 (KHTML, like Gecko) Chrome/41.0.2272.96 Mobile Safari/537.36 (compatible; Googlebot/2.1; +http://www.google.com/bot.html)"
95.53.11.143 - - [25/Mar/2020:01:18:07 +0000] "GET /%D1%84%D1%80%D0%B0%D0%BD%D1%86%D1%83%D0%B7%D1%81%D0%BA%D0%B8%D0%B9-%D0%B3%D0%BE%D1%80%D0%BE%D0%B4-%D1%81%D1%8E%D1%80%D0%B5%D0%BD-%D0%BE%D0%B4%D0%BD%D0%B0%D0%B6%D0%B4%D1%8B-%D1%81%D0%B8%D0%BB%D1%8C%D0%BD%D0%BE-%D0%BF%D0%BE%D1%81%D1%82%D1%80%D0%B0%D0%B4%D0%B0%D0%BB/ HTTP/2.0" 200 15651 "-" "Mozilla/5.0 (iPhone; CPU iPhone OS 13_3_1 like Mac OS X) AppleWebKit/605.1.15 (KHTML, like Gecko) Version/13.0.5 Mobile/15E148 Safari/604.1" "-"
95.53.11.143 - - [25/Mar/2020:01:18:07 +0000] "GET /%D1%84%D1%80%D0%B0%D0%BD%D1%86%D1%83%D0%B7%D1%81%D0%BA%D0%B8%D0%B9-%D0%B3%D0%BE%D1%80%D0%BE%D0%B4-%D1%81%D1%8E%D1%80%D0%B5%D0%BD-%D0%BE%D0%B4%D0%BD%D0%B0%D0%B6%D0%B4%D1%8B-%D1%81%D0%B8%D0%BB%D1%8C%D0%BD%D0%BE-%D0%BF%D0%BE%D1%81%D1%82%D1%80%D0%B0%D0%B4%D0%B0%D0%BB/ HTTP/2.0" 200 15651 "-" "Mozilla/5.0 (iPhone; CPU iPhone OS 13_3_1 like Mac OS X) AppleWebKit/605.1.15 (KHTML, like Gecko) Version/13.0.5 Mobile/15E148 Safari/604.1"
95.53.11.143 - - [25/Mar/2020:01:18:08 +0000] "GET /%D1%84%D1%80%D0%B0%D0%BD%D1%86%D1%83%D0%B7%D1%81%D0%BA%D0%B8%D0%B9-%D0%B3%D0%BE%D1%80%D0%BE%D0%B4-%D1%81%D1%8E%D1%80%D0%B5%D0%BD-%D0%BE%D0%B4%D0%BD%D0%B0%D0%B6%D0%B4%D1%8B-%D1%81%D0%B8%D0%BB%D1%8C%D0%BD%D0%BE-%D0%BF%D0%BE%D1%81%D1%82%D1%80%D0%B0%D0%B4%D0%B0%D0%BB/ HTTP/2.0" 200 15651 "https://baneks.site/%D1%84%D1%80%D0%B0%D0%BD%D1%86%D1%83%D0%B7%D1%81%D0%BA%D0%B8%D0%B9-%D0%B3%D0%BE%D1%80%D0%BE%D0%B4-%D1%81%D1%8E%D1%80%D0%B5%D0%BD-%D0%BE%D0%B4%D0%BD%D0%B0%D0%B6%D0%B4%D1%8B-%D1%81%D0%B8%D0%BB%D1%8C%D0%BD%D0%BE-%D0%BF%D0%BE%D1%81%D1%82%D1%80%D0%B0%D0%B4%D0%B0%D0%BB/" "Mozilla/5.0 (iPhone; CPU iPhone OS 13_3_1 like Mac OS X) AppleWebKit/605.1.15 (KHTML, like Gecko) Version/13.0.5 Mobile/15E148 Safari/604.1" "-"
95.53.11.143 - - [25/Mar/2020:01:18:08 +0000] "GET /%D1%84%D1%80%D0%B0%D0%BD%D1%86%D1%83%D0%B7%D1%81%D0%BA%D0%B8%D0%B9-%D0%B3%D0%BE%D1%80%D0%BE%D0%B4-%D1%81%D1%8E%D1%80%D0%B5%D0%BD-%D0%BE%D0%B4%D0%BD%D0%B0%D0%B6%D0%B4%D1%8B-%D1%81%D0%B8%D0%BB%D1%8C%D0%BD%D0%BE-%D0%BF%D0%BE%D1%81%D1%82%D1%80%D0%B0%D0%B4%D0%B0%D0%BB/ HTTP/2.0" 200 15651 "https://baneks.site/%D1%84%D1%80%D0%B0%D0%BD%D1%86%D1%83%D0%B7%D1%81%D0%BA%D0%B8%D0%B9-%D0%B3%D0%BE%D1%80%D0%BE%D0%B4-%D1%81%D1%8E%D1%80%D0%B5%D0%BD-%D0%BE%D0%B4%D0%BD%D0%B0%D0%B6%D0%B4%D1%8B-%D1%81%D0%B8%D0%BB%D1%8C%D0%BD%D0%BE-%D0%BF%D0%BE%D1%81%D1%82%D1%80%D0%B0%D0%B4%D0%B0%D0%BB/" "Mozilla/5.0 (iPhone; CPU iPhone OS 13_3_1 like Mac OS X) AppleWebKit/605.1.15 (KHTML, like Gecko) Version/13.0.5 Mobile/15E148 Safari/604.1"
46.229.168.139 - - [25/Mar/2020:01:18:13 +0000] "GET /%D0%B2%D0%BE%D0%BF%D1%80%D0%BE%D1%81-%D0%B0%D1%80%D0%BC%D1%8F%D0%BD%D1%81%D0%BA%D0%BE%D0%BC%D1%83-%D1%80%D0%B0%D0%B4%D0%B8%D0%BE-%D0%BF%D0%BE%D1%87%D0%B5%D0%BC%D1%83-%D0%B4%D0%B5%D0%B2%D0%BE%D1%87%D0%BA%D0%B8-%D0%B2-%D0%B4%D0%B5%D1%82%D1%81%D1%82%D0%B2%D0%B5/ HTTP/1.1" 200 10945 "-" "Mozilla/5.0 (compatible; SemrushBot/6~bl; +http://www.semrush.com/bot.html)" "-"
46.229.168.139 - - [25/Mar/2020:01:18:13 +0000] "GET /%D0%B2%D0%BE%D0%BF%D1%80%D0%BE%D1%81-%D0%B0%D1%80%D0%BC%D1%8F%D0%BD%D1%81%D0%BA%D0%BE%D0%BC%D1%83-%D1%80%D0%B0%D0%B4%D0%B8%D0%BE-%D0%BF%D0%BE%D1%87%D0%B5%D0%BC%D1%83-%D0%B4%D0%B5%D0%B2%D0%BE%D1%87%D0%BA%D0%B8-%D0%B2-%D0%B4%D0%B5%D1%82%D1%81%D1%82%D0%B2%D0%B5/ HTTP/1.1" 200 10945 "-" "Mozilla/5.0 (compatible; SemrushBot/6~bl; +http://www.semrush.com/bot.html)"
66.249.76.65 - - [25/Mar/2020:01:18:49 +0000] "GET /%D1%80%D0%B5%D1%88%D0%B8%D0%BB%D0%B0-%D0%B1%D0%B0%D0%B1%D0%BA%D0%B0-%D0%BF%D0%BE%D0%BA%D0%BE%D0%BD%D1%87%D0%B8%D1%82%D1%8C-%D1%81-%D1%81%D0%BE%D0%B1%D0%BE%D0%B9-%D0%B7%D0%B2%D0%BE%D0%BD%D0%B8%D1%82-%D1%83%D1%87%D0%B0%D1%81%D1%82%D0%BA%D0%BE%D0%B2%D0%BE%D0%BC%D1%83/ HTTP/1.1" 200 13364 "-" "Mozilla/5.0 (Linux; Android 6.0.1; Nexus 5X Build/MMB29P) AppleWebKit/537.36 (KHTML, like Gecko) Chrome/41.0.2272.96 Mobile Safari/537.36 (compatible; Googlebot/2.1; +http://www.google.com/bot.html)" "-"
66.249.76.65 - - [25/Mar/2020:01:18:49 +0000] "GET /%D1%80%D0%B5%D1%88%D0%B8%D0%BB%D0%B0-%D0%B1%D0%B0%D0%B1%D0%BA%D0%B0-%D0%BF%D0%BE%D0%BA%D0%BE%D0%BD%D1%87%D0%B8%D1%82%D1%8C-%D1%81-%D1%81%D0%BE%D0%B1%D0%BE%D0%B9-%D0%B7%D0%B2%D0%BE%D0%BD%D0%B8%D1%82-%D1%83%D1%87%D0%B0%D1%81%D1%82%D0%BA%D0%BE%D0%B2%D0%BE%D0%BC%D1%83/ HTTP/1.1" 200 13364 "-" "Mozilla/5.0 (Linux; Android 6.0.1; Nexus 5X Build/MMB29P) AppleWebKit/537.36 (KHTML, like Gecko) Chrome/41.0.2272.96 Mobile Safari/537.36 (compatible; Googlebot/2.1; +http://www.google.com/bot.html)"
95.53.11.143 - - [25/Mar/2020:01:18:50 +0000] "GET /best/?p=18 HTTP/2.0" 200 16824 "https://baneks.site/best/?p=17" "Mozilla/5.0 (iPhone; CPU iPhone OS 13_3_1 like Mac OS X) AppleWebKit/605.1.15 (KHTML, like Gecko) Version/13.0.5 Mobile/15E148 Safari/604.1" "-"
95.53.11.143 - - [25/Mar/2020:01:18:50 +0000] "GET /best/?p=18 HTTP/2.0" 200 16824 "https://baneks.site/best/?p=17" "Mozilla/5.0 (iPhone; CPU iPhone OS 13_3_1 like Mac OS X) AppleWebKit/605.1.15 (KHTML, like Gecko) Version/13.0.5 Mobile/15E148 Safari/604.1"
95.53.11.143 - - [25/Mar/2020:01:18:52 +0000] "GET /best/?p=18 HTTP/2.0" 200 16817 "https://baneks.site/best/?p=18" "Mozilla/5.0 (iPhone; CPU iPhone OS 13_3_1 like Mac OS X) AppleWebKit/605.1.15 (KHTML, like Gecko) Version/13.0.5 Mobile/15E148 Safari/604.1" "-"
95.53.11.143 - - [25/Mar/2020:01:18:52 +0000] "GET /best/?p=18 HTTP/2.0" 200 16817 "https://baneks.site/best/?p=18" "Mozilla/5.0 (iPhone; CPU iPhone OS 13_3_1 like Mac OS X) AppleWebKit/605.1.15 (KHTML, like Gecko) Version/13.0.5 Mobile/15E148 Safari/604.1"
95.163.255.195 - - [25/Mar/2020:01:18:53 +0000] "GET /%D0%BB%D0%B5%D0%B2-%D1%81%D0%BE%D0%B1%D1%80%D0%B0%D0%BB-%D0%B2%D1%81%D0%B5%D1%85-%D0%B7%D0%B2%D0%B5%D1%80%D0%B5%D0%B9-%D0%BB%D0%B5%D1%81%D1%83-%D0%B8-%D1%81%D0%BF%D1%80%D0%B0%D1%88%D0%B8%D0%B2%D0%B0%D0%B5%D1%82-%D0%BA%D1%82%D0%BE-%D1%83%D0%BA%D1%80%D0%B0%D0%BB/ HTTP/1.1" 200 13659 "-" "Mozilla/5.0 (compatible; Linux x86_64; Mail.RU_Bot/2.0; +http://go.mail.ru/help/robots)" "-"
95.163.255.195 - - [25/Mar/2020:01:18:53 +0000] "GET /%D0%BB%D0%B5%D0%B2-%D1%81%D0%BE%D0%B1%D1%80%D0%B0%D0%BB-%D0%B2%D1%81%D0%B5%D1%85-%D0%B7%D0%B2%D0%B5%D1%80%D0%B5%D0%B9-%D0%BB%D0%B5%D1%81%D1%83-%D0%B8-%D1%81%D0%BF%D1%80%D0%B0%D1%88%D0%B8%D0%B2%D0%B0%D0%B5%D1%82-%D0%BA%D1%82%D0%BE-%D1%83%D0%BA%D1%80%D0%B0%D0%BB/ HTTP/1.1" 200 13659 "-" "Mozilla/5.0 (compatible; Linux x86_64; Mail.RU_Bot/2.0; +http://go.mail.ru/help/robots)"
46.229.168.161 - - [25/Mar/2020:01:19:16 +0000] "GET /%D0%B4%D0%BE%D0%BA%D1%82%D0%BE%D1%80-%D1%83-%D0%BC%D0%B5%D0%BD%D1%8F-%D0%B1%D0%BE%D0%BB%D0%B8%D1%82-%D0%BD%D0%BE%D0%B3%D0%B0-%D1%81%D1%82%D1%80%D0%B0%D0%BD%D0%BD%D0%BE/ HTTP/1.1" 200 12734 "-" "Mozilla/5.0 (compatible; SemrushBot/6~bl; +http://www.semrush.com/bot.html)" "-"
46.229.168.161 - - [25/Mar/2020:01:19:16 +0000] "GET /%D0%B4%D0%BE%D0%BA%D1%82%D0%BE%D1%80-%D1%83-%D0%BC%D0%B5%D0%BD%D1%8F-%D0%B1%D0%BE%D0%BB%D0%B8%D1%82-%D0%BD%D0%BE%D0%B3%D0%B0-%D1%81%D1%82%D1%80%D0%B0%D0%BD%D0%BD%D0%BE/ HTTP/1.1" 200 12734 "-" "Mozilla/5.0 (compatible; SemrushBot/6~bl; +http://www.semrush.com/bot.html)"
95.163.255.176 - - [25/Mar/2020:01:19:52 +0000] "GET /%D0%B8%D0%B4%D1%83%D1%82-%D0%BC%D1%83%D0%B6-%D1%81-%D0%B6%D0%B5%D0%BD%D0%BE%D0%B9-%D0%BF%D0%BE-%D1%83%D0%BB%D0%B8%D1%86%D0%B5-%D0%BD%D0%B0%D0%B2%D1%81%D1%82%D1%80%D0%B5%D1%87%D1%83-%D0%B8%D0%BC-%D0%B3%D1%80%D1%83%D0%BF%D0%BF%D0%B0/ HTTP/1.1" 200 13199 "-" "Mozilla/5.0 (compatible; Linux x86_64; Mail.RU_Bot/2.0; +http://go.mail.ru/help/robots)" "-"
95.163.255.176 - - [25/Mar/2020:01:19:52 +0000] "GET /%D0%B8%D0%B4%D1%83%D1%82-%D0%BC%D1%83%D0%B6-%D1%81-%D0%B6%D0%B5%D0%BD%D0%BE%D0%B9-%D0%BF%D0%BE-%D1%83%D0%BB%D0%B8%D1%86%D0%B5-%D0%BD%D0%B0%D0%B2%D1%81%D1%82%D1%80%D0%B5%D1%87%D1%83-%D0%B8%D0%BC-%D0%B3%D1%80%D1%83%D0%BF%D0%BF%D0%B0/ HTTP/1.1" 200 13199 "-" "Mozilla/5.0 (compatible; Linux x86_64; Mail.RU_Bot/2.0; +http://go.mail.ru/help/robots)"
114.119.164.178 - - [25/Mar/2020:01:20:16 +0000] "GET /%D0%B7%D0%B8%D0%BC%D0%B0-%D0%B2-%D0%B2%D0%BE%D0%B8%D0%BD%D1%81%D0%BA%D0%BE%D0%B9-%D1%87%D0%B0%D1%81%D1%82%D0%B8-%D0%B6%D0%B4%D1%83%D1%82-%D0%BF%D1%80%D0%BE%D0%B2%D0%B5%D1%80%D0%BA%D1%83-%D0%BA%D0%BE%D0%BC%D0%B0%D0%BD%D0%B4%D0%B8%D1%80 HTTP/1.1" 301 0 "-" "Mozilla/5.0 (Linux; Android 7.0;) AppleWebKit/537.36 (KHTML, like Gecko) Mobile Safari/537.36 (compatible; AspiegelBot)" "-"
114.119.164.178 - - [25/Mar/2020:01:20:16 +0000] "GET /%D0%B7%D0%B8%D0%BC%D0%B0-%D0%B2-%D0%B2%D0%BE%D0%B8%D0%BD%D1%81%D0%BA%D0%BE%D0%B9-%D1%87%D0%B0%D1%81%D1%82%D0%B8-%D0%B6%D0%B4%D1%83%D1%82-%D0%BF%D1%80%D0%BE%D0%B2%D0%B5%D1%80%D0%BA%D1%83-%D0%BA%D0%BE%D0%BC%D0%B0%D0%BD%D0%B4%D0%B8%D1%80 HTTP/1.1" 301 0 "-" "Mozilla/5.0 (Linux; Android 7.0;) AppleWebKit/537.36 (KHTML, like Gecko) Mobile Safari/537.36 (compatible; AspiegelBot)"
114.119.164.178 - - [25/Mar/2020:01:20:17 +0000] "GET /%D0%B7%D0%B8%D0%BC%D0%B0-%D0%B2-%D0%B2%D0%BE%D0%B8%D0%BD%D1%81%D0%BA%D0%BE%D0%B9-%D1%87%D0%B0%D1%81%D1%82%D0%B8-%D0%B6%D0%B4%D1%83%D1%82-%D0%BF%D1%80%D0%BE%D0%B2%D0%B5%D1%80%D0%BA%D1%83-%D0%BA%D0%BE%D0%BC%D0%B0%D0%BD%D0%B4%D0%B8%D1%80/ HTTP/1.1" 200 13789 "-" "Mozilla/5.0 (Linux; Android 7.0;) AppleWebKit/537.36 (KHTML, like Gecko) Mobile Safari/537.36 (compatible; AspiegelBot)" "-"
114.119.164.178 - - [25/Mar/2020:01:20:17 +0000] "GET /%D0%B7%D0%B8%D0%BC%D0%B0-%D0%B2-%D0%B2%D0%BE%D0%B8%D0%BD%D1%81%D0%BA%D0%BE%D0%B9-%D1%87%D0%B0%D1%81%D1%82%D0%B8-%D0%B6%D0%B4%D1%83%D1%82-%D0%BF%D1%80%D0%BE%D0%B2%D0%B5%D1%80%D0%BA%D1%83-%D0%BA%D0%BE%D0%BC%D0%B0%D0%BD%D0%B4%D0%B8%D1%80/ HTTP/1.1" 200 13789 "-" "Mozilla/5.0 (Linux; Android 7.0;) AppleWebKit/537.36 (KHTML, like Gecko) Mobile Safari/537.36 (compatible; AspiegelBot)"
178.154.200.81 - - [25/Mar/2020:01:20:18 +0000] "GET /tag/%D1%80%D1%83%D1%81%D1%81%D0%BA%D0%B8%D0%B9/?p=43 HTTP/1.1" 200 11488 "-" "Mozilla/5.0 (compatible; YandexBot/3.0; +http://yandex.com/bots)" "-"
178.154.200.81 - - [25/Mar/2020:01:20:18 +0000] "GET /tag/%D1%80%D1%83%D1%81%D1%81%D0%BA%D0%B8%D0%B9/?p=43 HTTP/1.1" 200 11488 "-" "Mozilla/5.0 (compatible; YandexBot/3.0; +http://yandex.com/bots)"
95.163.255.186 - - [25/Mar/2020:01:20:51 +0000] "GET /%D0%91%D0%BE%D0%B3-%D1%81%D0%BC%D0%BE%D1%82%D1%80%D0%B8%D1%82-%D0%BD%D0%B0-%D0%B7%D0%B5%D0%BC%D0%BB%D1%8E-%D0%B2%D0%BD%D0%B8%D0%B7-%D0%BB%D1%8E%D0%B4%D0%B8-%D0%B2-%D0%B1%D0%BE%D0%BB%D1%8C%D0%BD%D0%B8%D1%86%D0%B0%D1%85-%D1%81%D1%82%D0%BE%D1%8F%D1%82/ HTTP/1.1" 200 14086 "-" "Mozilla/5.0 (compatible; Linux x86_64; Mail.RU_Bot/2.0; +http://go.mail.ru/help/robots)" "-"
95.163.255.186 - - [25/Mar/2020:01:20:51 +0000] "GET /%D0%91%D0%BE%D0%B3-%D1%81%D0%BC%D0%BE%D1%82%D1%80%D0%B8%D1%82-%D0%BD%D0%B0-%D0%B7%D0%B5%D0%BC%D0%BB%D1%8E-%D0%B2%D0%BD%D0%B8%D0%B7-%D0%BB%D1%8E%D0%B4%D0%B8-%D0%B2-%D0%B1%D0%BE%D0%BB%D1%8C%D0%BD%D0%B8%D1%86%D0%B0%D1%85-%D1%81%D1%82%D0%BE%D1%8F%D1%82/ HTTP/1.1" 200 14086 "-" "Mozilla/5.0 (compatible; Linux x86_64; Mail.RU_Bot/2.0; +http://go.mail.ru/help/robots)"
178.154.200.81 - - [25/Mar/2020:01:21:20 +0000] "GET /%D0%B8%D0%B4%D0%B5%D1%82-%D1%83%D1%80%D0%BE%D0%BA-%D0%9C%D0%B0%D1%80%D1%8C-%D0%98%D0%B2%D0%B0%D0%BD%D0%BE%D0%B2%D0%BD%D0%B0-%D1%81%D0%BF%D1%80%D0%B0%D1%88%D0%B8%D0%B2%D0%B0%D0%B5%D1%82-%D0%B4%D0%B5%D1%82%D0%B5%D0%B9-%D0%BD%D0%B0%D0%B7%D0%BE%D0%B2%D0%B8%D1%82%D0%B5/?p=2 HTTP/1.1" 200 11860 "-" "Mozilla/5.0 (compatible; YandexBot/3.0; +http://yandex.com/bots)" "-"
178.154.200.81 - - [25/Mar/2020:01:21:20 +0000] "GET /%D0%B8%D0%B4%D0%B5%D1%82-%D1%83%D1%80%D0%BE%D0%BA-%D0%9C%D0%B0%D1%80%D1%8C-%D0%98%D0%B2%D0%B0%D0%BD%D0%BE%D0%B2%D0%BD%D0%B0-%D1%81%D0%BF%D1%80%D0%B0%D1%88%D0%B8%D0%B2%D0%B0%D0%B5%D1%82-%D0%B4%D0%B5%D1%82%D0%B5%D0%B9-%D0%BD%D0%B0%D0%B7%D0%BE%D0%B2%D0%B8%D1%82%D0%B5/?p=2 HTTP/1.1" 200 11860 "-" "Mozilla/5.0 (compatible; YandexBot/3.0; +http://yandex.com/bots)"
46.229.168.154 - - [25/Mar/2020:01:21:36 +0000] "GET /%D0%BA%D0%BE%D0%B3%D0%B4%D0%B0-%D0%A2%D0%BE%D0%BC%D0%BF%D1%81%D0%BE%D0%BD%D1%83-%D0%B8%D1%81%D0%BF%D0%BE%D0%BB%D0%BD%D0%B8%D0%BB%D0%BE%D1%81%D1%8C-70-%D0%BE%D0%BD-%D1%80%D0%B5%D1%88%D0%B8%D0%BB-%D0%BF%D0%BE%D0%BB%D0%BD%D0%BE%D1%81%D1%82%D1%8C%D1%8E/ HTTP/1.1" 200 13872 "-" "Mozilla/5.0 (compatible; SemrushBot/6~bl; +http://www.semrush.com/bot.html)" "-"
46.229.168.154 - - [25/Mar/2020:01:21:36 +0000] "GET /%D0%BA%D0%BE%D0%B3%D0%B4%D0%B0-%D0%A2%D0%BE%D0%BC%D0%BF%D1%81%D0%BE%D0%BD%D1%83-%D0%B8%D1%81%D0%BF%D0%BE%D0%BB%D0%BD%D0%B8%D0%BB%D0%BE%D1%81%D1%8C-70-%D0%BE%D0%BD-%D1%80%D0%B5%D1%88%D0%B8%D0%BB-%D0%BF%D0%BE%D0%BB%D0%BD%D0%BE%D1%81%D1%82%D1%8C%D1%8E/ HTTP/1.1" 200 13872 "-" "Mozilla/5.0 (compatible; SemrushBot/6~bl; +http://www.semrush.com/bot.html)"
46.229.168.162 - - [25/Mar/2020:01:21:47 +0000] "GET /%D0%B2%D0%B5%D1%81%D1%8C-%D0%B4%D0%B5%D0%BD%D1%8C-%D0%B8%D1%81%D0%BA%D0%B0%D0%BB-%D0%B4%D0%BE%D0%BC%D0%B0-%D1%81%D0%BE%D1%81%D0%B8%D1%81%D0%BA%D0%B8-%D0%BD%D0%BE-%D1%82%D0%B0%D0%BA-%D0%B8-%D0%BD%D0%B5-%D0%BD%D0%B0%D1%88%D1%91%D0%BB/?p=2 HTTP/1.1" 200 9282 "-" "Mozilla/5.0 (compatible; SemrushBot/6~bl; +http://www.semrush.com/bot.html)" "-"
46.229.168.162 - - [25/Mar/2020:01:21:47 +0000] "GET /%D0%B2%D0%B5%D1%81%D1%8C-%D0%B4%D0%B5%D0%BD%D1%8C-%D0%B8%D1%81%D0%BA%D0%B0%D0%BB-%D0%B4%D0%BE%D0%BC%D0%B0-%D1%81%D0%BE%D1%81%D0%B8%D1%81%D0%BA%D0%B8-%D0%BD%D0%BE-%D1%82%D0%B0%D0%BA-%D0%B8-%D0%BD%D0%B5-%D0%BD%D0%B0%D1%88%D1%91%D0%BB/?p=2 HTTP/1.1" 200 9282 "-" "Mozilla/5.0 (compatible; SemrushBot/6~bl; +http://www.semrush.com/bot.html)"
95.163.255.181 - - [25/Mar/2020:01:21:50 +0000] "GET /%D1%81%D0%BE%D0%BB%D0%B4%D0%B0%D1%82-%D0%BF%D0%B5%D1%80%D0%B5%D0%B2%D0%B5%D1%80%D0%BD%D1%83%D0%BB-%D0%BA%D1%80%D1%83%D0%B6%D0%BA%D1%83-%D0%B2%D0%B2%D0%B5%D1%80%D1%85-%D0%B4%D0%BD%D0%BE%D0%BC/ HTTP/1.1" 200 13054 "-" "Mozilla/5.0 (compatible; Linux x86_64; Mail.RU_Bot/2.0; +http://go.mail.ru/help/robots)" "-"
95.163.255.181 - - [25/Mar/2020:01:21:50 +0000] "GET /%D1%81%D0%BE%D0%BB%D0%B4%D0%B0%D1%82-%D0%BF%D0%B5%D1%80%D0%B5%D0%B2%D0%B5%D1%80%D0%BD%D1%83%D0%BB-%D0%BA%D1%80%D1%83%D0%B6%D0%BA%D1%83-%D0%B2%D0%B2%D0%B5%D1%80%D1%85-%D0%B4%D0%BD%D0%BE%D0%BC/ HTTP/1.1" 200 13054 "-" "Mozilla/5.0 (compatible; Linux x86_64; Mail.RU_Bot/2.0; +http://go.mail.ru/help/robots)"
45.32.36.158 - - [25/Mar/2020:01:21:59 +0000] "GET / HTTP/1.1" 200 4613 "-" "Mozilla/5.0 (Windows NT 6.2; WOW64) AppleWebKit/537.4 (KHTML, like Gecko) Chrome/98 Safari/537.4 (StatusCake)" "-"
45.32.36.158 - - [25/Mar/2020:01:21:59 +0000] "GET / HTTP/1.1" 200 4613 "-" "Mozilla/5.0 (Windows NT 6.2; WOW64) AppleWebKit/537.4 (KHTML, like Gecko) Chrome/98 Safari/537.4 (StatusCake)"
54.36.148.74 - - [25/Mar/2020:01:22:23 +0000] "GET /tag/%D0%BC%D1%83%D0%B6%D0%B8%D0%BA/?p=190 HTTP/2.0" 200 11068 "-" "Mozilla/5.0 (compatible; AhrefsBot/6.1; +http://ahrefs.com/robot/)" "-"
54.36.148.74 - - [25/Mar/2020:01:22:23 +0000] "GET /tag/%D0%BC%D1%83%D0%B6%D0%B8%D0%BA/?p=190 HTTP/2.0" 200 11068 "-" "Mozilla/5.0 (compatible; AhrefsBot/6.1; +http://ahrefs.com/robot/)"
46.229.168.139 - - [25/Mar/2020:01:22:41 +0000] "GET /%D0%B5%D0%B4%D0%B5%D1%82-%D0%B0%D1%80%D0%BC%D1%8F%D0%BD%D0%B8%D0%BD-%D0%BF%D0%BE-%D0%B4%D0%BE%D1%80%D0%BE%D0%B3%D0%B5-%D0%B2%D0%B4%D1%80%D1%83%D0%B3-%D0%B2%D0%B8%D0%B4%D0%B8%D1%82-%D0%BA%D0%B0%D0%BA-%D0%BD%D0%B0-%D0%BE%D0%B1%D0%BE%D1%87%D0%B8%D0%BD%D0%B5/?p=2 HTTP/1.1" 200 11809 "-" "Mozilla/5.0 (compatible; SemrushBot/6~bl; +http://www.semrush.com/bot.html)" "-"
46.229.168.139 - - [25/Mar/2020:01:22:41 +0000] "GET /%D0%B5%D0%B4%D0%B5%D1%82-%D0%B0%D1%80%D0%BC%D1%8F%D0%BD%D0%B8%D0%BD-%D0%BF%D0%BE-%D0%B4%D0%BE%D1%80%D0%BE%D0%B3%D0%B5-%D0%B2%D0%B4%D1%80%D1%83%D0%B3-%D0%B2%D0%B8%D0%B4%D0%B8%D1%82-%D0%BA%D0%B0%D0%BA-%D0%BD%D0%B0-%D0%BE%D0%B1%D0%BE%D1%87%D0%B8%D0%BD%D0%B5/?p=2 HTTP/1.1" 200 11809 "-" "Mozilla/5.0 (compatible; SemrushBot/6~bl; +http://www.semrush.com/bot.html)"
178.154.200.81 - - [25/Mar/2020:01:22:44 +0000] "GET /%D1%81%D0%B8%D0%B4%D1%8F%D1%82-%D0%B4%D0%B2%D0%B0-%D1%8D%D0%BB%D0%B5%D0%BA%D1%82%D1%80%D0%B8%D0%BA%D0%B0-%D0%BD%D0%B0-%D1%81%D1%82%D0%BE%D0%BB%D0%B1%D0%B5-%D0%BC%D0%B8%D0%BC%D0%BE-%D0%BF%D1%80%D0%BE%D1%85%D0%BE%D0%B4%D0%B8%D1%82/ HTTP/1.1" 200 13461 "-" "Mozilla/5.0 (compatible; YandexBot/3.0; +http://yandex.com/bots)" "-"
178.154.200.81 - - [25/Mar/2020:01:22:44 +0000] "GET /%D1%81%D0%B8%D0%B4%D1%8F%D1%82-%D0%B4%D0%B2%D0%B0-%D1%8D%D0%BB%D0%B5%D0%BA%D1%82%D1%80%D0%B8%D0%BA%D0%B0-%D0%BD%D0%B0-%D1%81%D1%82%D0%BE%D0%BB%D0%B1%D0%B5-%D0%BC%D0%B8%D0%BC%D0%BE-%D0%BF%D1%80%D0%BE%D1%85%D0%BE%D0%B4%D0%B8%D1%82/ HTTP/1.1" 200 13461 "-" "Mozilla/5.0 (compatible; YandexBot/3.0; +http://yandex.com/bots)"
66.249.76.94 - - [25/Mar/2020:01:22:47 +0000] "GET /%D1%83%D0%BC%D0%B5%D1%80-%D1%81%D1%82%D1%83%D0%B4%D0%B5%D0%BD%D1%82-%D0%B5%D1%81%D1%82%D0%B5%D1%81%D1%82%D0%B2%D0%B5%D0%BD%D0%BD%D0%BE-%D0%BD%D0%B0%D0%BF%D1%80%D0%B0%D0%B2%D0%B8%D0%BB%D0%B8-%D0%B5%D0%B3%D0%BE-%D0%B2-%D0%B0%D0%B4/ HTTP/1.1" 200 13598 "-" "Mozilla/5.0 (Linux; Android 6.0.1; Nexus 5X Build/MMB29P) AppleWebKit/537.36 (KHTML, like Gecko) Chrome/41.0.2272.96 Mobile Safari/537.36 (compatible; Googlebot/2.1; +http://www.google.com/bot.html)" "-"
66.249.76.94 - - [25/Mar/2020:01:22:47 +0000] "GET /%D1%83%D0%BC%D0%B5%D1%80-%D1%81%D1%82%D1%83%D0%B4%D0%B5%D0%BD%D1%82-%D0%B5%D1%81%D1%82%D0%B5%D1%81%D1%82%D0%B2%D0%B5%D0%BD%D0%BD%D0%BE-%D0%BD%D0%B0%D0%BF%D1%80%D0%B0%D0%B2%D0%B8%D0%BB%D0%B8-%D0%B5%D0%B3%D0%BE-%D0%B2-%D0%B0%D0%B4/ HTTP/1.1" 200 13598 "-" "Mozilla/5.0 (Linux; Android 6.0.1; Nexus 5X Build/MMB29P) AppleWebKit/537.36 (KHTML, like Gecko) Chrome/41.0.2272.96 Mobile Safari/537.36 (compatible; Googlebot/2.1; +http://www.google.com/bot.html)"
95.163.255.178 - - [25/Mar/2020:01:22:50 +0000] "GET /%D0%B4%D0%B5%D1%80%D0%B5%D0%B2%D0%B5%D0%BD%D1%81%D0%BA%D0%B0%D1%8F-%D0%B8%D0%B7%D0%B1%D0%B0-%D0%BC%D0%BE%D0%BB%D0%BE%D0%B4%D0%B0%D1%8F-%D0%B1%D0%B0%D0%B1%D0%B0-%D0%B2-%D0%BF%D0%BE%D0%BB%D0%BD%D0%BE%D0%BC-%D1%81%D0%BE%D0%BA%D1%83/ HTTP/1.1" 200 14339 "-" "Mozilla/5.0 (compatible; Linux x86_64; Mail.RU_Bot/2.0; +http://go.mail.ru/help/robots)" "-"
95.163.255.178 - - [25/Mar/2020:01:22:50 +0000] "GET /%D0%B4%D0%B5%D1%80%D0%B5%D0%B2%D0%B5%D0%BD%D1%81%D0%BA%D0%B0%D1%8F-%D0%B8%D0%B7%D0%B1%D0%B0-%D0%BC%D0%BE%D0%BB%D0%BE%D0%B4%D0%B0%D1%8F-%D0%B1%D0%B0%D0%B1%D0%B0-%D0%B2-%D0%BF%D0%BE%D0%BB%D0%BD%D0%BE%D0%BC-%D1%81%D0%BE%D0%BA%D1%83/ HTTP/1.1" 200 14339 "-" "Mozilla/5.0 (compatible; Linux x86_64; Mail.RU_Bot/2.0; +http://go.mail.ru/help/robots)"
66.249.76.94 - - [25/Mar/2020:01:22:52 +0000] "GET /%D1%83%D1%87%D0%B8%D1%82%D0%B5%D0%BB%D1%8C%D0%BD%D0%B8%D1%86%D0%B0-%D0%B2-%D1%88%D0%BA%D0%BE%D0%BB%D0%B5-%D0%BD%D0%B0-%D1%83%D1%80%D0%BE%D0%BA%D0%B5-%D1%80%D1%83%D1%81%D1%81%D0%BA%D0%BE%D0%B3%D0%BE/?p=3 HTTP/1.1" 200 11888 "-" "Mozilla/5.0 (Linux; Android 6.0.1; Nexus 5X Build/MMB29P) AppleWebKit/537.36 (KHTML, like Gecko) Chrome/41.0.2272.96 Mobile Safari/537.36 (compatible; Googlebot/2.1; +http://www.google.com/bot.html)" "-"
66.249.76.94 - - [25/Mar/2020:01:22:52 +0000] "GET /%D1%83%D1%87%D0%B8%D1%82%D0%B5%D0%BB%D1%8C%D0%BD%D0%B8%D1%86%D0%B0-%D0%B2-%D1%88%D0%BA%D0%BE%D0%BB%D0%B5-%D0%BD%D0%B0-%D1%83%D1%80%D0%BE%D0%BA%D0%B5-%D1%80%D1%83%D1%81%D1%81%D0%BA%D0%BE%D0%B3%D0%BE/?p=3 HTTP/1.1" 200 11888 "-" "Mozilla/5.0 (Linux; Android 6.0.1; Nexus 5X Build/MMB29P) AppleWebKit/537.36 (KHTML, like Gecko) Chrome/41.0.2272.96 Mobile Safari/537.36 (compatible; Googlebot/2.1; +http://www.google.com/bot.html)"
46.229.168.133 - - [25/Mar/2020:01:22:53 +0000] "GET /%D0%BC%D0%B5%D0%BD%D1%82-%D0%BF%D1%80%D0%B8%D1%85%D0%BE%D0%B4%D0%B8%D1%82-%D0%B4%D0%BE%D0%BC%D0%BE%D0%B9-%D0%BF%D0%BE%D0%B4-%D1%83%D1%82%D1%80%D0%BE-%D0%B2%D0%B5%D1%81%D1%8C-%D0%B2-%D0%BF%D0%BE%D0%BC%D0%B0%D0%B4%D0%B5-%D0%BE%D0%B4%D0%B5%D0%B6%D0%B4%D0%B0/?p=3 HTTP/1.1" 200 14785 "-" "Mozilla/5.0 (compatible; SemrushBot/6~bl; +http://www.semrush.com/bot.html)" "-"
46.229.168.133 - - [25/Mar/2020:01:22:53 +0000] "GET /%D0%BC%D0%B5%D0%BD%D1%82-%D0%BF%D1%80%D0%B8%D1%85%D0%BE%D0%B4%D0%B8%D1%82-%D0%B4%D0%BE%D0%BC%D0%BE%D0%B9-%D0%BF%D0%BE%D0%B4-%D1%83%D1%82%D1%80%D0%BE-%D0%B2%D0%B5%D1%81%D1%8C-%D0%B2-%D0%BF%D0%BE%D0%BC%D0%B0%D0%B4%D0%B5-%D0%BE%D0%B4%D0%B5%D0%B6%D0%B4%D0%B0/?p=3 HTTP/1.1" 200 14785 "-" "Mozilla/5.0 (compatible; SemrushBot/6~bl; +http://www.semrush.com/bot.html)"
62.210.215.118 - - [25/Mar/2020:01:22:58 +0000] "GET /rss HTTP/1.1" 301 0 "-" "Mozilla/5.0 (X11; Linux i686) AppleWebKit/537.36 (KHTML, like Gecko) Chrome/30.0.1599.66 Safari/537.36" "-"
62.210.215.118 - - [25/Mar/2020:01:22:58 +0000] "GET /rss HTTP/1.1" 301 0 "-" "Mozilla/5.0 (X11; Linux i686) AppleWebKit/537.36 (KHTML, like Gecko) Chrome/30.0.1599.66 Safari/537.36"
62.210.215.118 - - [25/Mar/2020:01:22:58 +0000] "GET /rss/ HTTP/1.1" 200 4375 "-" "Mozilla/5.0 (X11; Linux i686) AppleWebKit/537.36 (KHTML, like Gecko) Chrome/30.0.1599.66 Safari/537.36" "-"
62.210.215.118 - - [25/Mar/2020:01:22:58 +0000] "GET /rss/ HTTP/1.1" 200 4375 "-" "Mozilla/5.0 (X11; Linux i686) AppleWebKit/537.36 (KHTML, like Gecko) Chrome/30.0.1599.66 Safari/537.36"
46.229.168.129 - - [25/Mar/2020:01:23:04 +0000] "GET /%D0%9B%D0%B5%D0%BD%D0%B8%D0%BD-%D0%B2%D1%8B%D1%81%D1%82%D1%83%D0%BF%D0%B0%D0%B5%D1%82-%D0%BF%D0%B5%D1%80%D0%B5%D0%B4-%D1%80%D0%B0%D0%B1%D0%BE%D1%87%D0%B8%D0%BC%D0%B8-%D1%82%D0%BE%D0%B2%D0%B0%D1%80%D0%B8%D1%89%D0%B8-%D1%8F-%D1%81%D0%BE%D0%BA%D1%80%D0%B0%D1%89%D1%83/ HTTP/1.1" 200 13082 "-" "Mozilla/5.0 (compatible; SemrushBot/6~bl; +http://www.semrush.com/bot.html)" "-"
46.229.168.129 - - [25/Mar/2020:01:23:04 +0000] "GET /%D0%9B%D0%B5%D0%BD%D0%B8%D0%BD-%D0%B2%D1%8B%D1%81%D1%82%D1%83%D0%BF%D0%B0%D0%B5%D1%82-%D0%BF%D0%B5%D1%80%D0%B5%D0%B4-%D1%80%D0%B0%D0%B1%D0%BE%D1%87%D0%B8%D0%BC%D0%B8-%D1%82%D0%BE%D0%B2%D0%B0%D1%80%D0%B8%D1%89%D0%B8-%D1%8F-%D1%81%D0%BE%D0%BA%D1%80%D0%B0%D1%89%D1%83/ HTTP/1.1" 200 13082 "-" "Mozilla/5.0 (compatible; SemrushBot/6~bl; +http://www.semrush.com/bot.html)"
178.125.232.68 - - [25/Mar/2020:01:23:09 +0000] "GET /%D0%B8%D0%B4%D0%B5%D1%82-%D1%8D%D0%BA%D1%81%D0%BF%D0%BE%D0%BD%D0%B5%D0%BD%D1%82%D0%B0-%D0%BF%D0%BE-%D0%B4%D0%BE%D1%80%D0%BE%D0%B6%D0%BA%D0%B5-%D0%B4%D0%BE%D0%B3%D0%BE%D0%BD%D1%8F%D0%B5%D1%82-%D0%B5%D0%B5-%D0%BA%D0%BE%D0%BD%D1%81%D1%82%D0%B0%D0%BD%D1%82%D0%B0/ HTTP/2.0" 200 13168 "https://www.google.com/" "Mozilla/5.0 (Linux; Android 4.2.2; HTC Desire 310 Build/JDQ39) AppleWebKit/537.36 (KHTML, like Gecko) Chrome/50.0.2661.89 Mobile Safari/537.36" "-"
178.125.232.68 - - [25/Mar/2020:01:23:09 +0000] "GET /%D0%B8%D0%B4%D0%B5%D1%82-%D1%8D%D0%BA%D1%81%D0%BF%D0%BE%D0%BD%D0%B5%D0%BD%D1%82%D0%B0-%D0%BF%D0%BE-%D0%B4%D0%BE%D1%80%D0%BE%D0%B6%D0%BA%D0%B5-%D0%B4%D0%BE%D0%B3%D0%BE%D0%BD%D1%8F%D0%B5%D1%82-%D0%B5%D0%B5-%D0%BA%D0%BE%D0%BD%D1%81%D1%82%D0%B0%D0%BD%D1%82%D0%B0/ HTTP/2.0" 200 13168 "https://www.google.com/" "Mozilla/5.0 (Linux; Android 4.2.2; HTC Desire 310 Build/JDQ39) AppleWebKit/537.36 (KHTML, like Gecko) Chrome/50.0.2661.89 Mobile Safari/537.36"
178.125.232.68 - - [25/Mar/2020:01:23:11 +0000] "GET /%D0%B8%D0%B4%D0%B5%D1%82-%D1%8D%D0%BA%D1%81%D0%BF%D0%BE%D0%BD%D0%B5%D0%BD%D1%82%D0%B0-%D0%BF%D0%BE-%D0%B4%D0%BE%D1%80%D0%BE%D0%B6%D0%BA%D0%B5-%D0%B4%D0%BE%D0%B3%D0%BE%D0%BD%D1%8F%D0%B5%D1%82-%D0%B5%D0%B5-%D0%BA%D0%BE%D0%BD%D1%81%D1%82%D0%B0%D0%BD%D1%82%D0%B0/ HTTP/2.0" 200 13168 "https://baneks.site/%D0%B8%D0%B4%D0%B5%D1%82-%D1%8D%D0%BA%D1%81%D0%BF%D0%BE%D0%BD%D0%B5%D0%BD%D1%82%D0%B0-%D0%BF%D0%BE-%D0%B4%D0%BE%D1%80%D0%BE%D0%B6%D0%BA%D0%B5-%D0%B4%D0%BE%D0%B3%D0%BE%D0%BD%D1%8F%D0%B5%D1%82-%D0%B5%D0%B5-%D0%BA%D0%BE%D0%BD%D1%81%D1%82%D0%B0%D0%BD%D1%82%D0%B0/" "Mozilla/5.0 (Linux; Android 4.2.2; HTC Desire 310 Build/JDQ39) AppleWebKit/537.36 (KHTML, like Gecko) Chrome/50.0.2661.89 Mobile Safari/537.36" "-"
178.125.232.68 - - [25/Mar/2020:01:23:11 +0000] "GET /%D0%B8%D0%B4%D0%B5%D1%82-%D1%8D%D0%BA%D1%81%D0%BF%D0%BE%D0%BD%D0%B5%D0%BD%D1%82%D0%B0-%D0%BF%D0%BE-%D0%B4%D0%BE%D1%80%D0%BE%D0%B6%D0%BA%D0%B5-%D0%B4%D0%BE%D0%B3%D0%BE%D0%BD%D1%8F%D0%B5%D1%82-%D0%B5%D0%B5-%D0%BA%D0%BE%D0%BD%D1%81%D1%82%D0%B0%D0%BD%D1%82%D0%B0/ HTTP/2.0" 200 13168 "https://baneks.site/%D0%B8%D0%B4%D0%B5%D1%82-%D1%8D%D0%BA%D1%81%D0%BF%D0%BE%D0%BD%D0%B5%D0%BD%D1%82%D0%B0-%D0%BF%D0%BE-%D0%B4%D0%BE%D1%80%D0%BE%D0%B6%D0%BA%D0%B5-%D0%B4%D0%BE%D0%B3%D0%BE%D0%BD%D1%8F%D0%B5%D1%82-%D0%B5%D0%B5-%D0%BA%D0%BE%D0%BD%D1%81%D1%82%D0%B0%D0%BD%D1%82%D0%B0/" "Mozilla/5.0 (Linux; Android 4.2.2; HTC Desire 310 Build/JDQ39) AppleWebKit/537.36 (KHTML, like Gecko) Chrome/50.0.2661.89 Mobile Safari/537.36"
46.229.168.146 - - [25/Mar/2020:01:23:24 +0000] "GET /-%D0%BA%D0%B0%D0%BA-%D0%B2%D0%B0%D1%81-%D0%B7%D0%BE%D0%B2%D1%83%D1%82-%D0%B0-%D0%B2%D1%8B-%D0%B8%D0%BC%D0%B5%D0%BD%D0%B0-%D1%80%D0%B8%D1%84%D0%BC%D1%83%D0%B5%D1%82%D0%B5/?p=1 HTTP/1.1" 200 12497 "-" "Mozilla/5.0 (compatible; SemrushBot/6~bl; +http://www.semrush.com/bot.html)" "-"
46.229.168.146 - - [25/Mar/2020:01:23:24 +0000] "GET /-%D0%BA%D0%B0%D0%BA-%D0%B2%D0%B0%D1%81-%D0%B7%D0%BE%D0%B2%D1%83%D1%82-%D0%B0-%D0%B2%D1%8B-%D0%B8%D0%BC%D0%B5%D0%BD%D0%B0-%D1%80%D0%B8%D1%84%D0%BC%D1%83%D0%B5%D1%82%D0%B5/?p=1 HTTP/1.1" 200 12497 "-" "Mozilla/5.0 (compatible; SemrushBot/6~bl; +http://www.semrush.com/bot.html)"
95.163.255.160 - - [25/Mar/2020:01:23:50 +0000] "GET /best/ HTTP/1.1" 200 16911 "-" "Mozilla/5.0 (compatible; Linux x86_64; Mail.RU_Bot/2.0; +http://go.mail.ru/help/robots)" "-"
95.163.255.160 - - [25/Mar/2020:01:23:50 +0000] "GET /best/ HTTP/1.1" 200 16911 "-" "Mozilla/5.0 (compatible; Linux x86_64; Mail.RU_Bot/2.0; +http://go.mail.ru/help/robots)"
40.77.188.171 - - [25/Mar/2020:01:24:03 +0000] "GET /inc/new.asp?id=141 HTTP/1.1" 404 11522 "-" "Mozilla/5.0 (Windows NT 6.1; WOW64) AppleWebKit/534+ (KHTML, like Gecko) BingPreview/1.0b" "-"
40.77.188.171 - - [25/Mar/2020:01:24:03 +0000] "GET /inc/new.asp?id=141 HTTP/1.1" 404 11522 "-" "Mozilla/5.0 (Windows NT 6.1; WOW64) AppleWebKit/534+ (KHTML, like Gecko) BingPreview/1.0b"
66.249.79.227 - - [25/Mar/2020:01:24:06 +0000] "GET /tag/%D0%BF%D0%BE%D0%BB%D0%B8%D1%82%D0%B8%D0%BA%D0%B0/?p=35 HTTP/1.1" 200 11463 "-" "Mozilla/5.0 (compatible; Googlebot/2.1; +http://www.google.com/bot.html)" "-"
66.249.79.227 - - [25/Mar/2020:01:24:06 +0000] "GET /tag/%D0%BF%D0%BE%D0%BB%D0%B8%D1%82%D0%B8%D0%BA%D0%B0/?p=35 HTTP/1.1" 200 11463 "-" "Mozilla/5.0 (compatible; Googlebot/2.1; +http://www.google.com/bot.html)"
178.154.200.81 - - [25/Mar/2020:01:24:09 +0000] "GET /%D0%BF%D1%80%D0%B8%D1%85%D0%BE%D0%B4%D0%B8%D1%82-%D0%9F%D0%B5%D1%82%D1%8C%D0%BA%D0%B0-%D0%BA-%D0%92%D0%B0%D1%81%D0%B8%D0%BB%D0%B8%D1%8E-%D0%98%D0%B2%D0%B0%D0%BD%D0%BE%D0%B2%D0%B8%D1%87%D1%83-%D0%B8-%D1%81%D0%BF%D1%80%D0%B0%D1%88%D0%B8%D0%B2%D0%B0%D0%B5%D1%82/ HTTP/1.1" 200 12134 "-" "Mozilla/5.0 (compatible; YandexBot/3.0; +http://yandex.com/bots)" "-"
178.154.200.81 - - [25/Mar/2020:01:24:09 +0000] "GET /%D0%BF%D1%80%D0%B8%D1%85%D0%BE%D0%B4%D0%B8%D1%82-%D0%9F%D0%B5%D1%82%D1%8C%D0%BA%D0%B0-%D0%BA-%D0%92%D0%B0%D1%81%D0%B8%D0%BB%D0%B8%D1%8E-%D0%98%D0%B2%D0%B0%D0%BD%D0%BE%D0%B2%D0%B8%D1%87%D1%83-%D0%B8-%D1%81%D0%BF%D1%80%D0%B0%D1%88%D0%B8%D0%B2%D0%B0%D0%B5%D1%82/ HTTP/1.1" 200 12134 "-" "Mozilla/5.0 (compatible; YandexBot/3.0; +http://yandex.com/bots)"
46.229.168.161 - - [25/Mar/2020:01:24:12 +0000] "GET /%D0%B0%D1%80%D0%BC%D1%8F%D0%BD%D1%81%D0%BA%D0%B8%D0%B5-%D1%88%D0%BA%D0%BE%D0%BB%D1%8C%D0%BD%D0%B8%D0%BA%D0%B8-%D0%B4%D1%91%D1%80%D0%B3%D0%B0%D1%8E%D1%82-%D0%BE%D0%B4%D0%BD%D0%BE%D0%BA%D0%BB%D0%B0%D1%81%D1%81%D0%BD%D0%B8%D1%86-%D0%B7%D0%B0/ HTTP/1.1" 200 12992 "-" "Mozilla/5.0 (compatible; SemrushBot/6~bl; +http://www.semrush.com/bot.html)" "-"
